@@MONITOR_START:2026-05-14T10:09:05.943722000Z
                                                                                
  0 cycles
  0 constraint hits
                                                                                
  0 cycles
  0 constraint hits
                                                                                
  0 cycles
  0 constraint hits
                                                                                
  0 cycles
  0 constraint hits
                                                                                
  0 cycles
  0 constraint hits
                                                                                
  0 cycles
  0 constraint hits
                                                                                
  0 cycles
  0 constraint hits
                                                                                
  0 cycles
  0 constraint hits
                                                                                
  0 cycles
  0 constraint hits
                                                                                
  0 cycles
  0 constraint hits
                                                                                
  0 cycles
  0 constraint hits
                                                                                
  0 cycles
  0 constraint hits
                                                                                
  0 cycles
  0 constraint hits
                                                                                
  0 cycles
  0 constraint hits
                                                                                
  0 cycles
  0 constraint hits
                                                                                
  0 cycles
  0 constraint hits
                                                                                
  0 cycles
  0 constraint hits
                                                                                
  0 cycles
  0 constraint hits
                                                                                
  0 cycles
  0 constraint hits
                                                                                
  0 cycles
  0 constraint hits
                                                                                
  0 cycles
  0 constraint hits
                                                                                
  0 cycles
  0 constraint hits
                                                                                
  0 cycles
  0 constraint hits
                                                                                
  0 cycles
  0 constraint hits
                                                                                
  0 cycles
  0 constraint hits
                                                                                
  0 cycles
  0 constraint hits
                                                                                
  0 cycles
  0 constraint hits
                                                                                
  0 cycles
  0 constraint hits
                                                                                
  0 cycles
  0 constraint hits
                                                                                
  30 cycles  |  117 cyc/s  |  8505505 ns/cyc
  0 constraint hits
                                                                                
  30 cycles  |  117 cyc/s  |  8505505 ns/cyc
  0 constraint hits
                                                                                
  30 cycles  |  117 cyc/s  |  8505505 ns/cyc
  0 constraint hits
                                                                                
  30 cycles  |  117 cyc/s  |  8505505 ns/cyc
  0 constraint hits
                                                                                
  30 cycles  |  117 cyc/s  |  8505505 ns/cyc
  0 constraint hits
                                                                                
  30 cycles  |  117 cyc/s  |  8505505 ns/cyc
  0 constraint hits
                                                                                
  30 cycles  |  117 cyc/s  |  8505505 ns/cyc
  0 constraint hits
                                                                                
  30 cycles  |  117 cyc/s  |  8505505 ns/cyc
  0 constraint hits
                                                                                
  30 cycles  |  117 cyc/s  |  8505505 ns/cyc
  0 constraint hits
                                                                                
  30 cycles  |  117 cyc/s  |  8505505 ns/cyc
  0 constraint hits
                                                                                
  30 cycles  |  117 cyc/s  |  8505505 ns/cyc
  0 constraint hits
                                                                                
  30 cycles  |  117 cyc/s  |  8505505 ns/cyc
  0 constraint hits
                                                                                
  30 cycles  |  117 cyc/s  |  8505505 ns/cyc
  0 constraint hits
                                                                                
  30 cycles  |  117 cyc/s  |  8505505 ns/cyc
  0 constraint hits
                                                                                
  30 cycles  |  117 cyc/s  |  8505505 ns/cyc
  0 constraint hits
                                                                                
  30 cycles  |  117 cyc/s  |  8505505 ns/cyc
  0 constraint hits
                                                                                
  46 cycles  |  89 cyc/s  |  11199516 ns/cyc
  0 constraint hits
                                                                                
  46 cycles  |  89 cyc/s  |  11199516 ns/cyc
  0 constraint hits
                                                                                
  46 cycles  |  89 cyc/s  |  11199516 ns/cyc
  0 constraint hits
                                                                                
  46 cycles  |  89 cyc/s  |  11199516 ns/cyc
  0 constraint hits
                                                                                
  46 cycles  |  89 cyc/s  |  11199516 ns/cyc
  0 constraint hits
                                                                                
  46 cycles  |  89 cyc/s  |  11199516 ns/cyc
  0 constraint hits
                                                                                
  46 cycles  |  89 cyc/s  |  11199516 ns/cyc
  0 constraint hits
                                                                                
  46 cycles  |  89 cyc/s  |  11199516 ns/cyc
  0 constraint hits
                                                                                
  46 cycles  |  89 cyc/s  |  11199516 ns/cyc
  0 constraint hits
                                                                                
  46 cycles  |  89 cyc/s  |  11199516 ns/cyc
  0 constraint hits
                                                                                
  46 cycles  |  89 cyc/s  |  11199516 ns/cyc
  0 constraint hits
                                                                                
  46 cycles  |  89 cyc/s  |  11199516 ns/cyc
  0 constraint hits
                                                                                
  46 cycles  |  89 cyc/s  |  11199516 ns/cyc
  0 constraint hits
                                                                                
  46 cycles  |  89 cyc/s  |  11199516 ns/cyc
  0 constraint hits
                                                                                
  46 cycles  |  89 cyc/s  |  11199516 ns/cyc
  0 constraint hits
                                                                                
  46 cycles  |  89 cyc/s  |  11199516 ns/cyc
  0 constraint hits
                                                                                
  62 cycles  |  80 cyc/s  |  12475591 ns/cyc
  0 constraint hits
                                                                                
  62 cycles  |  80 cyc/s  |  12475591 ns/cyc
  0 constraint hits
                                                                                
  62 cycles  |  80 cyc/s  |  12475591 ns/cyc
  0 constraint hits
                                                                                
  62 cycles  |  80 cyc/s  |  12475591 ns/cyc
  0 constraint hits
                                                                                
  62 cycles  |  80 cyc/s  |  12475591 ns/cyc
  0 constraint hits
                                                                                
  62 cycles  |  80 cyc/s  |  12475591 ns/cyc
  0 constraint hits
                                                                                
  62 cycles  |  80 cyc/s  |  12475591 ns/cyc
  0 constraint hits
                                                                                
  62 cycles  |  80 cyc/s  |  12475591 ns/cyc
  0 constraint hits
                                                                                
  62 cycles  |  80 cyc/s  |  12475591 ns/cyc
  0 constraint hits
                                                                                
  62 cycles  |  80 cyc/s  |  12475591 ns/cyc
  0 constraint hits
                                                                                
  62 cycles  |  80 cyc/s  |  12475591 ns/cyc
  0 constraint hits
                                                                                
  62 cycles  |  80 cyc/s  |  12475591 ns/cyc
  0 constraint hits
                                                                                
  62 cycles  |  80 cyc/s  |  12475591 ns/cyc
  0 constraint hits
                                                                                
  62 cycles  |  80 cyc/s  |  12475591 ns/cyc
  0 constraint hits
                                                                                
  62 cycles  |  80 cyc/s  |  12475591 ns/cyc
  0 constraint hits
                                                                                
  62 cycles  |  80 cyc/s  |  12475591 ns/cyc
  0 constraint hits
                                                                                
  78 cycles  |  75 cyc/s  |  13273858 ns/cyc
  0 constraint hits
                                                                                
  78 cycles  |  75 cyc/s  |  13273858 ns/cyc
  0 constraint hits
                                                                                
  78 cycles  |  75 cyc/s  |  13273858 ns/cyc
  0 constraint hits
                                                                                
  78 cycles  |  75 cyc/s  |  13273858 ns/cyc
  0 constraint hits
                                                                                
  78 cycles  |  75 cyc/s  |  13273858 ns/cyc
  0 constraint hits
                                                                                
  78 cycles  |  75 cyc/s  |  13273858 ns/cyc
  0 constraint hits
                                                                                
  78 cycles  |  75 cyc/s  |  13273858 ns/cyc
  0 constraint hits
                                                                                
  78 cycles  |  75 cyc/s  |  13273858 ns/cyc
  0 constraint hits
                                                                                
  78 cycles  |  75 cyc/s  |  13273858 ns/cyc
  0 constraint hits
                                                                                
  78 cycles  |  75 cyc/s  |  13273858 ns/cyc
  0 constraint hits
                                                                                
  78 cycles  |  75 cyc/s  |  13273858 ns/cyc
  0 constraint hits
                                                                                
  78 cycles  |  75 cyc/s  |  13273858 ns/cyc
  0 constraint hits
                                                                                
  78 cycles  |  75 cyc/s  |  13273858 ns/cyc
  0 constraint hits
                                                                                
  78 cycles  |  75 cyc/s  |  13273858 ns/cyc
  0 constraint hits
                                                                                
  78 cycles  |  75 cyc/s  |  13273858 ns/cyc
  0 constraint hits
                                                                                
  78 cycles  |  75 cyc/s  |  13273858 ns/cyc
  0 constraint hits
                                                                                
  94 cycles  |  72 cyc/s  |  13789754 ns/cyc
  0 constraint hits
                                                                                
  94 cycles  |  72 cyc/s  |  13789754 ns/cyc
  0 constraint hits
                                                                                
  94 cycles  |  72 cyc/s  |  13789754 ns/cyc
  0 constraint hits
                                                                                
  94 cycles  |  72 cyc/s  |  13789754 ns/cyc
  0 constraint hits
                                                                                
  94 cycles  |  72 cyc/s  |  13789754 ns/cyc
  0 constraint hits
                                                                                
  94 cycles  |  72 cyc/s  |  13789754 ns/cyc
  0 constraint hits
                                                                                
  94 cycles  |  72 cyc/s  |  13789754 ns/cyc
  0 constraint hits
                                                                                
  94 cycles  |  72 cyc/s  |  13789754 ns/cyc
  0 constraint hits
                                                                                
  94 cycles  |  72 cyc/s  |  13789754 ns/cyc
  0 constraint hits
                                                                                
  94 cycles  |  72 cyc/s  |  13789754 ns/cyc
  0 constraint hits
                                                                                
  94 cycles  |  72 cyc/s  |  13789754 ns/cyc
  0 constraint hits
                                                                                
  94 cycles  |  72 cyc/s  |  13789754 ns/cyc
  0 constraint hits
                                                                                
  94 cycles  |  72 cyc/s  |  13789754 ns/cyc
  0 constraint hits
                                                                                
  94 cycles  |  72 cyc/s  |  13789754 ns/cyc
  0 constraint hits
                                                                                
  94 cycles  |  72 cyc/s  |  13789754 ns/cyc
  0 constraint hits
                                                                                
  94 cycles  |  72 cyc/s  |  13789754 ns/cyc
  0 constraint hits
                                                                                
  110 cycles  |  70 cyc/s  |  14180958 ns/cyc
  0 constraint hits
                                                                                
  110 cycles  |  70 cyc/s  |  14180958 ns/cyc
  0 constraint hits
                                                                                
  110 cycles  |  70 cyc/s  |  14180958 ns/cyc
  0 constraint hits
                                                                                
  110 cycles  |  70 cyc/s  |  14180958 ns/cyc
  0 constraint hits
                                                                                
  110 cycles  |  70 cyc/s  |  14180958 ns/cyc
  0 constraint hits
                                                                                
  110 cycles  |  70 cyc/s  |  14180958 ns/cyc
  0 constraint hits
                                                                                
  110 cycles  |  70 cyc/s  |  14180958 ns/cyc
  0 constraint hits
                                                                                
  110 cycles  |  70 cyc/s  |  14180958 ns/cyc
  0 constraint hits
                                                                                
  110 cycles  |  70 cyc/s  |  14180958 ns/cyc
  0 constraint hits
                                                                                
  110 cycles  |  70 cyc/s  |  14180958 ns/cyc
  0 constraint hits
                                                                                
  110 cycles  |  70 cyc/s  |  14180958 ns/cyc
  0 constraint hits
                                                                                
  110 cycles  |  70 cyc/s  |  14180958 ns/cyc
  0 constraint hits
                                                                                
  110 cycles  |  70 cyc/s  |  14180958 ns/cyc
  0 constraint hits
                                                                                
  110 cycles  |  70 cyc/s  |  14180958 ns/cyc
  0 constraint hits
                                                                                
  110 cycles  |  70 cyc/s  |  14180958 ns/cyc
  0 constraint hits
                                                                                
  110 cycles  |  70 cyc/s  |  14180958 ns/cyc
  0 constraint hits
                                                                                
  126 cycles  |  69 cyc/s  |  14451124 ns/cyc
  0 constraint hits
                                                                                
  126 cycles  |  69 cyc/s  |  14451124 ns/cyc
  0 constraint hits
                                                                                
  126 cycles  |  69 cyc/s  |  14451124 ns/cyc
  0 constraint hits
                                                                                
  126 cycles  |  69 cyc/s  |  14451124 ns/cyc
  0 constraint hits
                                                                                
  126 cycles  |  69 cyc/s  |  14451124 ns/cyc
  0 constraint hits
                                                                                
  126 cycles  |  69 cyc/s  |  14451124 ns/cyc
  0 constraint hits
                                                                                
  126 cycles  |  69 cyc/s  |  14451124 ns/cyc
  0 constraint hits
                                                                                
  126 cycles  |  69 cyc/s  |  14451124 ns/cyc
  0 constraint hits
                                                                                
  126 cycles  |  69 cyc/s  |  14451124 ns/cyc
  0 constraint hits
                                                                                
  126 cycles  |  69 cyc/s  |  14451124 ns/cyc
  0 constraint hits
                                                                                
  126 cycles  |  69 cyc/s  |  14451124 ns/cyc
  0 constraint hits
                                                                                
  126 cycles  |  69 cyc/s  |  14451124 ns/cyc
  0 constraint hits
                                                                                
  126 cycles  |  69 cyc/s  |  14451124 ns/cyc
  0 constraint hits
                                                                                
  126 cycles  |  69 cyc/s  |  14451124 ns/cyc
  0 constraint hits
                                                                                
  126 cycles  |  69 cyc/s  |  14451124 ns/cyc
  0 constraint hits
                                                                                
  126 cycles  |  69 cyc/s  |  14451124 ns/cyc
  0 constraint hits
                                                                                
  142 cycles  |  68 cyc/s  |  14652949 ns/cyc
  0 constraint hits
                                                                                
  142 cycles  |  68 cyc/s  |  14652949 ns/cyc
  0 constraint hits
                                                                                
  142 cycles  |  68 cyc/s  |  14652949 ns/cyc
  0 constraint hits
                                                                                
  142 cycles  |  68 cyc/s  |  14652949 ns/cyc
  0 constraint hits
                                                                                
  142 cycles  |  68 cyc/s  |  14652949 ns/cyc
  0 constraint hits
                                                                                
  142 cycles  |  68 cyc/s  |  14652949 ns/cyc
  0 constraint hits
                                                                                
  142 cycles  |  68 cyc/s  |  14652949 ns/cyc
  0 constraint hits
                                                                                
  142 cycles  |  68 cyc/s  |  14652949 ns/cyc
  0 constraint hits
                                                                                
  142 cycles  |  68 cyc/s  |  14652949 ns/cyc
  0 constraint hits
                                                                                
  142 cycles  |  68 cyc/s  |  14652949 ns/cyc
  0 constraint hits
                                                                                
  142 cycles  |  68 cyc/s  |  14652949 ns/cyc
  0 constraint hits
                                                                                
  142 cycles  |  68 cyc/s  |  14652949 ns/cyc
  0 constraint hits
                                                                                
  142 cycles  |  68 cyc/s  |  14652949 ns/cyc
  0 constraint hits
                                                                                
  142 cycles  |  68 cyc/s  |  14652949 ns/cyc
  0 constraint hits
                                                                                
  142 cycles  |  68 cyc/s  |  14652949 ns/cyc
  0 constraint hits
                                                                                
  142 cycles  |  68 cyc/s  |  14652949 ns/cyc
  0 constraint hits
                                                                                
  158 cycles  |  67 cyc/s  |  14829588 ns/cyc
  0 constraint hits
                                                                                
  158 cycles  |  67 cyc/s  |  14829588 ns/cyc
  0 constraint hits
                                                                                
  158 cycles  |  67 cyc/s  |  14829588 ns/cyc
  0 constraint hits
                                                                                
  158 cycles  |  67 cyc/s  |  14829588 ns/cyc
  0 constraint hits
                                                                                
  158 cycles  |  67 cyc/s  |  14829588 ns/cyc
  0 constraint hits
                                                                                
  158 cycles  |  67 cyc/s  |  14829588 ns/cyc
  0 constraint hits
                                                                                
  158 cycles  |  67 cyc/s  |  14829588 ns/cyc
  0 constraint hits
                                                                                
  158 cycles  |  67 cyc/s  |  14829588 ns/cyc
  0 constraint hits
                                                                                
  158 cycles  |  67 cyc/s  |  14829588 ns/cyc
  0 constraint hits
                                                                                
  158 cycles  |  67 cyc/s  |  14829588 ns/cyc
  0 constraint hits
                                                                                
  158 cycles  |  67 cyc/s  |  14829588 ns/cyc
  0 constraint hits
                                                                                
  158 cycles  |  67 cyc/s  |  14829588 ns/cyc
  0 constraint hits
                                                                                
  158 cycles  |  67 cyc/s  |  14829588 ns/cyc
  0 constraint hits
                                                                                
  158 cycles  |  67 cyc/s  |  14829588 ns/cyc
  0 constraint hits
                                                                                
  158 cycles  |  67 cyc/s  |  14829588 ns/cyc
  0 constraint hits
                                                                                
  158 cycles  |  67 cyc/s  |  14829588 ns/cyc
  0 constraint hits
                                                                                
  174 cycles  |  66 cyc/s  |  14974993 ns/cyc
  0 constraint hits
                                                                                
  174 cycles  |  66 cyc/s  |  14974993 ns/cyc
  0 constraint hits
                                                                                
  174 cycles  |  66 cyc/s  |  14974993 ns/cyc
  0 constraint hits
                                                                                
  174 cycles  |  66 cyc/s  |  14974993 ns/cyc
  0 constraint hits
                                                                                
  174 cycles  |  66 cyc/s  |  14974993 ns/cyc
  0 constraint hits
                                                                                
  174 cycles  |  66 cyc/s  |  14974993 ns/cyc
  0 constraint hits
                                                                                
  174 cycles  |  66 cyc/s  |  14974993 ns/cyc
  0 constraint hits
                                                                                
  174 cycles  |  66 cyc/s  |  14974993 ns/cyc
  0 constraint hits
                                                                                
  174 cycles  |  66 cyc/s  |  14974993 ns/cyc
  0 constraint hits
                                                                                
  174 cycles  |  66 cyc/s  |  14974993 ns/cyc
  0 constraint hits
                                                                                
  174 cycles  |  66 cyc/s  |  14974993 ns/cyc
  0 constraint hits
                                                                                
  174 cycles  |  66 cyc/s  |  14974993 ns/cyc
  0 constraint hits
                                                                                
  174 cycles  |  66 cyc/s  |  14974993 ns/cyc
  0 constraint hits
                                                                                
  174 cycles  |  66 cyc/s  |  14974993 ns/cyc
  0 constraint hits
                                                                                
  174 cycles  |  66 cyc/s  |  14974993 ns/cyc
  0 constraint hits
                                                                                
  174 cycles  |  66 cyc/s  |  14974993 ns/cyc
  0 constraint hits
                                                                                
  190 cycles  |  66 cyc/s  |  15097040 ns/cyc
  0 constraint hits
                                                                                
  190 cycles  |  66 cyc/s  |  15097040 ns/cyc
  0 constraint hits
                                                                                
  190 cycles  |  66 cyc/s  |  15097040 ns/cyc
  0 constraint hits
                                                                                
  190 cycles  |  66 cyc/s  |  15097040 ns/cyc
  0 constraint hits
                                                                                
  190 cycles  |  66 cyc/s  |  15097040 ns/cyc
  0 constraint hits
                                                                                
  190 cycles  |  66 cyc/s  |  15097040 ns/cyc
  0 constraint hits
                                                                                
  190 cycles  |  66 cyc/s  |  15097040 ns/cyc
  0 constraint hits
                                                                                
  190 cycles  |  66 cyc/s  |  15097040 ns/cyc
  0 constraint hits
                                                                                
  190 cycles  |  66 cyc/s  |  15097040 ns/cyc
  0 constraint hits
                                                                                
  190 cycles  |  66 cyc/s  |  15097040 ns/cyc
  0 constraint hits
                                                                                
  190 cycles  |  66 cyc/s  |  15097040 ns/cyc
  0 constraint hits
                                                                                
  190 cycles  |  66 cyc/s  |  15097040 ns/cyc
  0 constraint hits
                                                                                
  190 cycles  |  66 cyc/s  |  15097040 ns/cyc
  0 constraint hits
                                                                                
  190 cycles  |  66 cyc/s  |  15097040 ns/cyc
  0 constraint hits
                                                                                
  190 cycles  |  66 cyc/s  |  15097040 ns/cyc
  0 constraint hits
                                                                                
  190 cycles  |  66 cyc/s  |  15097040 ns/cyc
  0 constraint hits
                                                                                
  206 cycles  |  65 cyc/s  |  15196252 ns/cyc
  0 constraint hits
                                                                                
  206 cycles  |  65 cyc/s  |  15196252 ns/cyc
  0 constraint hits
                                                                                
  206 cycles  |  65 cyc/s  |  15196252 ns/cyc
  0 constraint hits
                                                                                
  206 cycles  |  65 cyc/s  |  15196252 ns/cyc
  0 constraint hits
                                                                                
  206 cycles  |  65 cyc/s  |  15196252 ns/cyc
  0 constraint hits
                                                                                
  206 cycles  |  65 cyc/s  |  15196252 ns/cyc
  0 constraint hits
                                                                                
  206 cycles  |  65 cyc/s  |  15196252 ns/cyc
  0 constraint hits
                                                                                
  206 cycles  |  65 cyc/s  |  15196252 ns/cyc
  0 constraint hits
                                                                                
  206 cycles  |  65 cyc/s  |  15196252 ns/cyc
  0 constraint hits
                                                                                
  206 cycles  |  65 cyc/s  |  15196252 ns/cyc
  0 constraint hits
                                                                                
  206 cycles  |  65 cyc/s  |  15196252 ns/cyc
  0 constraint hits
                                                                                
  206 cycles  |  65 cyc/s  |  15196252 ns/cyc
  0 constraint hits
                                                                                
  206 cycles  |  65 cyc/s  |  15196252 ns/cyc
  0 constraint hits
                                                                                
  206 cycles  |  65 cyc/s  |  15196252 ns/cyc
  0 constraint hits
                                                                                
  206 cycles  |  65 cyc/s  |  15196252 ns/cyc
  0 constraint hits
                                                                                
  206 cycles  |  65 cyc/s  |  15196252 ns/cyc
  0 constraint hits
                                                                                
  222 cycles  |  65 cyc/s  |  15274246 ns/cyc
  0 constraint hits
                                                                                
  222 cycles  |  65 cyc/s  |  15274246 ns/cyc
  0 constraint hits
                                                                                
  222 cycles  |  65 cyc/s  |  15274246 ns/cyc
  0 constraint hits
                                                                                
  222 cycles  |  65 cyc/s  |  15274246 ns/cyc
  0 constraint hits
                                                                                
  222 cycles  |  65 cyc/s  |  15274246 ns/cyc
  0 constraint hits
                                                                                
  222 cycles  |  65 cyc/s  |  15274246 ns/cyc
  0 constraint hits
                                                                                
  222 cycles  |  65 cyc/s  |  15274246 ns/cyc
  0 constraint hits
                                                                                
  222 cycles  |  65 cyc/s  |  15274246 ns/cyc
  0 constraint hits
                                                                                
  222 cycles  |  65 cyc/s  |  15274246 ns/cyc
  0 constraint hits
                                                                                
  222 cycles  |  65 cyc/s  |  15274246 ns/cyc
  0 constraint hits
                                                                                
  222 cycles  |  65 cyc/s  |  15274246 ns/cyc
  0 constraint hits
                                                                                
  222 cycles  |  65 cyc/s  |  15274246 ns/cyc
  0 constraint hits
                                                                                
  222 cycles  |  65 cyc/s  |  15274246 ns/cyc
  0 constraint hits
                                                                                
  222 cycles  |  65 cyc/s  |  15274246 ns/cyc
  0 constraint hits
                                                                                
  222 cycles  |  65 cyc/s  |  15274246 ns/cyc
  0 constraint hits
                                                                                
  222 cycles  |  65 cyc/s  |  15274246 ns/cyc
  0 constraint hits
                                                                                
  238 cycles  |  65 cyc/s  |  15343371 ns/cyc
  0 constraint hits
                                                                                
  238 cycles  |  65 cyc/s  |  15343371 ns/cyc
  0 constraint hits
@@TIME_PROC_AVG COUNT:240 AVG_MS:15.355
@@TIME_THROUGHPUT COUNT:240 DURATION_S:3.685209 EVENTS_PER_S:65.125
                                                                                
  238 cycles  |  65 cyc/s  |  15343371 ns/cyc
  0 constraint hits
                                                                                
  240 cycles  |  65 cyc/s  |  15352196 ns/cyc
  240 input events parsed in 0.000s  |  15352196 ns/event avg
  0 constraint hits total
  Breakdown:
   [#0]: 0
@@MONITOR_END:2026-05-14T10:09:09.629236000Z
   [#1]: 0
   [#2]: 0
   [#3]: 0
   [#4]: 0
   [#5]: 0
   [#6]: 0
   [#7]: 0
   [#8]: 0
   [#9]: 0
   [#10]: 0
   [#11]: 0
   [#12]: 0
   [#13]: 0
   [#14]: 0
   [#15]: 0
   [#16]: 0
   [#17]: 0
   [#18]: 0
   [#19]: 0
