@@MONITOR_START:2026-05-14T10:08:25.701754000Z
[3F[J                                                                                
  0 cycles
  0 constraint hits
[3F[J                                                                                
  0 cycles
  0 constraint hits
[3F[J                                                                                
  0 cycles
  0 constraint hits
[3F[J                                                                                
  0 cycles
  0 constraint hits
[3F[J                                                                                
  0 cycles
  0 constraint hits
[3F[J                                                                                
  0 cycles
  0 constraint hits
[3F[J                                                                                
  0 cycles
  0 constraint hits
[3F[J                                                                                
  0 cycles
  0 constraint hits
[3F[J                                                                                
  0 cycles
  0 constraint hits
[3F[J                                                                                
  0 cycles
  0 constraint hits
[3F[J                                                                                
  0 cycles
  0 constraint hits
[3F[J                                                                                
  0 cycles
  0 constraint hits
[3F[J                                                                                
  0 cycles
  0 constraint hits
[3F[J                                                                                
  0 cycles
  0 constraint hits
[3F[J                                                                                
  0 cycles
  0 constraint hits
[3F[J                                                                                
  0 cycles
  0 constraint hits
[3F[J                                                                                
  0 cycles
  0 constraint hits
[3F[J                                                                                
  0 cycles
  0 constraint hits
[3F[J                                                                                
  0 cycles
  0 constraint hits
[3F[J                                                                                
  0 cycles
  0 constraint hits
[3F[J                                                                                
  0 cycles
  0 constraint hits
[3F[J                                                                                
  0 cycles
  0 constraint hits
[3F[J                                                                                
  0 cycles
  0 constraint hits
[3F[J                                                                                
  0 cycles
  0 constraint hits
[3F[J                                                                                
  0 cycles
  0 constraint hits
[3F[J                                                                                
  0 cycles
  0 constraint hits
[3F[J                                                                                
  0 cycles
  0 constraint hits
[3F[J                                                                                
  0 cycles
  0 constraint hits
[3F[J                                                                                
  0 cycles
  0 constraint hits
[3F[J                                                                                
  0 cycles
  0 constraint hits
[3F[J                                                                                
  0 cycles
  0 constraint hits
[3F[J                                                                                
  0 cycles
  0 constraint hits
[3F[J                                                                                
  0 cycles
  0 constraint hits
[3F[J                                                                                
  0 cycles
  0 constraint hits
[3F[J                                                                                
  0 cycles
  0 constraint hits
[3F[J                                                                                
  0 cycles
  0 constraint hits
[3F[J                                                                                
  0 cycles
  0 constraint hits
[3F[J                                                                                
  0 cycles
  0 constraint hits
[3F[J                                                                                
  0 cycles
  0 constraint hits
[3F[J                                                                                
  0 cycles
  0 constraint hits
[3F[J                                                                                
  0 cycles
  0 constraint hits
[3F[J                                                                                
  0 cycles
  0 constraint hits
[3F[J                                                                                
  0 cycles
  0 constraint hits
[3F[J                                                                                
  0 cycles
  0 constraint hits
[3F[J                                                                                
  0 cycles
  0 constraint hits
[3F[J                                                                                
  0 cycles
  0 constraint hits
[3F[J                                                                                
  0 cycles
  0 constraint hits
[3F[J                                                                                
  0 cycles
  0 constraint hits
[3F[J                                                                                
  0 cycles
  0 constraint hits
[3F[J                                                                                
  50 cycles  |  200 cyc/s  |  4997619 ns/cyc
  0 constraint hits
[3F[J                                                                                
  50 cycles  |  200 cyc/s  |  4997619 ns/cyc
  0 constraint hits
[3F[J                                                                                
  50 cycles  |  200 cyc/s  |  4997619 ns/cyc
  0 constraint hits
[3F[J                                                                                
  50 cycles  |  200 cyc/s  |  4997619 ns/cyc
  0 constraint hits
[3F[J                                                                                
  50 cycles  |  200 cyc/s  |  4997619 ns/cyc
  0 constraint hits
[3F[J                                                                                
  50 cycles  |  200 cyc/s  |  4997619 ns/cyc
  0 constraint hits
[3F[J                                                                                
  50 cycles  |  200 cyc/s  |  4997619 ns/cyc
  0 constraint hits
[3F[J                                                                                
  50 cycles  |  200 cyc/s  |  4997619 ns/cyc
  0 constraint hits
[3F[J                                                                                
  50 cycles  |  200 cyc/s  |  4997619 ns/cyc
  0 constraint hits
[3F[J                                                                                
  50 cycles  |  200 cyc/s  |  4997619 ns/cyc
  0 constraint hits
[3F[J                                                                                
  50 cycles  |  200 cyc/s  |  4997619 ns/cyc
  0 constraint hits
[3F[J                                                                                
  50 cycles  |  200 cyc/s  |  4997619 ns/cyc
  0 constraint hits
[3F[J                                                                                
  50 cycles  |  200 cyc/s  |  4997619 ns/cyc
  0 constraint hits
[3F[J                                                                                
  50 cycles  |  200 cyc/s  |  4997619 ns/cyc
  0 constraint hits
[3F[J                                                                                
  50 cycles  |  200 cyc/s  |  4997619 ns/cyc
  0 constraint hits
[3F[J                                                                                
  50 cycles  |  200 cyc/s  |  4997619 ns/cyc
  0 constraint hits
[3F[J                                                                                
  50 cycles  |  200 cyc/s  |  4997619 ns/cyc
  0 constraint hits
[3F[J                                                                                
  50 cycles  |  200 cyc/s  |  4997619 ns/cyc
  0 constraint hits
[3F[J                                                                                
  50 cycles  |  200 cyc/s  |  4997619 ns/cyc
  0 constraint hits
[3F[J                                                                                
  50 cycles  |  200 cyc/s  |  4997619 ns/cyc
  0 constraint hits
[3F[J                                                                                
  50 cycles  |  200 cyc/s  |  4997619 ns/cyc
  0 constraint hits
[3F[J                                                                                
  50 cycles  |  200 cyc/s  |  4997619 ns/cyc
  0 constraint hits
[3F[J                                                                                
  50 cycles  |  200 cyc/s  |  4997619 ns/cyc
  0 constraint hits
[3F[J                                                                                
  50 cycles  |  200 cyc/s  |  4997619 ns/cyc
  0 constraint hits
[3F[J                                                                                
  50 cycles  |  200 cyc/s  |  4997619 ns/cyc
  0 constraint hits
[3F[J                                                                                
  50 cycles  |  200 cyc/s  |  4997619 ns/cyc
  0 constraint hits
[3F[J                                                                                
  50 cycles  |  200 cyc/s  |  4997619 ns/cyc
  0 constraint hits
[3F[J                                                                                
  50 cycles  |  200 cyc/s  |  4997619 ns/cyc
  0 constraint hits
[3F[J                                                                                
  50 cycles  |  200 cyc/s  |  4997619 ns/cyc
  0 constraint hits
[3F[J                                                                                
  50 cycles  |  200 cyc/s  |  4997619 ns/cyc
  0 constraint hits
[3F[J                                                                                
  50 cycles  |  200 cyc/s  |  4997619 ns/cyc
  0 constraint hits
[3F[J                                                                                
  50 cycles  |  200 cyc/s  |  4997619 ns/cyc
  0 constraint hits
[3F[J                                                                                
  50 cycles  |  200 cyc/s  |  4997619 ns/cyc
  0 constraint hits
[3F[J                                                                                
  50 cycles  |  200 cyc/s  |  4997619 ns/cyc
  0 constraint hits
[3F[J                                                                                
  50 cycles  |  200 cyc/s  |  4997619 ns/cyc
  0 constraint hits
[3F[J                                                                                
  50 cycles  |  200 cyc/s  |  4997619 ns/cyc
  0 constraint hits
[3F[J                                                                                
  50 cycles  |  200 cyc/s  |  4997619 ns/cyc
  0 constraint hits
[3F[J                                                                                
  50 cycles  |  200 cyc/s  |  4997619 ns/cyc
  0 constraint hits
[3F[J                                                                                
  50 cycles  |  200 cyc/s  |  4997619 ns/cyc
  0 constraint hits
[3F[J                                                                                
  50 cycles  |  200 cyc/s  |  4997619 ns/cyc
  0 constraint hits
[3F[J                                                                                
  50 cycles  |  200 cyc/s  |  4997619 ns/cyc
  0 constraint hits
[3F[J                                                                                
  50 cycles  |  200 cyc/s  |  4997619 ns/cyc
  0 constraint hits
[3F[J                                                                                
  50 cycles  |  200 cyc/s  |  4997619 ns/cyc
  0 constraint hits
[3F[J                                                                                
  93 cycles  |  184 cyc/s  |  5431805 ns/cyc
  0 constraint hits
[3F[J                                                                                
  93 cycles  |  184 cyc/s  |  5431805 ns/cyc
  0 constraint hits
[3F[J                                                                                
  93 cycles  |  184 cyc/s  |  5431805 ns/cyc
  0 constraint hits
[3F[J                                                                                
  93 cycles  |  184 cyc/s  |  5431805 ns/cyc
  0 constraint hits
[3F[J                                                                                
  93 cycles  |  184 cyc/s  |  5431805 ns/cyc
  0 constraint hits
[3F[J                                                                                
  93 cycles  |  184 cyc/s  |  5431805 ns/cyc
  0 constraint hits
[3F[J                                                                                
  93 cycles  |  184 cyc/s  |  5431805 ns/cyc
  0 constraint hits
[3F[J                                                                                
  93 cycles  |  184 cyc/s  |  5431805 ns/cyc
  0 constraint hits
[3F[J                                                                                
  93 cycles  |  184 cyc/s  |  5431805 ns/cyc
  0 constraint hits
[3F[J                                                                                
  93 cycles  |  184 cyc/s  |  5431805 ns/cyc
  0 constraint hits
[3F[J                                                                                
  93 cycles  |  184 cyc/s  |  5431805 ns/cyc
  0 constraint hits
[3F[J                                                                                
  93 cycles  |  184 cyc/s  |  5431805 ns/cyc
  0 constraint hits
[3F[J                                                                                
  93 cycles  |  184 cyc/s  |  5431805 ns/cyc
  0 constraint hits
[3F[J                                                                                
  93 cycles  |  184 cyc/s  |  5431805 ns/cyc
  0 constraint hits
[3F[J                                                                                
  93 cycles  |  184 cyc/s  |  5431805 ns/cyc
  0 constraint hits
[3F[J                                                                                
  93 cycles  |  184 cyc/s  |  5431805 ns/cyc
  0 constraint hits
[3F[J                                                                                
  93 cycles  |  184 cyc/s  |  5431805 ns/cyc
  0 constraint hits
[3F[J                                                                                
  93 cycles  |  184 cyc/s  |  5431805 ns/cyc
  0 constraint hits
[3F[J                                                                                
  93 cycles  |  184 cyc/s  |  5431805 ns/cyc
  0 constraint hits
[3F[J                                                                                
  93 cycles  |  184 cyc/s  |  5431805 ns/cyc
  0 constraint hits
[3F[J                                                                                
  93 cycles  |  184 cyc/s  |  5431805 ns/cyc
  0 constraint hits
[3F[J                                                                                
  93 cycles  |  184 cyc/s  |  5431805 ns/cyc
  0 constraint hits
[3F[J                                                                                
  93 cycles  |  184 cyc/s  |  5431805 ns/cyc
  0 constraint hits
[3F[J                                                                                
  93 cycles  |  184 cyc/s  |  5431805 ns/cyc
  0 constraint hits
[3F[J                                                                                
  93 cycles  |  184 cyc/s  |  5431805 ns/cyc
  0 constraint hits
[3F[J                                                                                
  93 cycles  |  184 cyc/s  |  5431805 ns/cyc
  0 constraint hits
[3F[J                                                                                
  93 cycles  |  184 cyc/s  |  5431805 ns/cyc
  0 constraint hits
[3F[J                                                                                
  93 cycles  |  184 cyc/s  |  5431805 ns/cyc
  0 constraint hits
[3F[J                                                                                
  93 cycles  |  184 cyc/s  |  5431805 ns/cyc
  0 constraint hits
[3F[J                                                                                
  93 cycles  |  184 cyc/s  |  5431805 ns/cyc
  0 constraint hits
[3F[J                                                                                
  93 cycles  |  184 cyc/s  |  5431805 ns/cyc
  0 constraint hits
[3F[J                                                                                
  93 cycles  |  184 cyc/s  |  5431805 ns/cyc
  0 constraint hits
[3F[J                                                                                
  93 cycles  |  184 cyc/s  |  5431805 ns/cyc
  0 constraint hits
[3F[J                                                                                
  93 cycles  |  184 cyc/s  |  5431805 ns/cyc
  0 constraint hits
[3F[J                                                                                
  93 cycles  |  184 cyc/s  |  5431805 ns/cyc
  0 constraint hits
[3F[J                                                                                
  93 cycles  |  184 cyc/s  |  5431805 ns/cyc
  0 constraint hits
[3F[J                                                                                
  93 cycles  |  184 cyc/s  |  5431805 ns/cyc
  0 constraint hits
[3F[J                                                                                
  93 cycles  |  184 cyc/s  |  5431805 ns/cyc
  0 constraint hits
[3F[J                                                                                
  93 cycles  |  184 cyc/s  |  5431805 ns/cyc
  0 constraint hits
[3F[J                                                                                
  93 cycles  |  184 cyc/s  |  5431805 ns/cyc
  0 constraint hits
[3F[J                                                                                
  93 cycles  |  184 cyc/s  |  5431805 ns/cyc
  0 constraint hits
[3F[J                                                                                
  93 cycles  |  184 cyc/s  |  5431805 ns/cyc
  0 constraint hits
[3F[J                                                                                
  93 cycles  |  184 cyc/s  |  5431805 ns/cyc
  0 constraint hits
[3F[J                                                                                
  136 cycles  |  179 cyc/s  |  5568685 ns/cyc
  0 constraint hits
[3F[J                                                                                
  136 cycles  |  179 cyc/s  |  5568685 ns/cyc
  0 constraint hits
[3F[J                                                                                
  136 cycles  |  179 cyc/s  |  5568685 ns/cyc
  0 constraint hits
[3F[J                                                                                
  136 cycles  |  179 cyc/s  |  5568685 ns/cyc
  0 constraint hits
[3F[J                                                                                
  136 cycles  |  179 cyc/s  |  5568685 ns/cyc
  0 constraint hits
[3F[J                                                                                
  136 cycles  |  179 cyc/s  |  5568685 ns/cyc
  0 constraint hits
[3F[J                                                                                
  136 cycles  |  179 cyc/s  |  5568685 ns/cyc
  0 constraint hits
[3F[J                                                                                
  136 cycles  |  179 cyc/s  |  5568685 ns/cyc
  0 constraint hits
[3F[J                                                                                
  136 cycles  |  179 cyc/s  |  5568685 ns/cyc
  0 constraint hits
[3F[J                                                                                
  136 cycles  |  179 cyc/s  |  5568685 ns/cyc
  0 constraint hits
[3F[J                                                                                
  136 cycles  |  179 cyc/s  |  5568685 ns/cyc
  0 constraint hits
[3F[J                                                                                
  136 cycles  |  179 cyc/s  |  5568685 ns/cyc
  0 constraint hits
[3F[J                                                                                
  136 cycles  |  179 cyc/s  |  5568685 ns/cyc
  0 constraint hits
[3F[J                                                                                
  136 cycles  |  179 cyc/s  |  5568685 ns/cyc
  0 constraint hits
[3F[J                                                                                
  136 cycles  |  179 cyc/s  |  5568685 ns/cyc
  0 constraint hits
[3F[J                                                                                
  136 cycles  |  179 cyc/s  |  5568685 ns/cyc
  0 constraint hits
[3F[J                                                                                
  136 cycles  |  179 cyc/s  |  5568685 ns/cyc
  0 constraint hits
[3F[J                                                                                
  136 cycles  |  179 cyc/s  |  5568685 ns/cyc
  0 constraint hits
[3F[J                                                                                
  136 cycles  |  179 cyc/s  |  5568685 ns/cyc
  0 constraint hits
[3F[J                                                                                
  136 cycles  |  179 cyc/s  |  5568685 ns/cyc
  0 constraint hits
[3F[J                                                                                
  136 cycles  |  179 cyc/s  |  5568685 ns/cyc
  0 constraint hits
[3F[J                                                                                
  136 cycles  |  179 cyc/s  |  5568685 ns/cyc
  0 constraint hits
[3F[J                                                                                
  136 cycles  |  179 cyc/s  |  5568685 ns/cyc
  0 constraint hits
[3F[J                                                                                
  136 cycles  |  179 cyc/s  |  5568685 ns/cyc
  0 constraint hits
[3F[J                                                                                
  136 cycles  |  179 cyc/s  |  5568685 ns/cyc
  0 constraint hits
[3F[J                                                                                
  136 cycles  |  179 cyc/s  |  5568685 ns/cyc
  0 constraint hits
[3F[J                                                                                
  136 cycles  |  179 cyc/s  |  5568685 ns/cyc
  0 constraint hits
[3F[J                                                                                
  136 cycles  |  179 cyc/s  |  5568685 ns/cyc
  0 constraint hits
[3F[J                                                                                
  136 cycles  |  179 cyc/s  |  5568685 ns/cyc
  0 constraint hits
[3F[J                                                                                
  136 cycles  |  179 cyc/s  |  5568685 ns/cyc
  0 constraint hits
[3F[J                                                                                
  136 cycles  |  179 cyc/s  |  5568685 ns/cyc
  0 constraint hits
[3F[J                                                                                
  136 cycles  |  179 cyc/s  |  5568685 ns/cyc
  0 constraint hits
[3F[J                                                                                
  136 cycles  |  179 cyc/s  |  5568685 ns/cyc
  0 constraint hits
[3F[J                                                                                
  136 cycles  |  179 cyc/s  |  5568685 ns/cyc
  0 constraint hits
[3F[J                                                                                
  136 cycles  |  179 cyc/s  |  5568685 ns/cyc
  0 constraint hits
[3F[J                                                                                
  136 cycles  |  179 cyc/s  |  5568685 ns/cyc
  0 constraint hits
[3F[J                                                                                
  136 cycles  |  179 cyc/s  |  5568685 ns/cyc
  0 constraint hits
[3F[J                                                                                
  136 cycles  |  179 cyc/s  |  5568685 ns/cyc
  0 constraint hits
[3F[J                                                                                
  136 cycles  |  179 cyc/s  |  5568685 ns/cyc
  0 constraint hits
[3F[J                                                                                
  136 cycles  |  179 cyc/s  |  5568685 ns/cyc
  0 constraint hits
[3F[J                                                                                
  136 cycles  |  179 cyc/s  |  5568685 ns/cyc
  0 constraint hits
[3F[J                                                                                
  136 cycles  |  179 cyc/s  |  5568685 ns/cyc
  0 constraint hits
[3F[J                                                                                
  136 cycles  |  179 cyc/s  |  5568685 ns/cyc
  0 constraint hits
[3F[J                                                                                
  179 cycles  |  177 cyc/s  |  5634765 ns/cyc
  0 constraint hits
[3F[J                                                                                
  179 cycles  |  177 cyc/s  |  5634765 ns/cyc
  0 constraint hits
[3F[J                                                                                
  179 cycles  |  177 cyc/s  |  5634765 ns/cyc
  0 constraint hits
[3F[J                                                                                
  179 cycles  |  177 cyc/s  |  5634765 ns/cyc
  0 constraint hits
[3F[J                                                                                
  179 cycles  |  177 cyc/s  |  5634765 ns/cyc
  0 constraint hits
[3F[J                                                                                
  179 cycles  |  177 cyc/s  |  5634765 ns/cyc
  0 constraint hits
[3F[J                                                                                
  179 cycles  |  177 cyc/s  |  5634765 ns/cyc
  0 constraint hits
[3F[J                                                                                
  179 cycles  |  177 cyc/s  |  5634765 ns/cyc
  0 constraint hits
[3F[J                                                                                
  179 cycles  |  177 cyc/s  |  5634765 ns/cyc
  0 constraint hits
[3F[J                                                                                
  179 cycles  |  177 cyc/s  |  5634765 ns/cyc
  0 constraint hits
[3F[J                                                                                
  179 cycles  |  177 cyc/s  |  5634765 ns/cyc
  0 constraint hits
[3F[J                                                                                
  179 cycles  |  177 cyc/s  |  5634765 ns/cyc
  0 constraint hits
[3F[J                                                                                
  179 cycles  |  177 cyc/s  |  5634765 ns/cyc
  0 constraint hits
[3F[J                                                                                
  179 cycles  |  177 cyc/s  |  5634765 ns/cyc
  0 constraint hits
[3F[J                                                                                
  179 cycles  |  177 cyc/s  |  5634765 ns/cyc
  0 constraint hits
[3F[J                                                                                
  179 cycles  |  177 cyc/s  |  5634765 ns/cyc
  0 constraint hits
[3F[J                                                                                
  179 cycles  |  177 cyc/s  |  5634765 ns/cyc
  0 constraint hits
[3F[J                                                                                
  179 cycles  |  177 cyc/s  |  5634765 ns/cyc
  0 constraint hits
[3F[J                                                                                
  179 cycles  |  177 cyc/s  |  5634765 ns/cyc
  0 constraint hits
[3F[J                                                                                
  179 cycles  |  177 cyc/s  |  5634765 ns/cyc
  0 constraint hits
[3F[J                                                                                
  179 cycles  |  177 cyc/s  |  5634765 ns/cyc
  0 constraint hits
[3F[J                                                                                
  179 cycles  |  177 cyc/s  |  5634765 ns/cyc
  0 constraint hits
[3F[J                                                                                
  179 cycles  |  177 cyc/s  |  5634765 ns/cyc
  0 constraint hits
[3F[J                                                                                
  179 cycles  |  177 cyc/s  |  5634765 ns/cyc
  0 constraint hits
[3F[J                                                                                
  179 cycles  |  177 cyc/s  |  5634765 ns/cyc
  0 constraint hits
[3F[J                                                                                
  179 cycles  |  177 cyc/s  |  5634765 ns/cyc
  0 constraint hits
[3F[J                                                                                
  179 cycles  |  177 cyc/s  |  5634765 ns/cyc
  0 constraint hits
[3F[J                                                                                
  179 cycles  |  177 cyc/s  |  5634765 ns/cyc
  0 constraint hits
[3F[J                                                                                
  179 cycles  |  177 cyc/s  |  5634765 ns/cyc
  0 constraint hits
[3F[J                                                                                
  179 cycles  |  177 cyc/s  |  5634765 ns/cyc
  0 constraint hits
[3F[J                                                                                
  179 cycles  |  177 cyc/s  |  5634765 ns/cyc
  0 constraint hits
[3F[J                                                                                
  179 cycles  |  177 cyc/s  |  5634765 ns/cyc
  0 constraint hits
[3F[J                                                                                
  179 cycles  |  177 cyc/s  |  5634765 ns/cyc
  0 constraint hits
[3F[J                                                                                
  179 cycles  |  177 cyc/s  |  5634765 ns/cyc
  0 constraint hits
[3F[J                                                                                
  179 cycles  |  177 cyc/s  |  5634765 ns/cyc
  0 constraint hits
[3F[J                                                                                
  179 cycles  |  177 cyc/s  |  5634765 ns/cyc
  0 constraint hits
[3F[J                                                                                
  179 cycles  |  177 cyc/s  |  5634765 ns/cyc
  0 constraint hits
[3F[J                                                                                
  179 cycles  |  177 cyc/s  |  5634765 ns/cyc
  0 constraint hits
[3F[J                                                                                
  179 cycles  |  177 cyc/s  |  5634765 ns/cyc
  0 constraint hits
[3F[J                                                                                
  179 cycles  |  177 cyc/s  |  5634765 ns/cyc
  0 constraint hits
[3F[J                                                                                
  179 cycles  |  177 cyc/s  |  5634765 ns/cyc
  0 constraint hits
[3F[J                                                                                
  179 cycles  |  177 cyc/s  |  5634765 ns/cyc
  0 constraint hits
[3F[J                                                                                
  179 cycles  |  177 cyc/s  |  5634765 ns/cyc
  0 constraint hits
[3F[J                                                                                
  222 cycles  |  176 cyc/s  |  5671586 ns/cyc
  0 constraint hits
[3F[J                                                                                
  222 cycles  |  176 cyc/s  |  5671586 ns/cyc
  0 constraint hits
[3F[J                                                                                
  222 cycles  |  176 cyc/s  |  5671586 ns/cyc
  0 constraint hits
[3F[J                                                                                
  222 cycles  |  176 cyc/s  |  5671586 ns/cyc
  0 constraint hits
[3F[J                                                                                
  222 cycles  |  176 cyc/s  |  5671586 ns/cyc
  0 constraint hits
[3F[J                                                                                
  222 cycles  |  176 cyc/s  |  5671586 ns/cyc
  0 constraint hits
[3F[J                                                                                
  222 cycles  |  176 cyc/s  |  5671586 ns/cyc
  0 constraint hits
[3F[J                                                                                
  222 cycles  |  176 cyc/s  |  5671586 ns/cyc
  0 constraint hits
[3F[J                                                                                
  222 cycles  |  176 cyc/s  |  5671586 ns/cyc
  0 constraint hits
[3F[J                                                                                
  222 cycles  |  176 cyc/s  |  5671586 ns/cyc
  0 constraint hits
[3F[J                                                                                
  222 cycles  |  176 cyc/s  |  5671586 ns/cyc
  0 constraint hits
[3F[J                                                                                
  222 cycles  |  176 cyc/s  |  5671586 ns/cyc
  0 constraint hits
[3F[J                                                                                
  222 cycles  |  176 cyc/s  |  5671586 ns/cyc
  0 constraint hits
[3F[J                                                                                
  222 cycles  |  176 cyc/s  |  5671586 ns/cyc
  0 constraint hits
[3F[J                                                                                
  222 cycles  |  176 cyc/s  |  5671586 ns/cyc
  0 constraint hits
[3F[J                                                                                
  222 cycles  |  176 cyc/s  |  5671586 ns/cyc
  0 constraint hits
[3F[J                                                                                
  222 cycles  |  176 cyc/s  |  5671586 ns/cyc
  0 constraint hits
[3F[J                                                                                
  222 cycles  |  176 cyc/s  |  5671586 ns/cyc
  0 constraint hits
[3F[J@@TIME_PROC_AVG COUNT:240 AVG_MS:5.684
@@TIME_THROUGHPUT COUNT:240 DURATION_S:1.364115 EVENTS_PER_S:175.938
                                                                                
  222 cycles  |  176 cyc/s  |  5671586 ns/cyc
  0 constraint hits
[3F[J                                                                                
  240 cycles  |  176 cyc/s  |  5681766 ns/cyc
  240 input events parsed in 0.000s  |  5681766 ns/event avg
  0 constraint hits total
  Breakdown:
   [#0]: 0
   [#1]: 0
   [#2]: @@MONITOR_END:2026-05-14T10:08:27.066129000Z
0
   [#3]: 0
   [#4]: 0
   [#5]: 0
   [#6]: 0
   [#7]: 0
   [#8]: 0
   [#9]: 0
   [#10]: 0
   [#11]: 0
   [#12]: 0
   [#13]: 0
   [#14]: 0
   [#15]: 0
