@@MONITOR_START:2026-03-27T06:46:44.425997000Z
[3F[J================================================================================
▌ 0 events
  0 trigger
[3F[J================================================================================
▌ 0 events
  0 trigger
[3F[J================================================================================
▌ 0 events
  0 trigger
[3F[J================================================================================
▌ 0 events
  0 trigger
[3F[J================================================================================
▌ 0 events
  0 trigger
[3F[J================================================================================
▌ 0 events
  0 trigger
[3F[J================================================================================
▌ 0 events
  0 trigger
[3F[J================================================================================
▌ 0 events
  0 trigger
[3F[J================================================================================
▌ 0 events
  0 trigger
[3F[J================================================================================
▌ 0 events
  0 trigger
[3F[J================================================================================
▌ 0 events
  0 trigger
[3F[J================================================================================
▌ 0 events
  0 trigger
[3F[J================================================================================
▌ 0 events
  0 trigger
[3F[J================================================================================
▌ 0 events
  0 trigger
[3F[J================================================================================
▌ 0 events
  0 trigger
[3F[J================================================================================
▌ 0 events
  0 trigger
[3F[J================================================================================
▌ 0 events
  0 trigger
[3F[J================================================================================
▌ 0 events
  0 trigger
[3F[J================================================================================
▌ 0 events
  0 trigger
[3F[J================================================================================
▌ 0 events
  0 trigger
[3F[J================================================================================
▌ 0 events
  0 trigger
[3F[J================================================================================
▌ 0 events
  0 trigger
[3F[J================================================================================
▌ 0 events
  0 trigger
[3F[J================================================================================
▌ 0 events
  0 trigger
[3F[J================================================================================
▌ 0 events
  0 trigger
[3F[J================================================================================
▌ 0 events
  0 trigger
[3F[J================================================================================
▌ 0 events
  0 trigger
[3F[J================================================================================
▌ 0 events
  0 trigger
[3F[J================================================================================
▌ 0 events
  0 trigger
[3F[J================================================================================
▌ 0 events
  0 trigger
[3F[J================================================================================
▌ 0 events
  0 trigger
[3F[J================================================================================
▌ 0 events
  0 trigger
[3F[J================================================================================
▌ 0 events
  0 trigger
[3F[J================================================================================
▌ 0 events
  0 trigger
[3F[J================================================================================
▌ 0 events
  0 trigger
[3F[J================================================================================
▌ 0 events
  0 trigger
[3F[J================================================================================
▌ 0 events
  0 trigger
[3F[J================================================================================
▌ 0 events
  0 trigger
[3F[J================================================================================
▌ 0 events
  0 trigger
[3F[J================================================================================
▌ 0 events
  0 trigger
[3F[J================================================================================
▌ 0 events
  0 trigger
[3F[J================================================================================
▌ 0 events
  0 trigger
[3F[J================================================================================
▌ 0 events
  0 trigger
[3F[J================================================================================
▌ 0 events
  0 trigger
[3F[J================================================================================
▌ 0 events
  0 trigger
[3F[J================================================================================
▌ 0 events
  0 trigger
[3F[J================================================================================
▌ 0 events
  0 trigger
[3F[J================================================================================
▌ 0 events
  0 trigger
[3F[J================================================================================
▌ 0 events
  0 trigger
@@TIME_PROC_AVG COUNT:50 AVG_MS:0.209
@@TIME_THROUGHPUT COUNT:50 DURATION_S:0.010453 EVENTS_PER_S:4783.316
[3F[J================================================================================
▌ 0 events
  0 trigger
[3F[J================================================================================
  50 cycles, 4894 cycles per second, 204324 nsec per cycles
  50 input events parsed in 0.000033793 secs; 204324 nsec per event on average
  0 trigger in total
  Trigger details:
   [#0]: 0
   [#1]: 0
@@MONITOR_END:2026-03-27T06:46:44.436935000Z
