@@MONITOR_START:2026-05-14T10:08:34.865646000Z
                                                                                
  0 cycles
  0 constraint hits
                                                                                
  0 cycles
  0 constraint hits
                                                                                
  0 cycles
  0 constraint hits
                                                                                
  0 cycles
  0 constraint hits
                                                                                
  0 cycles
  0 constraint hits
                                                                                
  0 cycles
  0 constraint hits
                                                                                
  0 cycles
  0 constraint hits
                                                                                
  0 cycles
  0 constraint hits
                                                                                
  0 cycles
  0 constraint hits
                                                                                
  0 cycles
  0 constraint hits
                                                                                
  0 cycles
  0 constraint hits
                                                                                
  0 cycles
  0 constraint hits
                                                                                
  0 cycles
  0 constraint hits
                                                                                
  0 cycles
  0 constraint hits
                                                                                
  0 cycles
  0 constraint hits
                                                                                
  0 cycles
  0 constraint hits
                                                                                
  0 cycles
  0 constraint hits
                                                                                
  0 cycles
  0 constraint hits
                                                                                
  0 cycles
  0 constraint hits
                                                                                
  0 cycles
  0 constraint hits
                                                                                
  0 cycles
  0 constraint hits
                                                                                
  0 cycles
  0 constraint hits
                                                                                
  0 cycles
  0 constraint hits
                                                                                
  0 cycles
  0 constraint hits
                                                                                
  0 cycles
  0 constraint hits
                                                                                
  0 cycles
  0 constraint hits
                                                                                
  0 cycles
  0 constraint hits
                                                                                
  0 cycles
  0 constraint hits
                                                                                
  0 cycles
  0 constraint hits
                                                                                
  0 cycles
  0 constraint hits
                                                                                
  0 cycles
  0 constraint hits
                                                                                
  0 cycles
  0 constraint hits
                                                                                
  0 cycles
  0 constraint hits
                                                                                
  0 cycles
  0 constraint hits
                                                                                
  0 cycles
  0 constraint hits
                                                                                
  0 cycles
  0 constraint hits
                                                                                
  0 cycles
  0 constraint hits
                                                                                
  0 cycles
  0 constraint hits
                                                                                
  0 cycles
  0 constraint hits
                                                                                
  0 cycles
  0 constraint hits
                                                                                
  0 cycles
  0 constraint hits
                                                                                
  0 cycles
  0 constraint hits
                                                                                
  0 cycles
  0 constraint hits
                                                                                
  0 cycles
  0 constraint hits
                                                                                
  0 cycles
  0 constraint hits
                                                                                
  0 cycles
  0 constraint hits
                                                                                
  0 cycles
  0 constraint hits
                                                                                
  0 cycles
  0 constraint hits
                                                                                
  0 cycles
  0 constraint hits
                                                                                
  0 cycles
  0 constraint hits
                                                                                
  0 cycles
  0 constraint hits
                                                                                
  0 cycles
  0 constraint hits
                                                                                
  0 cycles
  0 constraint hits
                                                                                
  0 cycles
  0 constraint hits
                                                                                
  0 cycles
  0 constraint hits
                                                                                
  0 cycles
  0 constraint hits
                                                                                
  0 cycles
  0 constraint hits
                                                                                
  0 cycles
  0 constraint hits
                                                                                
  0 cycles
  0 constraint hits
                                                                                
  0 cycles
  0 constraint hits
                                                                                
  0 cycles
  0 constraint hits
                                                                                
  0 cycles
  0 constraint hits
                                                                                
  0 cycles
  0 constraint hits
                                                                                
  0 cycles
  0 constraint hits
                                                                                
  0 cycles
  0 constraint hits
                                                                                
  0 cycles
  0 constraint hits
                                                                                
  0 cycles
  0 constraint hits
                                                                                
  0 cycles
  0 constraint hits
                                                                                
  0 cycles
  0 constraint hits
                                                                                
  0 cycles
  0 constraint hits
                                                                                
  0 cycles
  0 constraint hits
                                                                                
  0 cycles
  0 constraint hits
                                                                                
  0 cycles
  0 constraint hits
                                                                                
  0 cycles
  0 constraint hits
                                                                                
  0 cycles
  0 constraint hits
                                                                                
  0 cycles
  0 constraint hits
                                                                                
  0 cycles
  0 constraint hits
                                                                                
  0 cycles
  0 constraint hits
                                                                                
  0 cycles
  0 constraint hits
                                                                                
  0 cycles
  0 constraint hits
                                                                                
  0 cycles
  0 constraint hits
                                                                                
  0 cycles
  0 constraint hits
                                                                                
  0 cycles
  0 constraint hits
                                                                                
  0 cycles
  0 constraint hits
                                                                                
  0 cycles
  0 constraint hits
                                                                                
  0 cycles
  0 constraint hits
                                                                                
  0 cycles
  0 constraint hits
                                                                                
  0 cycles
  0 constraint hits
                                                                                
  0 cycles
  0 constraint hits
                                                                                
  0 cycles
  0 constraint hits
                                                                                
  0 cycles
  0 constraint hits
                                                                                
  0 cycles
  0 constraint hits
                                                                                
  0 cycles
  0 constraint hits
                                                                                
  0 cycles
  0 constraint hits
                                                                                
  0 cycles
  0 constraint hits
                                                                                
  0 cycles
  0 constraint hits
                                                                                
  0 cycles
  0 constraint hits
                                                                                
  0 cycles
  0 constraint hits
                                                                                
  0 cycles
  0 constraint hits
                                                                                
  0 cycles
  0 constraint hits
                                                                                
  0 cycles
  0 constraint hits
                                                                                
  0 cycles
  0 constraint hits
                                                                                
  0 cycles
  0 constraint hits
                                                                                
  0 cycles
  0 constraint hits
                                                                                
  0 cycles
  0 constraint hits
                                                                                
  0 cycles
  0 constraint hits
                                                                                
  0 cycles
  0 constraint hits
                                                                                
  0 cycles
  0 constraint hits
                                                                                
  0 cycles
  0 constraint hits
                                                                                
  0 cycles
  0 constraint hits
                                                                                
  0 cycles
  0 constraint hits
                                                                                
  0 cycles
  0 constraint hits
                                                                                
  0 cycles
  0 constraint hits
                                                                                
  0 cycles
  0 constraint hits
                                                                                
  0 cycles
  0 constraint hits
                                                                                
  0 cycles
  0 constraint hits
                                                                                
  0 cycles
  0 constraint hits
                                                                                
  0 cycles
  0 constraint hits
                                                                                
  0 cycles
  0 constraint hits
                                                                                
  0 cycles
  0 constraint hits
                                                                                
  0 cycles
  0 constraint hits
                                                                                
  0 cycles
  0 constraint hits
                                                                                
  0 cycles
  0 constraint hits
                                                                                
  0 cycles
  0 constraint hits
                                                                                
  0 cycles
  0 constraint hits
                                                                                
  0 cycles
  0 constraint hits
                                                                                
  0 cycles
  0 constraint hits
                                                                                
  0 cycles
  0 constraint hits
                                                                                
  0 cycles
  0 constraint hits
                                                                                
  0 cycles
  0 constraint hits
                                                                                
  0 cycles
  0 constraint hits
                                                                                
  0 cycles
  0 constraint hits
                                                                                
  0 cycles
  0 constraint hits
                                                                                
  0 cycles
  0 constraint hits
                                                                                
  0 cycles
  0 constraint hits
                                                                                
  0 cycles
  0 constraint hits
                                                                                
  0 cycles
  0 constraint hits
                                                                                
  0 cycles
  0 constraint hits
                                                                                
  0 cycles
  0 constraint hits
                                                                                
  0 cycles
  0 constraint hits
                                                                                
  0 cycles
  0 constraint hits
                                                                                
  0 cycles
  0 constraint hits
                                                                                
  0 cycles
  0 constraint hits
                                                                                
  0 cycles
  0 constraint hits
                                                                                
  0 cycles
  0 constraint hits
                                                                                
  0 cycles
  0 constraint hits
                                                                                
  0 cycles
  0 constraint hits
                                                                                
  0 cycles
  0 constraint hits
                                                                                
  0 cycles
  0 constraint hits
                                                                                
  0 cycles
  0 constraint hits
                                                                                
  0 cycles
  0 constraint hits
                                                                                
  0 cycles
  0 constraint hits
                                                                                
  0 cycles
  0 constraint hits
                                                                                
  0 cycles
  0 constraint hits
                                                                                
  0 cycles
  0 constraint hits
                                                                                
  0 cycles
  0 constraint hits
                                                                                
  0 cycles
  0 constraint hits
                                                                                
  0 cycles
  0 constraint hits
                                                                                
  0 cycles
  0 constraint hits
                                                                                
  0 cycles
  0 constraint hits
                                                                                
  0 cycles
  0 constraint hits
                                                                                
  0 cycles
  0 constraint hits
                                                                                
  163 cycles  |  651 cyc/s  |  1534886 ns/cyc
  0 constraint hits
                                                                                
  163 cycles  |  651 cyc/s  |  1534886 ns/cyc
  0 constraint hits
                                                                                
  163 cycles  |  651 cyc/s  |  1534886 ns/cyc
  0 constraint hits
                                                                                
  163 cycles  |  651 cyc/s  |  1534886 ns/cyc
  0 constraint hits
                                                                                
  163 cycles  |  651 cyc/s  |  1534886 ns/cyc
  0 constraint hits
                                                                                
  163 cycles  |  651 cyc/s  |  1534886 ns/cyc
  0 constraint hits
                                                                                
  163 cycles  |  651 cyc/s  |  1534886 ns/cyc
  0 constraint hits
                                                                                
  163 cycles  |  651 cyc/s  |  1534886 ns/cyc
  0 constraint hits
                                                                                
  163 cycles  |  651 cyc/s  |  1534886 ns/cyc
  0 constraint hits
                                                                                
  163 cycles  |  651 cyc/s  |  1534886 ns/cyc
  0 constraint hits
                                                                                
  163 cycles  |  651 cyc/s  |  1534886 ns/cyc
  0 constraint hits
                                                                                
  163 cycles  |  651 cyc/s  |  1534886 ns/cyc
  0 constraint hits
                                                                                
  163 cycles  |  651 cyc/s  |  1534886 ns/cyc
  0 constraint hits
                                                                                
  163 cycles  |  651 cyc/s  |  1534886 ns/cyc
  0 constraint hits
                                                                                
  163 cycles  |  651 cyc/s  |  1534886 ns/cyc
  0 constraint hits
                                                                                
  163 cycles  |  651 cyc/s  |  1534886 ns/cyc
  0 constraint hits
                                                                                
  163 cycles  |  651 cyc/s  |  1534886 ns/cyc
  0 constraint hits
                                                                                
  163 cycles  |  651 cyc/s  |  1534886 ns/cyc
  0 constraint hits
                                                                                
  163 cycles  |  651 cyc/s  |  1534886 ns/cyc
  0 constraint hits
                                                                                
  163 cycles  |  651 cyc/s  |  1534886 ns/cyc
  0 constraint hits
                                                                                
  163 cycles  |  651 cyc/s  |  1534886 ns/cyc
  0 constraint hits
                                                                                
  163 cycles  |  651 cyc/s  |  1534886 ns/cyc
  0 constraint hits
                                                                                
  163 cycles  |  651 cyc/s  |  1534886 ns/cyc
  0 constraint hits
                                                                                
  163 cycles  |  651 cyc/s  |  1534886 ns/cyc
  0 constraint hits
                                                                                
  163 cycles  |  651 cyc/s  |  1534886 ns/cyc
  0 constraint hits
                                                                                
  163 cycles  |  651 cyc/s  |  1534886 ns/cyc
  0 constraint hits
                                                                                
  163 cycles  |  651 cyc/s  |  1534886 ns/cyc
  0 constraint hits
                                                                                
  163 cycles  |  651 cyc/s  |  1534886 ns/cyc
  0 constraint hits
                                                                                
  163 cycles  |  651 cyc/s  |  1534886 ns/cyc
  0 constraint hits
                                                                                
  163 cycles  |  651 cyc/s  |  1534886 ns/cyc
  0 constraint hits
                                                                                
  163 cycles  |  651 cyc/s  |  1534886 ns/cyc
  0 constraint hits
                                                                                
  163 cycles  |  651 cyc/s  |  1534886 ns/cyc
  0 constraint hits
                                                                                
  163 cycles  |  651 cyc/s  |  1534886 ns/cyc
  0 constraint hits
                                                                                
  163 cycles  |  651 cyc/s  |  1534886 ns/cyc
  0 constraint hits
                                                                                
  163 cycles  |  651 cyc/s  |  1534886 ns/cyc
  0 constraint hits
                                                                                
  163 cycles  |  651 cyc/s  |  1534886 ns/cyc
  0 constraint hits
                                                                                
  163 cycles  |  651 cyc/s  |  1534886 ns/cyc
  0 constraint hits
                                                                                
  163 cycles  |  651 cyc/s  |  1534886 ns/cyc
  0 constraint hits
                                                                                
  163 cycles  |  651 cyc/s  |  1534886 ns/cyc
  0 constraint hits
                                                                                
  163 cycles  |  651 cyc/s  |  1534886 ns/cyc
  0 constraint hits
                                                                                
  163 cycles  |  651 cyc/s  |  1534886 ns/cyc
  0 constraint hits
                                                                                
  163 cycles  |  651 cyc/s  |  1534886 ns/cyc
  0 constraint hits
                                                                                
  163 cycles  |  651 cyc/s  |  1534886 ns/cyc
  0 constraint hits
                                                                                
  163 cycles  |  651 cyc/s  |  1534886 ns/cyc
  0 constraint hits
                                                                                
  163 cycles  |  651 cyc/s  |  1534886 ns/cyc
  0 constraint hits
                                                                                
  163 cycles  |  651 cyc/s  |  1534886 ns/cyc
  0 constraint hits
                                                                                
  163 cycles  |  651 cyc/s  |  1534886 ns/cyc
  0 constraint hits
                                                                                
  163 cycles  |  651 cyc/s  |  1534886 ns/cyc
  0 constraint hits
                                                                                
  163 cycles  |  651 cyc/s  |  1534886 ns/cyc
  0 constraint hits
                                                                                
  163 cycles  |  651 cyc/s  |  1534886 ns/cyc
  0 constraint hits
                                                                                
  163 cycles  |  651 cyc/s  |  1534886 ns/cyc
  0 constraint hits
                                                                                
  163 cycles  |  651 cyc/s  |  1534886 ns/cyc
  0 constraint hits
                                                                                
  163 cycles  |  651 cyc/s  |  1534886 ns/cyc
  0 constraint hits
                                                                                
  163 cycles  |  651 cyc/s  |  1534886 ns/cyc
  0 constraint hits
                                                                                
  163 cycles  |  651 cyc/s  |  1534886 ns/cyc
  0 constraint hits
                                                                                
  163 cycles  |  651 cyc/s  |  1534886 ns/cyc
  0 constraint hits
                                                                                
  163 cycles  |  651 cyc/s  |  1534886 ns/cyc
  0 constraint hits
                                                                                
  163 cycles  |  651 cyc/s  |  1534886 ns/cyc
  0 constraint hits
                                                                                
  163 cycles  |  651 cyc/s  |  1534886 ns/cyc
  0 constraint hits
                                                                                
  163 cycles  |  651 cyc/s  |  1534886 ns/cyc
  0 constraint hits
                                                                                
  163 cycles  |  651 cyc/s  |  1534886 ns/cyc
  0 constraint hits
                                                                                
  163 cycles  |  651 cyc/s  |  1534886 ns/cyc
  0 constraint hits
                                                                                
  163 cycles  |  651 cyc/s  |  1534886 ns/cyc
  0 constraint hits
                                                                                
  163 cycles  |  651 cyc/s  |  1534886 ns/cyc
  0 constraint hits
                                                                                
  163 cycles  |  651 cyc/s  |  1534886 ns/cyc
  0 constraint hits
                                                                                
  163 cycles  |  651 cyc/s  |  1534886 ns/cyc
  0 constraint hits
                                                                                
  163 cycles  |  651 cyc/s  |  1534886 ns/cyc
  0 constraint hits
                                                                                
  163 cycles  |  651 cyc/s  |  1534886 ns/cyc
  0 constraint hits
                                                                                
  163 cycles  |  651 cyc/s  |  1534886 ns/cyc
  0 constraint hits
                                                                                
  163 cycles  |  651 cyc/s  |  1534886 ns/cyc
  0 constraint hits
                                                                                
  163 cycles  |  651 cyc/s  |  1534886 ns/cyc
  0 constraint hits
                                                                                
  163 cycles  |  651 cyc/s  |  1534886 ns/cyc
  0 constraint hits
                                                                                
  163 cycles  |  651 cyc/s  |  1534886 ns/cyc
  0 constraint hits
                                                                                
  163 cycles  |  651 cyc/s  |  1534886 ns/cyc
  0 constraint hits
                                                                                
  163 cycles  |  651 cyc/s  |  1534886 ns/cyc
  0 constraint hits
                                                                                
  163 cycles  |  651 cyc/s  |  1534886 ns/cyc
  0 constraint hits
                                                                                
  163 cycles  |  651 cyc/s  |  1534886 ns/cyc
  0 constraint hits
@@TIME_PROC_AVG COUNT:240 AVG_MS:1.580
@@TIME_THROUGHPUT COUNT:240 DURATION_S:0.379156 EVENTS_PER_S:632.985
                                                                                
  163 cycles  |  651 cyc/s  |  1534886 ns/cyc
  0 constraint hits
                                                                                
  240 cycles  |  633 cyc/s  |  1577959 ns/cyc
  240 input events parsed in 0.000s  |  1577959 ns/event avg
  0 constraint hits total
  Breakdown:
   [#0@@MONITOR_END:2026-05-14T10:08:35.244969000Z
]: 0
   [#1]: 0
