@@MONITOR_START:2026-05-14T09:55:59.943933000Z
[3F[J                                                                                
  0 cycles
  0 constraint hits
[3F[J                                                                                
  0 cycles
  0 constraint hits
[3F[J                                                                                
  0 cycles
  0 constraint hits
[3F[J                                                                                
  0 cycles
  0 constraint hits
[3F[J                                                                                
  0 cycles
  0 constraint hits
[3F[J                                                                                
  0 cycles
  0 constraint hits
[3F[J                                                                                
  0 cycles
  0 constraint hits
[3F[J                                                                                
  0 cycles
  0 constraint hits
[3F[J                                                                                
  0 cycles
  0 constraint hits
[3F[J                                                                                
  0 cycles
  0 constraint hits
[3F[J                                                                                
  0 cycles
  0 constraint hits
[3F[J                                                                                
  0 cycles
  0 constraint hits
[3F[J                                                                                
  0 cycles
  0 constraint hits
[3F[J                                                                                
  0 cycles
  0 constraint hits
[3F[J                                                                                
  0 cycles
  0 constraint hits
[3F[J                                                                                
  0 cycles
  0 constraint hits
[3F[J                                                                                
  0 cycles
  0 constraint hits
[3F[J                                                                                
  0 cycles
  0 constraint hits
[3F[J                                                                                
  0 cycles
  0 constraint hits
[3F[J                                                                                
  0 cycles
  0 constraint hits
[3F[J                                                                                
  0 cycles
  0 constraint hits
[3F[J                                                                                
  0 cycles
  0 constraint hits
[3F[J                                                                                
  0 cycles
  0 constraint hits
[3F[J                                                                                
  0 cycles
  0 constraint hits
[3F[J                                                                                
  0 cycles
  0 constraint hits
[3F[J                                                                                
  0 cycles
  0 constraint hits
[3F[J                                                                                
  0 cycles
  0 constraint hits
[3F[J                                                                                
  0 cycles
  0 constraint hits
[3F[J                                                                                
  0 cycles
  0 constraint hits
[3F[J                                                                                
  0 cycles
  0 constraint hits
[3F[J                                                                                
  0 cycles
  0 constraint hits
[3F[J                                                                                
  0 cycles
  0 constraint hits
[3F[J                                                                                
  0 cycles
  0 constraint hits
[3F[J                                                                                
  0 cycles
  0 constraint hits
[3F[J                                                                                
  0 cycles
  0 constraint hits
[3F[J                                                                                
  0 cycles
  0 constraint hits
[3F[J                                                                                
  0 cycles
  0 constraint hits
[3F[J                                                                                
  38 cycles  |  147 cyc/s  |  6794621 ns/cyc
  0 constraint hits
[3F[J                                                                                
  38 cycles  |  147 cyc/s  |  6794621 ns/cyc
  0 constraint hits
[3F[J                                                                                
  38 cycles  |  147 cyc/s  |  6794621 ns/cyc
  0 constraint hits
[3F[J                                                                                
  38 cycles  |  147 cyc/s  |  6794621 ns/cyc
  0 constraint hits
[3F[J                                                                                
  38 cycles  |  147 cyc/s  |  6794621 ns/cyc
  0 constraint hits
[3F[J                                                                                
  38 cycles  |  147 cyc/s  |  6794621 ns/cyc
  0 constraint hits
[3F[J                                                                                
  38 cycles  |  147 cyc/s  |  6794621 ns/cyc
  0 constraint hits
[3F[J                                                                                
  38 cycles  |  147 cyc/s  |  6794621 ns/cyc
  0 constraint hits
[3F[J                                                                                
  38 cycles  |  147 cyc/s  |  6794621 ns/cyc
  0 constraint hits
[3F[J                                                                                
  38 cycles  |  147 cyc/s  |  6794621 ns/cyc
  0 constraint hits
[3F[J                                                                                
  38 cycles  |  147 cyc/s  |  6794621 ns/cyc
  0 constraint hits
[3F[J                                                                                
  38 cycles  |  147 cyc/s  |  6794621 ns/cyc
  0 constraint hits
[3F[J                                                                                
  38 cycles  |  147 cyc/s  |  6794621 ns/cyc
  0 constraint hits
[3F[J                                                                                
  38 cycles  |  147 cyc/s  |  6794621 ns/cyc
  0 constraint hits
[3F[J                                                                                
  38 cycles  |  147 cyc/s  |  6794621 ns/cyc
  0 constraint hits
[3F[J                                                                                
  38 cycles  |  147 cyc/s  |  6794621 ns/cyc
  0 constraint hits
[3F[J                                                                                
  38 cycles  |  147 cyc/s  |  6794621 ns/cyc
  0 constraint hits
[3F[J                                                                                
  38 cycles  |  147 cyc/s  |  6794621 ns/cyc
  0 constraint hits
[3F[J                                                                                
  38 cycles  |  147 cyc/s  |  6794621 ns/cyc
  0 constraint hits
[3F[J                                                                                
  38 cycles  |  147 cyc/s  |  6794621 ns/cyc
  0 constraint hits
[3F[J                                                                                
  38 cycles  |  147 cyc/s  |  6794621 ns/cyc
  0 constraint hits
[3F[J                                                                                
  38 cycles  |  147 cyc/s  |  6794621 ns/cyc
  0 constraint hits
[3F[J                                                                                
  60 cycles  |  117 cyc/s  |  8498193 ns/cyc
  0 constraint hits
[3F[J                                                                                
  60 cycles  |  117 cyc/s  |  8498193 ns/cyc
  0 constraint hits
[3F[J                                                                                
  60 cycles  |  117 cyc/s  |  8498193 ns/cyc
  0 constraint hits
[3F[J                                                                                
  60 cycles  |  117 cyc/s  |  8498193 ns/cyc
  0 constraint hits
[3F[J                                                                                
  60 cycles  |  117 cyc/s  |  8498193 ns/cyc
  0 constraint hits
[3F[J                                                                                
  60 cycles  |  117 cyc/s  |  8498193 ns/cyc
  0 constraint hits
[3F[J                                                                                
  60 cycles  |  117 cyc/s  |  8498193 ns/cyc
  0 constraint hits
[3F[J                                                                                
  60 cycles  |  117 cyc/s  |  8498193 ns/cyc
  0 constraint hits
[3F[J                                                                                
  60 cycles  |  117 cyc/s  |  8498193 ns/cyc
  0 constraint hits
[3F[J                                                                                
  60 cycles  |  117 cyc/s  |  8498193 ns/cyc
  0 constraint hits
[3F[J                                                                                
  60 cycles  |  117 cyc/s  |  8498193 ns/cyc
  0 constraint hits
[3F[J                                                                                
  60 cycles  |  117 cyc/s  |  8498193 ns/cyc
  0 constraint hits
[3F[J                                                                                
  60 cycles  |  117 cyc/s  |  8498193 ns/cyc
  0 constraint hits
[3F[J                                                                                
  60 cycles  |  117 cyc/s  |  8498193 ns/cyc
  0 constraint hits
[3F[J                                                                                
  60 cycles  |  117 cyc/s  |  8498193 ns/cyc
  0 constraint hits
[3F[J                                                                                
  60 cycles  |  117 cyc/s  |  8498193 ns/cyc
  0 constraint hits
[3F[J                                                                                
  60 cycles  |  117 cyc/s  |  8498193 ns/cyc
  0 constraint hits
[3F[J                                                                                
  60 cycles  |  117 cyc/s  |  8498193 ns/cyc
  0 constraint hits
[3F[J                                                                                
  60 cycles  |  117 cyc/s  |  8498193 ns/cyc
  0 constraint hits
[3F[J                                                                                
  60 cycles  |  117 cyc/s  |  8498193 ns/cyc
  0 constraint hits
[3F[J                                                                                
  60 cycles  |  117 cyc/s  |  8498193 ns/cyc
  0 constraint hits
[3F[J                                                                                
  60 cycles  |  117 cyc/s  |  8498193 ns/cyc
  0 constraint hits
[3F[J                                                                                
  82 cycles  |  107 cyc/s  |  9326854 ns/cyc
  0 constraint hits
[3F[J                                                                                
  82 cycles  |  107 cyc/s  |  9326854 ns/cyc
  0 constraint hits
[3F[J                                                                                
  82 cycles  |  107 cyc/s  |  9326854 ns/cyc
  0 constraint hits
[3F[J                                                                                
  82 cycles  |  107 cyc/s  |  9326854 ns/cyc
  0 constraint hits
[3F[J                                                                                
  82 cycles  |  107 cyc/s  |  9326854 ns/cyc
  0 constraint hits
[3F[J                                                                                
  82 cycles  |  107 cyc/s  |  9326854 ns/cyc
  0 constraint hits
[3F[J                                                                                
  82 cycles  |  107 cyc/s  |  9326854 ns/cyc
  0 constraint hits
[3F[J                                                                                
  82 cycles  |  107 cyc/s  |  9326854 ns/cyc
  0 constraint hits
[3F[J                                                                                
  82 cycles  |  107 cyc/s  |  9326854 ns/cyc
  0 constraint hits
[3F[J                                                                                
  82 cycles  |  107 cyc/s  |  9326854 ns/cyc
  0 constraint hits
[3F[J                                                                                
  82 cycles  |  107 cyc/s  |  9326854 ns/cyc
  0 constraint hits
[3F[J                                                                                
  82 cycles  |  107 cyc/s  |  9326854 ns/cyc
  0 constraint hits
[3F[J                                                                                
  82 cycles  |  107 cyc/s  |  9326854 ns/cyc
  0 constraint hits
[3F[J                                                                                
  82 cycles  |  107 cyc/s  |  9326854 ns/cyc
  0 constraint hits
[3F[J                                                                                
  82 cycles  |  107 cyc/s  |  9326854 ns/cyc
  0 constraint hits
[3F[J                                                                                
  82 cycles  |  107 cyc/s  |  9326854 ns/cyc
  0 constraint hits
[3F[J                                                                                
  82 cycles  |  107 cyc/s  |  9326854 ns/cyc
  0 constraint hits
[3F[J                                                                                
  82 cycles  |  107 cyc/s  |  9326854 ns/cyc
  0 constraint hits
[3F[J                                                                                
  82 cycles  |  107 cyc/s  |  9326854 ns/cyc
  0 constraint hits
[3F[J                                                                                
  82 cycles  |  107 cyc/s  |  9326854 ns/cyc
  0 constraint hits
[3F[J                                                                                
  82 cycles  |  107 cyc/s  |  9326854 ns/cyc
  0 constraint hits
[3F[J                                                                                
  82 cycles  |  107 cyc/s  |  9326854 ns/cyc
  0 constraint hits
[3F[J                                                                                
  104 cycles  |  102 cyc/s  |  9790065 ns/cyc
  0 constraint hits
[3F[J                                                                                
  104 cycles  |  102 cyc/s  |  9790065 ns/cyc
  0 constraint hits
[3F[J                                                                                
  104 cycles  |  102 cyc/s  |  9790065 ns/cyc
  0 constraint hits
[3F[J                                                                                
  104 cycles  |  102 cyc/s  |  9790065 ns/cyc
  0 constraint hits
[3F[J                                                                                
  104 cycles  |  102 cyc/s  |  9790065 ns/cyc
  0 constraint hits
[3F[J                                                                                
  104 cycles  |  102 cyc/s  |  9790065 ns/cyc
  0 constraint hits
[3F[J                                                                                
  104 cycles  |  102 cyc/s  |  9790065 ns/cyc
  0 constraint hits
[3F[J                                                                                
  104 cycles  |  102 cyc/s  |  9790065 ns/cyc
  0 constraint hits
[3F[J                                                                                
  104 cycles  |  102 cyc/s  |  9790065 ns/cyc
  0 constraint hits
[3F[J                                                                                
  104 cycles  |  102 cyc/s  |  9790065 ns/cyc
  0 constraint hits
[3F[J                                                                                
  104 cycles  |  102 cyc/s  |  9790065 ns/cyc
  0 constraint hits
[3F[J                                                                                
  104 cycles  |  102 cyc/s  |  9790065 ns/cyc
  0 constraint hits
[3F[J                                                                                
  104 cycles  |  102 cyc/s  |  9790065 ns/cyc
  0 constraint hits
[3F[J                                                                                
  104 cycles  |  102 cyc/s  |  9790065 ns/cyc
  0 constraint hits
[3F[J                                                                                
  104 cycles  |  102 cyc/s  |  9790065 ns/cyc
  0 constraint hits
[3F[J                                                                                
  104 cycles  |  102 cyc/s  |  9790065 ns/cyc
  0 constraint hits
[3F[J                                                                                
  104 cycles  |  102 cyc/s  |  9790065 ns/cyc
  0 constraint hits
[3F[J                                                                                
  104 cycles  |  102 cyc/s  |  9790065 ns/cyc
  0 constraint hits
[3F[J                                                                                
  104 cycles  |  102 cyc/s  |  9790065 ns/cyc
  0 constraint hits
[3F[J                                                                                
  104 cycles  |  102 cyc/s  |  9790065 ns/cyc
  0 constraint hits
[3F[J                                                                                
  104 cycles  |  102 cyc/s  |  9790065 ns/cyc
  0 constraint hits
[3F[J                                                                                
  104 cycles  |  102 cyc/s  |  9790065 ns/cyc
  0 constraint hits
[3F[J                                                                                
  126 cycles  |  98 cyc/s  |  10113108 ns/cyc
  0 constraint hits
[3F[J                                                                                
  126 cycles  |  98 cyc/s  |  10113108 ns/cyc
  0 constraint hits
[3F[J                                                                                
  126 cycles  |  98 cyc/s  |  10113108 ns/cyc
  0 constraint hits
[3F[J                                                                                
  126 cycles  |  98 cyc/s  |  10113108 ns/cyc
  0 constraint hits
[3F[J                                                                                
  126 cycles  |  98 cyc/s  |  10113108 ns/cyc
  0 constraint hits
[3F[J                                                                                
  126 cycles  |  98 cyc/s  |  10113108 ns/cyc
  0 constraint hits
[3F[J                                                                                
  126 cycles  |  98 cyc/s  |  10113108 ns/cyc
  0 constraint hits
[3F[J                                                                                
  126 cycles  |  98 cyc/s  |  10113108 ns/cyc
  0 constraint hits
[3F[J                                                                                
  126 cycles  |  98 cyc/s  |  10113108 ns/cyc
  0 constraint hits
[3F[J                                                                                
  126 cycles  |  98 cyc/s  |  10113108 ns/cyc
  0 constraint hits
[3F[J                                                                                
  126 cycles  |  98 cyc/s  |  10113108 ns/cyc
  0 constraint hits
[3F[J                                                                                
  126 cycles  |  98 cyc/s  |  10113108 ns/cyc
  0 constraint hits
[3F[J                                                                                
  126 cycles  |  98 cyc/s  |  10113108 ns/cyc
  0 constraint hits
[3F[J                                                                                
  126 cycles  |  98 cyc/s  |  10113108 ns/cyc
  0 constraint hits
[3F[J                                                                                
  126 cycles  |  98 cyc/s  |  10113108 ns/cyc
  0 constraint hits
[3F[J                                                                                
  126 cycles  |  98 cyc/s  |  10113108 ns/cyc
  0 constraint hits
[3F[J                                                                                
  126 cycles  |  98 cyc/s  |  10113108 ns/cyc
  0 constraint hits
[3F[J                                                                                
  126 cycles  |  98 cyc/s  |  10113108 ns/cyc
  0 constraint hits
[3F[J                                                                                
  126 cycles  |  98 cyc/s  |  10113108 ns/cyc
  0 constraint hits
[3F[J                                                                                
  126 cycles  |  98 cyc/s  |  10113108 ns/cyc
  0 constraint hits
[3F[J                                                                                
  126 cycles  |  98 cyc/s  |  10113108 ns/cyc
  0 constraint hits
[3F[J                                                                                
  126 cycles  |  98 cyc/s  |  10113108 ns/cyc
  0 constraint hits
[3F[J                                                                                
  148 cycles  |  96 cyc/s  |  10332784 ns/cyc
  0 constraint hits
[3F[J                                                                                
  148 cycles  |  96 cyc/s  |  10332784 ns/cyc
  0 constraint hits
[3F[J                                                                                
  148 cycles  |  96 cyc/s  |  10332784 ns/cyc
  0 constraint hits
[3F[J                                                                                
  148 cycles  |  96 cyc/s  |  10332784 ns/cyc
  0 constraint hits
[3F[J                                                                                
  148 cycles  |  96 cyc/s  |  10332784 ns/cyc
  0 constraint hits
[3F[J                                                                                
  148 cycles  |  96 cyc/s  |  10332784 ns/cyc
  0 constraint hits
[3F[J                                                                                
  148 cycles  |  96 cyc/s  |  10332784 ns/cyc
  0 constraint hits
[3F[J                                                                                
  148 cycles  |  96 cyc/s  |  10332784 ns/cyc
  0 constraint hits
[3F[J                                                                                
  148 cycles  |  96 cyc/s  |  10332784 ns/cyc
  0 constraint hits
[3F[J                                                                                
  148 cycles  |  96 cyc/s  |  10332784 ns/cyc
  0 constraint hits
[3F[J                                                                                
  148 cycles  |  96 cyc/s  |  10332784 ns/cyc
  0 constraint hits
[3F[J                                                                                
  148 cycles  |  96 cyc/s  |  10332784 ns/cyc
  0 constraint hits
[3F[J                                                                                
  148 cycles  |  96 cyc/s  |  10332784 ns/cyc
  0 constraint hits
[3F[J                                                                                
  148 cycles  |  96 cyc/s  |  10332784 ns/cyc
  0 constraint hits
[3F[J                                                                                
  148 cycles  |  96 cyc/s  |  10332784 ns/cyc
  0 constraint hits
[3F[J                                                                                
  148 cycles  |  96 cyc/s  |  10332784 ns/cyc
  0 constraint hits
[3F[J                                                                                
  148 cycles  |  96 cyc/s  |  10332784 ns/cyc
  0 constraint hits
[3F[J                                                                                
  148 cycles  |  96 cyc/s  |  10332784 ns/cyc
  0 constraint hits
[3F[J                                                                                
  148 cycles  |  96 cyc/s  |  10332784 ns/cyc
  0 constraint hits
[3F[J                                                                                
  148 cycles  |  96 cyc/s  |  10332784 ns/cyc
  0 constraint hits
[3F[J                                                                                
  148 cycles  |  96 cyc/s  |  10332784 ns/cyc
  0 constraint hits
[3F[J                                                                                
  148 cycles  |  96 cyc/s  |  10332784 ns/cyc
  0 constraint hits
[3F[J                                                                                
  170 cycles  |  95 cyc/s  |  10485478 ns/cyc
  0 constraint hits
[3F[J                                                                                
  170 cycles  |  95 cyc/s  |  10485478 ns/cyc
  0 constraint hits
[3F[J                                                                                
  170 cycles  |  95 cyc/s  |  10485478 ns/cyc
  0 constraint hits
[3F[J                                                                                
  170 cycles  |  95 cyc/s  |  10485478 ns/cyc
  0 constraint hits
[3F[J                                                                                
  170 cycles  |  95 cyc/s  |  10485478 ns/cyc
  0 constraint hits
[3F[J                                                                                
  170 cycles  |  95 cyc/s  |  10485478 ns/cyc
  0 constraint hits
[3F[J                                                                                
  170 cycles  |  95 cyc/s  |  10485478 ns/cyc
  0 constraint hits
[3F[J                                                                                
  170 cycles  |  95 cyc/s  |  10485478 ns/cyc
  0 constraint hits
[3F[J                                                                                
  170 cycles  |  95 cyc/s  |  10485478 ns/cyc
  0 constraint hits
[3F[J                                                                                
  170 cycles  |  95 cyc/s  |  10485478 ns/cyc
  0 constraint hits
[3F[J                                                                                
  170 cycles  |  95 cyc/s  |  10485478 ns/cyc
  0 constraint hits
[3F[J                                                                                
  170 cycles  |  95 cyc/s  |  10485478 ns/cyc
  0 constraint hits
[3F[J                                                                                
  170 cycles  |  95 cyc/s  |  10485478 ns/cyc
  0 constraint hits
[3F[J                                                                                
  170 cycles  |  95 cyc/s  |  10485478 ns/cyc
  0 constraint hits
[3F[J                                                                                
  170 cycles  |  95 cyc/s  |  10485478 ns/cyc
  0 constraint hits
[3F[J                                                                                
  170 cycles  |  95 cyc/s  |  10485478 ns/cyc
  0 constraint hits
[3F[J                                                                                
  170 cycles  |  95 cyc/s  |  10485478 ns/cyc
  0 constraint hits
[3F[J                                                                                
  170 cycles  |  95 cyc/s  |  10485478 ns/cyc
  0 constraint hits
[3F[J                                                                                
  170 cycles  |  95 cyc/s  |  10485478 ns/cyc
  0 constraint hits
[3F[J                                                                                
  170 cycles  |  95 cyc/s  |  10485478 ns/cyc
  0 constraint hits
[3F[J                                                                                
  170 cycles  |  95 cyc/s  |  10485478 ns/cyc
  0 constraint hits
[3F[J                                                                                
  170 cycles  |  95 cyc/s  |  10485478 ns/cyc
  0 constraint hits
[3F[J                                                                                
  192 cycles  |  94 cyc/s  |  10611387 ns/cyc
  0 constraint hits
[3F[J                                                                                
  192 cycles  |  94 cyc/s  |  10611387 ns/cyc
  0 constraint hits
[3F[J                                                                                
  192 cycles  |  94 cyc/s  |  10611387 ns/cyc
  0 constraint hits
[3F[J                                                                                
  192 cycles  |  94 cyc/s  |  10611387 ns/cyc
  0 constraint hits
[3F[J                                                                                
  192 cycles  |  94 cyc/s  |  10611387 ns/cyc
  0 constraint hits
[3F[J                                                                                
  192 cycles  |  94 cyc/s  |  10611387 ns/cyc
  0 constraint hits
[3F[J                                                                                
  192 cycles  |  94 cyc/s  |  10611387 ns/cyc
  0 constraint hits
[3F[J                                                                                
  192 cycles  |  94 cyc/s  |  10611387 ns/cyc
  0 constraint hits
[3F[J                                                                                
  192 cycles  |  94 cyc/s  |  10611387 ns/cyc
  0 constraint hits
[3F[J                                                                                
  192 cycles  |  94 cyc/s  |  10611387 ns/cyc
  0 constraint hits
[3F[J                                                                                
  192 cycles  |  94 cyc/s  |  10611387 ns/cyc
  0 constraint hits
[3F[J                                                                                
  192 cycles  |  94 cyc/s  |  10611387 ns/cyc
  0 constraint hits
[3F[J                                                                                
  192 cycles  |  94 cyc/s  |  10611387 ns/cyc
  0 constraint hits
[3F[J                                                                                
  192 cycles  |  94 cyc/s  |  10611387 ns/cyc
  0 constraint hits
[3F[J                                                                                
  192 cycles  |  94 cyc/s  |  10611387 ns/cyc
  0 constraint hits
[3F[J                                                                                
  192 cycles  |  94 cyc/s  |  10611387 ns/cyc
  0 constraint hits
[3F[J                                                                                
  192 cycles  |  94 cyc/s  |  10611387 ns/cyc
  0 constraint hits
[3F[J                                                                                
  192 cycles  |  94 cyc/s  |  10611387 ns/cyc
  0 constraint hits
[3F[J                                                                                
  192 cycles  |  94 cyc/s  |  10611387 ns/cyc
  0 constraint hits
[3F[J                                                                                
  192 cycles  |  94 cyc/s  |  10611387 ns/cyc
  0 constraint hits
[3F[J                                                                                
  192 cycles  |  94 cyc/s  |  10611387 ns/cyc
  0 constraint hits
[3F[J                                                                                
  192 cycles  |  94 cyc/s  |  10611387 ns/cyc
  0 constraint hits
[3F[J                                                                                
  214 cycles  |  93 cyc/s  |  10702996 ns/cyc
  0 constraint hits
[3F[J                                                                                
  214 cycles  |  93 cyc/s  |  10702996 ns/cyc
  0 constraint hits
[3F[J                                                                                
  214 cycles  |  93 cyc/s  |  10702996 ns/cyc
  0 constraint hits
[3F[J                                                                                
  214 cycles  |  93 cyc/s  |  10702996 ns/cyc
  0 constraint hits
[3F[J                                                                                
  214 cycles  |  93 cyc/s  |  10702996 ns/cyc
  0 constraint hits
[3F[J                                                                                
  214 cycles  |  93 cyc/s  |  10702996 ns/cyc
  0 constraint hits
[3F[J                                                                                
  214 cycles  |  93 cyc/s  |  10702996 ns/cyc
  0 constraint hits
[3F[J                                                                                
  214 cycles  |  93 cyc/s  |  10702996 ns/cyc
  0 constraint hits
[3F[J                                                                                
  214 cycles  |  93 cyc/s  |  10702996 ns/cyc
  0 constraint hits
[3F[J                                                                                
  214 cycles  |  93 cyc/s  |  10702996 ns/cyc
  0 constraint hits
[3F[J                                                                                
  214 cycles  |  93 cyc/s  |  10702996 ns/cyc
  0 constraint hits
[3F[J                                                                                
  214 cycles  |  93 cyc/s  |  10702996 ns/cyc
  0 constraint hits
[3F[J                                                                                
  214 cycles  |  93 cyc/s  |  10702996 ns/cyc
  0 constraint hits
[3F[J                                                                                
  214 cycles  |  93 cyc/s  |  10702996 ns/cyc
  0 constraint hits
[3F[J                                                                                
  214 cycles  |  93 cyc/s  |  10702996 ns/cyc
  0 constraint hits
[3F[J                                                                                
  214 cycles  |  93 cyc/s  |  10702996 ns/cyc
  0 constraint hits
[3F[J                                                                                
  214 cycles  |  93 cyc/s  |  10702996 ns/cyc
  0 constraint hits
[3F[J                                                                                
  214 cycles  |  93 cyc/s  |  10702996 ns/cyc
  0 constraint hits
[3F[J                                                                                
  214 cycles  |  93 cyc/s  |  10702996 ns/cyc
  0 constraint hits
[3F[J                                                                                
  214 cycles  |  93 cyc/s  |  10702996 ns/cyc
  0 constraint hits
[3F[J                                                                                
  214 cycles  |  93 cyc/s  |  10702996 ns/cyc
  0 constraint hits
[3F[J                                                                                
  214 cycles  |  93 cyc/s  |  10702996 ns/cyc
  0 constraint hits
[3F[J                                                                                
  236 cycles  |  92 cyc/s  |  10772982 ns/cyc
  0 constraint hits
[3F[J                                                                                
  236 cycles  |  92 cyc/s  |  10772982 ns/cyc
  0 constraint hits
[3F[J                                                                                
  236 cycles  |  92 cyc/s  |  10772982 ns/cyc
  0 constraint hits
[3F[J                                                                                
  236 cycles  |  92 cyc/s  |  10772982 ns/cyc
  0 constraint hits
[3F[J                                                                                
  236 cycles  |  92 cyc/s  |  10772982 ns/cyc
  0 constraint hits
[3F[J                                                                                
  236 cycles  |  92 cyc/s  |  10772982 ns/cyc
  0 constraint hits
[3F[J                                                                                
  236 cycles  |  92 cyc/s  |  10772982 ns/cyc
  0 constraint hits
[3F[J                                                                                
  236 cycles  |  92 cyc/s  |  10772982 ns/cyc
  0 constraint hits
[3F[J                                                                                
  236 cycles  |  92 cyc/s  |  10772982 ns/cyc
  0 constraint hits
[3F[J                                                                                
  236 cycles  |  92 cyc/s  |  10772982 ns/cyc
  0 constraint hits
[3F[J                                                                                
  236 cycles  |  92 cyc/s  |  10772982 ns/cyc
  0 constraint hits
[3F[J                                                                                
  236 cycles  |  92 cyc/s  |  10772982 ns/cyc
  0 constraint hits
[3F[J                                                                                
  236 cycles  |  92 cyc/s  |  10772982 ns/cyc
  0 constraint hits
[3F[J                                                                                
  236 cycles  |  92 cyc/s  |  10772982 ns/cyc
  0 constraint hits
[3F[J                                                                                
  236 cycles  |  92 cyc/s  |  10772982 ns/cyc
  0 constraint hits
[3F[J                                                                                
  236 cycles  |  92 cyc/s  |  10772982 ns/cyc
  0 constraint hits
[3F[J                                                                                
  236 cycles  |  92 cyc/s  |  10772982 ns/cyc
  0 constraint hits
[3F[J                                                                                
  236 cycles  |  92 cyc/s  |  10772982 ns/cyc
  0 constraint hits
[3F[J                                                                                
  236 cycles  |  92 cyc/s  |  10772982 ns/cyc
  0 constraint hits
[3F[J                                                                                
  236 cycles  |  92 cyc/s  |  10772982 ns/cyc
  0 constraint hits
[3F[J                                                                                
  236 cycles  |  92 cyc/s  |  10772982 ns/cyc
  0 constraint hits
[3F[J                                                                                
  236 cycles  |  92 cyc/s  |  10772982 ns/cyc
  0 constraint hits
[3F[J                                                                                
  258 cycles  |  92 cyc/s  |  10829548 ns/cyc
  0 constraint hits
[3F[J                                                                                
  258 cycles  |  92 cyc/s  |  10829548 ns/cyc
  0 constraint hits
[3F[J                                                                                
  258 cycles  |  92 cyc/s  |  10829548 ns/cyc
  0 constraint hits
[3F[J                                                                                
  258 cycles  |  92 cyc/s  |  10829548 ns/cyc
  0 constraint hits
[3F[J                                                                                
  258 cycles  |  92 cyc/s  |  10829548 ns/cyc
  0 constraint hits
[3F[J                                                                                
  258 cycles  |  92 cyc/s  |  10829548 ns/cyc
  0 constraint hits
[3F[J                                                                                
  258 cycles  |  92 cyc/s  |  10829548 ns/cyc
  0 constraint hits
[3F[J                                                                                
  258 cycles  |  92 cyc/s  |  10829548 ns/cyc
  0 constraint hits
[3F[J                                                                                
  258 cycles  |  92 cyc/s  |  10829548 ns/cyc
  0 constraint hits
[3F[J                                                                                
  258 cycles  |  92 cyc/s  |  10829548 ns/cyc
  0 constraint hits
[3F[J                                                                                
  258 cycles  |  92 cyc/s  |  10829548 ns/cyc
  0 constraint hits
[3F[J                                                                                
  258 cycles  |  92 cyc/s  |  10829548 ns/cyc
  0 constraint hits
[3F[J                                                                                
  258 cycles  |  92 cyc/s  |  10829548 ns/cyc
  0 constraint hits
[3F[J                                                                                
  258 cycles  |  92 cyc/s  |  10829548 ns/cyc
  0 constraint hits
[3F[J                                                                                
  258 cycles  |  92 cyc/s  |  10829548 ns/cyc
  0 constraint hits
[3F[J                                                                                
  258 cycles  |  92 cyc/s  |  10829548 ns/cyc
  0 constraint hits
[3F[J                                                                                
  258 cycles  |  92 cyc/s  |  10829548 ns/cyc
  0 constraint hits
[3F[J                                                                                
  258 cycles  |  92 cyc/s  |  10829548 ns/cyc
  0 constraint hits
[3F[J                                                                                
  258 cycles  |  92 cyc/s  |  10829548 ns/cyc
  0 constraint hits
[3F[J                                                                                
  258 cycles  |  92 cyc/s  |  10829548 ns/cyc
  0 constraint hits
[3F[J                                                                                
  258 cycles  |  92 cyc/s  |  10829548 ns/cyc
  0 constraint hits
[3F[J                                                                                
  258 cycles  |  92 cyc/s  |  10829548 ns/cyc
  0 constraint hits
[3F[J                                                                                
  280 cycles  |  91 cyc/s  |  10886679 ns/cyc
  0 constraint hits
[3F[J                                                                                
  280 cycles  |  91 cyc/s  |  10886679 ns/cyc
  0 constraint hits
[3F[J                                                                                
  280 cycles  |  91 cyc/s  |  10886679 ns/cyc
  0 constraint hits
[3F[J                                                                                
  280 cycles  |  91 cyc/s  |  10886679 ns/cyc
  0 constraint hits
[3F[J                                                                                
  280 cycles  |  91 cyc/s  |  10886679 ns/cyc
  0 constraint hits
[3F[J                                                                                
  280 cycles  |  91 cyc/s  |  10886679 ns/cyc
  0 constraint hits
[3F[J                                                                                
  280 cycles  |  91 cyc/s  |  10886679 ns/cyc
  0 constraint hits
[3F[J                                                                                
  280 cycles  |  91 cyc/s  |  10886679 ns/cyc
  0 constraint hits
[3F[J                                                                                
  280 cycles  |  91 cyc/s  |  10886679 ns/cyc
  0 constraint hits
[3F[J                                                                                
  280 cycles  |  91 cyc/s  |  10886679 ns/cyc
  0 constraint hits
[3F[J                                                                                
  280 cycles  |  91 cyc/s  |  10886679 ns/cyc
  0 constraint hits
[3F[J                                                                                
  280 cycles  |  91 cyc/s  |  10886679 ns/cyc
  0 constraint hits
[3F[J                                                                                
  280 cycles  |  91 cyc/s  |  10886679 ns/cyc
  0 constraint hits
[3F[J                                                                                
  280 cycles  |  91 cyc/s  |  10886679 ns/cyc
  0 constraint hits
[3F[J                                                                                
  280 cycles  |  91 cyc/s  |  10886679 ns/cyc
  0 constraint hits
[3F[J                                                                                
  280 cycles  |  91 cyc/s  |  10886679 ns/cyc
  0 constraint hits
[3F[J                                                                                
  280 cycles  |  91 cyc/s  |  10886679 ns/cyc
  0 constraint hits
[3F[J                                                                                
  280 cycles  |  91 cyc/s  |  10886679 ns/cyc
  0 constraint hits
[3F[J                                                                                
  280 cycles  |  91 cyc/s  |  10886679 ns/cyc
  0 constraint hits
[3F[J                                                                                
  280 cycles  |  91 cyc/s  |  10886679 ns/cyc
  0 constraint hits
[3F[J                                                                                
  280 cycles  |  91 cyc/s  |  10886679 ns/cyc
  0 constraint hits
[3F[J                                                                                
  280 cycles  |  91 cyc/s  |  10886679 ns/cyc
  0 constraint hits
[3F[J                                                                                
  302 cycles  |  91 cyc/s  |  10939748 ns/cyc
  0 constraint hits
[3F[J                                                                                
  302 cycles  |  91 cyc/s  |  10939748 ns/cyc
  0 constraint hits
[3F[J                                                                                
  302 cycles  |  91 cyc/s  |  10939748 ns/cyc
  0 constraint hits
[3F[J                                                                                
  302 cycles  |  91 cyc/s  |  10939748 ns/cyc
  0 constraint hits
[3F[J                                                                                
  302 cycles  |  91 cyc/s  |  10939748 ns/cyc
  0 constraint hits
[3F[J                                                                                
  302 cycles  |  91 cyc/s  |  10939748 ns/cyc
  0 constraint hits
[3F[J                                                                                
  302 cycles  |  91 cyc/s  |  10939748 ns/cyc
  0 constraint hits
[3F[J                                                                                
  302 cycles  |  91 cyc/s  |  10939748 ns/cyc
  0 constraint hits
[3F[J                                                                                
  302 cycles  |  91 cyc/s  |  10939748 ns/cyc
  0 constraint hits
[3F[J                                                                                
  302 cycles  |  91 cyc/s  |  10939748 ns/cyc
  0 constraint hits
[3F[J                                                                                
  302 cycles  |  91 cyc/s  |  10939748 ns/cyc
  0 constraint hits
[3F[J                                                                                
  302 cycles  |  91 cyc/s  |  10939748 ns/cyc
  0 constraint hits
[3F[J                                                                                
  302 cycles  |  91 cyc/s  |  10939748 ns/cyc
  0 constraint hits
[3F[J                                                                                
  302 cycles  |  91 cyc/s  |  10939748 ns/cyc
  0 constraint hits
[3F[J                                                                                
  302 cycles  |  91 cyc/s  |  10939748 ns/cyc
  0 constraint hits
[3F[J                                                                                
  302 cycles  |  91 cyc/s  |  10939748 ns/cyc
  0 constraint hits
[3F[J                                                                                
  302 cycles  |  91 cyc/s  |  10939748 ns/cyc
  0 constraint hits
[3F[J                                                                                
  302 cycles  |  91 cyc/s  |  10939748 ns/cyc
  0 constraint hits
[3F[J                                                                                
  302 cycles  |  91 cyc/s  |  10939748 ns/cyc
  0 constraint hits
[3F[J                                                                                
  302 cycles  |  91 cyc/s  |  10939748 ns/cyc
  0 constraint hits
[3F[J                                                                                
  302 cycles  |  91 cyc/s  |  10939748 ns/cyc
  0 constraint hits
[3F[J                                                                                
  302 cycles  |  91 cyc/s  |  10939748 ns/cyc
  0 constraint hits
[3F[J                                                                                
  324 cycles  |  91 cyc/s  |  10984623 ns/cyc
  0 constraint hits
[3F[J                                                                                
  324 cycles  |  91 cyc/s  |  10984623 ns/cyc
  0 constraint hits
[3F[J                                                                                
  324 cycles  |  91 cyc/s  |  10984623 ns/cyc
  0 constraint hits
[3F[J                                                                                
  324 cycles  |  91 cyc/s  |  10984623 ns/cyc
  0 constraint hits
[3F[J                                                                                
  324 cycles  |  91 cyc/s  |  10984623 ns/cyc
  0 constraint hits
[3F[J                                                                                
  324 cycles  |  91 cyc/s  |  10984623 ns/cyc
  0 constraint hits
[3F[J                                                                                
  324 cycles  |  91 cyc/s  |  10984623 ns/cyc
  0 constraint hits
[3F[J                                                                                
  324 cycles  |  91 cyc/s  |  10984623 ns/cyc
  0 constraint hits
[3F[J                                                                                
  324 cycles  |  91 cyc/s  |  10984623 ns/cyc
  0 constraint hits
[3F[J                                                                                
  324 cycles  |  91 cyc/s  |  10984623 ns/cyc
  0 constraint hits
[3F[J                                                                                
  324 cycles  |  91 cyc/s  |  10984623 ns/cyc
  0 constraint hits
[3F[J                                                                                
  324 cycles  |  91 cyc/s  |  10984623 ns/cyc
  0 constraint hits
[3F[J                                                                                
  324 cycles  |  91 cyc/s  |  10984623 ns/cyc
  0 constraint hits
[3F[J                                                                                
  324 cycles  |  91 cyc/s  |  10984623 ns/cyc
  0 constraint hits
[3F[J                                                                                
  324 cycles  |  91 cyc/s  |  10984623 ns/cyc
  0 constraint hits
[3F[J                                                                                
  324 cycles  |  91 cyc/s  |  10984623 ns/cyc
  0 constraint hits
[3F[J                                                                                
  324 cycles  |  91 cyc/s  |  10984623 ns/cyc
  0 constraint hits
[3F[J                                                                                
  324 cycles  |  91 cyc/s  |  10984623 ns/cyc
  0 constraint hits
[3F[J                                                                                
  324 cycles  |  91 cyc/s  |  10984623 ns/cyc
  0 constraint hits
[3F[J                                                                                
  324 cycles  |  91 cyc/s  |  10984623 ns/cyc
  0 constraint hits
[3F[J                                                                                
  324 cycles  |  91 cyc/s  |  10984623 ns/cyc
  0 constraint hits
[3F[J                                                                                
  324 cycles  |  91 cyc/s  |  10984623 ns/cyc
  0 constraint hits
[3F[J                                                                                
  346 cycles  |  90 cyc/s  |  11023105 ns/cyc
  0 constraint hits
[3F[J                                                                                
  346 cycles  |  90 cyc/s  |  11023105 ns/cyc
  0 constraint hits
[3F[J                                                                                
  346 cycles  |  90 cyc/s  |  11023105 ns/cyc
  0 constraint hits
[3F[J                                                                                
  346 cycles  |  90 cyc/s  |  11023105 ns/cyc
  0 constraint hits
[3F[J                                                                                
  346 cycles  |  90 cyc/s  |  11023105 ns/cyc
  0 constraint hits
[3F[J                                                                                
  346 cycles  |  90 cyc/s  |  11023105 ns/cyc
  0 constraint hits
[3F[J                                                                                
  346 cycles  |  90 cyc/s  |  11023105 ns/cyc
  0 constraint hits
[3F[J                                                                                
  346 cycles  |  90 cyc/s  |  11023105 ns/cyc
  0 constraint hits
[3F[J                                                                                
  346 cycles  |  90 cyc/s  |  11023105 ns/cyc
  0 constraint hits
[3F[J                                                                                
  346 cycles  |  90 cyc/s  |  11023105 ns/cyc
  0 constraint hits
[3F[J                                                                                
  346 cycles  |  90 cyc/s  |  11023105 ns/cyc
  0 constraint hits
[3F[J                                                                                
  346 cycles  |  90 cyc/s  |  11023105 ns/cyc
  0 constraint hits
[3F[J                                                                                
  346 cycles  |  90 cyc/s  |  11023105 ns/cyc
  0 constraint hits
[3F[J                                                                                
  346 cycles  |  90 cyc/s  |  11023105 ns/cyc
  0 constraint hits
[3F[J                                                                                
  346 cycles  |  90 cyc/s  |  11023105 ns/cyc
  0 constraint hits
[3F[J                                                                                
  346 cycles  |  90 cyc/s  |  11023105 ns/cyc
  0 constraint hits
[3F[J                                                                                
  346 cycles  |  90 cyc/s  |  11023105 ns/cyc
  0 constraint hits
[3F[J                                                                                
  346 cycles  |  90 cyc/s  |  11023105 ns/cyc
  0 constraint hits
[3F[J                                                                                
  346 cycles  |  90 cyc/s  |  11023105 ns/cyc
  0 constraint hits
[3F[J                                                                                
  346 cycles  |  90 cyc/s  |  11023105 ns/cyc
  0 constraint hits
[3F[J                                                                                
  346 cycles  |  90 cyc/s  |  11023105 ns/cyc
  0 constraint hits
[3F[J                                                                                
  346 cycles  |  90 cyc/s  |  11023105 ns/cyc
  0 constraint hits
[3F[J                                                                                
  368 cycles  |  90 cyc/s  |  11056516 ns/cyc
  0 constraint hits
[3F[J                                                                                
  368 cycles  |  90 cyc/s  |  11056516 ns/cyc
  0 constraint hits
[3F[J                                                                                
  368 cycles  |  90 cyc/s  |  11056516 ns/cyc
  0 constraint hits
[3F[J                                                                                
  368 cycles  |  90 cyc/s  |  11056516 ns/cyc
  0 constraint hits
[3F[J                                                                                
  368 cycles  |  90 cyc/s  |  11056516 ns/cyc
  0 constraint hits
[3F[J                                                                                
  368 cycles  |  90 cyc/s  |  11056516 ns/cyc
  0 constraint hits
[3F[J                                                                                
  368 cycles  |  90 cyc/s  |  11056516 ns/cyc
  0 constraint hits
[3F[J                                                                                
  368 cycles  |  90 cyc/s  |  11056516 ns/cyc
  0 constraint hits
[3F[J                                                                                
  368 cycles  |  90 cyc/s  |  11056516 ns/cyc
  0 constraint hits
[3F[J                                                                                
  368 cycles  |  90 cyc/s  |  11056516 ns/cyc
  0 constraint hits
[3F[J                                                                                
  368 cycles  |  90 cyc/s  |  11056516 ns/cyc
  0 constraint hits
[3F[J                                                                                
  368 cycles  |  90 cyc/s  |  11056516 ns/cyc
  0 constraint hits
[3F[J                                                                                
  368 cycles  |  90 cyc/s  |  11056516 ns/cyc
  0 constraint hits
[3F[J                                                                                
  368 cycles  |  90 cyc/s  |  11056516 ns/cyc
  0 constraint hits
[3F[J                                                                                
  368 cycles  |  90 cyc/s  |  11056516 ns/cyc
  0 constraint hits
[3F[J                                                                                
  368 cycles  |  90 cyc/s  |  11056516 ns/cyc
  0 constraint hits
[3F[J                                                                                
  368 cycles  |  90 cyc/s  |  11056516 ns/cyc
  0 constraint hits
[3F[J                                                                                
  368 cycles  |  90 cyc/s  |  11056516 ns/cyc
  0 constraint hits
[3F[J                                                                                
  368 cycles  |  90 cyc/s  |  11056516 ns/cyc
  0 constraint hits
[3F[J                                                                                
  368 cycles  |  90 cyc/s  |  11056516 ns/cyc
  0 constraint hits
[3F[J                                                                                
  368 cycles  |  90 cyc/s  |  11056516 ns/cyc
  0 constraint hits
[3F[J                                                                                
  368 cycles  |  90 cyc/s  |  11056516 ns/cyc
  0 constraint hits
[3F[J                                                                                
  390 cycles  |  90 cyc/s  |  11082966 ns/cyc
  0 constraint hits
[3F[J                                                                                
  390 cycles  |  90 cyc/s  |  11082966 ns/cyc
  0 constraint hits
[3F[J                                                                                
  390 cycles  |  90 cyc/s  |  11082966 ns/cyc
  0 constraint hits
[3F[J                                                                                
  390 cycles  |  90 cyc/s  |  11082966 ns/cyc
  0 constraint hits
[3F[J                                                                                
  390 cycles  |  90 cyc/s  |  11082966 ns/cyc
  0 constraint hits
[3F[J                                                                                
  390 cycles  |  90 cyc/s  |  11082966 ns/cyc
  0 constraint hits
[3F[J                                                                                
  390 cycles  |  90 cyc/s  |  11082966 ns/cyc
  0 constraint hits
[3F[J                                                                                
  390 cycles  |  90 cyc/s  |  11082966 ns/cyc
  0 constraint hits
[3F[J                                                                                
  390 cycles  |  90 cyc/s  |  11082966 ns/cyc
  0 constraint hits
[3F[J                                                                                
  390 cycles  |  90 cyc/s  |  11082966 ns/cyc
  0 constraint hits
[3F[J                                                                                
  390 cycles  |  90 cyc/s  |  11082966 ns/cyc
  0 constraint hits
[3F[J                                                                                
  390 cycles  |  90 cyc/s  |  11082966 ns/cyc
  0 constraint hits
[3F[J                                                                                
  390 cycles  |  90 cyc/s  |  11082966 ns/cyc
  0 constraint hits
[3F[J                                                                                
  390 cycles  |  90 cyc/s  |  11082966 ns/cyc
  0 constraint hits
[3F[J                                                                                
  390 cycles  |  90 cyc/s  |  11082966 ns/cyc
  0 constraint hits
[3F[J                                                                                
  390 cycles  |  90 cyc/s  |  11082966 ns/cyc
  0 constraint hits
[3F[J                                                                                
  390 cycles  |  90 cyc/s  |  11082966 ns/cyc
  0 constraint hits
[3F[J                                                                                
  390 cycles  |  90 cyc/s  |  11082966 ns/cyc
  0 constraint hits
[3F[J                                                                                
  390 cycles  |  90 cyc/s  |  11082966 ns/cyc
  0 constraint hits
[3F[J                                                                                
  390 cycles  |  90 cyc/s  |  11082966 ns/cyc
  0 constraint hits
[3F[J                                                                                
  390 cycles  |  90 cyc/s  |  11082966 ns/cyc
  0 constraint hits
[3F[J                                                                                
  390 cycles  |  90 cyc/s  |  11082966 ns/cyc
  0 constraint hits
[3F[J                                                                                
  412 cycles  |  90 cyc/s  |  11105198 ns/cyc
  0 constraint hits
[3F[J                                                                                
  412 cycles  |  90 cyc/s  |  11105198 ns/cyc
  0 constraint hits
[3F[J                                                                                
  412 cycles  |  90 cyc/s  |  11105198 ns/cyc
  0 constraint hits
[3F[J                                                                                
  412 cycles  |  90 cyc/s  |  11105198 ns/cyc
  0 constraint hits
[3F[J                                                                                
  412 cycles  |  90 cyc/s  |  11105198 ns/cyc
  0 constraint hits
[3F[J                                                                                
  412 cycles  |  90 cyc/s  |  11105198 ns/cyc
  0 constraint hits
[3F[J                                                                                
  412 cycles  |  90 cyc/s  |  11105198 ns/cyc
  0 constraint hits
[3F[J                                                                                
  412 cycles  |  90 cyc/s  |  11105198 ns/cyc
  0 constraint hits
[3F[J                                                                                
  412 cycles  |  90 cyc/s  |  11105198 ns/cyc
  0 constraint hits
[3F[J                                                                                
  412 cycles  |  90 cyc/s  |  11105198 ns/cyc
  0 constraint hits
[3F[J                                                                                
  412 cycles  |  90 cyc/s  |  11105198 ns/cyc
  0 constraint hits
[3F[J                                                                                
  412 cycles  |  90 cyc/s  |  11105198 ns/cyc
  0 constraint hits
[3F[J                                                                                
  412 cycles  |  90 cyc/s  |  11105198 ns/cyc
  0 constraint hits
[3F[J                                                                                
  412 cycles  |  90 cyc/s  |  11105198 ns/cyc
  0 constraint hits
[3F[J                                                                                
  412 cycles  |  90 cyc/s  |  11105198 ns/cyc
  0 constraint hits
[3F[J                                                                                
  412 cycles  |  90 cyc/s  |  11105198 ns/cyc
  0 constraint hits
[3F[J                                                                                
  412 cycles  |  90 cyc/s  |  11105198 ns/cyc
  0 constraint hits
[3F[J                                                                                
  412 cycles  |  90 cyc/s  |  11105198 ns/cyc
  0 constraint hits
[3F[J                                                                                
  412 cycles  |  90 cyc/s  |  11105198 ns/cyc
  0 constraint hits
[3F[J                                                                                
  412 cycles  |  90 cyc/s  |  11105198 ns/cyc
  0 constraint hits
[3F[J                                                                                
  412 cycles  |  90 cyc/s  |  11105198 ns/cyc
  0 constraint hits
[3F[J                                                                                
  412 cycles  |  90 cyc/s  |  11105198 ns/cyc
  0 constraint hits
[3F[J                                                                                
  434 cycles  |  89 cyc/s  |  11125652 ns/cyc
  0 constraint hits
[3F[J                                                                                
  434 cycles  |  89 cyc/s  |  11125652 ns/cyc
  0 constraint hits
[3F[J                                                                                
  434 cycles  |  89 cyc/s  |  11125652 ns/cyc
  0 constraint hits
[3F[J                                                                                
  434 cycles  |  89 cyc/s  |  11125652 ns/cyc
  0 constraint hits
[3F[J                                                                                
  434 cycles  |  89 cyc/s  |  11125652 ns/cyc
  0 constraint hits
[3F[J                                                                                
  434 cycles  |  89 cyc/s  |  11125652 ns/cyc
  0 constraint hits
[3F[J                                                                                
  434 cycles  |  89 cyc/s  |  11125652 ns/cyc
  0 constraint hits
[3F[J                                                                                
  434 cycles  |  89 cyc/s  |  11125652 ns/cyc
  0 constraint hits
[3F[J                                                                                
  434 cycles  |  89 cyc/s  |  11125652 ns/cyc
  0 constraint hits
[3F[J                                                                                
  434 cycles  |  89 cyc/s  |  11125652 ns/cyc
  0 constraint hits
[3F[J                                                                                
  434 cycles  |  89 cyc/s  |  11125652 ns/cyc
  0 constraint hits
[3F[J                                                                                
  434 cycles  |  89 cyc/s  |  11125652 ns/cyc
  0 constraint hits
[3F[J                                                                                
  434 cycles  |  89 cyc/s  |  11125652 ns/cyc
  0 constraint hits
[3F[J                                                                                
  434 cycles  |  89 cyc/s  |  11125652 ns/cyc
  0 constraint hits
[3F[J                                                                                
  434 cycles  |  89 cyc/s  |  11125652 ns/cyc
  0 constraint hits
[3F[J                                                                                
  434 cycles  |  89 cyc/s  |  11125652 ns/cyc
  0 constraint hits
[3F[J                                                                                
  434 cycles  |  89 cyc/s  |  11125652 ns/cyc
  0 constraint hits
[3F[J                                                                                
  434 cycles  |  89 cyc/s  |  11125652 ns/cyc
  0 constraint hits
[3F[J                                                                                
  434 cycles  |  89 cyc/s  |  11125652 ns/cyc
  0 constraint hits
[3F[J                                                                                
  434 cycles  |  89 cyc/s  |  11125652 ns/cyc
  0 constraint hits
[3F[J                                                                                
  434 cycles  |  89 cyc/s  |  11125652 ns/cyc
  0 constraint hits
[3F[J                                                                                
  434 cycles  |  89 cyc/s  |  11125652 ns/cyc
  0 constraint hits
[3F[J                                                                                
  456 cycles  |  89 cyc/s  |  11145489 ns/cyc
  0 constraint hits
[3F[J                                                                                
  456 cycles  |  89 cyc/s  |  11145489 ns/cyc
  0 constraint hits
[3F[J                                                                                
  456 cycles  |  89 cyc/s  |  11145489 ns/cyc
  0 constraint hits
[3F[J                                                                                
  456 cycles  |  89 cyc/s  |  11145489 ns/cyc
  0 constraint hits
[3F[J                                                                                
  456 cycles  |  89 cyc/s  |  11145489 ns/cyc
  0 constraint hits
[3F[J                                                                                
  456 cycles  |  89 cyc/s  |  11145489 ns/cyc
  0 constraint hits
[3F[J                                                                                
  456 cycles  |  89 cyc/s  |  11145489 ns/cyc
  0 constraint hits
[3F[J                                                                                
  456 cycles  |  89 cyc/s  |  11145489 ns/cyc
  0 constraint hits
[3F[J                                                                                
  456 cycles  |  89 cyc/s  |  11145489 ns/cyc
  0 constraint hits
[3F[J                                                                                
  456 cycles  |  89 cyc/s  |  11145489 ns/cyc
  0 constraint hits
[3F[J                                                                                
  456 cycles  |  89 cyc/s  |  11145489 ns/cyc
  0 constraint hits
[3F[J                                                                                
  456 cycles  |  89 cyc/s  |  11145489 ns/cyc
  0 constraint hits
[3F[J                                                                                
  456 cycles  |  89 cyc/s  |  11145489 ns/cyc
  0 constraint hits
[3F[J                                                                                
  456 cycles  |  89 cyc/s  |  11145489 ns/cyc
  0 constraint hits
[3F[J                                                                                
  456 cycles  |  89 cyc/s  |  11145489 ns/cyc
  0 constraint hits
[3F[J                                                                                
  456 cycles  |  89 cyc/s  |  11145489 ns/cyc
  0 constraint hits
[3F[J                                                                                
  456 cycles  |  89 cyc/s  |  11145489 ns/cyc
  0 constraint hits
[3F[J                                                                                
  456 cycles  |  89 cyc/s  |  11145489 ns/cyc
  0 constraint hits
[3F[J                                                                                
  456 cycles  |  89 cyc/s  |  11145489 ns/cyc
  0 constraint hits
[3F[J                                                                                
  456 cycles  |  89 cyc/s  |  11145489 ns/cyc
  0 constraint hits
[3F[J                                                                                
  456 cycles  |  89 cyc/s  |  11145489 ns/cyc
  0 constraint hits
[3F[J                                                                                
  456 cycles  |  89 cyc/s  |  11145489 ns/cyc
  0 constraint hits
[3F[J                                                                                
  478 cycles  |  89 cyc/s  |  11160336 ns/cyc
  0 constraint hits
[3F[J                                                                                
  478 cycles  |  89 cyc/s  |  11160336 ns/cyc
  0 constraint hits
[3F[J                                                                                
  478 cycles  |  89 cyc/s  |  11160336 ns/cyc
  0 constraint hits
[3F[J                                                                                
  478 cycles  |  89 cyc/s  |  11160336 ns/cyc
  0 constraint hits
[3F[J                                                                                
  478 cycles  |  89 cyc/s  |  11160336 ns/cyc
  0 constraint hits
[3F[J                                                                                
  478 cycles  |  89 cyc/s  |  11160336 ns/cyc
  0 constraint hits
[3F[J                                                                                
  478 cycles  |  89 cyc/s  |  11160336 ns/cyc
  0 constraint hits
[3F[J                                                                                
  478 cycles  |  89 cyc/s  |  11160336 ns/cyc
  0 constraint hits
[3F[J                                                                                
  478 cycles  |  89 cyc/s  |  11160336 ns/cyc
  0 constraint hits
[3F[J                                                                                
  478 cycles  |  89 cyc/s  |  11160336 ns/cyc
  0 constraint hits
[3F[J                                                                                
  478 cycles  |  89 cyc/s  |  11160336 ns/cyc
  0 constraint hits
[3F[J                                                                                
  478 cycles  |  89 cyc/s  |  11160336 ns/cyc
  0 constraint hits
[3F[J                                                                                
  478 cycles  |  89 cyc/s  |  11160336 ns/cyc
  0 constraint hits
[3F[J                                                                                
  478 cycles  |  89 cyc/s  |  11160336 ns/cyc
  0 constraint hits
[3F[J                                                                                
  478 cycles  |  89 cyc/s  |  11160336 ns/cyc
  0 constraint hits
[3F[J                                                                                
  478 cycles  |  89 cyc/s  |  11160336 ns/cyc
  0 constraint hits
[3F[J                                                                                
  478 cycles  |  89 cyc/s  |  11160336 ns/cyc
  0 constraint hits
[3F[J                                                                                
  478 cycles  |  89 cyc/s  |  11160336 ns/cyc
  0 constraint hits
[3F[J                                                                                
  478 cycles  |  89 cyc/s  |  11160336 ns/cyc
  0 constraint hits
[3F[J                                                                                
  478 cycles  |  89 cyc/s  |  11160336 ns/cyc
  0 constraint hits
[3F[J                                                                                
  478 cycles  |  89 cyc/s  |  11160336 ns/cyc
  0 constraint hits
[3F[J                                                                                
  478 cycles  |  89 cyc/s  |  11160336 ns/cyc
  0 constraint hits
[3F[J                                                                                
  500 cycles  |  89 cyc/s  |  11178378 ns/cyc
  0 constraint hits
[3F[J                                                                                
  500 cycles  |  89 cyc/s  |  11178378 ns/cyc
  0 constraint hits
[3F[J                                                                                
  500 cycles  |  89 cyc/s  |  11178378 ns/cyc
  0 constraint hits
[3F[J                                                                                
  500 cycles  |  89 cyc/s  |  11178378 ns/cyc
  0 constraint hits
[3F[J                                                                                
  500 cycles  |  89 cyc/s  |  11178378 ns/cyc
  0 constraint hits
[3F[J                                                                                
  500 cycles  |  89 cyc/s  |  11178378 ns/cyc
  0 constraint hits
[3F[J                                                                                
  500 cycles  |  89 cyc/s  |  11178378 ns/cyc
  0 constraint hits
[3F[J                                                                                
  500 cycles  |  89 cyc/s  |  11178378 ns/cyc
  0 constraint hits
[3F[J                                                                                
  500 cycles  |  89 cyc/s  |  11178378 ns/cyc
  0 constraint hits
[3F[J                                                                                
  500 cycles  |  89 cyc/s  |  11178378 ns/cyc
  0 constraint hits
[3F[J                                                                                
  500 cycles  |  89 cyc/s  |  11178378 ns/cyc
  0 constraint hits
[3F[J                                                                                
  500 cycles  |  89 cyc/s  |  11178378 ns/cyc
  0 constraint hits
[3F[J                                                                                
  500 cycles  |  89 cyc/s  |  11178378 ns/cyc
  0 constraint hits
[3F[J                                                                                
  500 cycles  |  89 cyc/s  |  11178378 ns/cyc
  0 constraint hits
[3F[J                                                                                
  500 cycles  |  89 cyc/s  |  11178378 ns/cyc
  0 constraint hits
[3F[J                                                                                
  500 cycles  |  89 cyc/s  |  11178378 ns/cyc
  0 constraint hits
[3F[J                                                                                
  500 cycles  |  89 cyc/s  |  11178378 ns/cyc
  0 constraint hits
[3F[J                                                                                
  500 cycles  |  89 cyc/s  |  11178378 ns/cyc
  0 constraint hits
[3F[J                                                                                
  500 cycles  |  89 cyc/s  |  11178378 ns/cyc
  0 constraint hits
[3F[J                                                                                
  500 cycles  |  89 cyc/s  |  11178378 ns/cyc
  0 constraint hits
[3F[J                                                                                
  500 cycles  |  89 cyc/s  |  11178378 ns/cyc
  0 constraint hits
[3F[J                                                                                
  500 cycles  |  89 cyc/s  |  11178378 ns/cyc
  0 constraint hits
[3F[J                                                                                
  522 cycles  |  89 cyc/s  |  11193804 ns/cyc
  0 constraint hits
[3F[J                                                                                
  522 cycles  |  89 cyc/s  |  11193804 ns/cyc
  0 constraint hits
[3F[J                                                                                
  522 cycles  |  89 cyc/s  |  11193804 ns/cyc
  0 constraint hits
[3F[J                                                                                
  522 cycles  |  89 cyc/s  |  11193804 ns/cyc
  0 constraint hits
[3F[J                                                                                
  522 cycles  |  89 cyc/s  |  11193804 ns/cyc
  0 constraint hits
[3F[J                                                                                
  522 cycles  |  89 cyc/s  |  11193804 ns/cyc
  0 constraint hits
[3F[J                                                                                
  522 cycles  |  89 cyc/s  |  11193804 ns/cyc
  0 constraint hits
[3F[J                                                                                
  522 cycles  |  89 cyc/s  |  11193804 ns/cyc
  0 constraint hits
[3F[J                                                                                
  522 cycles  |  89 cyc/s  |  11193804 ns/cyc
  0 constraint hits
[3F[J                                                                                
  522 cycles  |  89 cyc/s  |  11193804 ns/cyc
  0 constraint hits
[3F[J                                                                                
  522 cycles  |  89 cyc/s  |  11193804 ns/cyc
  0 constraint hits
[3F[J                                                                                
  522 cycles  |  89 cyc/s  |  11193804 ns/cyc
  0 constraint hits
[3F[J                                                                                
  522 cycles  |  89 cyc/s  |  11193804 ns/cyc
  0 constraint hits
[3F[J                                                                                
  522 cycles  |  89 cyc/s  |  11193804 ns/cyc
  0 constraint hits
[3F[J                                                                                
  522 cycles  |  89 cyc/s  |  11193804 ns/cyc
  0 constraint hits
[3F[J                                                                                
  522 cycles  |  89 cyc/s  |  11193804 ns/cyc
  0 constraint hits
[3F[J                                                                                
  522 cycles  |  89 cyc/s  |  11193804 ns/cyc
  0 constraint hits
[3F[J                                                                                
  522 cycles  |  89 cyc/s  |  11193804 ns/cyc
  0 constraint hits
[3F[J                                                                                
  522 cycles  |  89 cyc/s  |  11193804 ns/cyc
  0 constraint hits
[3F[J                                                                                
  522 cycles  |  89 cyc/s  |  11193804 ns/cyc
  0 constraint hits
[3F[J                                                                                
  522 cycles  |  89 cyc/s  |  11193804 ns/cyc
  0 constraint hits
[3F[J                                                                                
  522 cycles  |  89 cyc/s  |  11193804 ns/cyc
  0 constraint hits
[3F[J                                                                                
  544 cycles  |  89 cyc/s  |  11207914 ns/cyc
  0 constraint hits
[3F[J                                                                                
  544 cycles  |  89 cyc/s  |  11207914 ns/cyc
  0 constraint hits
[3F[J                                                                                
  544 cycles  |  89 cyc/s  |  11207914 ns/cyc
  0 constraint hits
[3F[J                                                                                
  544 cycles  |  89 cyc/s  |  11207914 ns/cyc
  0 constraint hits
[3F[J                                                                                
  544 cycles  |  89 cyc/s  |  11207914 ns/cyc
  0 constraint hits
[3F[J                                                                                
  544 cycles  |  89 cyc/s  |  11207914 ns/cyc
  0 constraint hits
[3F[J                                                                                
  544 cycles  |  89 cyc/s  |  11207914 ns/cyc
  0 constraint hits
[3F[J                                                                                
  544 cycles  |  89 cyc/s  |  11207914 ns/cyc
  0 constraint hits
[3F[J                                                                                
  544 cycles  |  89 cyc/s  |  11207914 ns/cyc
  0 constraint hits
[3F[J                                                                                
  544 cycles  |  89 cyc/s  |  11207914 ns/cyc
  0 constraint hits
[3F[J                                                                                
  544 cycles  |  89 cyc/s  |  11207914 ns/cyc
  0 constraint hits
[3F[J                                                                                
  544 cycles  |  89 cyc/s  |  11207914 ns/cyc
  0 constraint hits
[3F[J                                                                                
  544 cycles  |  89 cyc/s  |  11207914 ns/cyc
  0 constraint hits
[3F[J                                                                                
  544 cycles  |  89 cyc/s  |  11207914 ns/cyc
  0 constraint hits
[3F[J                                                                                
  544 cycles  |  89 cyc/s  |  11207914 ns/cyc
  0 constraint hits
[3F[J                                                                                
  544 cycles  |  89 cyc/s  |  11207914 ns/cyc
  0 constraint hits
[3F[J                                                                                
  544 cycles  |  89 cyc/s  |  11207914 ns/cyc
  0 constraint hits
[3F[J                                                                                
  544 cycles  |  89 cyc/s  |  11207914 ns/cyc
  0 constraint hits
[3F[J                                                                                
  544 cycles  |  89 cyc/s  |  11207914 ns/cyc
  0 constraint hits
[3F[J                                                                                
  544 cycles  |  89 cyc/s  |  11207914 ns/cyc
  0 constraint hits
[3F[J                                                                                
  544 cycles  |  89 cyc/s  |  11207914 ns/cyc
  0 constraint hits
[3F[J                                                                                
  544 cycles  |  89 cyc/s  |  11207914 ns/cyc
  0 constraint hits
[3F[J                                                                                
  566 cycles  |  89 cyc/s  |  11220148 ns/cyc
  0 constraint hits
[3F[J                                                                                
  566 cycles  |  89 cyc/s  |  11220148 ns/cyc
  0 constraint hits
[3F[J                                                                                
  566 cycles  |  89 cyc/s  |  11220148 ns/cyc
  0 constraint hits
[3F[J                                                                                
  566 cycles  |  89 cyc/s  |  11220148 ns/cyc
  0 constraint hits
[3F[J                                                                                
  566 cycles  |  89 cyc/s  |  11220148 ns/cyc
  0 constraint hits
[3F[J                                                                                
  566 cycles  |  89 cyc/s  |  11220148 ns/cyc
  0 constraint hits
[3F[J                                                                                
  566 cycles  |  89 cyc/s  |  11220148 ns/cyc
  0 constraint hits
[3F[J                                                                                
  566 cycles  |  89 cyc/s  |  11220148 ns/cyc
  0 constraint hits
[3F[J                                                                                
  566 cycles  |  89 cyc/s  |  11220148 ns/cyc
  0 constraint hits
[3F[J                                                                                
  566 cycles  |  89 cyc/s  |  11220148 ns/cyc
  0 constraint hits
[3F[J                                                                                
  566 cycles  |  89 cyc/s  |  11220148 ns/cyc
  0 constraint hits
[3F[J                                                                                
  566 cycles  |  89 cyc/s  |  11220148 ns/cyc
  0 constraint hits
[3F[J                                                                                
  566 cycles  |  89 cyc/s  |  11220148 ns/cyc
  0 constraint hits
[3F[J                                                                                
  566 cycles  |  89 cyc/s  |  11220148 ns/cyc
  0 constraint hits
[3F[J                                                                                
  566 cycles  |  89 cyc/s  |  11220148 ns/cyc
  0 constraint hits
[3F[J                                                                                
  566 cycles  |  89 cyc/s  |  11220148 ns/cyc
  0 constraint hits
[3F[J                                                                                
  566 cycles  |  89 cyc/s  |  11220148 ns/cyc
  0 constraint hits
[3F[J                                                                                
  566 cycles  |  89 cyc/s  |  11220148 ns/cyc
  0 constraint hits
[3F[J                                                                                
  566 cycles  |  89 cyc/s  |  11220148 ns/cyc
  0 constraint hits
[3F[J                                                                                
  566 cycles  |  89 cyc/s  |  11220148 ns/cyc
  0 constraint hits
[3F[J                                                                                
  566 cycles  |  89 cyc/s  |  11220148 ns/cyc
  0 constraint hits
[3F[J                                                                                
  566 cycles  |  89 cyc/s  |  11220148 ns/cyc
  0 constraint hits
[3F[J                                                                                
  588 cycles  |  89 cyc/s  |  11231570 ns/cyc
  0 constraint hits
[3F[J                                                                                
  588 cycles  |  89 cyc/s  |  11231570 ns/cyc
  0 constraint hits
[3F[J                                                                                
  588 cycles  |  89 cyc/s  |  11231570 ns/cyc
  0 constraint hits
[3F[J                                                                                
  588 cycles  |  89 cyc/s  |  11231570 ns/cyc
  0 constraint hits
[3F[J                                                                                
  588 cycles  |  89 cyc/s  |  11231570 ns/cyc
  0 constraint hits
[3F[J                                                                                
  588 cycles  |  89 cyc/s  |  11231570 ns/cyc
  0 constraint hits
[3F[J                                                                                
  588 cycles  |  89 cyc/s  |  11231570 ns/cyc
  0 constraint hits
[3F[J                                                                                
  588 cycles  |  89 cyc/s  |  11231570 ns/cyc
  0 constraint hits
[3F[J                                                                                
  588 cycles  |  89 cyc/s  |  11231570 ns/cyc
  0 constraint hits
[3F[J                                                                                
  588 cycles  |  89 cyc/s  |  11231570 ns/cyc
  0 constraint hits
[3F[J                                                                                
  588 cycles  |  89 cyc/s  |  11231570 ns/cyc
  0 constraint hits
[3F[J                                                                                
  588 cycles  |  89 cyc/s  |  11231570 ns/cyc
  0 constraint hits
[3F[J                                                                                
  588 cycles  |  89 cyc/s  |  11231570 ns/cyc
  0 constraint hits
[3F[J                                                                                
  588 cycles  |  89 cyc/s  |  11231570 ns/cyc
  0 constraint hits
[3F[J                                                                                
  588 cycles  |  89 cyc/s  |  11231570 ns/cyc
  0 constraint hits
[3F[J                                                                                
  588 cycles  |  89 cyc/s  |  11231570 ns/cyc
  0 constraint hits
[3F[J                                                                                
  588 cycles  |  89 cyc/s  |  11231570 ns/cyc
  0 constraint hits
[3F[J                                                                                
  588 cycles  |  89 cyc/s  |  11231570 ns/cyc
  0 constraint hits
[3F[J                                                                                
  588 cycles  |  89 cyc/s  |  11231570 ns/cyc
  0 constraint hits
[3F[J                                                                                
  588 cycles  |  89 cyc/s  |  11231570 ns/cyc
  0 constraint hits
[3F[J                                                                                
  588 cycles  |  89 cyc/s  |  11231570 ns/cyc
  0 constraint hits
[3F[J                                                                                
  588 cycles  |  89 cyc/s  |  11231570 ns/cyc
  0 constraint hits
[3F[J                                                                                
  610 cycles  |  88 cyc/s  |  11241302 ns/cyc
  0 constraint hits
[3F[J                                                                                
  610 cycles  |  88 cyc/s  |  11241302 ns/cyc
  0 constraint hits
[3F[J                                                                                
  610 cycles  |  88 cyc/s  |  11241302 ns/cyc
  0 constraint hits
[3F[J                                                                                
  610 cycles  |  88 cyc/s  |  11241302 ns/cyc
  0 constraint hits
[3F[J                                                                                
  610 cycles  |  88 cyc/s  |  11241302 ns/cyc
  0 constraint hits
[3F[J                                                                                
  610 cycles  |  88 cyc/s  |  11241302 ns/cyc
  0 constraint hits
[3F[J                                                                                
  610 cycles  |  88 cyc/s  |  11241302 ns/cyc
  0 constraint hits
[3F[J                                                                                
  610 cycles  |  88 cyc/s  |  11241302 ns/cyc
  0 constraint hits
[3F[J                                                                                
  610 cycles  |  88 cyc/s  |  11241302 ns/cyc
  0 constraint hits
[3F[J                                                                                
  610 cycles  |  88 cyc/s  |  11241302 ns/cyc
  0 constraint hits
[3F[J                                                                                
  610 cycles  |  88 cyc/s  |  11241302 ns/cyc
  0 constraint hits
[3F[J                                                                                
  610 cycles  |  88 cyc/s  |  11241302 ns/cyc
  0 constraint hits
[3F[J                                                                                
  610 cycles  |  88 cyc/s  |  11241302 ns/cyc
  0 constraint hits
[3F[J                                                                                
  610 cycles  |  88 cyc/s  |  11241302 ns/cyc
  0 constraint hits
[3F[J                                                                                
  610 cycles  |  88 cyc/s  |  11241302 ns/cyc
  0 constraint hits
[3F[J                                                                                
  610 cycles  |  88 cyc/s  |  11241302 ns/cyc
  0 constraint hits
[3F[J                                                                                
  610 cycles  |  88 cyc/s  |  11241302 ns/cyc
  0 constraint hits
[3F[J                                                                                
  610 cycles  |  88 cyc/s  |  11241302 ns/cyc
  0 constraint hits
[3F[J                                                                                
  610 cycles  |  88 cyc/s  |  11241302 ns/cyc
  0 constraint hits
[3F[J                                                                                
  610 cycles  |  88 cyc/s  |  11241302 ns/cyc
  0 constraint hits
[3F[J                                                                                
  610 cycles  |  88 cyc/s  |  11241302 ns/cyc
  0 constraint hits
[3F[J                                                                                
  610 cycles  |  88 cyc/s  |  11241302 ns/cyc
  0 constraint hits
[3F[J                                                                                
  632 cycles  |  88 cyc/s  |  11253147 ns/cyc
  0 constraint hits
[3F[J                                                                                
  632 cycles  |  88 cyc/s  |  11253147 ns/cyc
  0 constraint hits
[3F[J                                                                                
  632 cycles  |  88 cyc/s  |  11253147 ns/cyc
  0 constraint hits
[3F[J                                                                                
  632 cycles  |  88 cyc/s  |  11253147 ns/cyc
  0 constraint hits
[3F[J                                                                                
  632 cycles  |  88 cyc/s  |  11253147 ns/cyc
  0 constraint hits
[3F[J                                                                                
  632 cycles  |  88 cyc/s  |  11253147 ns/cyc
  0 constraint hits
[3F[J                                                                                
  632 cycles  |  88 cyc/s  |  11253147 ns/cyc
  0 constraint hits
[3F[J                                                                                
  632 cycles  |  88 cyc/s  |  11253147 ns/cyc
  0 constraint hits
[3F[J@@TIME_PROC_AVG COUNT:640 AVG_MS:11.261
@@TIME_THROUGHPUT COUNT:640 DURATION_S:7.207133 EVENTS_PER_S:88.801
                                                                                
  632 cycles  |  88 cyc/s  |  11253147 ns/cyc
  0 constraint hits
[3F[J                                                                                
  640 cycles  |  88 cyc/s  |  11259203 ns/cyc
  640 input events parsed in 0.000s  |  11259203 ns/event avg
  0 constraint hits total
  Breakdown:
   [#0]: 0
   [#1]: 0
   [#2]: 0
   [#3]: 0
   [#4]: 0
   [#5]: 0
   [#6]: 0
   [#7]: 0
   [#8]: 0
   [#9]: 0
   [#10]: 0
   [#11]: 0
   [#12]: 0
   [#13]: 0
@@MONITOR_END:2026-05-14T09:56:07.151330000Z
