[3F[J@@MONITOR_START:2026-05-14T10:08:44.430643000Z
                                                                                
  0 cycles
  0 constraint hits
[3F[J                                                                                
  0 cycles
  0 constraint hits
[3F[J                                                                                
  0 cycles
  0 constraint hits
[3F[J                                                                                
  0 cycles
  0 constraint hits
[3F[J                                                                                
  0 cycles
  0 constraint hits
[3F[J                                                                                
  0 cycles
  0 constraint hits
[3F[J                                                                                
  0 cycles
  0 constraint hits
[3F[J                                                                                
  0 cycles
  0 constraint hits
[3F[J                                                                                
  0 cycles
  0 constraint hits
[3F[J                                                                                
  0 cycles
  0 constraint hits
[3F[J                                                                                
  0 cycles
  0 constraint hits
[3F[J                                                                                
  0 cycles
  0 constraint hits
[3F[J                                                                                
  0 cycles
  0 constraint hits
[3F[J                                                                                
  0 cycles
  0 constraint hits
[3F[J                                                                                
  0 cycles
  0 constraint hits
[3F[J                                                                                
  0 cycles
  0 constraint hits
[3F[J                                                                                
  0 cycles
  0 constraint hits
[3F[J                                                                                
  0 cycles
  0 constraint hits
[3F[J                                                                                
  0 cycles
  0 constraint hits
[3F[J                                                                                
  0 cycles
  0 constraint hits
[3F[J                                                                                
  0 cycles
  0 constraint hits
[3F[J                                                                                
  0 cycles
  0 constraint hits
[3F[J                                                                                
  0 cycles
  0 constraint hits
[3F[J                                                                                
  0 cycles
  0 constraint hits
[3F[J                                                                                
  0 cycles
  0 constraint hits
[3F[J                                                                                
  0 cycles
  0 constraint hits
[3F[J                                                                                
  0 cycles
  0 constraint hits
[3F[J                                                                                
  0 cycles
  0 constraint hits
[3F[J                                                                                
  0 cycles
  0 constraint hits
[3F[J                                                                                
  0 cycles
  0 constraint hits
[3F[J                                                                                
  0 cycles
  0 constraint hits
[3F[J                                                                                
  0 cycles
  0 constraint hits
[3F[J                                                                                
  0 cycles
  0 constraint hits
[3F[J                                                                                
  0 cycles
  0 constraint hits
[3F[J                                                                                
  0 cycles
  0 constraint hits
[3F[J                                                                                
  0 cycles
  0 constraint hits
[3F[J                                                                                
  0 cycles
  0 constraint hits
[3F[J                                                                                
  0 cycles
  0 constraint hits
[3F[J                                                                                
  0 cycles
  0 constraint hits
[3F[J                                                                                
  0 cycles
  0 constraint hits
[3F[J                                                                                
  0 cycles
  0 constraint hits
[3F[J                                                                                
  0 cycles
  0 constraint hits
[3F[J                                                                                
  0 cycles
  0 constraint hits
[3F[J                                                                                
  0 cycles
  0 constraint hits
[3F[J                                                                                
  0 cycles
  0 constraint hits
[3F[J                                                                                
  0 cycles
  0 constraint hits
[3F[J                                                                                
  0 cycles
  0 constraint hits
[3F[J                                                                                
  0 cycles
  0 constraint hits
[3F[J                                                                                
  0 cycles
  0 constraint hits
[3F[J                                                                                
  0 cycles
  0 constraint hits
[3F[J                                                                                
  0 cycles
  0 constraint hits
[3F[J                                                                                
  52 cycles  |  206 cyc/s  |  4836938 ns/cyc
  0 constraint hits
[3F[J                                                                                
  52 cycles  |  206 cyc/s  |  4836938 ns/cyc
  0 constraint hits
[3F[J                                                                                
  52 cycles  |  206 cyc/s  |  4836938 ns/cyc
  0 constraint hits
[3F[J                                                                                
  52 cycles  |  206 cyc/s  |  4836938 ns/cyc
  0 constraint hits
[3F[J                                                                                
  52 cycles  |  206 cyc/s  |  4836938 ns/cyc
  0 constraint hits
[3F[J                                                                                
  52 cycles  |  206 cyc/s  |  4836938 ns/cyc
  0 constraint hits
[3F[J                                                                                
  52 cycles  |  206 cyc/s  |  4836938 ns/cyc
  0 constraint hits
[3F[J                                                                                
  52 cycles  |  206 cyc/s  |  4836938 ns/cyc
  0 constraint hits
[3F[J                                                                                
  52 cycles  |  206 cyc/s  |  4836938 ns/cyc
  0 constraint hits
[3F[J                                                                                
  52 cycles  |  206 cyc/s  |  4836938 ns/cyc
  0 constraint hits
[3F[J                                                                                
  52 cycles  |  206 cyc/s  |  4836938 ns/cyc
  0 constraint hits
[3F[J                                                                                
  52 cycles  |  206 cyc/s  |  4836938 ns/cyc
  0 constraint hits
[3F[J                                                                                
  52 cycles  |  206 cyc/s  |  4836938 ns/cyc
  0 constraint hits
[3F[J                                                                                
  52 cycles  |  206 cyc/s  |  4836938 ns/cyc
  0 constraint hits
[3F[J                                                                                
  52 cycles  |  206 cyc/s  |  4836938 ns/cyc
  0 constraint hits
[3F[J                                                                                
  52 cycles  |  206 cyc/s  |  4836938 ns/cyc
  0 constraint hits
[3F[J                                                                                
  52 cycles  |  206 cyc/s  |  4836938 ns/cyc
  0 constraint hits
[3F[J                                                                                
  52 cycles  |  206 cyc/s  |  4836938 ns/cyc
  0 constraint hits
[3F[J                                                                                
  52 cycles  |  206 cyc/s  |  4836938 ns/cyc
  0 constraint hits
[3F[J                                                                                
  52 cycles  |  206 cyc/s  |  4836938 ns/cyc
  0 constraint hits
[3F[J                                                                                
  52 cycles  |  206 cyc/s  |  4836938 ns/cyc
  0 constraint hits
[3F[J                                                                                
  52 cycles  |  206 cyc/s  |  4836938 ns/cyc
  0 constraint hits
[3F[J                                                                                
  52 cycles  |  206 cyc/s  |  4836938 ns/cyc
  0 constraint hits
[3F[J                                                                                
  52 cycles  |  206 cyc/s  |  4836938 ns/cyc
  0 constraint hits
[3F[J                                                                                
  52 cycles  |  206 cyc/s  |  4836938 ns/cyc
  0 constraint hits
[3F[J                                                                                
  52 cycles  |  206 cyc/s  |  4836938 ns/cyc
  0 constraint hits
[3F[J                                                                                
  52 cycles  |  206 cyc/s  |  4836938 ns/cyc
  0 constraint hits
[3F[J                                                                                
  52 cycles  |  206 cyc/s  |  4836938 ns/cyc
  0 constraint hits
[3F[J                                                                                
  52 cycles  |  206 cyc/s  |  4836938 ns/cyc
  0 constraint hits
[3F[J                                                                                
  52 cycles  |  206 cyc/s  |  4836938 ns/cyc
  0 constraint hits
[3F[J                                                                                
  52 cycles  |  206 cyc/s  |  4836938 ns/cyc
  0 constraint hits
[3F[J                                                                                
  52 cycles  |  206 cyc/s  |  4836938 ns/cyc
  0 constraint hits
[3F[J                                                                                
  52 cycles  |  206 cyc/s  |  4836938 ns/cyc
  0 constraint hits
[3F[J                                                                                
  52 cycles  |  206 cyc/s  |  4836938 ns/cyc
  0 constraint hits
[3F[J                                                                                
  52 cycles  |  206 cyc/s  |  4836938 ns/cyc
  0 constraint hits
[3F[J                                                                                
  52 cycles  |  206 cyc/s  |  4836938 ns/cyc
  0 constraint hits
[3F[J                                                                                
  52 cycles  |  206 cyc/s  |  4836938 ns/cyc
  0 constraint hits
[3F[J                                                                                
  52 cycles  |  206 cyc/s  |  4836938 ns/cyc
  0 constraint hits
[3F[J                                                                                
  52 cycles  |  206 cyc/s  |  4836938 ns/cyc
  0 constraint hits
[3F[J                                                                                
  91 cycles  |  179 cyc/s  |  5576320 ns/cyc
  0 constraint hits
[3F[J                                                                                
  91 cycles  |  179 cyc/s  |  5576320 ns/cyc
  0 constraint hits
[3F[J                                                                                
  91 cycles  |  179 cyc/s  |  5576320 ns/cyc
  0 constraint hits
[3F[J                                                                                
  91 cycles  |  179 cyc/s  |  5576320 ns/cyc
  0 constraint hits
[3F[J                                                                                
  91 cycles  |  179 cyc/s  |  5576320 ns/cyc
  0 constraint hits
[3F[J                                                                                
  91 cycles  |  179 cyc/s  |  5576320 ns/cyc
  0 constraint hits
[3F[J                                                                                
  91 cycles  |  179 cyc/s  |  5576320 ns/cyc
  0 constraint hits
[3F[J                                                                                
  91 cycles  |  179 cyc/s  |  5576320 ns/cyc
  0 constraint hits
[3F[J                                                                                
  91 cycles  |  179 cyc/s  |  5576320 ns/cyc
  0 constraint hits
[3F[J                                                                                
  91 cycles  |  179 cyc/s  |  5576320 ns/cyc
  0 constraint hits
[3F[J                                                                                
  91 cycles  |  179 cyc/s  |  5576320 ns/cyc
  0 constraint hits
[3F[J                                                                                
  91 cycles  |  179 cyc/s  |  5576320 ns/cyc
  0 constraint hits
[3F[J                                                                                
  91 cycles  |  179 cyc/s  |  5576320 ns/cyc
  0 constraint hits
[3F[J                                                                                
  91 cycles  |  179 cyc/s  |  5576320 ns/cyc
  0 constraint hits
[3F[J                                                                                
  91 cycles  |  179 cyc/s  |  5576320 ns/cyc
  0 constraint hits
[3F[J                                                                                
  91 cycles  |  179 cyc/s  |  5576320 ns/cyc
  0 constraint hits
[3F[J                                                                                
  91 cycles  |  179 cyc/s  |  5576320 ns/cyc
  0 constraint hits
[3F[J                                                                                
  91 cycles  |  179 cyc/s  |  5576320 ns/cyc
  0 constraint hits
[3F[J                                                                                
  91 cycles  |  179 cyc/s  |  5576320 ns/cyc
  0 constraint hits
[3F[J                                                                                
  91 cycles  |  179 cyc/s  |  5576320 ns/cyc
  0 constraint hits
[3F[J                                                                                
  91 cycles  |  179 cyc/s  |  5576320 ns/cyc
  0 constraint hits
[3F[J                                                                                
  91 cycles  |  179 cyc/s  |  5576320 ns/cyc
  0 constraint hits
[3F[J                                                                                
  91 cycles  |  179 cyc/s  |  5576320 ns/cyc
  0 constraint hits
[3F[J                                                                                
  91 cycles  |  179 cyc/s  |  5576320 ns/cyc
  0 constraint hits
[3F[J                                                                                
  91 cycles  |  179 cyc/s  |  5576320 ns/cyc
  0 constraint hits
[3F[J                                                                                
  91 cycles  |  179 cyc/s  |  5576320 ns/cyc
  0 constraint hits
[3F[J                                                                                
  91 cycles  |  179 cyc/s  |  5576320 ns/cyc
  0 constraint hits
[3F[J                                                                                
  91 cycles  |  179 cyc/s  |  5576320 ns/cyc
  0 constraint hits
[3F[J                                                                                
  91 cycles  |  179 cyc/s  |  5576320 ns/cyc
  0 constraint hits
[3F[J                                                                                
  91 cycles  |  179 cyc/s  |  5576320 ns/cyc
  0 constraint hits
[3F[J                                                                                
  91 cycles  |  179 cyc/s  |  5576320 ns/cyc
  0 constraint hits
[3F[J                                                                                
  91 cycles  |  179 cyc/s  |  5576320 ns/cyc
  0 constraint hits
[3F[J                                                                                
  91 cycles  |  179 cyc/s  |  5576320 ns/cyc
  0 constraint hits
[3F[J                                                                                
  91 cycles  |  179 cyc/s  |  5576320 ns/cyc
  0 constraint hits
[3F[J                                                                                
  91 cycles  |  179 cyc/s  |  5576320 ns/cyc
  0 constraint hits
[3F[J                                                                                
  91 cycles  |  179 cyc/s  |  5576320 ns/cyc
  0 constraint hits
[3F[J                                                                                
  91 cycles  |  179 cyc/s  |  5576320 ns/cyc
  0 constraint hits
[3F[J                                                                                
  91 cycles  |  179 cyc/s  |  5576320 ns/cyc
  0 constraint hits
[3F[J                                                                                
  129 cycles  |  170 cyc/s  |  5876392 ns/cyc
  0 constraint hits
[3F[J                                                                                
  129 cycles  |  170 cyc/s  |  5876392 ns/cyc
  0 constraint hits
[3F[J                                                                                
  129 cycles  |  170 cyc/s  |  5876392 ns/cyc
  0 constraint hits
[3F[J                                                                                
  129 cycles  |  170 cyc/s  |  5876392 ns/cyc
  0 constraint hits
[3F[J                                                                                
  129 cycles  |  170 cyc/s  |  5876392 ns/cyc
  0 constraint hits
[3F[J                                                                                
  129 cycles  |  170 cyc/s  |  5876392 ns/cyc
  0 constraint hits
[3F[J                                                                                
  129 cycles  |  170 cyc/s  |  5876392 ns/cyc
  0 constraint hits
[3F[J                                                                                
  129 cycles  |  170 cyc/s  |  5876392 ns/cyc
  0 constraint hits
[3F[J                                                                                
  129 cycles  |  170 cyc/s  |  5876392 ns/cyc
  0 constraint hits
[3F[J                                                                                
  129 cycles  |  170 cyc/s  |  5876392 ns/cyc
  0 constraint hits
[3F[J                                                                                
  129 cycles  |  170 cyc/s  |  5876392 ns/cyc
  0 constraint hits
[3F[J                                                                                
  129 cycles  |  170 cyc/s  |  5876392 ns/cyc
  0 constraint hits
[3F[J                                                                                
  129 cycles  |  170 cyc/s  |  5876392 ns/cyc
  0 constraint hits
[3F[J                                                                                
  129 cycles  |  170 cyc/s  |  5876392 ns/cyc
  0 constraint hits
[3F[J                                                                                
  129 cycles  |  170 cyc/s  |  5876392 ns/cyc
  0 constraint hits
[3F[J                                                                                
  129 cycles  |  170 cyc/s  |  5876392 ns/cyc
  0 constraint hits
[3F[J                                                                                
  129 cycles  |  170 cyc/s  |  5876392 ns/cyc
  0 constraint hits
[3F[J                                                                                
  129 cycles  |  170 cyc/s  |  5876392 ns/cyc
  0 constraint hits
[3F[J                                                                                
  129 cycles  |  170 cyc/s  |  5876392 ns/cyc
  0 constraint hits
[3F[J                                                                                
  129 cycles  |  170 cyc/s  |  5876392 ns/cyc
  0 constraint hits
[3F[J                                                                                
  129 cycles  |  170 cyc/s  |  5876392 ns/cyc
  0 constraint hits
[3F[J                                                                                
  129 cycles  |  170 cyc/s  |  5876392 ns/cyc
  0 constraint hits
[3F[J                                                                                
  129 cycles  |  170 cyc/s  |  5876392 ns/cyc
  0 constraint hits
[3F[J                                                                                
  129 cycles  |  170 cyc/s  |  5876392 ns/cyc
  0 constraint hits
[3F[J                                                                                
  129 cycles  |  170 cyc/s  |  5876392 ns/cyc
  0 constraint hits
[3F[J                                                                                
  129 cycles  |  170 cyc/s  |  5876392 ns/cyc
  0 constraint hits
[3F[J                                                                                
  129 cycles  |  170 cyc/s  |  5876392 ns/cyc
  0 constraint hits
[3F[J                                                                                
  129 cycles  |  170 cyc/s  |  5876392 ns/cyc
  0 constraint hits
[3F[J                                                                                
  129 cycles  |  170 cyc/s  |  5876392 ns/cyc
  0 constraint hits
[3F[J                                                                                
  129 cycles  |  170 cyc/s  |  5876392 ns/cyc
  0 constraint hits
[3F[J                                                                                
  129 cycles  |  170 cyc/s  |  5876392 ns/cyc
  0 constraint hits
[3F[J                                                                                
  129 cycles  |  170 cyc/s  |  5876392 ns/cyc
  0 constraint hits
[3F[J                                                                                
  129 cycles  |  170 cyc/s  |  5876392 ns/cyc
  0 constraint hits
[3F[J                                                                                
  129 cycles  |  170 cyc/s  |  5876392 ns/cyc
  0 constraint hits
[3F[J                                                                                
  129 cycles  |  170 cyc/s  |  5876392 ns/cyc
  0 constraint hits
[3F[J                                                                                
  129 cycles  |  170 cyc/s  |  5876392 ns/cyc
  0 constraint hits
[3F[J                                                                                
  129 cycles  |  170 cyc/s  |  5876392 ns/cyc
  0 constraint hits
[3F[J                                                                                
  129 cycles  |  170 cyc/s  |  5876392 ns/cyc
  0 constraint hits
[3F[J                                                                                
  167 cycles  |  165 cyc/s  |  6037436 ns/cyc
  0 constraint hits
[3F[J                                                                                
  167 cycles  |  165 cyc/s  |  6037436 ns/cyc
  0 constraint hits
[3F[J                                                                                
  167 cycles  |  165 cyc/s  |  6037436 ns/cyc
  0 constraint hits
[3F[J                                                                                
  167 cycles  |  165 cyc/s  |  6037436 ns/cyc
  0 constraint hits
[3F[J                                                                                
  167 cycles  |  165 cyc/s  |  6037436 ns/cyc
  0 constraint hits
[3F[J                                                                                
  167 cycles  |  165 cyc/s  |  6037436 ns/cyc
  0 constraint hits
[3F[J                                                                                
  167 cycles  |  165 cyc/s  |  6037436 ns/cyc
  0 constraint hits
[3F[J                                                                                
  167 cycles  |  165 cyc/s  |  6037436 ns/cyc
  0 constraint hits
[3F[J                                                                                
  167 cycles  |  165 cyc/s  |  6037436 ns/cyc
  0 constraint hits
[3F[J                                                                                
  167 cycles  |  165 cyc/s  |  6037436 ns/cyc
  0 constraint hits
[3F[J                                                                                
  167 cycles  |  165 cyc/s  |  6037436 ns/cyc
  0 constraint hits
[3F[J                                                                                
  167 cycles  |  165 cyc/s  |  6037436 ns/cyc
  0 constraint hits
[3F[J                                                                                
  167 cycles  |  165 cyc/s  |  6037436 ns/cyc
  0 constraint hits
[3F[J                                                                                
  167 cycles  |  165 cyc/s  |  6037436 ns/cyc
  0 constraint hits
[3F[J                                                                                
  167 cycles  |  165 cyc/s  |  6037436 ns/cyc
  0 constraint hits
[3F[J                                                                                
  167 cycles  |  165 cyc/s  |  6037436 ns/cyc
  0 constraint hits
[3F[J                                                                                
  167 cycles  |  165 cyc/s  |  6037436 ns/cyc
  0 constraint hits
[3F[J                                                                                
  167 cycles  |  165 cyc/s  |  6037436 ns/cyc
  0 constraint hits
[3F[J                                                                                
  167 cycles  |  165 cyc/s  |  6037436 ns/cyc
  0 constraint hits
[3F[J                                                                                
  167 cycles  |  165 cyc/s  |  6037436 ns/cyc
  0 constraint hits
[3F[J                                                                                
  167 cycles  |  165 cyc/s  |  6037436 ns/cyc
  0 constraint hits
[3F[J                                                                                
  167 cycles  |  165 cyc/s  |  6037436 ns/cyc
  0 constraint hits
[3F[J                                                                                
  167 cycles  |  165 cyc/s  |  6037436 ns/cyc
  0 constraint hits
[3F[J                                                                                
  167 cycles  |  165 cyc/s  |  6037436 ns/cyc
  0 constraint hits
[3F[J                                                                                
  167 cycles  |  165 cyc/s  |  6037436 ns/cyc
  0 constraint hits
[3F[J                                                                                
  167 cycles  |  165 cyc/s  |  6037436 ns/cyc
  0 constraint hits
[3F[J                                                                                
  167 cycles  |  165 cyc/s  |  6037436 ns/cyc
  0 constraint hits
[3F[J                                                                                
  167 cycles  |  165 cyc/s  |  6037436 ns/cyc
  0 constraint hits
[3F[J                                                                                
  167 cycles  |  165 cyc/s  |  6037436 ns/cyc
  0 constraint hits
[3F[J                                                                                
  167 cycles  |  165 cyc/s  |  6037436 ns/cyc
  0 constraint hits
[3F[J                                                                                
  167 cycles  |  165 cyc/s  |  6037436 ns/cyc
  0 constraint hits
[3F[J                                                                                
  167 cycles  |  165 cyc/s  |  6037436 ns/cyc
  0 constraint hits
[3F[J                                                                                
  167 cycles  |  165 cyc/s  |  6037436 ns/cyc
  0 constraint hits
[3F[J                                                                                
  167 cycles  |  165 cyc/s  |  6037436 ns/cyc
  0 constraint hits
[3F[J                                                                                
  167 cycles  |  165 cyc/s  |  6037436 ns/cyc
  0 constraint hits
[3F[J                                                                                
  167 cycles  |  165 cyc/s  |  6037436 ns/cyc
  0 constraint hits
[3F[J                                                                                
  167 cycles  |  165 cyc/s  |  6037436 ns/cyc
  0 constraint hits
[3F[J                                                                                
  167 cycles  |  165 cyc/s  |  6037436 ns/cyc
  0 constraint hits
[3F[J                                                                                
  167 cycles  |  165 cyc/s  |  6037436 ns/cyc
  0 constraint hits
[3F[J                                                                                
  206 cycles  |  162 cyc/s  |  6138269 ns/cyc
  0 constraint hits
[3F[J                                                                                
  206 cycles  |  162 cyc/s  |  6138269 ns/cyc
  0 constraint hits
[3F[J                                                                                
  206 cycles  |  162 cyc/s  |  6138269 ns/cyc
  0 constraint hits
[3F[J                                                                                
  206 cycles  |  162 cyc/s  |  6138269 ns/cyc
  0 constraint hits
[3F[J                                                                                
  206 cycles  |  162 cyc/s  |  6138269 ns/cyc
  0 constraint hits
[3F[J                                                                                
  206 cycles  |  162 cyc/s  |  6138269 ns/cyc
  0 constraint hits
[3F[J                                                                                
  206 cycles  |  162 cyc/s  |  6138269 ns/cyc
  0 constraint hits
[3F[J                                                                                
  206 cycles  |  162 cyc/s  |  6138269 ns/cyc
  0 constraint hits
[3F[J                                                                                
  206 cycles  |  162 cyc/s  |  6138269 ns/cyc
  0 constraint hits
[3F[J                                                                                
  206 cycles  |  162 cyc/s  |  6138269 ns/cyc
  0 constraint hits
[3F[J                                                                                
  206 cycles  |  162 cyc/s  |  6138269 ns/cyc
  0 constraint hits
[3F[J                                                                                
  206 cycles  |  162 cyc/s  |  6138269 ns/cyc
  0 constraint hits
[3F[J                                                                                
  206 cycles  |  162 cyc/s  |  6138269 ns/cyc
  0 constraint hits
[3F[J                                                                                
  206 cycles  |  162 cyc/s  |  6138269 ns/cyc
  0 constraint hits
[3F[J                                                                                
  206 cycles  |  162 cyc/s  |  6138269 ns/cyc
  0 constraint hits
[3F[J                                                                                
  206 cycles  |  162 cyc/s  |  6138269 ns/cyc
  0 constraint hits
[3F[J                                                                                
  206 cycles  |  162 cyc/s  |  6138269 ns/cyc
  0 constraint hits
[3F[J                                                                                
  206 cycles  |  162 cyc/s  |  6138269 ns/cyc
  0 constraint hits
[3F[J                                                                                
  206 cycles  |  162 cyc/s  |  6138269 ns/cyc
  0 constraint hits
[3F[J                                                                                
  206 cycles  |  162 cyc/s  |  6138269 ns/cyc
  0 constraint hits
[3F[J                                                                                
  206 cycles  |  162 cyc/s  |  6138269 ns/cyc
  0 constraint hits
[3F[J                                                                                
  206 cycles  |  162 cyc/s  |  6138269 ns/cyc
  0 constraint hits
[3F[J                                                                                
  206 cycles  |  162 cyc/s  |  6138269 ns/cyc
  0 constraint hits
[3F[J                                                                                
  206 cycles  |  162 cyc/s  |  6138269 ns/cyc
  0 constraint hits
[3F[J                                                                                
  206 cycles  |  162 cyc/s  |  6138269 ns/cyc
  0 constraint hits
[3F[J                                                                                
  206 cycles  |  162 cyc/s  |  6138269 ns/cyc
  0 constraint hits
[3F[J                                                                                
  206 cycles  |  162 cyc/s  |  6138269 ns/cyc
  0 constraint hits
[3F[J                                                                                
  206 cycles  |  162 cyc/s  |  6138269 ns/cyc
  0 constraint hits
[3F[J                                                                                
  206 cycles  |  162 cyc/s  |  6138269 ns/cyc
  0 constraint hits
[3F[J                                                                                
  206 cycles  |  162 cyc/s  |  6138269 ns/cyc
  0 constraint hits
[3F[J                                                                                
  206 cycles  |  162 cyc/s  |  6138269 ns/cyc
  0 constraint hits
[3F[J                                                                                
  206 cycles  |  162 cyc/s  |  6138269 ns/cyc
  0 constraint hits
[3F[J                                                                                
  206 cycles  |  162 cyc/s  |  6138269 ns/cyc
  0 constraint hits
[3F[J                                                                                
  206 cycles  |  162 cyc/s  |  6138269 ns/cyc
  0 constraint hits
[3F[J@@TIME_PROC_AVG COUNT:240 AVG_MS:6.202
@@TIME_THROUGHPUT COUNT:240 DURATION_S:1.488486 EVENTS_PER_S:161.238
                                                                                
  206 cycles  |  162 cyc/s  |  6138269 ns/cyc
  0 constraint hits
[3F[J                                                                                
  240 cycles  |  161 cyc/s  |  6199621 ns/cyc
  240 input events parsed in 0.000s  |  6199621 ns/event avg
  0 constraint hits total
  Breakdown:
   [#0]: 0
   [#1]: 0
   [#2]: 0
   [#3]: 0
   [#4]: 0
   [#5]: 0
   [#6]: 0
   [#7]: 0
@@MONITOR_END:2026-05-14T10:08:45.919351000Z
