@@MONITOR_START:2026-05-14T10:08:56.041953000Z
[3F[J                                                                                
  0 cycles
  0 constraint hits
[3F[J                                                                                
  0 cycles
  0 constraint hits
[3F[J                                                                                
  0 cycles
  0 constraint hits
[3F[J                                                                                
  0 cycles
  0 constraint hits
[3F[J                                                                                
  0 cycles
  0 constraint hits
[3F[J                                                                                
  0 cycles
  0 constraint hits
[3F[J                                                                                
  0 cycles
  0 constraint hits
[3F[J                                                                                
  0 cycles
  0 constraint hits
[3F[J                                                                                
  0 cycles
  0 constraint hits
[3F[J                                                                                
  0 cycles
  0 constraint hits
[3F[J                                                                                
  0 cycles
  0 constraint hits
[3F[J                                                                                
  0 cycles
  0 constraint hits
[3F[J                                                                                
  0 cycles
  0 constraint hits
[3F[J                                                                                
  0 cycles
  0 constraint hits
[3F[J                                                                                
  0 cycles
  0 constraint hits
[3F[J                                                                                
  0 cycles
  0 constraint hits
[3F[J                                                                                
  0 cycles
  0 constraint hits
[3F[J                                                                                
  0 cycles
  0 constraint hits
[3F[J                                                                                
  0 cycles
  0 constraint hits
[3F[J                                                                                
  0 cycles
  0 constraint hits
[3F[J                                                                                
  0 cycles
  0 constraint hits
[3F[J                                                                                
  0 cycles
  0 constraint hits
[3F[J                                                                                
  0 cycles
  0 constraint hits
[3F[J                                                                                
  0 cycles
  0 constraint hits
[3F[J                                                                                
  0 cycles
  0 constraint hits
[3F[J                                                                                
  0 cycles
  0 constraint hits
[3F[J                                                                                
  0 cycles
  0 constraint hits
[3F[J                                                                                
  0 cycles
  0 constraint hits
[3F[J                                                                                
  0 cycles
  0 constraint hits
[3F[J                                                                                
  0 cycles
  0 constraint hits
[3F[J                                                                                
  0 cycles
  0 constraint hits
[3F[J                                                                                
  0 cycles
  0 constraint hits
[3F[J                                                                                
  0 cycles
  0 constraint hits
[3F[J                                                                                
  0 cycles
  0 constraint hits
[3F[J                                                                                
  35 cycles  |  134 cyc/s  |  7453302 ns/cyc
  0 constraint hits
[3F[J                                                                                
  35 cycles  |  134 cyc/s  |  7453302 ns/cyc
  0 constraint hits
[3F[J                                                                                
  35 cycles  |  134 cyc/s  |  7453302 ns/cyc
  0 constraint hits
[3F[J                                                                                
  35 cycles  |  134 cyc/s  |  7453302 ns/cyc
  0 constraint hits
[3F[J                                                                                
  35 cycles  |  134 cyc/s  |  7453302 ns/cyc
  0 constraint hits
[3F[J                                                                                
  35 cycles  |  134 cyc/s  |  7453302 ns/cyc
  0 constraint hits
[3F[J                                                                                
  35 cycles  |  134 cyc/s  |  7453302 ns/cyc
  0 constraint hits
[3F[J                                                                                
  35 cycles  |  134 cyc/s  |  7453302 ns/cyc
  0 constraint hits
[3F[J                                                                                
  35 cycles  |  134 cyc/s  |  7453302 ns/cyc
  0 constraint hits
[3F[J                                                                                
  35 cycles  |  134 cyc/s  |  7453302 ns/cyc
  0 constraint hits
[3F[J                                                                                
  35 cycles  |  134 cyc/s  |  7453302 ns/cyc
  0 constraint hits
[3F[J                                                                                
  35 cycles  |  134 cyc/s  |  7453302 ns/cyc
  0 constraint hits
[3F[J                                                                                
  35 cycles  |  134 cyc/s  |  7453302 ns/cyc
  0 constraint hits
[3F[J                                                                                
  35 cycles  |  134 cyc/s  |  7453302 ns/cyc
  0 constraint hits
[3F[J                                                                                
  35 cycles  |  134 cyc/s  |  7453302 ns/cyc
  0 constraint hits
[3F[J                                                                                
  35 cycles  |  134 cyc/s  |  7453302 ns/cyc
  0 constraint hits
[3F[J                                                                                
  35 cycles  |  134 cyc/s  |  7453302 ns/cyc
  0 constraint hits
[3F[J                                                                                
  35 cycles  |  134 cyc/s  |  7453302 ns/cyc
  0 constraint hits
[3F[J                                                                                
  35 cycles  |  134 cyc/s  |  7453302 ns/cyc
  0 constraint hits
[3F[J                                                                                
  35 cycles  |  134 cyc/s  |  7453302 ns/cyc
  0 constraint hits
[3F[J                                                                                
  55 cycles  |  105 cyc/s  |  9488786 ns/cyc
  0 constraint hits
[3F[J                                                                                
  55 cycles  |  105 cyc/s  |  9488786 ns/cyc
  0 constraint hits
[3F[J                                                                                
  55 cycles  |  105 cyc/s  |  9488786 ns/cyc
  0 constraint hits
[3F[J                                                                                
  55 cycles  |  105 cyc/s  |  9488786 ns/cyc
  0 constraint hits
[3F[J                                                                                
  55 cycles  |  105 cyc/s  |  9488786 ns/cyc
  0 constraint hits
[3F[J                                                                                
  55 cycles  |  105 cyc/s  |  9488786 ns/cyc
  0 constraint hits
[3F[J                                                                                
  55 cycles  |  105 cyc/s  |  9488786 ns/cyc
  0 constraint hits
[3F[J                                                                                
  55 cycles  |  105 cyc/s  |  9488786 ns/cyc
  0 constraint hits
[3F[J                                                                                
  55 cycles  |  105 cyc/s  |  9488786 ns/cyc
  0 constraint hits
[3F[J                                                                                
  55 cycles  |  105 cyc/s  |  9488786 ns/cyc
  0 constraint hits
[3F[J                                                                                
  55 cycles  |  105 cyc/s  |  9488786 ns/cyc
  0 constraint hits
[3F[J                                                                                
  55 cycles  |  105 cyc/s  |  9488786 ns/cyc
  0 constraint hits
[3F[J                                                                                
  55 cycles  |  105 cyc/s  |  9488786 ns/cyc
  0 constraint hits
[3F[J                                                                                
  55 cycles  |  105 cyc/s  |  9488786 ns/cyc
  0 constraint hits
[3F[J                                                                                
  55 cycles  |  105 cyc/s  |  9488786 ns/cyc
  0 constraint hits
[3F[J                                                                                
  55 cycles  |  105 cyc/s  |  9488786 ns/cyc
  0 constraint hits
[3F[J                                                                                
  55 cycles  |  105 cyc/s  |  9488786 ns/cyc
  0 constraint hits
[3F[J                                                                                
  55 cycles  |  105 cyc/s  |  9488786 ns/cyc
  0 constraint hits
[3F[J                                                                                
  55 cycles  |  105 cyc/s  |  9488786 ns/cyc
  0 constraint hits
[3F[J                                                                                
  74 cycles  |  95 cyc/s  |  10453498 ns/cyc
  0 constraint hits
[3F[J                                                                                
  74 cycles  |  95 cyc/s  |  10453498 ns/cyc
  0 constraint hits
[3F[J                                                                                
  74 cycles  |  95 cyc/s  |  10453498 ns/cyc
  0 constraint hits
[3F[J                                                                                
  74 cycles  |  95 cyc/s  |  10453498 ns/cyc
  0 constraint hits
[3F[J                                                                                
  74 cycles  |  95 cyc/s  |  10453498 ns/cyc
  0 constraint hits
[3F[J                                                                                
  74 cycles  |  95 cyc/s  |  10453498 ns/cyc
  0 constraint hits
[3F[J                                                                                
  74 cycles  |  95 cyc/s  |  10453498 ns/cyc
  0 constraint hits
[3F[J                                                                                
  74 cycles  |  95 cyc/s  |  10453498 ns/cyc
  0 constraint hits
[3F[J                                                                                
  74 cycles  |  95 cyc/s  |  10453498 ns/cyc
  0 constraint hits
[3F[J                                                                                
  74 cycles  |  95 cyc/s  |  10453498 ns/cyc
  0 constraint hits
[3F[J                                                                                
  74 cycles  |  95 cyc/s  |  10453498 ns/cyc
  0 constraint hits
[3F[J                                                                                
  74 cycles  |  95 cyc/s  |  10453498 ns/cyc
  0 constraint hits
[3F[J                                                                                
  74 cycles  |  95 cyc/s  |  10453498 ns/cyc
  0 constraint hits
[3F[J                                                                                
  74 cycles  |  95 cyc/s  |  10453498 ns/cyc
  0 constraint hits
[3F[J                                                                                
  74 cycles  |  95 cyc/s  |  10453498 ns/cyc
  0 constraint hits
[3F[J                                                                                
  74 cycles  |  95 cyc/s  |  10453498 ns/cyc
  0 constraint hits
[3F[J                                                                                
  74 cycles  |  95 cyc/s  |  10453498 ns/cyc
  0 constraint hits
[3F[J                                                                                
  74 cycles  |  95 cyc/s  |  10453498 ns/cyc
  0 constraint hits
[3F[J                                                                                
  74 cycles  |  95 cyc/s  |  10453498 ns/cyc
  0 constraint hits
[3F[J                                                                                
  93 cycles  |  90 cyc/s  |  11022796 ns/cyc
  0 constraint hits
[3F[J                                                                                
  93 cycles  |  90 cyc/s  |  11022796 ns/cyc
  0 constraint hits
[3F[J                                                                                
  93 cycles  |  90 cyc/s  |  11022796 ns/cyc
  0 constraint hits
[3F[J                                                                                
  93 cycles  |  90 cyc/s  |  11022796 ns/cyc
  0 constraint hits
[3F[J                                                                                
  93 cycles  |  90 cyc/s  |  11022796 ns/cyc
  0 constraint hits
[3F[J                                                                                
  93 cycles  |  90 cyc/s  |  11022796 ns/cyc
  0 constraint hits
[3F[J                                                                                
  93 cycles  |  90 cyc/s  |  11022796 ns/cyc
  0 constraint hits
[3F[J                                                                                
  93 cycles  |  90 cyc/s  |  11022796 ns/cyc
  0 constraint hits
[3F[J                                                                                
  93 cycles  |  90 cyc/s  |  11022796 ns/cyc
  0 constraint hits
[3F[J                                                                                
  93 cycles  |  90 cyc/s  |  11022796 ns/cyc
  0 constraint hits
[3F[J                                                                                
  93 cycles  |  90 cyc/s  |  11022796 ns/cyc
  0 constraint hits
[3F[J                                                                                
  93 cycles  |  90 cyc/s  |  11022796 ns/cyc
  0 constraint hits
[3F[J                                                                                
  93 cycles  |  90 cyc/s  |  11022796 ns/cyc
  0 constraint hits
[3F[J                                                                                
  93 cycles  |  90 cyc/s  |  11022796 ns/cyc
  0 constraint hits
[3F[J                                                                                
  93 cycles  |  90 cyc/s  |  11022796 ns/cyc
  0 constraint hits
[3F[J                                                                                
  93 cycles  |  90 cyc/s  |  11022796 ns/cyc
  0 constraint hits
[3F[J                                                                                
  93 cycles  |  90 cyc/s  |  11022796 ns/cyc
  0 constraint hits
[3F[J                                                                                
  93 cycles  |  90 cyc/s  |  11022796 ns/cyc
  0 constraint hits
[3F[J                                                                                
  93 cycles  |  90 cyc/s  |  11022796 ns/cyc
  0 constraint hits
[3F[J                                                                                
  112 cycles  |  87 cyc/s  |  11416512 ns/cyc
  0 constraint hits
[3F[J                                                                                
  112 cycles  |  87 cyc/s  |  11416512 ns/cyc
  0 constraint hits
[3F[J                                                                                
  112 cycles  |  87 cyc/s  |  11416512 ns/cyc
  0 constraint hits
[3F[J                                                                                
  112 cycles  |  87 cyc/s  |  11416512 ns/cyc
  0 constraint hits
[3F[J                                                                                
  112 cycles  |  87 cyc/s  |  11416512 ns/cyc
  0 constraint hits
[3F[J                                                                                
  112 cycles  |  87 cyc/s  |  11416512 ns/cyc
  0 constraint hits
[3F[J                                                                                
  112 cycles  |  87 cyc/s  |  11416512 ns/cyc
  0 constraint hits
[3F[J                                                                                
  112 cycles  |  87 cyc/s  |  11416512 ns/cyc
  0 constraint hits
[3F[J                                                                                
  112 cycles  |  87 cyc/s  |  11416512 ns/cyc
  0 constraint hits
[3F[J                                                                                
  112 cycles  |  87 cyc/s  |  11416512 ns/cyc
  0 constraint hits
[3F[J                                                                                
  112 cycles  |  87 cyc/s  |  11416512 ns/cyc
  0 constraint hits
[3F[J                                                                                
  112 cycles  |  87 cyc/s  |  11416512 ns/cyc
  0 constraint hits
[3F[J                                                                                
  112 cycles  |  87 cyc/s  |  11416512 ns/cyc
  0 constraint hits
[3F[J                                                                                
  112 cycles  |  87 cyc/s  |  11416512 ns/cyc
  0 constraint hits
[3F[J                                                                                
  112 cycles  |  87 cyc/s  |  11416512 ns/cyc
  0 constraint hits
[3F[J                                                                                
  112 cycles  |  87 cyc/s  |  11416512 ns/cyc
  0 constraint hits
[3F[J                                                                                
  112 cycles  |  87 cyc/s  |  11416512 ns/cyc
  0 constraint hits
[3F[J                                                                                
  112 cycles  |  87 cyc/s  |  11416512 ns/cyc
  0 constraint hits
[3F[J                                                                                
  112 cycles  |  87 cyc/s  |  11416512 ns/cyc
  0 constraint hits
[3F[J                                                                                
  131 cycles  |  85 cyc/s  |  11680164 ns/cyc
  0 constraint hits
[3F[J                                                                                
  131 cycles  |  85 cyc/s  |  11680164 ns/cyc
  0 constraint hits
[3F[J                                                                                
  131 cycles  |  85 cyc/s  |  11680164 ns/cyc
  0 constraint hits
[3F[J                                                                                
  131 cycles  |  85 cyc/s  |  11680164 ns/cyc
  0 constraint hits
[3F[J                                                                                
  131 cycles  |  85 cyc/s  |  11680164 ns/cyc
  0 constraint hits
[3F[J                                                                                
  131 cycles  |  85 cyc/s  |  11680164 ns/cyc
  0 constraint hits
[3F[J                                                                                
  131 cycles  |  85 cyc/s  |  11680164 ns/cyc
  0 constraint hits
[3F[J                                                                                
  131 cycles  |  85 cyc/s  |  11680164 ns/cyc
  0 constraint hits
[3F[J                                                                                
  131 cycles  |  85 cyc/s  |  11680164 ns/cyc
  0 constraint hits
[3F[J                                                                                
  131 cycles  |  85 cyc/s  |  11680164 ns/cyc
  0 constraint hits
[3F[J                                                                                
  131 cycles  |  85 cyc/s  |  11680164 ns/cyc
  0 constraint hits
[3F[J                                                                                
  131 cycles  |  85 cyc/s  |  11680164 ns/cyc
  0 constraint hits
[3F[J                                                                                
  131 cycles  |  85 cyc/s  |  11680164 ns/cyc
  0 constraint hits
[3F[J                                                                                
  131 cycles  |  85 cyc/s  |  11680164 ns/cyc
  0 constraint hits
[3F[J                                                                                
  131 cycles  |  85 cyc/s  |  11680164 ns/cyc
  0 constraint hits
[3F[J                                                                                
  131 cycles  |  85 cyc/s  |  11680164 ns/cyc
  0 constraint hits
[3F[J                                                                                
  131 cycles  |  85 cyc/s  |  11680164 ns/cyc
  0 constraint hits
[3F[J                                                                                
  131 cycles  |  85 cyc/s  |  11680164 ns/cyc
  0 constraint hits
[3F[J                                                                                
  131 cycles  |  85 cyc/s  |  11680164 ns/cyc
  0 constraint hits
[3F[J                                                                                
  131 cycles  |  85 cyc/s  |  11680164 ns/cyc
  0 constraint hits
[3F[J                                                                                
  151 cycles  |  84 cyc/s  |  11855520 ns/cyc
  0 constraint hits
[3F[J                                                                                
  151 cycles  |  84 cyc/s  |  11855520 ns/cyc
  0 constraint hits
[3F[J                                                                                
  151 cycles  |  84 cyc/s  |  11855520 ns/cyc
  0 constraint hits
[3F[J                                                                                
  151 cycles  |  84 cyc/s  |  11855520 ns/cyc
  0 constraint hits
[3F[J                                                                                
  151 cycles  |  84 cyc/s  |  11855520 ns/cyc
  0 constraint hits
[3F[J                                                                                
  151 cycles  |  84 cyc/s  |  11855520 ns/cyc
  0 constraint hits
[3F[J                                                                                
  151 cycles  |  84 cyc/s  |  11855520 ns/cyc
  0 constraint hits
[3F[J                                                                                
  151 cycles  |  84 cyc/s  |  11855520 ns/cyc
  0 constraint hits
[3F[J                                                                                
  151 cycles  |  84 cyc/s  |  11855520 ns/cyc
  0 constraint hits
[3F[J                                                                                
  151 cycles  |  84 cyc/s  |  11855520 ns/cyc
  0 constraint hits
[3F[J                                                                                
  151 cycles  |  84 cyc/s  |  11855520 ns/cyc
  0 constraint hits
[3F[J                                                                                
  151 cycles  |  84 cyc/s  |  11855520 ns/cyc
  0 constraint hits
[3F[J                                                                                
  151 cycles  |  84 cyc/s  |  11855520 ns/cyc
  0 constraint hits
[3F[J                                                                                
  151 cycles  |  84 cyc/s  |  11855520 ns/cyc
  0 constraint hits
[3F[J                                                                                
  151 cycles  |  84 cyc/s  |  11855520 ns/cyc
  0 constraint hits
[3F[J                                                                                
  151 cycles  |  84 cyc/s  |  11855520 ns/cyc
  0 constraint hits
[3F[J                                                                                
  151 cycles  |  84 cyc/s  |  11855520 ns/cyc
  0 constraint hits
[3F[J                                                                                
  151 cycles  |  84 cyc/s  |  11855520 ns/cyc
  0 constraint hits
[3F[J                                                                                
  151 cycles  |  84 cyc/s  |  11855520 ns/cyc
  0 constraint hits
[3F[J                                                                                
  151 cycles  |  84 cyc/s  |  11855520 ns/cyc
  0 constraint hits
[3F[J                                                                                
  171 cycles  |  83 cyc/s  |  12000544 ns/cyc
  0 constraint hits
[3F[J                                                                                
  171 cycles  |  83 cyc/s  |  12000544 ns/cyc
  0 constraint hits
[3F[J                                                                                
  171 cycles  |  83 cyc/s  |  12000544 ns/cyc
  0 constraint hits
[3F[J                                                                                
  171 cycles  |  83 cyc/s  |  12000544 ns/cyc
  0 constraint hits
[3F[J                                                                                
  171 cycles  |  83 cyc/s  |  12000544 ns/cyc
  0 constraint hits
[3F[J                                                                                
  171 cycles  |  83 cyc/s  |  12000544 ns/cyc
  0 constraint hits
[3F[J                                                                                
  171 cycles  |  83 cyc/s  |  12000544 ns/cyc
  0 constraint hits
[3F[J                                                                                
  171 cycles  |  83 cyc/s  |  12000544 ns/cyc
  0 constraint hits
[3F[J                                                                                
  171 cycles  |  83 cyc/s  |  12000544 ns/cyc
  0 constraint hits
[3F[J                                                                                
  171 cycles  |  83 cyc/s  |  12000544 ns/cyc
  0 constraint hits
[3F[J                                                                                
  171 cycles  |  83 cyc/s  |  12000544 ns/cyc
  0 constraint hits
[3F[J                                                                                
  171 cycles  |  83 cyc/s  |  12000544 ns/cyc
  0 constraint hits
[3F[J                                                                                
  171 cycles  |  83 cyc/s  |  12000544 ns/cyc
  0 constraint hits
[3F[J                                                                                
  171 cycles  |  83 cyc/s  |  12000544 ns/cyc
  0 constraint hits
[3F[J                                                                                
  171 cycles  |  83 cyc/s  |  12000544 ns/cyc
  0 constraint hits
[3F[J                                                                                
  171 cycles  |  83 cyc/s  |  12000544 ns/cyc
  0 constraint hits
[3F[J                                                                                
  171 cycles  |  83 cyc/s  |  12000544 ns/cyc
  0 constraint hits
[3F[J                                                                                
  171 cycles  |  83 cyc/s  |  12000544 ns/cyc
  0 constraint hits
[3F[J                                                                                
  171 cycles  |  83 cyc/s  |  12000544 ns/cyc
  0 constraint hits
[3F[J                                                                                
  190 cycles  |  82 cyc/s  |  12122049 ns/cyc
  0 constraint hits
[3F[J                                                                                
  190 cycles  |  82 cyc/s  |  12122049 ns/cyc
  0 constraint hits
[3F[J                                                                                
  190 cycles  |  82 cyc/s  |  12122049 ns/cyc
  0 constraint hits
[3F[J                                                                                
  190 cycles  |  82 cyc/s  |  12122049 ns/cyc
  0 constraint hits
[3F[J                                                                                
  190 cycles  |  82 cyc/s  |  12122049 ns/cyc
  0 constraint hits
[3F[J                                                                                
  190 cycles  |  82 cyc/s  |  12122049 ns/cyc
  0 constraint hits
[3F[J                                                                                
  190 cycles  |  82 cyc/s  |  12122049 ns/cyc
  0 constraint hits
[3F[J                                                                                
  190 cycles  |  82 cyc/s  |  12122049 ns/cyc
  0 constraint hits
[3F[J                                                                                
  190 cycles  |  82 cyc/s  |  12122049 ns/cyc
  0 constraint hits
[3F[J                                                                                
  190 cycles  |  82 cyc/s  |  12122049 ns/cyc
  0 constraint hits
[3F[J                                                                                
  190 cycles  |  82 cyc/s  |  12122049 ns/cyc
  0 constraint hits
[3F[J                                                                                
  190 cycles  |  82 cyc/s  |  12122049 ns/cyc
  0 constraint hits
[3F[J                                                                                
  190 cycles  |  82 cyc/s  |  12122049 ns/cyc
  0 constraint hits
[3F[J                                                                                
  190 cycles  |  82 cyc/s  |  12122049 ns/cyc
  0 constraint hits
[3F[J                                                                                
  190 cycles  |  82 cyc/s  |  12122049 ns/cyc
  0 constraint hits
[3F[J                                                                                
  190 cycles  |  82 cyc/s  |  12122049 ns/cyc
  0 constraint hits
[3F[J                                                                                
  190 cycles  |  82 cyc/s  |  12122049 ns/cyc
  0 constraint hits
[3F[J                                                                                
  190 cycles  |  82 cyc/s  |  12122049 ns/cyc
  0 constraint hits
[3F[J                                                                                
  190 cycles  |  82 cyc/s  |  12122049 ns/cyc
  0 constraint hits
[3F[J                                                                                
  209 cycles  |  81 cyc/s  |  12221670 ns/cyc
  0 constraint hits
[3F[J                                                                                
  209 cycles  |  81 cyc/s  |  12221670 ns/cyc
  0 constraint hits
[3F[J                                                                                
  209 cycles  |  81 cyc/s  |  12221670 ns/cyc
  0 constraint hits
[3F[J                                                                                
  209 cycles  |  81 cyc/s  |  12221670 ns/cyc
  0 constraint hits
[3F[J                                                                                
  209 cycles  |  81 cyc/s  |  12221670 ns/cyc
  0 constraint hits
[3F[J                                                                                
  209 cycles  |  81 cyc/s  |  12221670 ns/cyc
  0 constraint hits
[3F[J                                                                                
  209 cycles  |  81 cyc/s  |  12221670 ns/cyc
  0 constraint hits
[3F[J                                                                                
  209 cycles  |  81 cyc/s  |  12221670 ns/cyc
  0 constraint hits
[3F[J                                                                                
  209 cycles  |  81 cyc/s  |  12221670 ns/cyc
  0 constraint hits
[3F[J                                                                                
  209 cycles  |  81 cyc/s  |  12221670 ns/cyc
  0 constraint hits
[3F[J                                                                                
  209 cycles  |  81 cyc/s  |  12221670 ns/cyc
  0 constraint hits
[3F[J                                                                                
  209 cycles  |  81 cyc/s  |  12221670 ns/cyc
  0 constraint hits
[3F[J                                                                                
  209 cycles  |  81 cyc/s  |  12221670 ns/cyc
  0 constraint hits
[3F[J                                                                                
  209 cycles  |  81 cyc/s  |  12221670 ns/cyc
  0 constraint hits
[3F[J                                                                                
  209 cycles  |  81 cyc/s  |  12221670 ns/cyc
  0 constraint hits
[3F[J                                                                                
  209 cycles  |  81 cyc/s  |  12221670 ns/cyc
  0 constraint hits
[3F[J                                                                                
  209 cycles  |  81 cyc/s  |  12221670 ns/cyc
  0 constraint hits
[3F[J                                                                                
  209 cycles  |  81 cyc/s  |  12221670 ns/cyc
  0 constraint hits
[3F[J                                                                                
  209 cycles  |  81 cyc/s  |  12221670 ns/cyc
  0 constraint hits
[3F[J                                                                                
  209 cycles  |  81 cyc/s  |  12221670 ns/cyc
  0 constraint hits
[3F[J                                                                                
  229 cycles  |  81 cyc/s  |  12300385 ns/cyc
  0 constraint hits
[3F[J                                                                                
  229 cycles  |  81 cyc/s  |  12300385 ns/cyc
  0 constraint hits
[3F[J                                                                                
  229 cycles  |  81 cyc/s  |  12300385 ns/cyc
  0 constraint hits
[3F[J                                                                                
  229 cycles  |  81 cyc/s  |  12300385 ns/cyc
  0 constraint hits
[3F[J                                                                                
  229 cycles  |  81 cyc/s  |  12300385 ns/cyc
  0 constraint hits
[3F[J                                                                                
  229 cycles  |  81 cyc/s  |  12300385 ns/cyc
  0 constraint hits
[3F[J                                                                                
  229 cycles  |  81 cyc/s  |  12300385 ns/cyc
  0 constraint hits
[3F[J                                                                                
  229 cycles  |  81 cyc/s  |  12300385 ns/cyc
  0 constraint hits
[3F[J                                                                                
  229 cycles  |  81 cyc/s  |  12300385 ns/cyc
  0 constraint hits
[3F[J                                                                                
  229 cycles  |  81 cyc/s  |  12300385 ns/cyc
  0 constraint hits
[3F[J                                                                                
  229 cycles  |  81 cyc/s  |  12300385 ns/cyc
  0 constraint hits
[3F[J@@TIME_PROC_AVG COUNT:240 AVG_MS:12.341
@@TIME_THROUGHPUT COUNT:240 DURATION_S:2.961984 EVENTS_PER_S:81.027
                                                                                
  229 cycles  |  81 cyc/s  |  12300385 ns/cyc
  0 constraint hits
[3F[J                                                                                
  240 cycles  |  81 cyc/s  |  12338843 ns/cyc
  240 input events parsed in 0.000s  |  12338843 ns/event avg
  0 constraint hits total
  Breakdown:
   [#0]: 0
   [#1]: 0
@@MONITOR_END:2026-05-14T10:08:59.004203000Z
   [#2]: 0
   [#3]: 0
   [#4]: 0
   [#5]: 0
   [#6]: 0
   [#7]: 0
   [#8]: 0
   [#9]: 0
   [#10]: 0
   [#11]: 0
   [#12]: 0
   [#13]: 0
   [#14]: 0
   [#15]: 0
