@@MONITOR_START:2026-05-14T09:55:13.204852000Z
                                                                                
  0 cycles
  0 constraint hits
                                                                                
  0 cycles
  0 constraint hits
                                                                                
  0 cycles
  0 constraint hits
                                                                                
  0 cycles
  0 constraint hits
                                                                                
  0 cycles
  0 constraint hits
                                                                                
  0 cycles
  0 constraint hits
                                                                                
  0 cycles
  0 constraint hits
                                                                                
  0 cycles
  0 constraint hits
                                                                                
  0 cycles
  0 constraint hits
                                                                                
  0 cycles
  0 constraint hits
                                                                                
  0 cycles
  0 constraint hits
                                                                                
  0 cycles
  0 constraint hits
                                                                                
  0 cycles
  0 constraint hits
                                                                                
  0 cycles
  0 constraint hits
                                                                                
  0 cycles
  0 constraint hits
                                                                                
  0 cycles
  0 constraint hits
                                                                                
  0 cycles
  0 constraint hits
                                                                                
  0 cycles
  0 constraint hits
                                                                                
  0 cycles
  0 constraint hits
                                                                                
  0 cycles
  0 constraint hits
                                                                                
  0 cycles
  0 constraint hits
                                                                                
  0 cycles
  0 constraint hits
                                                                                
  0 cycles
  0 constraint hits
                                                                                
  0 cycles
  0 constraint hits
                                                                                
  0 cycles
  0 constraint hits
                                                                                
  0 cycles
  0 constraint hits
                                                                                
  0 cycles
  0 constraint hits
                                                                                
  0 cycles
  0 constraint hits
                                                                                
  0 cycles
  0 constraint hits
                                                                                
  0 cycles
  0 constraint hits
                                                                                
  0 cycles
  0 constraint hits
                                                                                
  0 cycles
  0 constraint hits
                                                                                
  0 cycles
  0 constraint hits
                                                                                
  0 cycles
  0 constraint hits
                                                                                
  0 cycles
  0 constraint hits
                                                                                
  0 cycles
  0 constraint hits
                                                                                
  0 cycles
  0 constraint hits
                                                                                
  0 cycles
  0 constraint hits
                                                                                
  0 cycles
  0 constraint hits
                                                                                
  0 cycles
  0 constraint hits
                                                                                
  0 cycles
  0 constraint hits
                                                                                
  0 cycles
  0 constraint hits
                                                                                
  0 cycles
  0 constraint hits
                                                                                
  0 cycles
  0 constraint hits
                                                                                
  0 cycles
  0 constraint hits
                                                                                
  46 cycles  |  184 cyc/s  |  5434596 ns/cyc
  0 constraint hits
                                                                                
  46 cycles  |  184 cyc/s  |  5434596 ns/cyc
  0 constraint hits
                                                                                
  46 cycles  |  184 cyc/s  |  5434596 ns/cyc
  0 constraint hits
                                                                                
  46 cycles  |  184 cyc/s  |  5434596 ns/cyc
  0 constraint hits
                                                                                
  46 cycles  |  184 cyc/s  |  5434596 ns/cyc
  0 constraint hits
                                                                                
  46 cycles  |  184 cyc/s  |  5434596 ns/cyc
  0 constraint hits
                                                                                
  46 cycles  |  184 cyc/s  |  5434596 ns/cyc
  0 constraint hits
                                                                                
  46 cycles  |  184 cyc/s  |  5434596 ns/cyc
  0 constraint hits
                                                                                
  46 cycles  |  184 cyc/s  |  5434596 ns/cyc
  0 constraint hits
                                                                                
  46 cycles  |  184 cyc/s  |  5434596 ns/cyc
  0 constraint hits
                                                                                
  46 cycles  |  184 cyc/s  |  5434596 ns/cyc
  0 constraint hits
                                                                                
  46 cycles  |  184 cyc/s  |  5434596 ns/cyc
  0 constraint hits
                                                                                
  46 cycles  |  184 cyc/s  |  5434596 ns/cyc
  0 constraint hits
                                                                                
  46 cycles  |  184 cyc/s  |  5434596 ns/cyc
  0 constraint hits
                                                                                
  46 cycles  |  184 cyc/s  |  5434596 ns/cyc
  0 constraint hits
                                                                                
  46 cycles  |  184 cyc/s  |  5434596 ns/cyc
  0 constraint hits
                                                                                
  46 cycles  |  184 cyc/s  |  5434596 ns/cyc
  0 constraint hits
                                                                                
  46 cycles  |  184 cyc/s  |  5434596 ns/cyc
  0 constraint hits
                                                                                
  46 cycles  |  184 cyc/s  |  5434596 ns/cyc
  0 constraint hits
                                                                                
  46 cycles  |  184 cyc/s  |  5434596 ns/cyc
  0 constraint hits
                                                                                
  46 cycles  |  184 cyc/s  |  5434596 ns/cyc
  0 constraint hits
                                                                                
  46 cycles  |  184 cyc/s  |  5434596 ns/cyc
  0 constraint hits
                                                                                
  46 cycles  |  184 cyc/s  |  5434596 ns/cyc
  0 constraint hits
                                                                                
  46 cycles  |  184 cyc/s  |  5434596 ns/cyc
  0 constraint hits
                                                                                
  46 cycles  |  184 cyc/s  |  5434596 ns/cyc
  0 constraint hits
                                                                                
  46 cycles  |  184 cyc/s  |  5434596 ns/cyc
  0 constraint hits
                                                                                
  46 cycles  |  184 cyc/s  |  5434596 ns/cyc
  0 constraint hits
                                                                                
  46 cycles  |  184 cyc/s  |  5434596 ns/cyc
  0 constraint hits
                                                                                
  46 cycles  |  184 cyc/s  |  5434596 ns/cyc
  0 constraint hits
                                                                                
  46 cycles  |  184 cyc/s  |  5434596 ns/cyc
  0 constraint hits
                                                                                
  46 cycles  |  184 cyc/s  |  5434596 ns/cyc
  0 constraint hits
                                                                                
  77 cycles  |  153 cyc/s  |  6512901 ns/cyc
  0 constraint hits
                                                                                
  77 cycles  |  153 cyc/s  |  6512901 ns/cyc
  0 constraint hits
                                                                                
  77 cycles  |  153 cyc/s  |  6512901 ns/cyc
  0 constraint hits
                                                                                
  77 cycles  |  153 cyc/s  |  6512901 ns/cyc
  0 constraint hits
                                                                                
  77 cycles  |  153 cyc/s  |  6512901 ns/cyc
  0 constraint hits
                                                                                
  77 cycles  |  153 cyc/s  |  6512901 ns/cyc
  0 constraint hits
                                                                                
  77 cycles  |  153 cyc/s  |  6512901 ns/cyc
  0 constraint hits
                                                                                
  77 cycles  |  153 cyc/s  |  6512901 ns/cyc
  0 constraint hits
                                                                                
  77 cycles  |  153 cyc/s  |  6512901 ns/cyc
  0 constraint hits
                                                                                
  77 cycles  |  153 cyc/s  |  6512901 ns/cyc
  0 constraint hits
                                                                                
  77 cycles  |  153 cyc/s  |  6512901 ns/cyc
  0 constraint hits
                                                                                
  77 cycles  |  153 cyc/s  |  6512901 ns/cyc
  0 constraint hits
                                                                                
  77 cycles  |  153 cyc/s  |  6512901 ns/cyc
  0 constraint hits
                                                                                
  77 cycles  |  153 cyc/s  |  6512901 ns/cyc
  0 constraint hits
                                                                                
  77 cycles  |  153 cyc/s  |  6512901 ns/cyc
  0 constraint hits
                                                                                
  77 cycles  |  153 cyc/s  |  6512901 ns/cyc
  0 constraint hits
                                                                                
  77 cycles  |  153 cyc/s  |  6512901 ns/cyc
  0 constraint hits
                                                                                
  77 cycles  |  153 cyc/s  |  6512901 ns/cyc
  0 constraint hits
                                                                                
  77 cycles  |  153 cyc/s  |  6512901 ns/cyc
  0 constraint hits
                                                                                
  77 cycles  |  153 cyc/s  |  6512901 ns/cyc
  0 constraint hits
                                                                                
  77 cycles  |  153 cyc/s  |  6512901 ns/cyc
  0 constraint hits
                                                                                
  77 cycles  |  153 cyc/s  |  6512901 ns/cyc
  0 constraint hits
                                                                                
  77 cycles  |  153 cyc/s  |  6512901 ns/cyc
  0 constraint hits
                                                                                
  77 cycles  |  153 cyc/s  |  6512901 ns/cyc
  0 constraint hits
                                                                                
  77 cycles  |  153 cyc/s  |  6512901 ns/cyc
  0 constraint hits
                                                                                
  77 cycles  |  153 cyc/s  |  6512901 ns/cyc
  0 constraint hits
                                                                                
  77 cycles  |  153 cyc/s  |  6512901 ns/cyc
  0 constraint hits
                                                                                
  77 cycles  |  153 cyc/s  |  6512901 ns/cyc
  0 constraint hits
                                                                                
  77 cycles  |  153 cyc/s  |  6512901 ns/cyc
  0 constraint hits
                                                                                
  77 cycles  |  153 cyc/s  |  6512901 ns/cyc
  0 constraint hits
                                                                                
  77 cycles  |  153 cyc/s  |  6512901 ns/cyc
  0 constraint hits
                                                                                
  108 cycles  |  143 cyc/s  |  6983283 ns/cyc
  0 constraint hits
                                                                                
  108 cycles  |  143 cyc/s  |  6983283 ns/cyc
  0 constraint hits
                                                                                
  108 cycles  |  143 cyc/s  |  6983283 ns/cyc
  0 constraint hits
                                                                                
  108 cycles  |  143 cyc/s  |  6983283 ns/cyc
  0 constraint hits
                                                                                
  108 cycles  |  143 cyc/s  |  6983283 ns/cyc
  0 constraint hits
                                                                                
  108 cycles  |  143 cyc/s  |  6983283 ns/cyc
  0 constraint hits
                                                                                
  108 cycles  |  143 cyc/s  |  6983283 ns/cyc
  0 constraint hits
                                                                                
  108 cycles  |  143 cyc/s  |  6983283 ns/cyc
  0 constraint hits
                                                                                
  108 cycles  |  143 cyc/s  |  6983283 ns/cyc
  0 constraint hits
                                                                                
  108 cycles  |  143 cyc/s  |  6983283 ns/cyc
  0 constraint hits
                                                                                
  108 cycles  |  143 cyc/s  |  6983283 ns/cyc
  0 constraint hits
                                                                                
  108 cycles  |  143 cyc/s  |  6983283 ns/cyc
  0 constraint hits
                                                                                
  108 cycles  |  143 cyc/s  |  6983283 ns/cyc
  0 constraint hits
                                                                                
  108 cycles  |  143 cyc/s  |  6983283 ns/cyc
  0 constraint hits
                                                                                
  108 cycles  |  143 cyc/s  |  6983283 ns/cyc
  0 constraint hits
                                                                                
  108 cycles  |  143 cyc/s  |  6983283 ns/cyc
  0 constraint hits
                                                                                
  108 cycles  |  143 cyc/s  |  6983283 ns/cyc
  0 constraint hits
                                                                                
  108 cycles  |  143 cyc/s  |  6983283 ns/cyc
  0 constraint hits
                                                                                
  108 cycles  |  143 cyc/s  |  6983283 ns/cyc
  0 constraint hits
                                                                                
  108 cycles  |  143 cyc/s  |  6983283 ns/cyc
  0 constraint hits
                                                                                
  108 cycles  |  143 cyc/s  |  6983283 ns/cyc
  0 constraint hits
                                                                                
  108 cycles  |  143 cyc/s  |  6983283 ns/cyc
  0 constraint hits
                                                                                
  108 cycles  |  143 cyc/s  |  6983283 ns/cyc
  0 constraint hits
                                                                                
  108 cycles  |  143 cyc/s  |  6983283 ns/cyc
  0 constraint hits
                                                                                
  108 cycles  |  143 cyc/s  |  6983283 ns/cyc
  0 constraint hits
                                                                                
  108 cycles  |  143 cyc/s  |  6983283 ns/cyc
  0 constraint hits
                                                                                
  108 cycles  |  143 cyc/s  |  6983283 ns/cyc
  0 constraint hits
                                                                                
  108 cycles  |  143 cyc/s  |  6983283 ns/cyc
  0 constraint hits
                                                                                
  108 cycles  |  143 cyc/s  |  6983283 ns/cyc
  0 constraint hits
                                                                                
  108 cycles  |  143 cyc/s  |  6983283 ns/cyc
  0 constraint hits
                                                                                
  108 cycles  |  143 cyc/s  |  6983283 ns/cyc
  0 constraint hits
                                                                                
  139 cycles  |  137 cyc/s  |  7254638 ns/cyc
  0 constraint hits
                                                                                
  139 cycles  |  137 cyc/s  |  7254638 ns/cyc
  0 constraint hits
                                                                                
  139 cycles  |  137 cyc/s  |  7254638 ns/cyc
  0 constraint hits
                                                                                
  139 cycles  |  137 cyc/s  |  7254638 ns/cyc
  0 constraint hits
                                                                                
  139 cycles  |  137 cyc/s  |  7254638 ns/cyc
  0 constraint hits
                                                                                
  139 cycles  |  137 cyc/s  |  7254638 ns/cyc
  0 constraint hits
                                                                                
  139 cycles  |  137 cyc/s  |  7254638 ns/cyc
  0 constraint hits
                                                                                
  139 cycles  |  137 cyc/s  |  7254638 ns/cyc
  0 constraint hits
                                                                                
  139 cycles  |  137 cyc/s  |  7254638 ns/cyc
  0 constraint hits
                                                                                
  139 cycles  |  137 cyc/s  |  7254638 ns/cyc
  0 constraint hits
                                                                                
  139 cycles  |  137 cyc/s  |  7254638 ns/cyc
  0 constraint hits
                                                                                
  139 cycles  |  137 cyc/s  |  7254638 ns/cyc
  0 constraint hits
                                                                                
  139 cycles  |  137 cyc/s  |  7254638 ns/cyc
  0 constraint hits
                                                                                
  139 cycles  |  137 cyc/s  |  7254638 ns/cyc
  0 constraint hits
                                                                                
  139 cycles  |  137 cyc/s  |  7254638 ns/cyc
  0 constraint hits
                                                                                
  139 cycles  |  137 cyc/s  |  7254638 ns/cyc
  0 constraint hits
                                                                                
  139 cycles  |  137 cyc/s  |  7254638 ns/cyc
  0 constraint hits
                                                                                
  139 cycles  |  137 cyc/s  |  7254638 ns/cyc
  0 constraint hits
                                                                                
  139 cycles  |  137 cyc/s  |  7254638 ns/cyc
  0 constraint hits
                                                                                
  139 cycles  |  137 cyc/s  |  7254638 ns/cyc
  0 constraint hits
                                                                                
  139 cycles  |  137 cyc/s  |  7254638 ns/cyc
  0 constraint hits
                                                                                
  139 cycles  |  137 cyc/s  |  7254638 ns/cyc
  0 constraint hits
                                                                                
  139 cycles  |  137 cyc/s  |  7254638 ns/cyc
  0 constraint hits
                                                                                
  139 cycles  |  137 cyc/s  |  7254638 ns/cyc
  0 constraint hits
                                                                                
  139 cycles  |  137 cyc/s  |  7254638 ns/cyc
  0 constraint hits
                                                                                
  139 cycles  |  137 cyc/s  |  7254638 ns/cyc
  0 constraint hits
                                                                                
  139 cycles  |  137 cyc/s  |  7254638 ns/cyc
  0 constraint hits
                                                                                
  139 cycles  |  137 cyc/s  |  7254638 ns/cyc
  0 constraint hits
                                                                                
  139 cycles  |  137 cyc/s  |  7254638 ns/cyc
  0 constraint hits
                                                                                
  139 cycles  |  137 cyc/s  |  7254638 ns/cyc
  0 constraint hits
                                                                                
  139 cycles  |  137 cyc/s  |  7254638 ns/cyc
  0 constraint hits
                                                                                
  170 cycles  |  134 cyc/s  |  7445516 ns/cyc
  0 constraint hits
                                                                                
  170 cycles  |  134 cyc/s  |  7445516 ns/cyc
  0 constraint hits
                                                                                
  170 cycles  |  134 cyc/s  |  7445516 ns/cyc
  0 constraint hits
                                                                                
  170 cycles  |  134 cyc/s  |  7445516 ns/cyc
  0 constraint hits
                                                                                
  170 cycles  |  134 cyc/s  |  7445516 ns/cyc
  0 constraint hits
                                                                                
  170 cycles  |  134 cyc/s  |  7445516 ns/cyc
  0 constraint hits
                                                                                
  170 cycles  |  134 cyc/s  |  7445516 ns/cyc
  0 constraint hits
                                                                                
  170 cycles  |  134 cyc/s  |  7445516 ns/cyc
  0 constraint hits
                                                                                
  170 cycles  |  134 cyc/s  |  7445516 ns/cyc
  0 constraint hits
                                                                                
  170 cycles  |  134 cyc/s  |  7445516 ns/cyc
  0 constraint hits
                                                                                
  170 cycles  |  134 cyc/s  |  7445516 ns/cyc
  0 constraint hits
                                                                                
  170 cycles  |  134 cyc/s  |  7445516 ns/cyc
  0 constraint hits
                                                                                
  170 cycles  |  134 cyc/s  |  7445516 ns/cyc
  0 constraint hits
                                                                                
  170 cycles  |  134 cyc/s  |  7445516 ns/cyc
  0 constraint hits
                                                                                
  170 cycles  |  134 cyc/s  |  7445516 ns/cyc
  0 constraint hits
                                                                                
  170 cycles  |  134 cyc/s  |  7445516 ns/cyc
  0 constraint hits
                                                                                
  170 cycles  |  134 cyc/s  |  7445516 ns/cyc
  0 constraint hits
                                                                                
  170 cycles  |  134 cyc/s  |  7445516 ns/cyc
  0 constraint hits
                                                                                
  170 cycles  |  134 cyc/s  |  7445516 ns/cyc
  0 constraint hits
                                                                                
  170 cycles  |  134 cyc/s  |  7445516 ns/cyc
  0 constraint hits
                                                                                
  170 cycles  |  134 cyc/s  |  7445516 ns/cyc
  0 constraint hits
                                                                                
  170 cycles  |  134 cyc/s  |  7445516 ns/cyc
  0 constraint hits
                                                                                
  170 cycles  |  134 cyc/s  |  7445516 ns/cyc
  0 constraint hits
                                                                                
  170 cycles  |  134 cyc/s  |  7445516 ns/cyc
  0 constraint hits
                                                                                
  170 cycles  |  134 cyc/s  |  7445516 ns/cyc
  0 constraint hits
                                                                                
  170 cycles  |  134 cyc/s  |  7445516 ns/cyc
  0 constraint hits
                                                                                
  170 cycles  |  134 cyc/s  |  7445516 ns/cyc
  0 constraint hits
                                                                                
  170 cycles  |  134 cyc/s  |  7445516 ns/cyc
  0 constraint hits
                                                                                
  170 cycles  |  134 cyc/s  |  7445516 ns/cyc
  0 constraint hits
                                                                                
  170 cycles  |  134 cyc/s  |  7445516 ns/cyc
  0 constraint hits
                                                                                
  170 cycles  |  134 cyc/s  |  7445516 ns/cyc
  0 constraint hits
                                                                                
  201 cycles  |  132 cyc/s  |  7557143 ns/cyc
  0 constraint hits
                                                                                
  201 cycles  |  132 cyc/s  |  7557143 ns/cyc
  0 constraint hits
                                                                                
  201 cycles  |  132 cyc/s  |  7557143 ns/cyc
  0 constraint hits
                                                                                
  201 cycles  |  132 cyc/s  |  7557143 ns/cyc
  0 constraint hits
                                                                                
  201 cycles  |  132 cyc/s  |  7557143 ns/cyc
  0 constraint hits
                                                                                
  201 cycles  |  132 cyc/s  |  7557143 ns/cyc
  0 constraint hits
                                                                                
  201 cycles  |  132 cyc/s  |  7557143 ns/cyc
  0 constraint hits
                                                                                
  201 cycles  |  132 cyc/s  |  7557143 ns/cyc
  0 constraint hits
                                                                                
  201 cycles  |  132 cyc/s  |  7557143 ns/cyc
  0 constraint hits
                                                                                
  201 cycles  |  132 cyc/s  |  7557143 ns/cyc
  0 constraint hits
                                                                                
  201 cycles  |  132 cyc/s  |  7557143 ns/cyc
  0 constraint hits
                                                                                
  201 cycles  |  132 cyc/s  |  7557143 ns/cyc
  0 constraint hits
                                                                                
  201 cycles  |  132 cyc/s  |  7557143 ns/cyc
  0 constraint hits
                                                                                
  201 cycles  |  132 cyc/s  |  7557143 ns/cyc
  0 constraint hits
                                                                                
  201 cycles  |  132 cyc/s  |  7557143 ns/cyc
  0 constraint hits
                                                                                
  201 cycles  |  132 cyc/s  |  7557143 ns/cyc
  0 constraint hits
                                                                                
  201 cycles  |  132 cyc/s  |  7557143 ns/cyc
  0 constraint hits
                                                                                
  201 cycles  |  132 cyc/s  |  7557143 ns/cyc
  0 constraint hits
                                                                                
  201 cycles  |  132 cyc/s  |  7557143 ns/cyc
  0 constraint hits
                                                                                
  201 cycles  |  132 cyc/s  |  7557143 ns/cyc
  0 constraint hits
                                                                                
  201 cycles  |  132 cyc/s  |  7557143 ns/cyc
  0 constraint hits
                                                                                
  201 cycles  |  132 cyc/s  |  7557143 ns/cyc
  0 constraint hits
                                                                                
  201 cycles  |  132 cyc/s  |  7557143 ns/cyc
  0 constraint hits
                                                                                
  201 cycles  |  132 cyc/s  |  7557143 ns/cyc
  0 constraint hits
                                                                                
  201 cycles  |  132 cyc/s  |  7557143 ns/cyc
  0 constraint hits
                                                                                
  201 cycles  |  132 cyc/s  |  7557143 ns/cyc
  0 constraint hits
                                                                                
  201 cycles  |  132 cyc/s  |  7557143 ns/cyc
  0 constraint hits
                                                                                
  201 cycles  |  132 cyc/s  |  7557143 ns/cyc
  0 constraint hits
                                                                                
  201 cycles  |  132 cyc/s  |  7557143 ns/cyc
  0 constraint hits
                                                                                
  201 cycles  |  132 cyc/s  |  7557143 ns/cyc
  0 constraint hits
                                                                                
  201 cycles  |  132 cyc/s  |  7557143 ns/cyc
  0 constraint hits
                                                                                
  232 cycles  |  130 cyc/s  |  7645653 ns/cyc
  0 constraint hits
                                                                                
  232 cycles  |  130 cyc/s  |  7645653 ns/cyc
  0 constraint hits
                                                                                
  232 cycles  |  130 cyc/s  |  7645653 ns/cyc
  0 constraint hits
                                                                                
  232 cycles  |  130 cyc/s  |  7645653 ns/cyc
  0 constraint hits
                                                                                
  232 cycles  |  130 cyc/s  |  7645653 ns/cyc
  0 constraint hits
                                                                                
  232 cycles  |  130 cyc/s  |  7645653 ns/cyc
  0 constraint hits
                                                                                
  232 cycles  |  130 cyc/s  |  7645653 ns/cyc
  0 constraint hits
                                                                                
  232 cycles  |  130 cyc/s  |  7645653 ns/cyc
  0 constraint hits
                                                                                
  232 cycles  |  130 cyc/s  |  7645653 ns/cyc
  0 constraint hits
                                                                                
  232 cycles  |  130 cyc/s  |  7645653 ns/cyc
  0 constraint hits
                                                                                
  232 cycles  |  130 cyc/s  |  7645653 ns/cyc
  0 constraint hits
                                                                                
  232 cycles  |  130 cyc/s  |  7645653 ns/cyc
  0 constraint hits
                                                                                
  232 cycles  |  130 cyc/s  |  7645653 ns/cyc
  0 constraint hits
                                                                                
  232 cycles  |  130 cyc/s  |  7645653 ns/cyc
  0 constraint hits
                                                                                
  232 cycles  |  130 cyc/s  |  7645653 ns/cyc
  0 constraint hits
                                                                                
  232 cycles  |  130 cyc/s  |  7645653 ns/cyc
  0 constraint hits
                                                                                
  232 cycles  |  130 cyc/s  |  7645653 ns/cyc
  0 constraint hits
                                                                                
  232 cycles  |  130 cyc/s  |  7645653 ns/cyc
  0 constraint hits
                                                                                
  232 cycles  |  130 cyc/s  |  7645653 ns/cyc
  0 constraint hits
                                                                                
  232 cycles  |  130 cyc/s  |  7645653 ns/cyc
  0 constraint hits
                                                                                
  232 cycles  |  130 cyc/s  |  7645653 ns/cyc
  0 constraint hits
                                                                                
  232 cycles  |  130 cyc/s  |  7645653 ns/cyc
  0 constraint hits
                                                                                
  232 cycles  |  130 cyc/s  |  7645653 ns/cyc
  0 constraint hits
                                                                                
  232 cycles  |  130 cyc/s  |  7645653 ns/cyc
  0 constraint hits
                                                                                
  232 cycles  |  130 cyc/s  |  7645653 ns/cyc
  0 constraint hits
                                                                                
  232 cycles  |  130 cyc/s  |  7645653 ns/cyc
  0 constraint hits
                                                                                
  232 cycles  |  130 cyc/s  |  7645653 ns/cyc
  0 constraint hits
                                                                                
  232 cycles  |  130 cyc/s  |  7645653 ns/cyc
  0 constraint hits
                                                                                
  232 cycles  |  130 cyc/s  |  7645653 ns/cyc
  0 constraint hits
                                                                                
  232 cycles  |  130 cyc/s  |  7645653 ns/cyc
  0 constraint hits
                                                                                
  232 cycles  |  130 cyc/s  |  7645653 ns/cyc
  0 constraint hits
                                                                                
  263 cycles  |  129 cyc/s  |  7713573 ns/cyc
  0 constraint hits
                                                                                
  263 cycles  |  129 cyc/s  |  7713573 ns/cyc
  0 constraint hits
                                                                                
  263 cycles  |  129 cyc/s  |  7713573 ns/cyc
  0 constraint hits
                                                                                
  263 cycles  |  129 cyc/s  |  7713573 ns/cyc
  0 constraint hits
                                                                                
  263 cycles  |  129 cyc/s  |  7713573 ns/cyc
  0 constraint hits
                                                                                
  263 cycles  |  129 cyc/s  |  7713573 ns/cyc
  0 constraint hits
                                                                                
  263 cycles  |  129 cyc/s  |  7713573 ns/cyc
  0 constraint hits
                                                                                
  263 cycles  |  129 cyc/s  |  7713573 ns/cyc
  0 constraint hits
                                                                                
  263 cycles  |  129 cyc/s  |  7713573 ns/cyc
  0 constraint hits
                                                                                
  263 cycles  |  129 cyc/s  |  7713573 ns/cyc
  0 constraint hits
                                                                                
  263 cycles  |  129 cyc/s  |  7713573 ns/cyc
  0 constraint hits
                                                                                
  263 cycles  |  129 cyc/s  |  7713573 ns/cyc
  0 constraint hits
                                                                                
  263 cycles  |  129 cyc/s  |  7713573 ns/cyc
  0 constraint hits
                                                                                
  263 cycles  |  129 cyc/s  |  7713573 ns/cyc
  0 constraint hits
                                                                                
  263 cycles  |  129 cyc/s  |  7713573 ns/cyc
  0 constraint hits
                                                                                
  263 cycles  |  129 cyc/s  |  7713573 ns/cyc
  0 constraint hits
                                                                                
  263 cycles  |  129 cyc/s  |  7713573 ns/cyc
  0 constraint hits
                                                                                
  263 cycles  |  129 cyc/s  |  7713573 ns/cyc
  0 constraint hits
                                                                                
  263 cycles  |  129 cyc/s  |  7713573 ns/cyc
  0 constraint hits
                                                                                
  263 cycles  |  129 cyc/s  |  7713573 ns/cyc
  0 constraint hits
                                                                                
  263 cycles  |  129 cyc/s  |  7713573 ns/cyc
  0 constraint hits
                                                                                
  263 cycles  |  129 cyc/s  |  7713573 ns/cyc
  0 constraint hits
                                                                                
  263 cycles  |  129 cyc/s  |  7713573 ns/cyc
  0 constraint hits
                                                                                
  263 cycles  |  129 cyc/s  |  7713573 ns/cyc
  0 constraint hits
                                                                                
  263 cycles  |  129 cyc/s  |  7713573 ns/cyc
  0 constraint hits
                                                                                
  263 cycles  |  129 cyc/s  |  7713573 ns/cyc
  0 constraint hits
                                                                                
  263 cycles  |  129 cyc/s  |  7713573 ns/cyc
  0 constraint hits
                                                                                
  263 cycles  |  129 cyc/s  |  7713573 ns/cyc
  0 constraint hits
                                                                                
  263 cycles  |  129 cyc/s  |  7713573 ns/cyc
  0 constraint hits
                                                                                
  263 cycles  |  129 cyc/s  |  7713573 ns/cyc
  0 constraint hits
                                                                                
  263 cycles  |  129 cyc/s  |  7713573 ns/cyc
  0 constraint hits
                                                                                
  294 cycles  |  128 cyc/s  |  7771605 ns/cyc
  0 constraint hits
                                                                                
  294 cycles  |  128 cyc/s  |  7771605 ns/cyc
  0 constraint hits
                                                                                
  294 cycles  |  128 cyc/s  |  7771605 ns/cyc
  0 constraint hits
                                                                                
  294 cycles  |  128 cyc/s  |  7771605 ns/cyc
  0 constraint hits
                                                                                
  294 cycles  |  128 cyc/s  |  7771605 ns/cyc
  0 constraint hits
                                                                                
  294 cycles  |  128 cyc/s  |  7771605 ns/cyc
  0 constraint hits
                                                                                
  294 cycles  |  128 cyc/s  |  7771605 ns/cyc
  0 constraint hits
                                                                                
  294 cycles  |  128 cyc/s  |  7771605 ns/cyc
  0 constraint hits
                                                                                
  294 cycles  |  128 cyc/s  |  7771605 ns/cyc
  0 constraint hits
                                                                                
  294 cycles  |  128 cyc/s  |  7771605 ns/cyc
  0 constraint hits
                                                                                
  294 cycles  |  128 cyc/s  |  7771605 ns/cyc
  0 constraint hits
                                                                                
  294 cycles  |  128 cyc/s  |  7771605 ns/cyc
  0 constraint hits
                                                                                
  294 cycles  |  128 cyc/s  |  7771605 ns/cyc
  0 constraint hits
                                                                                
  294 cycles  |  128 cyc/s  |  7771605 ns/cyc
  0 constraint hits
                                                                                
  294 cycles  |  128 cyc/s  |  7771605 ns/cyc
  0 constraint hits
                                                                                
  294 cycles  |  128 cyc/s  |  7771605 ns/cyc
  0 constraint hits
                                                                                
  294 cycles  |  128 cyc/s  |  7771605 ns/cyc
  0 constraint hits
                                                                                
  294 cycles  |  128 cyc/s  |  7771605 ns/cyc
  0 constraint hits
                                                                                
  294 cycles  |  128 cyc/s  |  7771605 ns/cyc
  0 constraint hits
                                                                                
  294 cycles  |  128 cyc/s  |  7771605 ns/cyc
  0 constraint hits
                                                                                
  294 cycles  |  128 cyc/s  |  7771605 ns/cyc
  0 constraint hits
                                                                                
  294 cycles  |  128 cyc/s  |  7771605 ns/cyc
  0 constraint hits
                                                                                
  294 cycles  |  128 cyc/s  |  7771605 ns/cyc
  0 constraint hits
                                                                                
  294 cycles  |  128 cyc/s  |  7771605 ns/cyc
  0 constraint hits
                                                                                
  294 cycles  |  128 cyc/s  |  7771605 ns/cyc
  0 constraint hits
                                                                                
  294 cycles  |  128 cyc/s  |  7771605 ns/cyc
  0 constraint hits
                                                                                
  294 cycles  |  128 cyc/s  |  7771605 ns/cyc
  0 constraint hits
                                                                                
  294 cycles  |  128 cyc/s  |  7771605 ns/cyc
  0 constraint hits
                                                                                
  294 cycles  |  128 cyc/s  |  7771605 ns/cyc
  0 constraint hits
                                                                                
  294 cycles  |  128 cyc/s  |  7771605 ns/cyc
  0 constraint hits
                                                                                
  294 cycles  |  128 cyc/s  |  7771605 ns/cyc
  0 constraint hits
                                                                                
  325 cycles  |  127 cyc/s  |  7823601 ns/cyc
  0 constraint hits
                                                                                
  325 cycles  |  127 cyc/s  |  7823601 ns/cyc
  0 constraint hits
                                                                                
  325 cycles  |  127 cyc/s  |  7823601 ns/cyc
  0 constraint hits
                                                                                
  325 cycles  |  127 cyc/s  |  7823601 ns/cyc
  0 constraint hits
                                                                                
  325 cycles  |  127 cyc/s  |  7823601 ns/cyc
  0 constraint hits
                                                                                
  325 cycles  |  127 cyc/s  |  7823601 ns/cyc
  0 constraint hits
                                                                                
  325 cycles  |  127 cyc/s  |  7823601 ns/cyc
  0 constraint hits
                                                                                
  325 cycles  |  127 cyc/s  |  7823601 ns/cyc
  0 constraint hits
                                                                                
  325 cycles  |  127 cyc/s  |  7823601 ns/cyc
  0 constraint hits
                                                                                
  325 cycles  |  127 cyc/s  |  7823601 ns/cyc
  0 constraint hits
                                                                                
  325 cycles  |  127 cyc/s  |  7823601 ns/cyc
  0 constraint hits
                                                                                
  325 cycles  |  127 cyc/s  |  7823601 ns/cyc
  0 constraint hits
                                                                                
  325 cycles  |  127 cyc/s  |  7823601 ns/cyc
  0 constraint hits
                                                                                
  325 cycles  |  127 cyc/s  |  7823601 ns/cyc
  0 constraint hits
                                                                                
  325 cycles  |  127 cyc/s  |  7823601 ns/cyc
  0 constraint hits
                                                                                
  325 cycles  |  127 cyc/s  |  7823601 ns/cyc
  0 constraint hits
                                                                                
  325 cycles  |  127 cyc/s  |  7823601 ns/cyc
  0 constraint hits
                                                                                
  325 cycles  |  127 cyc/s  |  7823601 ns/cyc
  0 constraint hits
                                                                                
  325 cycles  |  127 cyc/s  |  7823601 ns/cyc
  0 constraint hits
                                                                                
  325 cycles  |  127 cyc/s  |  7823601 ns/cyc
  0 constraint hits
                                                                                
  325 cycles  |  127 cyc/s  |  7823601 ns/cyc
  0 constraint hits
                                                                                
  325 cycles  |  127 cyc/s  |  7823601 ns/cyc
  0 constraint hits
                                                                                
  325 cycles  |  127 cyc/s  |  7823601 ns/cyc
  0 constraint hits
                                                                                
  325 cycles  |  127 cyc/s  |  7823601 ns/cyc
  0 constraint hits
                                                                                
  325 cycles  |  127 cyc/s  |  7823601 ns/cyc
  0 constraint hits
                                                                                
  325 cycles  |  127 cyc/s  |  7823601 ns/cyc
  0 constraint hits
                                                                                
  325 cycles  |  127 cyc/s  |  7823601 ns/cyc
  0 constraint hits
                                                                                
  325 cycles  |  127 cyc/s  |  7823601 ns/cyc
  0 constraint hits
                                                                                
  325 cycles  |  127 cyc/s  |  7823601 ns/cyc
  0 constraint hits
                                                                                
  325 cycles  |  127 cyc/s  |  7823601 ns/cyc
  0 constraint hits
                                                                                
  325 cycles  |  127 cyc/s  |  7823601 ns/cyc
  0 constraint hits
                                                                                
  356 cycles  |  127 cyc/s  |  7858488 ns/cyc
  0 constraint hits
                                                                                
  356 cycles  |  127 cyc/s  |  7858488 ns/cyc
  0 constraint hits
                                                                                
  356 cycles  |  127 cyc/s  |  7858488 ns/cyc
  0 constraint hits
                                                                                
  356 cycles  |  127 cyc/s  |  7858488 ns/cyc
  0 constraint hits
                                                                                
  356 cycles  |  127 cyc/s  |  7858488 ns/cyc
  0 constraint hits
                                                                                
  356 cycles  |  127 cyc/s  |  7858488 ns/cyc
  0 constraint hits
                                                                                
  356 cycles  |  127 cyc/s  |  7858488 ns/cyc
  0 constraint hits
                                                                                
  356 cycles  |  127 cyc/s  |  7858488 ns/cyc
  0 constraint hits
                                                                                
  356 cycles  |  127 cyc/s  |  7858488 ns/cyc
  0 constraint hits
                                                                                
  356 cycles  |  127 cyc/s  |  7858488 ns/cyc
  0 constraint hits
                                                                                
  356 cycles  |  127 cyc/s  |  7858488 ns/cyc
  0 constraint hits
                                                                                
  356 cycles  |  127 cyc/s  |  7858488 ns/cyc
  0 constraint hits
                                                                                
  356 cycles  |  127 cyc/s  |  7858488 ns/cyc
  0 constraint hits
                                                                                
  356 cycles  |  127 cyc/s  |  7858488 ns/cyc
  0 constraint hits
                                                                                
  356 cycles  |  127 cyc/s  |  7858488 ns/cyc
  0 constraint hits
                                                                                
  356 cycles  |  127 cyc/s  |  7858488 ns/cyc
  0 constraint hits
                                                                                
  356 cycles  |  127 cyc/s  |  7858488 ns/cyc
  0 constraint hits
                                                                                
  356 cycles  |  127 cyc/s  |  7858488 ns/cyc
  0 constraint hits
                                                                                
  356 cycles  |  127 cyc/s  |  7858488 ns/cyc
  0 constraint hits
                                                                                
  356 cycles  |  127 cyc/s  |  7858488 ns/cyc
  0 constraint hits
                                                                                
  356 cycles  |  127 cyc/s  |  7858488 ns/cyc
  0 constraint hits
                                                                                
  356 cycles  |  127 cyc/s  |  7858488 ns/cyc
  0 constraint hits
                                                                                
  356 cycles  |  127 cyc/s  |  7858488 ns/cyc
  0 constraint hits
                                                                                
  356 cycles  |  127 cyc/s  |  7858488 ns/cyc
  0 constraint hits
                                                                                
  356 cycles  |  127 cyc/s  |  7858488 ns/cyc
  0 constraint hits
                                                                                
  356 cycles  |  127 cyc/s  |  7858488 ns/cyc
  0 constraint hits
                                                                                
  356 cycles  |  127 cyc/s  |  7858488 ns/cyc
  0 constraint hits
                                                                                
  356 cycles  |  127 cyc/s  |  7858488 ns/cyc
  0 constraint hits
                                                                                
  356 cycles  |  127 cyc/s  |  7858488 ns/cyc
  0 constraint hits
                                                                                
  356 cycles  |  127 cyc/s  |  7858488 ns/cyc
  0 constraint hits
                                                                                
  356 cycles  |  127 cyc/s  |  7858488 ns/cyc
  0 constraint hits
                                                                                
  387 cycles  |  126 cyc/s  |  7883131 ns/cyc
  0 constraint hits
                                                                                
  387 cycles  |  126 cyc/s  |  7883131 ns/cyc
  0 constraint hits
                                                                                
  387 cycles  |  126 cyc/s  |  7883131 ns/cyc
  0 constraint hits
                                                                                
  387 cycles  |  126 cyc/s  |  7883131 ns/cyc
  0 constraint hits
                                                                                
  387 cycles  |  126 cyc/s  |  7883131 ns/cyc
  0 constraint hits
                                                                                
  387 cycles  |  126 cyc/s  |  7883131 ns/cyc
  0 constraint hits
                                                                                
  387 cycles  |  126 cyc/s  |  7883131 ns/cyc
  0 constraint hits
                                                                                
  387 cycles  |  126 cyc/s  |  7883131 ns/cyc
  0 constraint hits
                                                                                
  387 cycles  |  126 cyc/s  |  7883131 ns/cyc
  0 constraint hits
                                                                                
  387 cycles  |  126 cyc/s  |  7883131 ns/cyc
  0 constraint hits
                                                                                
  387 cycles  |  126 cyc/s  |  7883131 ns/cyc
  0 constraint hits
                                                                                
  387 cycles  |  126 cyc/s  |  7883131 ns/cyc
  0 constraint hits
                                                                                
  387 cycles  |  126 cyc/s  |  7883131 ns/cyc
  0 constraint hits
                                                                                
  387 cycles  |  126 cyc/s  |  7883131 ns/cyc
  0 constraint hits
                                                                                
  387 cycles  |  126 cyc/s  |  7883131 ns/cyc
  0 constraint hits
                                                                                
  387 cycles  |  126 cyc/s  |  7883131 ns/cyc
  0 constraint hits
                                                                                
  387 cycles  |  126 cyc/s  |  7883131 ns/cyc
  0 constraint hits
                                                                                
  387 cycles  |  126 cyc/s  |  7883131 ns/cyc
  0 constraint hits
                                                                                
  387 cycles  |  126 cyc/s  |  7883131 ns/cyc
  0 constraint hits
                                                                                
  387 cycles  |  126 cyc/s  |  7883131 ns/cyc
  0 constraint hits
                                                                                
  387 cycles  |  126 cyc/s  |  7883131 ns/cyc
  0 constraint hits
                                                                                
  387 cycles  |  126 cyc/s  |  7883131 ns/cyc
  0 constraint hits
                                                                                
  387 cycles  |  126 cyc/s  |  7883131 ns/cyc
  0 constraint hits
                                                                                
  387 cycles  |  126 cyc/s  |  7883131 ns/cyc
  0 constraint hits
                                                                                
  387 cycles  |  126 cyc/s  |  7883131 ns/cyc
  0 constraint hits
                                                                                
  387 cycles  |  126 cyc/s  |  7883131 ns/cyc
  0 constraint hits
                                                                                
  387 cycles  |  126 cyc/s  |  7883131 ns/cyc
  0 constraint hits
                                                                                
  387 cycles  |  126 cyc/s  |  7883131 ns/cyc
  0 constraint hits
                                                                                
  387 cycles  |  126 cyc/s  |  7883131 ns/cyc
  0 constraint hits
                                                                                
  387 cycles  |  126 cyc/s  |  7883131 ns/cyc
  0 constraint hits
                                                                                
  387 cycles  |  126 cyc/s  |  7883131 ns/cyc
  0 constraint hits
                                                                                
  418 cycles  |  126 cyc/s  |  7911702 ns/cyc
  0 constraint hits
                                                                                
  418 cycles  |  126 cyc/s  |  7911702 ns/cyc
  0 constraint hits
                                                                                
  418 cycles  |  126 cyc/s  |  7911702 ns/cyc
  0 constraint hits
                                                                                
  418 cycles  |  126 cyc/s  |  7911702 ns/cyc
  0 constraint hits
                                                                                
  418 cycles  |  126 cyc/s  |  7911702 ns/cyc
  0 constraint hits
                                                                                
  418 cycles  |  126 cyc/s  |  7911702 ns/cyc
  0 constraint hits
                                                                                
  418 cycles  |  126 cyc/s  |  7911702 ns/cyc
  0 constraint hits
                                                                                
  418 cycles  |  126 cyc/s  |  7911702 ns/cyc
  0 constraint hits
                                                                                
  418 cycles  |  126 cyc/s  |  7911702 ns/cyc
  0 constraint hits
                                                                                
  418 cycles  |  126 cyc/s  |  7911702 ns/cyc
  0 constraint hits
                                                                                
  418 cycles  |  126 cyc/s  |  7911702 ns/cyc
  0 constraint hits
                                                                                
  418 cycles  |  126 cyc/s  |  7911702 ns/cyc
  0 constraint hits
                                                                                
  418 cycles  |  126 cyc/s  |  7911702 ns/cyc
  0 constraint hits
                                                                                
  418 cycles  |  126 cyc/s  |  7911702 ns/cyc
  0 constraint hits
                                                                                
  418 cycles  |  126 cyc/s  |  7911702 ns/cyc
  0 constraint hits
                                                                                
  418 cycles  |  126 cyc/s  |  7911702 ns/cyc
  0 constraint hits
                                                                                
  418 cycles  |  126 cyc/s  |  7911702 ns/cyc
  0 constraint hits
                                                                                
  418 cycles  |  126 cyc/s  |  7911702 ns/cyc
  0 constraint hits
                                                                                
  418 cycles  |  126 cyc/s  |  7911702 ns/cyc
  0 constraint hits
                                                                                
  418 cycles  |  126 cyc/s  |  7911702 ns/cyc
  0 constraint hits
                                                                                
  418 cycles  |  126 cyc/s  |  7911702 ns/cyc
  0 constraint hits
                                                                                
  418 cycles  |  126 cyc/s  |  7911702 ns/cyc
  0 constraint hits
                                                                                
  418 cycles  |  126 cyc/s  |  7911702 ns/cyc
  0 constraint hits
                                                                                
  418 cycles  |  126 cyc/s  |  7911702 ns/cyc
  0 constraint hits
                                                                                
  418 cycles  |  126 cyc/s  |  7911702 ns/cyc
  0 constraint hits
                                                                                
  418 cycles  |  126 cyc/s  |  7911702 ns/cyc
  0 constraint hits
                                                                                
  418 cycles  |  126 cyc/s  |  7911702 ns/cyc
  0 constraint hits
                                                                                
  418 cycles  |  126 cyc/s  |  7911702 ns/cyc
  0 constraint hits
                                                                                
  418 cycles  |  126 cyc/s  |  7911702 ns/cyc
  0 constraint hits
                                                                                
  418 cycles  |  126 cyc/s  |  7911702 ns/cyc
  0 constraint hits
                                                                                
  418 cycles  |  126 cyc/s  |  7911702 ns/cyc
  0 constraint hits
                                                                                
  449 cycles  |  126 cyc/s  |  7935735 ns/cyc
  0 constraint hits
                                                                                
  449 cycles  |  126 cyc/s  |  7935735 ns/cyc
  0 constraint hits
                                                                                
  449 cycles  |  126 cyc/s  |  7935735 ns/cyc
  0 constraint hits
                                                                                
  449 cycles  |  126 cyc/s  |  7935735 ns/cyc
  0 constraint hits
                                                                                
  449 cycles  |  126 cyc/s  |  7935735 ns/cyc
  0 constraint hits
                                                                                
  449 cycles  |  126 cyc/s  |  7935735 ns/cyc
  0 constraint hits
                                                                                
  449 cycles  |  126 cyc/s  |  7935735 ns/cyc
  0 constraint hits
                                                                                
  449 cycles  |  126 cyc/s  |  7935735 ns/cyc
  0 constraint hits
                                                                                
  449 cycles  |  126 cyc/s  |  7935735 ns/cyc
  0 constraint hits
                                                                                
  449 cycles  |  126 cyc/s  |  7935735 ns/cyc
  0 constraint hits
                                                                                
  449 cycles  |  126 cyc/s  |  7935735 ns/cyc
  0 constraint hits
                                                                                
  449 cycles  |  126 cyc/s  |  7935735 ns/cyc
  0 constraint hits
                                                                                
  449 cycles  |  126 cyc/s  |  7935735 ns/cyc
  0 constraint hits
                                                                                
  449 cycles  |  126 cyc/s  |  7935735 ns/cyc
  0 constraint hits
                                                                                
  449 cycles  |  126 cyc/s  |  7935735 ns/cyc
  0 constraint hits
                                                                                
  449 cycles  |  126 cyc/s  |  7935735 ns/cyc
  0 constraint hits
                                                                                
  449 cycles  |  126 cyc/s  |  7935735 ns/cyc
  0 constraint hits
                                                                                
  449 cycles  |  126 cyc/s  |  7935735 ns/cyc
  0 constraint hits
                                                                                
  449 cycles  |  126 cyc/s  |  7935735 ns/cyc
  0 constraint hits
                                                                                
  449 cycles  |  126 cyc/s  |  7935735 ns/cyc
  0 constraint hits
                                                                                
  449 cycles  |  126 cyc/s  |  7935735 ns/cyc
  0 constraint hits
                                                                                
  449 cycles  |  126 cyc/s  |  7935735 ns/cyc
  0 constraint hits
                                                                                
  449 cycles  |  126 cyc/s  |  7935735 ns/cyc
  0 constraint hits
                                                                                
  449 cycles  |  126 cyc/s  |  7935735 ns/cyc
  0 constraint hits
                                                                                
  449 cycles  |  126 cyc/s  |  7935735 ns/cyc
  0 constraint hits
                                                                                
  449 cycles  |  126 cyc/s  |  7935735 ns/cyc
  0 constraint hits
                                                                                
  449 cycles  |  126 cyc/s  |  7935735 ns/cyc
  0 constraint hits
                                                                                
  449 cycles  |  126 cyc/s  |  7935735 ns/cyc
  0 constraint hits
                                                                                
  449 cycles  |  126 cyc/s  |  7935735 ns/cyc
  0 constraint hits
                                                                                
  449 cycles  |  126 cyc/s  |  7935735 ns/cyc
  0 constraint hits
                                                                                
  449 cycles  |  126 cyc/s  |  7935735 ns/cyc
  0 constraint hits
                                                                                
  480 cycles  |  125 cyc/s  |  7951573 ns/cyc
  0 constraint hits
                                                                                
  480 cycles  |  125 cyc/s  |  7951573 ns/cyc
  0 constraint hits
                                                                                
  480 cycles  |  125 cyc/s  |  7951573 ns/cyc
  0 constraint hits
                                                                                
  480 cycles  |  125 cyc/s  |  7951573 ns/cyc
  0 constraint hits
                                                                                
  480 cycles  |  125 cyc/s  |  7951573 ns/cyc
  0 constraint hits
                                                                                
  480 cycles  |  125 cyc/s  |  7951573 ns/cyc
  0 constraint hits
                                                                                
  480 cycles  |  125 cyc/s  |  7951573 ns/cyc
  0 constraint hits
                                                                                
  480 cycles  |  125 cyc/s  |  7951573 ns/cyc
  0 constraint hits
                                                                                
  480 cycles  |  125 cyc/s  |  7951573 ns/cyc
  0 constraint hits
                                                                                
  480 cycles  |  125 cyc/s  |  7951573 ns/cyc
  0 constraint hits
                                                                                
  480 cycles  |  125 cyc/s  |  7951573 ns/cyc
  0 constraint hits
                                                                                
  480 cycles  |  125 cyc/s  |  7951573 ns/cyc
  0 constraint hits
                                                                                
  480 cycles  |  125 cyc/s  |  7951573 ns/cyc
  0 constraint hits
                                                                                
  480 cycles  |  125 cyc/s  |  7951573 ns/cyc
  0 constraint hits
                                                                                
  480 cycles  |  125 cyc/s  |  7951573 ns/cyc
  0 constraint hits
                                                                                
  480 cycles  |  125 cyc/s  |  7951573 ns/cyc
  0 constraint hits
                                                                                
  480 cycles  |  125 cyc/s  |  7951573 ns/cyc
  0 constraint hits
                                                                                
  480 cycles  |  125 cyc/s  |  7951573 ns/cyc
  0 constraint hits
                                                                                
  480 cycles  |  125 cyc/s  |  7951573 ns/cyc
  0 constraint hits
                                                                                
  480 cycles  |  125 cyc/s  |  7951573 ns/cyc
  0 constraint hits
                                                                                
  480 cycles  |  125 cyc/s  |  7951573 ns/cyc
  0 constraint hits
                                                                                
  480 cycles  |  125 cyc/s  |  7951573 ns/cyc
  0 constraint hits
                                                                                
  480 cycles  |  125 cyc/s  |  7951573 ns/cyc
  0 constraint hits
                                                                                
  480 cycles  |  125 cyc/s  |  7951573 ns/cyc
  0 constraint hits
                                                                                
  480 cycles  |  125 cyc/s  |  7951573 ns/cyc
  0 constraint hits
                                                                                
  480 cycles  |  125 cyc/s  |  7951573 ns/cyc
  0 constraint hits
                                                                                
  480 cycles  |  125 cyc/s  |  7951573 ns/cyc
  0 constraint hits
                                                                                
  480 cycles  |  125 cyc/s  |  7951573 ns/cyc
  0 constraint hits
                                                                                
  480 cycles  |  125 cyc/s  |  7951573 ns/cyc
  0 constraint hits
                                                                                
  480 cycles  |  125 cyc/s  |  7951573 ns/cyc
  0 constraint hits
                                                                                
  480 cycles  |  125 cyc/s  |  7951573 ns/cyc
  0 constraint hits
                                                                                
  511 cycles  |  125 cyc/s  |  7973937 ns/cyc
  0 constraint hits
                                                                                
  511 cycles  |  125 cyc/s  |  7973937 ns/cyc
  0 constraint hits
                                                                                
  511 cycles  |  125 cyc/s  |  7973937 ns/cyc
  0 constraint hits
                                                                                
  511 cycles  |  125 cyc/s  |  7973937 ns/cyc
  0 constraint hits
                                                                                
  511 cycles  |  125 cyc/s  |  7973937 ns/cyc
  0 constraint hits
                                                                                
  511 cycles  |  125 cyc/s  |  7973937 ns/cyc
  0 constraint hits
                                                                                
  511 cycles  |  125 cyc/s  |  7973937 ns/cyc
  0 constraint hits
                                                                                
  511 cycles  |  125 cyc/s  |  7973937 ns/cyc
  0 constraint hits
                                                                                
  511 cycles  |  125 cyc/s  |  7973937 ns/cyc
  0 constraint hits
                                                                                
  511 cycles  |  125 cyc/s  |  7973937 ns/cyc
  0 constraint hits
                                                                                
  511 cycles  |  125 cyc/s  |  7973937 ns/cyc
  0 constraint hits
                                                                                
  511 cycles  |  125 cyc/s  |  7973937 ns/cyc
  0 constraint hits
                                                                                
  511 cycles  |  125 cyc/s  |  7973937 ns/cyc
  0 constraint hits
                                                                                
  511 cycles  |  125 cyc/s  |  7973937 ns/cyc
  0 constraint hits
                                                                                
  511 cycles  |  125 cyc/s  |  7973937 ns/cyc
  0 constraint hits
                                                                                
  511 cycles  |  125 cyc/s  |  7973937 ns/cyc
  0 constraint hits
                                                                                
  511 cycles  |  125 cyc/s  |  7973937 ns/cyc
  0 constraint hits
                                                                                
  511 cycles  |  125 cyc/s  |  7973937 ns/cyc
  0 constraint hits
                                                                                
  511 cycles  |  125 cyc/s  |  7973937 ns/cyc
  0 constraint hits
                                                                                
  511 cycles  |  125 cyc/s  |  7973937 ns/cyc
  0 constraint hits
                                                                                
  511 cycles  |  125 cyc/s  |  7973937 ns/cyc
  0 constraint hits
                                                                                
  511 cycles  |  125 cyc/s  |  7973937 ns/cyc
  0 constraint hits
                                                                                
  511 cycles  |  125 cyc/s  |  7973937 ns/cyc
  0 constraint hits
                                                                                
  511 cycles  |  125 cyc/s  |  7973937 ns/cyc
  0 constraint hits
                                                                                
  511 cycles  |  125 cyc/s  |  7973937 ns/cyc
  0 constraint hits
                                                                                
  511 cycles  |  125 cyc/s  |  7973937 ns/cyc
  0 constraint hits
                                                                                
  511 cycles  |  125 cyc/s  |  7973937 ns/cyc
  0 constraint hits
                                                                                
  511 cycles  |  125 cyc/s  |  7973937 ns/cyc
  0 constraint hits
                                                                                
  511 cycles  |  125 cyc/s  |  7973937 ns/cyc
  0 constraint hits
                                                                                
  511 cycles  |  125 cyc/s  |  7973937 ns/cyc
  0 constraint hits
                                                                                
  511 cycles  |  125 cyc/s  |  7973937 ns/cyc
  0 constraint hits
                                                                                
  542 cycles  |  125 cyc/s  |  7979593 ns/cyc
  0 constraint hits
                                                                                
  542 cycles  |  125 cyc/s  |  7979593 ns/cyc
  0 constraint hits
                                                                                
  542 cycles  |  125 cyc/s  |  7979593 ns/cyc
  0 constraint hits
                                                                                
  542 cycles  |  125 cyc/s  |  7979593 ns/cyc
  0 constraint hits
                                                                                
  542 cycles  |  125 cyc/s  |  7979593 ns/cyc
  0 constraint hits
                                                                                
  542 cycles  |  125 cyc/s  |  7979593 ns/cyc
  0 constraint hits
                                                                                
  542 cycles  |  125 cyc/s  |  7979593 ns/cyc
  0 constraint hits
                                                                                
  542 cycles  |  125 cyc/s  |  7979593 ns/cyc
  0 constraint hits
                                                                                
  542 cycles  |  125 cyc/s  |  7979593 ns/cyc
  0 constraint hits
                                                                                
  542 cycles  |  125 cyc/s  |  7979593 ns/cyc
  0 constraint hits
                                                                                
  542 cycles  |  125 cyc/s  |  7979593 ns/cyc
  0 constraint hits
                                                                                
  542 cycles  |  125 cyc/s  |  7979593 ns/cyc
  0 constraint hits
                                                                                
  542 cycles  |  125 cyc/s  |  7979593 ns/cyc
  0 constraint hits
                                                                                
  542 cycles  |  125 cyc/s  |  7979593 ns/cyc
  0 constraint hits
                                                                                
  542 cycles  |  125 cyc/s  |  7979593 ns/cyc
  0 constraint hits
                                                                                
  542 cycles  |  125 cyc/s  |  7979593 ns/cyc
  0 constraint hits
                                                                                
  542 cycles  |  125 cyc/s  |  7979593 ns/cyc
  0 constraint hits
                                                                                
  542 cycles  |  125 cyc/s  |  7979593 ns/cyc
  0 constraint hits
                                                                                
  542 cycles  |  125 cyc/s  |  7979593 ns/cyc
  0 constraint hits
                                                                                
  542 cycles  |  125 cyc/s  |  7979593 ns/cyc
  0 constraint hits
                                                                                
  542 cycles  |  125 cyc/s  |  7979593 ns/cyc
  0 constraint hits
                                                                                
  542 cycles  |  125 cyc/s  |  7979593 ns/cyc
  0 constraint hits
                                                                                
  542 cycles  |  125 cyc/s  |  7979593 ns/cyc
  0 constraint hits
                                                                                
  542 cycles  |  125 cyc/s  |  7979593 ns/cyc
  0 constraint hits
                                                                                
  542 cycles  |  125 cyc/s  |  7979593 ns/cyc
  0 constraint hits
                                                                                
  542 cycles  |  125 cyc/s  |  7979593 ns/cyc
  0 constraint hits
                                                                                
  542 cycles  |  125 cyc/s  |  7979593 ns/cyc
  0 constraint hits
                                                                                
  542 cycles  |  125 cyc/s  |  7979593 ns/cyc
  0 constraint hits
                                                                                
  542 cycles  |  125 cyc/s  |  7979593 ns/cyc
  0 constraint hits
                                                                                
  542 cycles  |  125 cyc/s  |  7979593 ns/cyc
  0 constraint hits
                                                                                
  542 cycles  |  125 cyc/s  |  7979593 ns/cyc
  0 constraint hits
                                                                                
  573 cycles  |  125 cyc/s  |  7992200 ns/cyc
  0 constraint hits
                                                                                
  573 cycles  |  125 cyc/s  |  7992200 ns/cyc
  0 constraint hits
                                                                                
  573 cycles  |  125 cyc/s  |  7992200 ns/cyc
  0 constraint hits
                                                                                
  573 cycles  |  125 cyc/s  |  7992200 ns/cyc
  0 constraint hits
                                                                                
  573 cycles  |  125 cyc/s  |  7992200 ns/cyc
  0 constraint hits
                                                                                
  573 cycles  |  125 cyc/s  |  7992200 ns/cyc
  0 constraint hits
                                                                                
  573 cycles  |  125 cyc/s  |  7992200 ns/cyc
  0 constraint hits
                                                                                
  573 cycles  |  125 cyc/s  |  7992200 ns/cyc
  0 constraint hits
                                                                                
  573 cycles  |  125 cyc/s  |  7992200 ns/cyc
  0 constraint hits
                                                                                
  573 cycles  |  125 cyc/s  |  7992200 ns/cyc
  0 constraint hits
                                                                                
  573 cycles  |  125 cyc/s  |  7992200 ns/cyc
  0 constraint hits
                                                                                
  573 cycles  |  125 cyc/s  |  7992200 ns/cyc
  0 constraint hits
                                                                                
  573 cycles  |  125 cyc/s  |  7992200 ns/cyc
  0 constraint hits
                                                                                
  573 cycles  |  125 cyc/s  |  7992200 ns/cyc
  0 constraint hits
                                                                                
  573 cycles  |  125 cyc/s  |  7992200 ns/cyc
  0 constraint hits
                                                                                
  573 cycles  |  125 cyc/s  |  7992200 ns/cyc
  0 constraint hits
                                                                                
  573 cycles  |  125 cyc/s  |  7992200 ns/cyc
  0 constraint hits
                                                                                
  573 cycles  |  125 cyc/s  |  7992200 ns/cyc
  0 constraint hits
                                                                                
  573 cycles  |  125 cyc/s  |  7992200 ns/cyc
  0 constraint hits
                                                                                
  573 cycles  |  125 cyc/s  |  7992200 ns/cyc
  0 constraint hits
                                                                                
  573 cycles  |  125 cyc/s  |  7992200 ns/cyc
  0 constraint hits
                                                                                
  573 cycles  |  125 cyc/s  |  7992200 ns/cyc
  0 constraint hits
                                                                                
  573 cycles  |  125 cyc/s  |  7992200 ns/cyc
  0 constraint hits
                                                                                
  573 cycles  |  125 cyc/s  |  7992200 ns/cyc
  0 constraint hits
                                                                                
  573 cycles  |  125 cyc/s  |  7992200 ns/cyc
  0 constraint hits
                                                                                
  573 cycles  |  125 cyc/s  |  7992200 ns/cyc
  0 constraint hits
                                                                                
  573 cycles  |  125 cyc/s  |  7992200 ns/cyc
  0 constraint hits
                                                                                
  573 cycles  |  125 cyc/s  |  7992200 ns/cyc
  0 constraint hits
                                                                                
  573 cycles  |  125 cyc/s  |  7992200 ns/cyc
  0 constraint hits
                                                                                
  573 cycles  |  125 cyc/s  |  7992200 ns/cyc
  0 constraint hits
                                                                                
  573 cycles  |  125 cyc/s  |  7992200 ns/cyc
  0 constraint hits
                                                                                
  604 cycles  |  124 cyc/s  |  8006167 ns/cyc
  0 constraint hits
                                                                                
  604 cycles  |  124 cyc/s  |  8006167 ns/cyc
  0 constraint hits
                                                                                
  604 cycles  |  124 cyc/s  |  8006167 ns/cyc
  0 constraint hits
                                                                                
  604 cycles  |  124 cyc/s  |  8006167 ns/cyc
  0 constraint hits
                                                                                
  604 cycles  |  124 cyc/s  |  8006167 ns/cyc
  0 constraint hits
                                                                                
  604 cycles  |  124 cyc/s  |  8006167 ns/cyc
  0 constraint hits
                                                                                
  604 cycles  |  124 cyc/s  |  8006167 ns/cyc
  0 constraint hits
                                                                                
  604 cycles  |  124 cyc/s  |  8006167 ns/cyc
  0 constraint hits
                                                                                
  604 cycles  |  124 cyc/s  |  8006167 ns/cyc
  0 constraint hits
                                                                                
  604 cycles  |  124 cyc/s  |  8006167 ns/cyc
  0 constraint hits
                                                                                
  604 cycles  |  124 cyc/s  |  8006167 ns/cyc
  0 constraint hits
                                                                                
  604 cycles  |  124 cyc/s  |  8006167 ns/cyc
  0 constraint hits
                                                                                
  604 cycles  |  124 cyc/s  |  8006167 ns/cyc
  0 constraint hits
                                                                                
  604 cycles  |  124 cyc/s  |  8006167 ns/cyc
  0 constraint hits
                                                                                
  604 cycles  |  124 cyc/s  |  8006167 ns/cyc
  0 constraint hits
                                                                                
  604 cycles  |  124 cyc/s  |  8006167 ns/cyc
  0 constraint hits
                                                                                
  604 cycles  |  124 cyc/s  |  8006167 ns/cyc
  0 constraint hits
                                                                                
  604 cycles  |  124 cyc/s  |  8006167 ns/cyc
  0 constraint hits
                                                                                
  604 cycles  |  124 cyc/s  |  8006167 ns/cyc
  0 constraint hits
                                                                                
  604 cycles  |  124 cyc/s  |  8006167 ns/cyc
  0 constraint hits
                                                                                
  604 cycles  |  124 cyc/s  |  8006167 ns/cyc
  0 constraint hits
                                                                                
  604 cycles  |  124 cyc/s  |  8006167 ns/cyc
  0 constraint hits
                                                                                
  604 cycles  |  124 cyc/s  |  8006167 ns/cyc
  0 constraint hits
                                                                                
  604 cycles  |  124 cyc/s  |  8006167 ns/cyc
  0 constraint hits
                                                                                
  604 cycles  |  124 cyc/s  |  8006167 ns/cyc
  0 constraint hits
                                                                                
  604 cycles  |  124 cyc/s  |  8006167 ns/cyc
  0 constraint hits
                                                                                
  604 cycles  |  124 cyc/s  |  8006167 ns/cyc
  0 constraint hits
                                                                                
  604 cycles  |  124 cyc/s  |  8006167 ns/cyc
  0 constraint hits
                                                                                
  604 cycles  |  124 cyc/s  |  8006167 ns/cyc
  0 constraint hits
                                                                                
  604 cycles  |  124 cyc/s  |  8006167 ns/cyc
  0 constraint hits
                                                                                
  604 cycles  |  124 cyc/s  |  8006167 ns/cyc
  0 constraint hits
                                                                                
  635 cycles  |  124 cyc/s  |  8014048 ns/cyc
  0 constraint hits
                                                                                
  635 cycles  |  124 cyc/s  |  8014048 ns/cyc
  0 constraint hits
                                                                                
  635 cycles  |  124 cyc/s  |  8014048 ns/cyc
  0 constraint hits
                                                                                
  635 cycles  |  124 cyc/s  |  8014048 ns/cyc
  0 constraint hits
                                                                                
  635 cycles  |  124 cyc/s  |  8014048 ns/cyc
  0 constraint hits
@@TIME_PROC_AVG COUNT:640 AVG_MS:8.018
@@TIME_THROUGHPUT COUNT:640 DURATION_S:5.131625 EVENTS_PER_S:124.717
                                                                                
  635 cycles  |  124 cyc/s  |  8014048 ns/cyc
  0 constraint hits
                                                                                
  640 cycles  |  124 cyc/s  |  8015826 ns/cyc
  640 input events parsed in 0.000s  |  8015826 ns/event avg
  0 constraint hits total
  Breakdown:
   [#0]: 0
   [#1]: 0
   [#@@MONITOR_END:2026-05-14T09:55:18.336712000Z
2]: 0
   [#3]: 0
   [#4]: 0
   [#5]: 0
   [#6]: 0
   [#7]: 0
   [#8]: 0
   [#9]: 0
