@@MONITOR_START:2026-05-14T10:10:25.418318000Z
[3F[J                                                                                
  0 cycles
  0 constraint hits
[3F[J                                                                                
  0 cycles
  0 constraint hits
[3F[J                                                                                
  0 cycles
  0 constraint hits
[3F[J                                                                                
  0 cycles
  0 constraint hits
[3F[J                                                                                
  0 cycles
  0 constraint hits
[3F[J                                                                                
  0 cycles
  0 constraint hits
[3F[J                                                                                
  0 cycles
  0 constraint hits
[3F[J                                                                                
  0 cycles
  0 constraint hits
[3F[J                                                                                
  0 cycles
  0 constraint hits
[3F[J                                                                                
  0 cycles
  0 constraint hits
[3F[J                                                                                
  0 cycles
  0 constraint hits
[3F[J                                                                                
  0 cycles
  0 constraint hits
[3F[J                                                                                
  0 cycles
  0 constraint hits
[3F[J                                                                                
  0 cycles
  0 constraint hits
[3F[J                                                                                
  0 cycles
  0 constraint hits
[3F[J                                                                                
  0 cycles
  0 constraint hits
[3F[J                                                                                
  0 cycles
  0 constraint hits
[3F[J                                                                                
  0 cycles
  0 constraint hits
[3F[J                                                                                
  0 cycles
  0 constraint hits
[3F[J                                                                                
  0 cycles
  0 constraint hits
[3F[J                                                                                
  0 cycles
  0 constraint hits
[3F[J                                                                                
  0 cycles
  0 constraint hits
[3F[J                                                                                
  0 cycles
  0 constraint hits
[3F[J                                                                                
  0 cycles
  0 constraint hits
[3F[J                                                                                
  0 cycles
  0 constraint hits
[3F[J                                                                                
  0 cycles
  0 constraint hits
[3F[J                                                                                
  0 cycles
  0 constraint hits
[3F[J                                                                                
  0 cycles
  0 constraint hits
[3F[J                                                                                
  0 cycles
  0 constraint hits
[3F[J                                                                                
  0 cycles
  0 constraint hits
[3F[J                                                                                
  0 cycles
  0 constraint hits
[3F[J                                                                                
  0 cycles
  0 constraint hits
[3F[J                                                                                
  0 cycles
  0 constraint hits
[3F[J                                                                                
  0 cycles
  0 constraint hits
[3F[J                                                                                
  0 cycles
  0 constraint hits
[3F[J                                                                                
  0 cycles
  0 constraint hits
[3F[J                                                                                
  0 cycles
  0 constraint hits
[3F[J                                                                                
  0 cycles
  0 constraint hits
[3F[J                                                                                
  0 cycles
  0 constraint hits
[3F[J                                                                                
  0 cycles
  0 constraint hits
[3F[J                                                                                
  0 cycles
  0 constraint hits
[3F[J                                                                                
  0 cycles
  0 constraint hits
[3F[J                                                                                
  0 cycles
  0 constraint hits
[3F[J                                                                                
  0 cycles
  0 constraint hits
[3F[J                                                                                
  0 cycles
  0 constraint hits
[3F[J                                                                                
  0 cycles
  0 constraint hits
[3F[J                                                                                
  0 cycles
  0 constraint hits
[3F[J                                                                                
  0 cycles
  0 constraint hits
[3F[J                                                                                
  0 cycles
  0 constraint hits
[3F[J                                                                                
  0 cycles
  0 constraint hits
[3F[J                                                                                
  0 cycles
  0 constraint hits
[3F[J                                                                                
  0 cycles
  0 constraint hits
[3F[J                                                                                
  53 cycles  |  207 cyc/s  |  4816449 ns/cyc
  0 constraint hits
[3F[J                                                                                
  53 cycles  |  207 cyc/s  |  4816449 ns/cyc
  0 constraint hits
[3F[J                                                                                
  53 cycles  |  207 cyc/s  |  4816449 ns/cyc
  0 constraint hits
[3F[J                                                                                
  53 cycles  |  207 cyc/s  |  4816449 ns/cyc
  0 constraint hits
[3F[J                                                                                
  53 cycles  |  207 cyc/s  |  4816449 ns/cyc
  0 constraint hits
[3F[J                                                                                
  53 cycles  |  207 cyc/s  |  4816449 ns/cyc
  0 constraint hits
[3F[J                                                                                
  53 cycles  |  207 cyc/s  |  4816449 ns/cyc
  0 constraint hits
[3F[J                                                                                
  53 cycles  |  207 cyc/s  |  4816449 ns/cyc
  0 constraint hits
[3F[J                                                                                
  53 cycles  |  207 cyc/s  |  4816449 ns/cyc
  0 constraint hits
[3F[J                                                                                
  53 cycles  |  207 cyc/s  |  4816449 ns/cyc
  0 constraint hits
[3F[J                                                                                
  53 cycles  |  207 cyc/s  |  4816449 ns/cyc
  0 constraint hits
[3F[J                                                                                
  53 cycles  |  207 cyc/s  |  4816449 ns/cyc
  0 constraint hits
[3F[J                                                                                
  53 cycles  |  207 cyc/s  |  4816449 ns/cyc
  0 constraint hits
[3F[J                                                                                
  53 cycles  |  207 cyc/s  |  4816449 ns/cyc
  0 constraint hits
[3F[J                                                                                
  53 cycles  |  207 cyc/s  |  4816449 ns/cyc
  0 constraint hits
[3F[J                                                                                
  53 cycles  |  207 cyc/s  |  4816449 ns/cyc
  0 constraint hits
[3F[J                                                                                
  53 cycles  |  207 cyc/s  |  4816449 ns/cyc
  0 constraint hits
[3F[J                                                                                
  53 cycles  |  207 cyc/s  |  4816449 ns/cyc
  0 constraint hits
[3F[J                                                                                
  53 cycles  |  207 cyc/s  |  4816449 ns/cyc
  0 constraint hits
[3F[J                                                                                
  53 cycles  |  207 cyc/s  |  4816449 ns/cyc
  0 constraint hits
[3F[J                                                                                
  53 cycles  |  207 cyc/s  |  4816449 ns/cyc
  0 constraint hits
[3F[J                                                                                
  53 cycles  |  207 cyc/s  |  4816449 ns/cyc
  0 constraint hits
[3F[J                                                                                
  53 cycles  |  207 cyc/s  |  4816449 ns/cyc
  0 constraint hits
[3F[J                                                                                
  53 cycles  |  207 cyc/s  |  4816449 ns/cyc
  0 constraint hits
[3F[J                                                                                
  53 cycles  |  207 cyc/s  |  4816449 ns/cyc
  0 constraint hits
[3F[J                                                                                
  53 cycles  |  207 cyc/s  |  4816449 ns/cyc
  0 constraint hits
[3F[J                                                                                
  53 cycles  |  207 cyc/s  |  4816449 ns/cyc
  0 constraint hits
[3F[J                                                                                
  53 cycles  |  207 cyc/s  |  4816449 ns/cyc
  0 constraint hits
[3F[J                                                                                
  81 cycles  |  159 cyc/s  |  6280567 ns/cyc
  0 constraint hits
[3F[J                                                                                
  81 cycles  |  159 cyc/s  |  6280567 ns/cyc
  0 constraint hits
[3F[J                                                                                
  81 cycles  |  159 cyc/s  |  6280567 ns/cyc
  0 constraint hits
[3F[J                                                                                
  81 cycles  |  159 cyc/s  |  6280567 ns/cyc
  0 constraint hits
[3F[J                                                                                
  81 cycles  |  159 cyc/s  |  6280567 ns/cyc
  0 constraint hits
[3F[J                                                                                
  81 cycles  |  159 cyc/s  |  6280567 ns/cyc
  0 constraint hits
[3F[J                                                                                
  81 cycles  |  159 cyc/s  |  6280567 ns/cyc
  0 constraint hits
[3F[J                                                                                
  81 cycles  |  159 cyc/s  |  6280567 ns/cyc
  0 constraint hits
[3F[J                                                                                
  81 cycles  |  159 cyc/s  |  6280567 ns/cyc
  0 constraint hits
[3F[J                                                                                
  81 cycles  |  159 cyc/s  |  6280567 ns/cyc
  0 constraint hits
[3F[J                                                                                
  81 cycles  |  159 cyc/s  |  6280567 ns/cyc
  0 constraint hits
[3F[J                                                                                
  81 cycles  |  159 cyc/s  |  6280567 ns/cyc
  0 constraint hits
[3F[J                                                                                
  81 cycles  |  159 cyc/s  |  6280567 ns/cyc
  0 constraint hits
[3F[J                                                                                
  81 cycles  |  159 cyc/s  |  6280567 ns/cyc
  0 constraint hits
[3F[J                                                                                
  81 cycles  |  159 cyc/s  |  6280567 ns/cyc
  0 constraint hits
[3F[J                                                                                
  81 cycles  |  159 cyc/s  |  6280567 ns/cyc
  0 constraint hits
[3F[J                                                                                
  81 cycles  |  159 cyc/s  |  6280567 ns/cyc
  0 constraint hits
[3F[J                                                                                
  81 cycles  |  159 cyc/s  |  6280567 ns/cyc
  0 constraint hits
[3F[J                                                                                
  81 cycles  |  159 cyc/s  |  6280567 ns/cyc
  0 constraint hits
[3F[J                                                                                
  81 cycles  |  159 cyc/s  |  6280567 ns/cyc
  0 constraint hits
[3F[J                                                                                
  81 cycles  |  159 cyc/s  |  6280567 ns/cyc
  0 constraint hits
[3F[J                                                                                
  81 cycles  |  159 cyc/s  |  6280567 ns/cyc
  0 constraint hits
[3F[J                                                                                
  81 cycles  |  159 cyc/s  |  6280567 ns/cyc
  0 constraint hits
[3F[J                                                                                
  81 cycles  |  159 cyc/s  |  6280567 ns/cyc
  0 constraint hits
[3F[J                                                                                
  81 cycles  |  159 cyc/s  |  6280567 ns/cyc
  0 constraint hits
[3F[J                                                                                
  81 cycles  |  159 cyc/s  |  6280567 ns/cyc
  0 constraint hits
[3F[J                                                                                
  81 cycles  |  159 cyc/s  |  6280567 ns/cyc
  0 constraint hits
[3F[J                                                                                
  81 cycles  |  159 cyc/s  |  6280567 ns/cyc
  0 constraint hits
[3F[J                                                                                
  109 cycles  |  142 cyc/s  |  7034713 ns/cyc
  0 constraint hits
[3F[J                                                                                
  109 cycles  |  142 cyc/s  |  7034713 ns/cyc
  0 constraint hits
[3F[J                                                                                
  109 cycles  |  142 cyc/s  |  7034713 ns/cyc
  0 constraint hits
[3F[J                                                                                
  109 cycles  |  142 cyc/s  |  7034713 ns/cyc
  0 constraint hits
[3F[J                                                                                
  109 cycles  |  142 cyc/s  |  7034713 ns/cyc
  0 constraint hits
[3F[J                                                                                
  109 cycles  |  142 cyc/s  |  7034713 ns/cyc
  0 constraint hits
[3F[J                                                                                
  109 cycles  |  142 cyc/s  |  7034713 ns/cyc
  0 constraint hits
[3F[J                                                                                
  109 cycles  |  142 cyc/s  |  7034713 ns/cyc
  0 constraint hits
[3F[J                                                                                
  109 cycles  |  142 cyc/s  |  7034713 ns/cyc
  0 constraint hits
[3F[J                                                                                
  109 cycles  |  142 cyc/s  |  7034713 ns/cyc
  0 constraint hits
[3F[J                                                                                
  109 cycles  |  142 cyc/s  |  7034713 ns/cyc
  0 constraint hits
[3F[J                                                                                
  109 cycles  |  142 cyc/s  |  7034713 ns/cyc
  0 constraint hits
[3F[J                                                                                
  109 cycles  |  142 cyc/s  |  7034713 ns/cyc
  0 constraint hits
[3F[J                                                                                
  109 cycles  |  142 cyc/s  |  7034713 ns/cyc
  0 constraint hits
[3F[J                                                                                
  109 cycles  |  142 cyc/s  |  7034713 ns/cyc
  0 constraint hits
[3F[J                                                                                
  109 cycles  |  142 cyc/s  |  7034713 ns/cyc
  0 constraint hits
[3F[J                                                                                
  109 cycles  |  142 cyc/s  |  7034713 ns/cyc
  0 constraint hits
[3F[J                                                                                
  109 cycles  |  142 cyc/s  |  7034713 ns/cyc
  0 constraint hits
[3F[J                                                                                
  109 cycles  |  142 cyc/s  |  7034713 ns/cyc
  0 constraint hits
[3F[J                                                                                
  109 cycles  |  142 cyc/s  |  7034713 ns/cyc
  0 constraint hits
[3F[J                                                                                
  109 cycles  |  142 cyc/s  |  7034713 ns/cyc
  0 constraint hits
[3F[J                                                                                
  109 cycles  |  142 cyc/s  |  7034713 ns/cyc
  0 constraint hits
[3F[J                                                                                
  109 cycles  |  142 cyc/s  |  7034713 ns/cyc
  0 constraint hits
[3F[J                                                                                
  109 cycles  |  142 cyc/s  |  7034713 ns/cyc
  0 constraint hits
[3F[J                                                                                
  109 cycles  |  142 cyc/s  |  7034713 ns/cyc
  0 constraint hits
[3F[J                                                                                
  109 cycles  |  142 cyc/s  |  7034713 ns/cyc
  0 constraint hits
[3F[J                                                                                
  109 cycles  |  142 cyc/s  |  7034713 ns/cyc
  0 constraint hits
[3F[J                                                                                
  109 cycles  |  142 cyc/s  |  7034713 ns/cyc
  0 constraint hits
[3F[J                                                                                
  137 cycles  |  134 cyc/s  |  7455414 ns/cyc
  0 constraint hits
[3F[J                                                                                
  137 cycles  |  134 cyc/s  |  7455414 ns/cyc
  0 constraint hits
[3F[J                                                                                
  137 cycles  |  134 cyc/s  |  7455414 ns/cyc
  0 constraint hits
[3F[J                                                                                
  137 cycles  |  134 cyc/s  |  7455414 ns/cyc
  0 constraint hits
[3F[J                                                                                
  137 cycles  |  134 cyc/s  |  7455414 ns/cyc
  0 constraint hits
[3F[J                                                                                
  137 cycles  |  134 cyc/s  |  7455414 ns/cyc
  0 constraint hits
[3F[J                                                                                
  137 cycles  |  134 cyc/s  |  7455414 ns/cyc
  0 constraint hits
[3F[J                                                                                
  137 cycles  |  134 cyc/s  |  7455414 ns/cyc
  0 constraint hits
[3F[J                                                                                
  137 cycles  |  134 cyc/s  |  7455414 ns/cyc
  0 constraint hits
[3F[J                                                                                
  137 cycles  |  134 cyc/s  |  7455414 ns/cyc
  0 constraint hits
[3F[J                                                                                
  137 cycles  |  134 cyc/s  |  7455414 ns/cyc
  0 constraint hits
[3F[J                                                                                
  137 cycles  |  134 cyc/s  |  7455414 ns/cyc
  0 constraint hits
[3F[J                                                                                
  137 cycles  |  134 cyc/s  |  7455414 ns/cyc
  0 constraint hits
[3F[J                                                                                
  137 cycles  |  134 cyc/s  |  7455414 ns/cyc
  0 constraint hits
[3F[J                                                                                
  137 cycles  |  134 cyc/s  |  7455414 ns/cyc
  0 constraint hits
[3F[J                                                                                
  137 cycles  |  134 cyc/s  |  7455414 ns/cyc
  0 constraint hits
[3F[J                                                                                
  137 cycles  |  134 cyc/s  |  7455414 ns/cyc
  0 constraint hits
[3F[J                                                                                
  137 cycles  |  134 cyc/s  |  7455414 ns/cyc
  0 constraint hits
[3F[J                                                                                
  137 cycles  |  134 cyc/s  |  7455414 ns/cyc
  0 constraint hits
[3F[J                                                                                
  137 cycles  |  134 cyc/s  |  7455414 ns/cyc
  0 constraint hits
[3F[J                                                                                
  137 cycles  |  134 cyc/s  |  7455414 ns/cyc
  0 constraint hits
[3F[J                                                                                
  137 cycles  |  134 cyc/s  |  7455414 ns/cyc
  0 constraint hits
[3F[J                                                                                
  137 cycles  |  134 cyc/s  |  7455414 ns/cyc
  0 constraint hits
[3F[J                                                                                
  137 cycles  |  134 cyc/s  |  7455414 ns/cyc
  0 constraint hits
[3F[J                                                                                
  137 cycles  |  134 cyc/s  |  7455414 ns/cyc
  0 constraint hits
[3F[J                                                                                
  137 cycles  |  134 cyc/s  |  7455414 ns/cyc
  0 constraint hits
[3F[J                                                                                
  137 cycles  |  134 cyc/s  |  7455414 ns/cyc
  0 constraint hits
[3F[J                                                                                
  137 cycles  |  134 cyc/s  |  7455414 ns/cyc
  0 constraint hits
[3F[J                                                                                
  165 cycles  |  129 cyc/s  |  7748113 ns/cyc
  0 constraint hits
[3F[J                                                                                
  165 cycles  |  129 cyc/s  |  7748113 ns/cyc
  0 constraint hits
[3F[J                                                                                
  165 cycles  |  129 cyc/s  |  7748113 ns/cyc
  0 constraint hits
[3F[J                                                                                
  165 cycles  |  129 cyc/s  |  7748113 ns/cyc
  0 constraint hits
[3F[J                                                                                
  165 cycles  |  129 cyc/s  |  7748113 ns/cyc
  0 constraint hits
[3F[J                                                                                
  165 cycles  |  129 cyc/s  |  7748113 ns/cyc
  0 constraint hits
[3F[J                                                                                
  165 cycles  |  129 cyc/s  |  7748113 ns/cyc
  0 constraint hits
[3F[J                                                                                
  165 cycles  |  129 cyc/s  |  7748113 ns/cyc
  0 constraint hits
[3F[J                                                                                
  165 cycles  |  129 cyc/s  |  7748113 ns/cyc
  0 constraint hits
[3F[J                                                                                
  165 cycles  |  129 cyc/s  |  7748113 ns/cyc
  0 constraint hits
[3F[J                                                                                
  165 cycles  |  129 cyc/s  |  7748113 ns/cyc
  0 constraint hits
[3F[J                                                                                
  165 cycles  |  129 cyc/s  |  7748113 ns/cyc
  0 constraint hits
[3F[J                                                                                
  165 cycles  |  129 cyc/s  |  7748113 ns/cyc
  0 constraint hits
[3F[J                                                                                
  165 cycles  |  129 cyc/s  |  7748113 ns/cyc
  0 constraint hits
[3F[J                                                                                
  165 cycles  |  129 cyc/s  |  7748113 ns/cyc
  0 constraint hits
[3F[J                                                                                
  165 cycles  |  129 cyc/s  |  7748113 ns/cyc
  0 constraint hits
[3F[J                                                                                
  165 cycles  |  129 cyc/s  |  7748113 ns/cyc
  0 constraint hits
[3F[J                                                                                
  165 cycles  |  129 cyc/s  |  7748113 ns/cyc
  0 constraint hits
[3F[J                                                                                
  165 cycles  |  129 cyc/s  |  7748113 ns/cyc
  0 constraint hits
[3F[J                                                                                
  165 cycles  |  129 cyc/s  |  7748113 ns/cyc
  0 constraint hits
[3F[J                                                                                
  165 cycles  |  129 cyc/s  |  7748113 ns/cyc
  0 constraint hits
[3F[J                                                                                
  165 cycles  |  129 cyc/s  |  7748113 ns/cyc
  0 constraint hits
[3F[J                                                                                
  165 cycles  |  129 cyc/s  |  7748113 ns/cyc
  0 constraint hits
[3F[J                                                                                
  165 cycles  |  129 cyc/s  |  7748113 ns/cyc
  0 constraint hits
[3F[J                                                                                
  165 cycles  |  129 cyc/s  |  7748113 ns/cyc
  0 constraint hits
[3F[J                                                                                
  165 cycles  |  129 cyc/s  |  7748113 ns/cyc
  0 constraint hits
[3F[J                                                                                
  165 cycles  |  129 cyc/s  |  7748113 ns/cyc
  0 constraint hits
[3F[J                                                                                
  192 cycles  |  125 cyc/s  |  7961026 ns/cyc
  0 constraint hits
[3F[J                                                                                
  192 cycles  |  125 cyc/s  |  7961026 ns/cyc
  0 constraint hits
[3F[J                                                                                
  192 cycles  |  125 cyc/s  |  7961026 ns/cyc
  0 constraint hits
[3F[J                                                                                
  192 cycles  |  125 cyc/s  |  7961026 ns/cyc
  0 constraint hits
[3F[J                                                                                
  192 cycles  |  125 cyc/s  |  7961026 ns/cyc
  0 constraint hits
[3F[J                                                                                
  192 cycles  |  125 cyc/s  |  7961026 ns/cyc
  0 constraint hits
[3F[J                                                                                
  192 cycles  |  125 cyc/s  |  7961026 ns/cyc
  0 constraint hits
[3F[J                                                                                
  192 cycles  |  125 cyc/s  |  7961026 ns/cyc
  0 constraint hits
[3F[J                                                                                
  192 cycles  |  125 cyc/s  |  7961026 ns/cyc
  0 constraint hits
[3F[J                                                                                
  192 cycles  |  125 cyc/s  |  7961026 ns/cyc
  0 constraint hits
[3F[J                                                                                
  192 cycles  |  125 cyc/s  |  7961026 ns/cyc
  0 constraint hits
[3F[J                                                                                
  192 cycles  |  125 cyc/s  |  7961026 ns/cyc
  0 constraint hits
[3F[J                                                                                
  192 cycles  |  125 cyc/s  |  7961026 ns/cyc
  0 constraint hits
[3F[J                                                                                
  192 cycles  |  125 cyc/s  |  7961026 ns/cyc
  0 constraint hits
[3F[J                                                                                
  192 cycles  |  125 cyc/s  |  7961026 ns/cyc
  0 constraint hits
[3F[J                                                                                
  192 cycles  |  125 cyc/s  |  7961026 ns/cyc
  0 constraint hits
[3F[J                                                                                
  192 cycles  |  125 cyc/s  |  7961026 ns/cyc
  0 constraint hits
[3F[J                                                                                
  192 cycles  |  125 cyc/s  |  7961026 ns/cyc
  0 constraint hits
[3F[J                                                                                
  192 cycles  |  125 cyc/s  |  7961026 ns/cyc
  0 constraint hits
[3F[J                                                                                
  192 cycles  |  125 cyc/s  |  7961026 ns/cyc
  0 constraint hits
[3F[J                                                                                
  192 cycles  |  125 cyc/s  |  7961026 ns/cyc
  0 constraint hits
[3F[J                                                                                
  192 cycles  |  125 cyc/s  |  7961026 ns/cyc
  0 constraint hits
[3F[J                                                                                
  192 cycles  |  125 cyc/s  |  7961026 ns/cyc
  0 constraint hits
[3F[J                                                                                
  192 cycles  |  125 cyc/s  |  7961026 ns/cyc
  0 constraint hits
[3F[J                                                                                
  192 cycles  |  125 cyc/s  |  7961026 ns/cyc
  0 constraint hits
[3F[J                                                                                
  192 cycles  |  125 cyc/s  |  7961026 ns/cyc
  0 constraint hits
[3F[J                                                                                
  192 cycles  |  125 cyc/s  |  7961026 ns/cyc
  0 constraint hits
[3F[J                                                                                
  219 cycles  |  122 cyc/s  |  8141690 ns/cyc
  0 constraint hits
[3F[J                                                                                
  219 cycles  |  122 cyc/s  |  8141690 ns/cyc
  0 constraint hits
[3F[J                                                                                
  219 cycles  |  122 cyc/s  |  8141690 ns/cyc
  0 constraint hits
[3F[J                                                                                
  219 cycles  |  122 cyc/s  |  8141690 ns/cyc
  0 constraint hits
[3F[J                                                                                
  219 cycles  |  122 cyc/s  |  8141690 ns/cyc
  0 constraint hits
[3F[J                                                                                
  219 cycles  |  122 cyc/s  |  8141690 ns/cyc
  0 constraint hits
[3F[J                                                                                
  219 cycles  |  122 cyc/s  |  8141690 ns/cyc
  0 constraint hits
[3F[J                                                                                
  219 cycles  |  122 cyc/s  |  8141690 ns/cyc
  0 constraint hits
[3F[J                                                                                
  219 cycles  |  122 cyc/s  |  8141690 ns/cyc
  0 constraint hits
[3F[J                                                                                
  219 cycles  |  122 cyc/s  |  8141690 ns/cyc
  0 constraint hits
[3F[J                                                                                
  219 cycles  |  122 cyc/s  |  8141690 ns/cyc
  0 constraint hits
[3F[J                                                                                
  219 cycles  |  122 cyc/s  |  8141690 ns/cyc
  0 constraint hits
[3F[J                                                                                
  219 cycles  |  122 cyc/s  |  8141690 ns/cyc
  0 constraint hits
[3F[J                                                                                
  219 cycles  |  122 cyc/s  |  8141690 ns/cyc
  0 constraint hits
[3F[J                                                                                
  219 cycles  |  122 cyc/s  |  8141690 ns/cyc
  0 constraint hits
[3F[J                                                                                
  219 cycles  |  122 cyc/s  |  8141690 ns/cyc
  0 constraint hits
[3F[J                                                                                
  219 cycles  |  122 cyc/s  |  8141690 ns/cyc
  0 constraint hits
[3F[J                                                                                
  219 cycles  |  122 cyc/s  |  8141690 ns/cyc
  0 constraint hits
[3F[J                                                                                
  219 cycles  |  122 cyc/s  |  8141690 ns/cyc
  0 constraint hits
[3F[J                                                                                
  219 cycles  |  122 cyc/s  |  8141690 ns/cyc
  0 constraint hits
[3F[J                                                                                
  219 cycles  |  122 cyc/s  |  8141690 ns/cyc
  0 constraint hits
[3F[J@@TIME_PROC_AVG COUNT:240 AVG_MS:8.227
@@TIME_THROUGHPUT COUNT:240 DURATION_S:1.974547 EVENTS_PER_S:121.547
                                                                                
  219 cycles  |  122 cyc/s  |  8141690 ns/cyc
  0 constraint hits
[3F[J                                                                                
  240 cycles  |  121 cyc/s  |  8225207 ns/cyc
  240 input events parsed in 0.000s  |  8225207 ns/event avg
  0 constraint hits total
  Breakdown:
   [#0]: 0
   [#1]: 0
   [#2]: 0
   [#3]: 0
@@MONITOR_END:2026-05-14T10:10:27.393046000Z
