@@MONITOR_START:2026-05-14T09:57:46.220734000Z
                                                                                
  0 cycles
  0 constraint hits
                                                                                
  0 cycles
  0 constraint hits
                                                                                
  0 cycles
  0 constraint hits
                                                                                
  0 cycles
  0 constraint hits
                                                                                
  0 cycles
  0 constraint hits
                                                                                
  0 cycles
  0 constraint hits
                                                                                
  0 cycles
  0 constraint hits
                                                                                
  0 cycles
  0 constraint hits
                                                                                
  0 cycles
  0 constraint hits
                                                                                
  0 cycles
  0 constraint hits
                                                                                
  0 cycles
  0 constraint hits
                                                                                
  0 cycles
  0 constraint hits
                                                                                
  0 cycles
  0 constraint hits
                                                                                
  0 cycles
  0 constraint hits
                                                                                
  0 cycles
  0 constraint hits
                                                                                
  0 cycles
  0 constraint hits
                                                                                
  0 cycles
  0 constraint hits
                                                                                
  0 cycles
  0 constraint hits
                                                                                
  0 cycles
  0 constraint hits
                                                                                
  0 cycles
  0 constraint hits
                                                                                
  0 cycles
  0 constraint hits
                                                                                
  0 cycles
  0 constraint hits
                                                                                
  0 cycles
  0 constraint hits
                                                                                
  0 cycles
  0 constraint hits
                                                                                
  0 cycles
  0 constraint hits
                                                                                
  0 cycles
  0 constraint hits
                                                                                
  0 cycles
  0 constraint hits
                                                                                
  0 cycles
  0 constraint hits
                                                                                
  0 cycles
  0 constraint hits
                                                                                
  0 cycles
  0 constraint hits
                                                                                
  0 cycles
  0 constraint hits
                                                                                
  0 cycles
  0 constraint hits
                                                                                
  33 cycles  |  129 cyc/s  |  7725723 ns/cyc
  0 constraint hits
                                                                                
  33 cycles  |  129 cyc/s  |  7725723 ns/cyc
  0 constraint hits
                                                                                
  33 cycles  |  129 cyc/s  |  7725723 ns/cyc
  0 constraint hits
                                                                                
  33 cycles  |  129 cyc/s  |  7725723 ns/cyc
  0 constraint hits
                                                                                
  33 cycles  |  129 cyc/s  |  7725723 ns/cyc
  0 constraint hits
                                                                                
  33 cycles  |  129 cyc/s  |  7725723 ns/cyc
  0 constraint hits
                                                                                
  33 cycles  |  129 cyc/s  |  7725723 ns/cyc
  0 constraint hits
                                                                                
  33 cycles  |  129 cyc/s  |  7725723 ns/cyc
  0 constraint hits
                                                                                
  33 cycles  |  129 cyc/s  |  7725723 ns/cyc
  0 constraint hits
                                                                                
  33 cycles  |  129 cyc/s  |  7725723 ns/cyc
  0 constraint hits
                                                                                
  33 cycles  |  129 cyc/s  |  7725723 ns/cyc
  0 constraint hits
                                                                                
  33 cycles  |  129 cyc/s  |  7725723 ns/cyc
  0 constraint hits
                                                                                
  33 cycles  |  129 cyc/s  |  7725723 ns/cyc
  0 constraint hits
                                                                                
  33 cycles  |  129 cyc/s  |  7725723 ns/cyc
  0 constraint hits
                                                                                
  33 cycles  |  129 cyc/s  |  7725723 ns/cyc
  0 constraint hits
                                                                                
  33 cycles  |  129 cyc/s  |  7725723 ns/cyc
  0 constraint hits
                                                                                
  33 cycles  |  129 cyc/s  |  7725723 ns/cyc
  0 constraint hits
                                                                                
  33 cycles  |  129 cyc/s  |  7725723 ns/cyc
  0 constraint hits
                                                                                
  51 cycles  |  98 cyc/s  |  10136410 ns/cyc
  0 constraint hits
                                                                                
  51 cycles  |  98 cyc/s  |  10136410 ns/cyc
  0 constraint hits
                                                                                
  51 cycles  |  98 cyc/s  |  10136410 ns/cyc
  0 constraint hits
                                                                                
  51 cycles  |  98 cyc/s  |  10136410 ns/cyc
  0 constraint hits
                                                                                
  51 cycles  |  98 cyc/s  |  10136410 ns/cyc
  0 constraint hits
                                                                                
  51 cycles  |  98 cyc/s  |  10136410 ns/cyc
  0 constraint hits
                                                                                
  51 cycles  |  98 cyc/s  |  10136410 ns/cyc
  0 constraint hits
                                                                                
  51 cycles  |  98 cyc/s  |  10136410 ns/cyc
  0 constraint hits
                                                                                
  51 cycles  |  98 cyc/s  |  10136410 ns/cyc
  0 constraint hits
                                                                                
  51 cycles  |  98 cyc/s  |  10136410 ns/cyc
  0 constraint hits
                                                                                
  51 cycles  |  98 cyc/s  |  10136410 ns/cyc
  0 constraint hits
                                                                                
  51 cycles  |  98 cyc/s  |  10136410 ns/cyc
  0 constraint hits
                                                                                
  51 cycles  |  98 cyc/s  |  10136410 ns/cyc
  0 constraint hits
                                                                                
  51 cycles  |  98 cyc/s  |  10136410 ns/cyc
  0 constraint hits
                                                                                
  51 cycles  |  98 cyc/s  |  10136410 ns/cyc
  0 constraint hits
                                                                                
  51 cycles  |  98 cyc/s  |  10136410 ns/cyc
  0 constraint hits
                                                                                
  51 cycles  |  98 cyc/s  |  10136410 ns/cyc
  0 constraint hits
                                                                                
  68 cycles  |  88 cyc/s  |  11300719 ns/cyc
  0 constraint hits
                                                                                
  68 cycles  |  88 cyc/s  |  11300719 ns/cyc
  0 constraint hits
                                                                                
  68 cycles  |  88 cyc/s  |  11300719 ns/cyc
  0 constraint hits
                                                                                
  68 cycles  |  88 cyc/s  |  11300719 ns/cyc
  0 constraint hits
                                                                                
  68 cycles  |  88 cyc/s  |  11300719 ns/cyc
  0 constraint hits
                                                                                
  68 cycles  |  88 cyc/s  |  11300719 ns/cyc
  0 constraint hits
                                                                                
  68 cycles  |  88 cyc/s  |  11300719 ns/cyc
  0 constraint hits
                                                                                
  68 cycles  |  88 cyc/s  |  11300719 ns/cyc
  0 constraint hits
                                                                                
  68 cycles  |  88 cyc/s  |  11300719 ns/cyc
  0 constraint hits
                                                                                
  68 cycles  |  88 cyc/s  |  11300719 ns/cyc
  0 constraint hits
                                                                                
  68 cycles  |  88 cyc/s  |  11300719 ns/cyc
  0 constraint hits
                                                                                
  68 cycles  |  88 cyc/s  |  11300719 ns/cyc
  0 constraint hits
                                                                                
  68 cycles  |  88 cyc/s  |  11300719 ns/cyc
  0 constraint hits
                                                                                
  68 cycles  |  88 cyc/s  |  11300719 ns/cyc
  0 constraint hits
                                                                                
  68 cycles  |  88 cyc/s  |  11300719 ns/cyc
  0 constraint hits
                                                                                
  68 cycles  |  88 cyc/s  |  11300719 ns/cyc
  0 constraint hits
                                                                                
  68 cycles  |  88 cyc/s  |  11300719 ns/cyc
  0 constraint hits
                                                                                
  68 cycles  |  88 cyc/s  |  11300719 ns/cyc
  0 constraint hits
                                                                                
  86 cycles  |  83 cyc/s  |  11981339 ns/cyc
  0 constraint hits
                                                                                
  86 cycles  |  83 cyc/s  |  11981339 ns/cyc
  0 constraint hits
                                                                                
  86 cycles  |  83 cyc/s  |  11981339 ns/cyc
  0 constraint hits
                                                                                
  86 cycles  |  83 cyc/s  |  11981339 ns/cyc
  0 constraint hits
                                                                                
  86 cycles  |  83 cyc/s  |  11981339 ns/cyc
  0 constraint hits
                                                                                
  86 cycles  |  83 cyc/s  |  11981339 ns/cyc
  0 constraint hits
                                                                                
  86 cycles  |  83 cyc/s  |  11981339 ns/cyc
  0 constraint hits
                                                                                
  86 cycles  |  83 cyc/s  |  11981339 ns/cyc
  0 constraint hits
                                                                                
  86 cycles  |  83 cyc/s  |  11981339 ns/cyc
  0 constraint hits
                                                                                
  86 cycles  |  83 cyc/s  |  11981339 ns/cyc
  0 constraint hits
                                                                                
  86 cycles  |  83 cyc/s  |  11981339 ns/cyc
  0 constraint hits
                                                                                
  86 cycles  |  83 cyc/s  |  11981339 ns/cyc
  0 constraint hits
                                                                                
  86 cycles  |  83 cyc/s  |  11981339 ns/cyc
  0 constraint hits
                                                                                
  86 cycles  |  83 cyc/s  |  11981339 ns/cyc
  0 constraint hits
                                                                                
  86 cycles  |  83 cyc/s  |  11981339 ns/cyc
  0 constraint hits
                                                                                
  86 cycles  |  83 cyc/s  |  11981339 ns/cyc
  0 constraint hits
                                                                                
  86 cycles  |  83 cyc/s  |  11981339 ns/cyc
  0 constraint hits
                                                                                
  103 cycles  |  80 cyc/s  |  12442434 ns/cyc
  0 constraint hits
                                                                                
  103 cycles  |  80 cyc/s  |  12442434 ns/cyc
  0 constraint hits
                                                                                
  103 cycles  |  80 cyc/s  |  12442434 ns/cyc
  0 constraint hits
                                                                                
  103 cycles  |  80 cyc/s  |  12442434 ns/cyc
  0 constraint hits
                                                                                
  103 cycles  |  80 cyc/s  |  12442434 ns/cyc
  0 constraint hits
                                                                                
  103 cycles  |  80 cyc/s  |  12442434 ns/cyc
  0 constraint hits
                                                                                
  103 cycles  |  80 cyc/s  |  12442434 ns/cyc
  0 constraint hits
                                                                                
  103 cycles  |  80 cyc/s  |  12442434 ns/cyc
  0 constraint hits
                                                                                
  103 cycles  |  80 cyc/s  |  12442434 ns/cyc
  0 constraint hits
                                                                                
  103 cycles  |  80 cyc/s  |  12442434 ns/cyc
  0 constraint hits
                                                                                
  103 cycles  |  80 cyc/s  |  12442434 ns/cyc
  0 constraint hits
                                                                                
  103 cycles  |  80 cyc/s  |  12442434 ns/cyc
  0 constraint hits
                                                                                
  103 cycles  |  80 cyc/s  |  12442434 ns/cyc
  0 constraint hits
                                                                                
  103 cycles  |  80 cyc/s  |  12442434 ns/cyc
  0 constraint hits
                                                                                
  103 cycles  |  80 cyc/s  |  12442434 ns/cyc
  0 constraint hits
                                                                                
  103 cycles  |  80 cyc/s  |  12442434 ns/cyc
  0 constraint hits
                                                                                
  103 cycles  |  80 cyc/s  |  12442434 ns/cyc
  0 constraint hits
                                                                                
  120 cycles  |  78 cyc/s  |  12765186 ns/cyc
  0 constraint hits
                                                                                
  120 cycles  |  78 cyc/s  |  12765186 ns/cyc
  0 constraint hits
                                                                                
  120 cycles  |  78 cyc/s  |  12765186 ns/cyc
  0 constraint hits
                                                                                
  120 cycles  |  78 cyc/s  |  12765186 ns/cyc
  0 constraint hits
                                                                                
  120 cycles  |  78 cyc/s  |  12765186 ns/cyc
  0 constraint hits
                                                                                
  120 cycles  |  78 cyc/s  |  12765186 ns/cyc
  0 constraint hits
                                                                                
  120 cycles  |  78 cyc/s  |  12765186 ns/cyc
  0 constraint hits
                                                                                
  120 cycles  |  78 cyc/s  |  12765186 ns/cyc
  0 constraint hits
                                                                                
  120 cycles  |  78 cyc/s  |  12765186 ns/cyc
  0 constraint hits
                                                                                
  120 cycles  |  78 cyc/s  |  12765186 ns/cyc
  0 constraint hits
                                                                                
  120 cycles  |  78 cyc/s  |  12765186 ns/cyc
  0 constraint hits
                                                                                
  120 cycles  |  78 cyc/s  |  12765186 ns/cyc
  0 constraint hits
                                                                                
  120 cycles  |  78 cyc/s  |  12765186 ns/cyc
  0 constraint hits
                                                                                
  120 cycles  |  78 cyc/s  |  12765186 ns/cyc
  0 constraint hits
                                                                                
  120 cycles  |  78 cyc/s  |  12765186 ns/cyc
  0 constraint hits
                                                                                
  120 cycles  |  78 cyc/s  |  12765186 ns/cyc
  0 constraint hits
                                                                                
  120 cycles  |  78 cyc/s  |  12765186 ns/cyc
  0 constraint hits
                                                                                
  120 cycles  |  78 cyc/s  |  12765186 ns/cyc
  0 constraint hits
                                                                                
  138 cycles  |  76 cyc/s  |  13008550 ns/cyc
  0 constraint hits
                                                                                
  138 cycles  |  76 cyc/s  |  13008550 ns/cyc
  0 constraint hits
                                                                                
  138 cycles  |  76 cyc/s  |  13008550 ns/cyc
  0 constraint hits
                                                                                
  138 cycles  |  76 cyc/s  |  13008550 ns/cyc
  0 constraint hits
                                                                                
  138 cycles  |  76 cyc/s  |  13008550 ns/cyc
  0 constraint hits
                                                                                
  138 cycles  |  76 cyc/s  |  13008550 ns/cyc
  0 constraint hits
                                                                                
  138 cycles  |  76 cyc/s  |  13008550 ns/cyc
  0 constraint hits
                                                                                
  138 cycles  |  76 cyc/s  |  13008550 ns/cyc
  0 constraint hits
                                                                                
  138 cycles  |  76 cyc/s  |  13008550 ns/cyc
  0 constraint hits
                                                                                
  138 cycles  |  76 cyc/s  |  13008550 ns/cyc
  0 constraint hits
                                                                                
  138 cycles  |  76 cyc/s  |  13008550 ns/cyc
  0 constraint hits
                                                                                
  138 cycles  |  76 cyc/s  |  13008550 ns/cyc
  0 constraint hits
                                                                                
  138 cycles  |  76 cyc/s  |  13008550 ns/cyc
  0 constraint hits
                                                                                
  138 cycles  |  76 cyc/s  |  13008550 ns/cyc
  0 constraint hits
                                                                                
  138 cycles  |  76 cyc/s  |  13008550 ns/cyc
  0 constraint hits
                                                                                
  138 cycles  |  76 cyc/s  |  13008550 ns/cyc
  0 constraint hits
                                                                                
  138 cycles  |  76 cyc/s  |  13008550 ns/cyc
  0 constraint hits
                                                                                
  138 cycles  |  76 cyc/s  |  13008550 ns/cyc
  0 constraint hits
                                                                                
  156 cycles  |  75 cyc/s  |  13200553 ns/cyc
  0 constraint hits
                                                                                
  156 cycles  |  75 cyc/s  |  13200553 ns/cyc
  0 constraint hits
                                                                                
  156 cycles  |  75 cyc/s  |  13200553 ns/cyc
  0 constraint hits
                                                                                
  156 cycles  |  75 cyc/s  |  13200553 ns/cyc
  0 constraint hits
                                                                                
  156 cycles  |  75 cyc/s  |  13200553 ns/cyc
  0 constraint hits
                                                                                
  156 cycles  |  75 cyc/s  |  13200553 ns/cyc
  0 constraint hits
                                                                                
  156 cycles  |  75 cyc/s  |  13200553 ns/cyc
  0 constraint hits
                                                                                
  156 cycles  |  75 cyc/s  |  13200553 ns/cyc
  0 constraint hits
                                                                                
  156 cycles  |  75 cyc/s  |  13200553 ns/cyc
  0 constraint hits
                                                                                
  156 cycles  |  75 cyc/s  |  13200553 ns/cyc
  0 constraint hits
                                                                                
  156 cycles  |  75 cyc/s  |  13200553 ns/cyc
  0 constraint hits
                                                                                
  156 cycles  |  75 cyc/s  |  13200553 ns/cyc
  0 constraint hits
                                                                                
  156 cycles  |  75 cyc/s  |  13200553 ns/cyc
  0 constraint hits
                                                                                
  156 cycles  |  75 cyc/s  |  13200553 ns/cyc
  0 constraint hits
                                                                                
  156 cycles  |  75 cyc/s  |  13200553 ns/cyc
  0 constraint hits
                                                                                
  156 cycles  |  75 cyc/s  |  13200553 ns/cyc
  0 constraint hits
                                                                                
  156 cycles  |  75 cyc/s  |  13200553 ns/cyc
  0 constraint hits
                                                                                
  156 cycles  |  75 cyc/s  |  13200553 ns/cyc
  0 constraint hits
                                                                                
  174 cycles  |  74 cyc/s  |  13347258 ns/cyc
  0 constraint hits
                                                                                
  174 cycles  |  74 cyc/s  |  13347258 ns/cyc
  0 constraint hits
                                                                                
  174 cycles  |  74 cyc/s  |  13347258 ns/cyc
  0 constraint hits
                                                                                
  174 cycles  |  74 cyc/s  |  13347258 ns/cyc
  0 constraint hits
                                                                                
  174 cycles  |  74 cyc/s  |  13347258 ns/cyc
  0 constraint hits
                                                                                
  174 cycles  |  74 cyc/s  |  13347258 ns/cyc
  0 constraint hits
                                                                                
  174 cycles  |  74 cyc/s  |  13347258 ns/cyc
  0 constraint hits
                                                                                
  174 cycles  |  74 cyc/s  |  13347258 ns/cyc
  0 constraint hits
                                                                                
  174 cycles  |  74 cyc/s  |  13347258 ns/cyc
  0 constraint hits
                                                                                
  174 cycles  |  74 cyc/s  |  13347258 ns/cyc
  0 constraint hits
                                                                                
  174 cycles  |  74 cyc/s  |  13347258 ns/cyc
  0 constraint hits
                                                                                
  174 cycles  |  74 cyc/s  |  13347258 ns/cyc
  0 constraint hits
                                                                                
  174 cycles  |  74 cyc/s  |  13347258 ns/cyc
  0 constraint hits
                                                                                
  174 cycles  |  74 cyc/s  |  13347258 ns/cyc
  0 constraint hits
                                                                                
  174 cycles  |  74 cyc/s  |  13347258 ns/cyc
  0 constraint hits
                                                                                
  174 cycles  |  74 cyc/s  |  13347258 ns/cyc
  0 constraint hits
                                                                                
  174 cycles  |  74 cyc/s  |  13347258 ns/cyc
  0 constraint hits
                                                                                
  174 cycles  |  74 cyc/s  |  13347258 ns/cyc
  0 constraint hits
                                                                                
  192 cycles  |  74 cyc/s  |  13471867 ns/cyc
  0 constraint hits
                                                                                
  192 cycles  |  74 cyc/s  |  13471867 ns/cyc
  0 constraint hits
                                                                                
  192 cycles  |  74 cyc/s  |  13471867 ns/cyc
  0 constraint hits
                                                                                
  192 cycles  |  74 cyc/s  |  13471867 ns/cyc
  0 constraint hits
                                                                                
  192 cycles  |  74 cyc/s  |  13471867 ns/cyc
  0 constraint hits
                                                                                
  192 cycles  |  74 cyc/s  |  13471867 ns/cyc
  0 constraint hits
                                                                                
  192 cycles  |  74 cyc/s  |  13471867 ns/cyc
  0 constraint hits
                                                                                
  192 cycles  |  74 cyc/s  |  13471867 ns/cyc
  0 constraint hits
                                                                                
  192 cycles  |  74 cyc/s  |  13471867 ns/cyc
  0 constraint hits
                                                                                
  192 cycles  |  74 cyc/s  |  13471867 ns/cyc
  0 constraint hits
                                                                                
  192 cycles  |  74 cyc/s  |  13471867 ns/cyc
  0 constraint hits
                                                                                
  192 cycles  |  74 cyc/s  |  13471867 ns/cyc
  0 constraint hits
                                                                                
  192 cycles  |  74 cyc/s  |  13471867 ns/cyc
  0 constraint hits
                                                                                
  192 cycles  |  74 cyc/s  |  13471867 ns/cyc
  0 constraint hits
                                                                                
  192 cycles  |  74 cyc/s  |  13471867 ns/cyc
  0 constraint hits
                                                                                
  192 cycles  |  74 cyc/s  |  13471867 ns/cyc
  0 constraint hits
                                                                                
  192 cycles  |  74 cyc/s  |  13471867 ns/cyc
  0 constraint hits
                                                                                
  209 cycles  |  73 cyc/s  |  13579088 ns/cyc
  0 constraint hits
                                                                                
  209 cycles  |  73 cyc/s  |  13579088 ns/cyc
  0 constraint hits
                                                                                
  209 cycles  |  73 cyc/s  |  13579088 ns/cyc
  0 constraint hits
                                                                                
  209 cycles  |  73 cyc/s  |  13579088 ns/cyc
  0 constraint hits
                                                                                
  209 cycles  |  73 cyc/s  |  13579088 ns/cyc
  0 constraint hits
                                                                                
  209 cycles  |  73 cyc/s  |  13579088 ns/cyc
  0 constraint hits
                                                                                
  209 cycles  |  73 cyc/s  |  13579088 ns/cyc
  0 constraint hits
                                                                                
  209 cycles  |  73 cyc/s  |  13579088 ns/cyc
  0 constraint hits
                                                                                
  209 cycles  |  73 cyc/s  |  13579088 ns/cyc
  0 constraint hits
                                                                                
  209 cycles  |  73 cyc/s  |  13579088 ns/cyc
  0 constraint hits
                                                                                
  209 cycles  |  73 cyc/s  |  13579088 ns/cyc
  0 constraint hits
                                                                                
  209 cycles  |  73 cyc/s  |  13579088 ns/cyc
  0 constraint hits
                                                                                
  209 cycles  |  73 cyc/s  |  13579088 ns/cyc
  0 constraint hits
                                                                                
  209 cycles  |  73 cyc/s  |  13579088 ns/cyc
  0 constraint hits
                                                                                
  209 cycles  |  73 cyc/s  |  13579088 ns/cyc
  0 constraint hits
                                                                                
  209 cycles  |  73 cyc/s  |  13579088 ns/cyc
  0 constraint hits
                                                                                
  209 cycles  |  73 cyc/s  |  13579088 ns/cyc
  0 constraint hits
                                                                                
  226 cycles  |  73 cyc/s  |  13672313 ns/cyc
  0 constraint hits
                                                                                
  226 cycles  |  73 cyc/s  |  13672313 ns/cyc
  0 constraint hits
                                                                                
  226 cycles  |  73 cyc/s  |  13672313 ns/cyc
  0 constraint hits
                                                                                
  226 cycles  |  73 cyc/s  |  13672313 ns/cyc
  0 constraint hits
                                                                                
  226 cycles  |  73 cyc/s  |  13672313 ns/cyc
  0 constraint hits
                                                                                
  226 cycles  |  73 cyc/s  |  13672313 ns/cyc
  0 constraint hits
                                                                                
  226 cycles  |  73 cyc/s  |  13672313 ns/cyc
  0 constraint hits
                                                                                
  226 cycles  |  73 cyc/s  |  13672313 ns/cyc
  0 constraint hits
                                                                                
  226 cycles  |  73 cyc/s  |  13672313 ns/cyc
  0 constraint hits
                                                                                
  226 cycles  |  73 cyc/s  |  13672313 ns/cyc
  0 constraint hits
                                                                                
  226 cycles  |  73 cyc/s  |  13672313 ns/cyc
  0 constraint hits
                                                                                
  226 cycles  |  73 cyc/s  |  13672313 ns/cyc
  0 constraint hits
                                                                                
  226 cycles  |  73 cyc/s  |  13672313 ns/cyc
  0 constraint hits
                                                                                
  226 cycles  |  73 cyc/s  |  13672313 ns/cyc
  0 constraint hits
                                                                                
  226 cycles  |  73 cyc/s  |  13672313 ns/cyc
  0 constraint hits
                                                                                
  226 cycles  |  73 cyc/s  |  13672313 ns/cyc
  0 constraint hits
                                                                                
  226 cycles  |  73 cyc/s  |  13672313 ns/cyc
  0 constraint hits
                                                                                
  226 cycles  |  73 cyc/s  |  13672313 ns/cyc
  0 constraint hits
                                                                                
  244 cycles  |  72 cyc/s  |  13743852 ns/cyc
  0 constraint hits
                                                                                
  244 cycles  |  72 cyc/s  |  13743852 ns/cyc
  0 constraint hits
                                                                                
  244 cycles  |  72 cyc/s  |  13743852 ns/cyc
  0 constraint hits
                                                                                
  244 cycles  |  72 cyc/s  |  13743852 ns/cyc
  0 constraint hits
                                                                                
  244 cycles  |  72 cyc/s  |  13743852 ns/cyc
  0 constraint hits
                                                                                
  244 cycles  |  72 cyc/s  |  13743852 ns/cyc
  0 constraint hits
                                                                                
  244 cycles  |  72 cyc/s  |  13743852 ns/cyc
  0 constraint hits
                                                                                
  244 cycles  |  72 cyc/s  |  13743852 ns/cyc
  0 constraint hits
                                                                                
  244 cycles  |  72 cyc/s  |  13743852 ns/cyc
  0 constraint hits
                                                                                
  244 cycles  |  72 cyc/s  |  13743852 ns/cyc
  0 constraint hits
                                                                                
  244 cycles  |  72 cyc/s  |  13743852 ns/cyc
  0 constraint hits
                                                                                
  244 cycles  |  72 cyc/s  |  13743852 ns/cyc
  0 constraint hits
                                                                                
  244 cycles  |  72 cyc/s  |  13743852 ns/cyc
  0 constraint hits
                                                                                
  244 cycles  |  72 cyc/s  |  13743852 ns/cyc
  0 constraint hits
                                                                                
  244 cycles  |  72 cyc/s  |  13743852 ns/cyc
  0 constraint hits
                                                                                
  244 cycles  |  72 cyc/s  |  13743852 ns/cyc
  0 constraint hits
                                                                                
  244 cycles  |  72 cyc/s  |  13743852 ns/cyc
  0 constraint hits
                                                                                
  244 cycles  |  72 cyc/s  |  13743852 ns/cyc
  0 constraint hits
                                                                                
  262 cycles  |  72 cyc/s  |  13805304 ns/cyc
  0 constraint hits
                                                                                
  262 cycles  |  72 cyc/s  |  13805304 ns/cyc
  0 constraint hits
                                                                                
  262 cycles  |  72 cyc/s  |  13805304 ns/cyc
  0 constraint hits
                                                                                
  262 cycles  |  72 cyc/s  |  13805304 ns/cyc
  0 constraint hits
                                                                                
  262 cycles  |  72 cyc/s  |  13805304 ns/cyc
  0 constraint hits
                                                                                
  262 cycles  |  72 cyc/s  |  13805304 ns/cyc
  0 constraint hits
                                                                                
  262 cycles  |  72 cyc/s  |  13805304 ns/cyc
  0 constraint hits
                                                                                
  262 cycles  |  72 cyc/s  |  13805304 ns/cyc
  0 constraint hits
                                                                                
  262 cycles  |  72 cyc/s  |  13805304 ns/cyc
  0 constraint hits
                                                                                
  262 cycles  |  72 cyc/s  |  13805304 ns/cyc
  0 constraint hits
                                                                                
  262 cycles  |  72 cyc/s  |  13805304 ns/cyc
  0 constraint hits
                                                                                
  262 cycles  |  72 cyc/s  |  13805304 ns/cyc
  0 constraint hits
                                                                                
  262 cycles  |  72 cyc/s  |  13805304 ns/cyc
  0 constraint hits
                                                                                
  262 cycles  |  72 cyc/s  |  13805304 ns/cyc
  0 constraint hits
                                                                                
  262 cycles  |  72 cyc/s  |  13805304 ns/cyc
  0 constraint hits
                                                                                
  262 cycles  |  72 cyc/s  |  13805304 ns/cyc
  0 constraint hits
                                                                                
  262 cycles  |  72 cyc/s  |  13805304 ns/cyc
  0 constraint hits
                                                                                
  262 cycles  |  72 cyc/s  |  13805304 ns/cyc
  0 constraint hits
                                                                                
  280 cycles  |  72 cyc/s  |  13844411 ns/cyc
  0 constraint hits
                                                                                
  280 cycles  |  72 cyc/s  |  13844411 ns/cyc
  0 constraint hits
                                                                                
  280 cycles  |  72 cyc/s  |  13844411 ns/cyc
  0 constraint hits
                                                                                
  280 cycles  |  72 cyc/s  |  13844411 ns/cyc
  0 constraint hits
                                                                                
  280 cycles  |  72 cyc/s  |  13844411 ns/cyc
  0 constraint hits
                                                                                
  280 cycles  |  72 cyc/s  |  13844411 ns/cyc
  0 constraint hits
                                                                                
  280 cycles  |  72 cyc/s  |  13844411 ns/cyc
  0 constraint hits
                                                                                
  280 cycles  |  72 cyc/s  |  13844411 ns/cyc
  0 constraint hits
                                                                                
  280 cycles  |  72 cyc/s  |  13844411 ns/cyc
  0 constraint hits
                                                                                
  280 cycles  |  72 cyc/s  |  13844411 ns/cyc
  0 constraint hits
                                                                                
  280 cycles  |  72 cyc/s  |  13844411 ns/cyc
  0 constraint hits
                                                                                
  280 cycles  |  72 cyc/s  |  13844411 ns/cyc
  0 constraint hits
                                                                                
  280 cycles  |  72 cyc/s  |  13844411 ns/cyc
  0 constraint hits
                                                                                
  280 cycles  |  72 cyc/s  |  13844411 ns/cyc
  0 constraint hits
                                                                                
  280 cycles  |  72 cyc/s  |  13844411 ns/cyc
  0 constraint hits
                                                                                
  280 cycles  |  72 cyc/s  |  13844411 ns/cyc
  0 constraint hits
                                                                                
  280 cycles  |  72 cyc/s  |  13844411 ns/cyc
  0 constraint hits
                                                                                
  280 cycles  |  72 cyc/s  |  13844411 ns/cyc
  0 constraint hits
                                                                                
  298 cycles  |  71 cyc/s  |  13895095 ns/cyc
  0 constraint hits
                                                                                
  298 cycles  |  71 cyc/s  |  13895095 ns/cyc
  0 constraint hits
                                                                                
  298 cycles  |  71 cyc/s  |  13895095 ns/cyc
  0 constraint hits
                                                                                
  298 cycles  |  71 cyc/s  |  13895095 ns/cyc
  0 constraint hits
                                                                                
  298 cycles  |  71 cyc/s  |  13895095 ns/cyc
  0 constraint hits
                                                                                
  298 cycles  |  71 cyc/s  |  13895095 ns/cyc
  0 constraint hits
                                                                                
  298 cycles  |  71 cyc/s  |  13895095 ns/cyc
  0 constraint hits
                                                                                
  298 cycles  |  71 cyc/s  |  13895095 ns/cyc
  0 constraint hits
                                                                                
  298 cycles  |  71 cyc/s  |  13895095 ns/cyc
  0 constraint hits
                                                                                
  298 cycles  |  71 cyc/s  |  13895095 ns/cyc
  0 constraint hits
                                                                                
  298 cycles  |  71 cyc/s  |  13895095 ns/cyc
  0 constraint hits
                                                                                
  298 cycles  |  71 cyc/s  |  13895095 ns/cyc
  0 constraint hits
                                                                                
  298 cycles  |  71 cyc/s  |  13895095 ns/cyc
  0 constraint hits
                                                                                
  298 cycles  |  71 cyc/s  |  13895095 ns/cyc
  0 constraint hits
                                                                                
  298 cycles  |  71 cyc/s  |  13895095 ns/cyc
  0 constraint hits
                                                                                
  298 cycles  |  71 cyc/s  |  13895095 ns/cyc
  0 constraint hits
                                                                                
  298 cycles  |  71 cyc/s  |  13895095 ns/cyc
  0 constraint hits
                                                                                
  315 cycles  |  71 cyc/s  |  13941774 ns/cyc
  0 constraint hits
                                                                                
  315 cycles  |  71 cyc/s  |  13941774 ns/cyc
  0 constraint hits
                                                                                
  315 cycles  |  71 cyc/s  |  13941774 ns/cyc
  0 constraint hits
                                                                                
  315 cycles  |  71 cyc/s  |  13941774 ns/cyc
  0 constraint hits
                                                                                
  315 cycles  |  71 cyc/s  |  13941774 ns/cyc
  0 constraint hits
                                                                                
  315 cycles  |  71 cyc/s  |  13941774 ns/cyc
  0 constraint hits
                                                                                
  315 cycles  |  71 cyc/s  |  13941774 ns/cyc
  0 constraint hits
                                                                                
  315 cycles  |  71 cyc/s  |  13941774 ns/cyc
  0 constraint hits
                                                                                
  315 cycles  |  71 cyc/s  |  13941774 ns/cyc
  0 constraint hits
                                                                                
  315 cycles  |  71 cyc/s  |  13941774 ns/cyc
  0 constraint hits
                                                                                
  315 cycles  |  71 cyc/s  |  13941774 ns/cyc
  0 constraint hits
                                                                                
  315 cycles  |  71 cyc/s  |  13941774 ns/cyc
  0 constraint hits
                                                                                
  315 cycles  |  71 cyc/s  |  13941774 ns/cyc
  0 constraint hits
                                                                                
  315 cycles  |  71 cyc/s  |  13941774 ns/cyc
  0 constraint hits
                                                                                
  315 cycles  |  71 cyc/s  |  13941774 ns/cyc
  0 constraint hits
                                                                                
  315 cycles  |  71 cyc/s  |  13941774 ns/cyc
  0 constraint hits
                                                                                
  315 cycles  |  71 cyc/s  |  13941774 ns/cyc
  0 constraint hits
                                                                                
  332 cycles  |  71 cyc/s  |  13983541 ns/cyc
  0 constraint hits
                                                                                
  332 cycles  |  71 cyc/s  |  13983541 ns/cyc
  0 constraint hits
                                                                                
  332 cycles  |  71 cyc/s  |  13983541 ns/cyc
  0 constraint hits
                                                                                
  332 cycles  |  71 cyc/s  |  13983541 ns/cyc
  0 constraint hits
                                                                                
  332 cycles  |  71 cyc/s  |  13983541 ns/cyc
  0 constraint hits
                                                                                
  332 cycles  |  71 cyc/s  |  13983541 ns/cyc
  0 constraint hits
                                                                                
  332 cycles  |  71 cyc/s  |  13983541 ns/cyc
  0 constraint hits
                                                                                
  332 cycles  |  71 cyc/s  |  13983541 ns/cyc
  0 constraint hits
                                                                                
  332 cycles  |  71 cyc/s  |  13983541 ns/cyc
  0 constraint hits
                                                                                
  332 cycles  |  71 cyc/s  |  13983541 ns/cyc
  0 constraint hits
                                                                                
  332 cycles  |  71 cyc/s  |  13983541 ns/cyc
  0 constraint hits
                                                                                
  332 cycles  |  71 cyc/s  |  13983541 ns/cyc
  0 constraint hits
                                                                                
  332 cycles  |  71 cyc/s  |  13983541 ns/cyc
  0 constraint hits
                                                                                
  332 cycles  |  71 cyc/s  |  13983541 ns/cyc
  0 constraint hits
                                                                                
  332 cycles  |  71 cyc/s  |  13983541 ns/cyc
  0 constraint hits
                                                                                
  332 cycles  |  71 cyc/s  |  13983541 ns/cyc
  0 constraint hits
                                                                                
  332 cycles  |  71 cyc/s  |  13983541 ns/cyc
  0 constraint hits
                                                                                
  332 cycles  |  71 cyc/s  |  13983541 ns/cyc
  0 constraint hits
                                                                                
  350 cycles  |  71 cyc/s  |  14001720 ns/cyc
  0 constraint hits
                                                                                
  350 cycles  |  71 cyc/s  |  14001720 ns/cyc
  0 constraint hits
                                                                                
  350 cycles  |  71 cyc/s  |  14001720 ns/cyc
  0 constraint hits
                                                                                
  350 cycles  |  71 cyc/s  |  14001720 ns/cyc
  0 constraint hits
                                                                                
  350 cycles  |  71 cyc/s  |  14001720 ns/cyc
  0 constraint hits
                                                                                
  350 cycles  |  71 cyc/s  |  14001720 ns/cyc
  0 constraint hits
                                                                                
  350 cycles  |  71 cyc/s  |  14001720 ns/cyc
  0 constraint hits
                                                                                
  350 cycles  |  71 cyc/s  |  14001720 ns/cyc
  0 constraint hits
                                                                                
  350 cycles  |  71 cyc/s  |  14001720 ns/cyc
  0 constraint hits
                                                                                
  350 cycles  |  71 cyc/s  |  14001720 ns/cyc
  0 constraint hits
                                                                                
  350 cycles  |  71 cyc/s  |  14001720 ns/cyc
  0 constraint hits
                                                                                
  350 cycles  |  71 cyc/s  |  14001720 ns/cyc
  0 constraint hits
                                                                                
  350 cycles  |  71 cyc/s  |  14001720 ns/cyc
  0 constraint hits
                                                                                
  350 cycles  |  71 cyc/s  |  14001720 ns/cyc
  0 constraint hits
                                                                                
  350 cycles  |  71 cyc/s  |  14001720 ns/cyc
  0 constraint hits
                                                                                
  350 cycles  |  71 cyc/s  |  14001720 ns/cyc
  0 constraint hits
                                                                                
  350 cycles  |  71 cyc/s  |  14001720 ns/cyc
  0 constraint hits
                                                                                
  350 cycles  |  71 cyc/s  |  14001720 ns/cyc
  0 constraint hits
                                                                                
  368 cycles  |  71 cyc/s  |  14022082 ns/cyc
  0 constraint hits
                                                                                
  368 cycles  |  71 cyc/s  |  14022082 ns/cyc
  0 constraint hits
                                                                                
  368 cycles  |  71 cyc/s  |  14022082 ns/cyc
  0 constraint hits
                                                                                
  368 cycles  |  71 cyc/s  |  14022082 ns/cyc
  0 constraint hits
                                                                                
  368 cycles  |  71 cyc/s  |  14022082 ns/cyc
  0 constraint hits
                                                                                
  368 cycles  |  71 cyc/s  |  14022082 ns/cyc
  0 constraint hits
                                                                                
  368 cycles  |  71 cyc/s  |  14022082 ns/cyc
  0 constraint hits
                                                                                
  368 cycles  |  71 cyc/s  |  14022082 ns/cyc
  0 constraint hits
                                                                                
  368 cycles  |  71 cyc/s  |  14022082 ns/cyc
  0 constraint hits
                                                                                
  368 cycles  |  71 cyc/s  |  14022082 ns/cyc
  0 constraint hits
                                                                                
  368 cycles  |  71 cyc/s  |  14022082 ns/cyc
  0 constraint hits
                                                                                
  368 cycles  |  71 cyc/s  |  14022082 ns/cyc
  0 constraint hits
                                                                                
  368 cycles  |  71 cyc/s  |  14022082 ns/cyc
  0 constraint hits
                                                                                
  368 cycles  |  71 cyc/s  |  14022082 ns/cyc
  0 constraint hits
                                                                                
  368 cycles  |  71 cyc/s  |  14022082 ns/cyc
  0 constraint hits
                                                                                
  368 cycles  |  71 cyc/s  |  14022082 ns/cyc
  0 constraint hits
                                                                                
  368 cycles  |  71 cyc/s  |  14022082 ns/cyc
  0 constraint hits
                                                                                
  368 cycles  |  71 cyc/s  |  14022082 ns/cyc
  0 constraint hits
                                                                                
  386 cycles  |  71 cyc/s  |  14049059 ns/cyc
  0 constraint hits
                                                                                
  386 cycles  |  71 cyc/s  |  14049059 ns/cyc
  0 constraint hits
                                                                                
  386 cycles  |  71 cyc/s  |  14049059 ns/cyc
  0 constraint hits
                                                                                
  386 cycles  |  71 cyc/s  |  14049059 ns/cyc
  0 constraint hits
                                                                                
  386 cycles  |  71 cyc/s  |  14049059 ns/cyc
  0 constraint hits
                                                                                
  386 cycles  |  71 cyc/s  |  14049059 ns/cyc
  0 constraint hits
                                                                                
  386 cycles  |  71 cyc/s  |  14049059 ns/cyc
  0 constraint hits
                                                                                
  386 cycles  |  71 cyc/s  |  14049059 ns/cyc
  0 constraint hits
                                                                                
  386 cycles  |  71 cyc/s  |  14049059 ns/cyc
  0 constraint hits
                                                                                
  386 cycles  |  71 cyc/s  |  14049059 ns/cyc
  0 constraint hits
                                                                                
  386 cycles  |  71 cyc/s  |  14049059 ns/cyc
  0 constraint hits
                                                                                
  386 cycles  |  71 cyc/s  |  14049059 ns/cyc
  0 constraint hits
                                                                                
  386 cycles  |  71 cyc/s  |  14049059 ns/cyc
  0 constraint hits
                                                                                
  386 cycles  |  71 cyc/s  |  14049059 ns/cyc
  0 constraint hits
                                                                                
  386 cycles  |  71 cyc/s  |  14049059 ns/cyc
  0 constraint hits
                                                                                
  386 cycles  |  71 cyc/s  |  14049059 ns/cyc
  0 constraint hits
                                                                                
  386 cycles  |  71 cyc/s  |  14049059 ns/cyc
  0 constraint hits
                                                                                
  403 cycles  |  71 cyc/s  |  14080365 ns/cyc
  0 constraint hits
                                                                                
  403 cycles  |  71 cyc/s  |  14080365 ns/cyc
  0 constraint hits
                                                                                
  403 cycles  |  71 cyc/s  |  14080365 ns/cyc
  0 constraint hits
                                                                                
  403 cycles  |  71 cyc/s  |  14080365 ns/cyc
  0 constraint hits
                                                                                
  403 cycles  |  71 cyc/s  |  14080365 ns/cyc
  0 constraint hits
                                                                                
  403 cycles  |  71 cyc/s  |  14080365 ns/cyc
  0 constraint hits
                                                                                
  403 cycles  |  71 cyc/s  |  14080365 ns/cyc
  0 constraint hits
                                                                                
  403 cycles  |  71 cyc/s  |  14080365 ns/cyc
  0 constraint hits
                                                                                
  403 cycles  |  71 cyc/s  |  14080365 ns/cyc
  0 constraint hits
                                                                                
  403 cycles  |  71 cyc/s  |  14080365 ns/cyc
  0 constraint hits
                                                                                
  403 cycles  |  71 cyc/s  |  14080365 ns/cyc
  0 constraint hits
                                                                                
  403 cycles  |  71 cyc/s  |  14080365 ns/cyc
  0 constraint hits
                                                                                
  403 cycles  |  71 cyc/s  |  14080365 ns/cyc
  0 constraint hits
                                                                                
  403 cycles  |  71 cyc/s  |  14080365 ns/cyc
  0 constraint hits
                                                                                
  403 cycles  |  71 cyc/s  |  14080365 ns/cyc
  0 constraint hits
                                                                                
  403 cycles  |  71 cyc/s  |  14080365 ns/cyc
  0 constraint hits
                                                                                
  403 cycles  |  71 cyc/s  |  14080365 ns/cyc
  0 constraint hits
                                                                                
  420 cycles  |  70 cyc/s  |  14107851 ns/cyc
  0 constraint hits
                                                                                
  420 cycles  |  70 cyc/s  |  14107851 ns/cyc
  0 constraint hits
                                                                                
  420 cycles  |  70 cyc/s  |  14107851 ns/cyc
  0 constraint hits
                                                                                
  420 cycles  |  70 cyc/s  |  14107851 ns/cyc
  0 constraint hits
                                                                                
  420 cycles  |  70 cyc/s  |  14107851 ns/cyc
  0 constraint hits
                                                                                
  420 cycles  |  70 cyc/s  |  14107851 ns/cyc
  0 constraint hits
                                                                                
  420 cycles  |  70 cyc/s  |  14107851 ns/cyc
  0 constraint hits
                                                                                
  420 cycles  |  70 cyc/s  |  14107851 ns/cyc
  0 constraint hits
                                                                                
  420 cycles  |  70 cyc/s  |  14107851 ns/cyc
  0 constraint hits
                                                                                
  420 cycles  |  70 cyc/s  |  14107851 ns/cyc
  0 constraint hits
                                                                                
  420 cycles  |  70 cyc/s  |  14107851 ns/cyc
  0 constraint hits
                                                                                
  420 cycles  |  70 cyc/s  |  14107851 ns/cyc
  0 constraint hits
                                                                                
  420 cycles  |  70 cyc/s  |  14107851 ns/cyc
  0 constraint hits
                                                                                
  420 cycles  |  70 cyc/s  |  14107851 ns/cyc
  0 constraint hits
                                                                                
  420 cycles  |  70 cyc/s  |  14107851 ns/cyc
  0 constraint hits
                                                                                
  420 cycles  |  70 cyc/s  |  14107851 ns/cyc
  0 constraint hits
                                                                                
  420 cycles  |  70 cyc/s  |  14107851 ns/cyc
  0 constraint hits
                                                                                
  420 cycles  |  70 cyc/s  |  14107851 ns/cyc
  0 constraint hits
                                                                                
  438 cycles  |  70 cyc/s  |  14129545 ns/cyc
  0 constraint hits
                                                                                
  438 cycles  |  70 cyc/s  |  14129545 ns/cyc
  0 constraint hits
                                                                                
  438 cycles  |  70 cyc/s  |  14129545 ns/cyc
  0 constraint hits
                                                                                
  438 cycles  |  70 cyc/s  |  14129545 ns/cyc
  0 constraint hits
                                                                                
  438 cycles  |  70 cyc/s  |  14129545 ns/cyc
  0 constraint hits
                                                                                
  438 cycles  |  70 cyc/s  |  14129545 ns/cyc
  0 constraint hits
                                                                                
  438 cycles  |  70 cyc/s  |  14129545 ns/cyc
  0 constraint hits
                                                                                
  438 cycles  |  70 cyc/s  |  14129545 ns/cyc
  0 constraint hits
                                                                                
  438 cycles  |  70 cyc/s  |  14129545 ns/cyc
  0 constraint hits
                                                                                
  438 cycles  |  70 cyc/s  |  14129545 ns/cyc
  0 constraint hits
                                                                                
  438 cycles  |  70 cyc/s  |  14129545 ns/cyc
  0 constraint hits
                                                                                
  438 cycles  |  70 cyc/s  |  14129545 ns/cyc
  0 constraint hits
                                                                                
  438 cycles  |  70 cyc/s  |  14129545 ns/cyc
  0 constraint hits
                                                                                
  438 cycles  |  70 cyc/s  |  14129545 ns/cyc
  0 constraint hits
                                                                                
  438 cycles  |  70 cyc/s  |  14129545 ns/cyc
  0 constraint hits
                                                                                
  438 cycles  |  70 cyc/s  |  14129545 ns/cyc
  0 constraint hits
                                                                                
  438 cycles  |  70 cyc/s  |  14129545 ns/cyc
  0 constraint hits
                                                                                
  438 cycles  |  70 cyc/s  |  14129545 ns/cyc
  0 constraint hits
                                                                                
  456 cycles  |  70 cyc/s  |  14145106 ns/cyc
  0 constraint hits
                                                                                
  456 cycles  |  70 cyc/s  |  14145106 ns/cyc
  0 constraint hits
                                                                                
  456 cycles  |  70 cyc/s  |  14145106 ns/cyc
  0 constraint hits
                                                                                
  456 cycles  |  70 cyc/s  |  14145106 ns/cyc
  0 constraint hits
                                                                                
  456 cycles  |  70 cyc/s  |  14145106 ns/cyc
  0 constraint hits
                                                                                
  456 cycles  |  70 cyc/s  |  14145106 ns/cyc
  0 constraint hits
                                                                                
  456 cycles  |  70 cyc/s  |  14145106 ns/cyc
  0 constraint hits
                                                                                
  456 cycles  |  70 cyc/s  |  14145106 ns/cyc
  0 constraint hits
                                                                                
  456 cycles  |  70 cyc/s  |  14145106 ns/cyc
  0 constraint hits
                                                                                
  456 cycles  |  70 cyc/s  |  14145106 ns/cyc
  0 constraint hits
                                                                                
  456 cycles  |  70 cyc/s  |  14145106 ns/cyc
  0 constraint hits
                                                                                
  456 cycles  |  70 cyc/s  |  14145106 ns/cyc
  0 constraint hits
                                                                                
  456 cycles  |  70 cyc/s  |  14145106 ns/cyc
  0 constraint hits
                                                                                
  456 cycles  |  70 cyc/s  |  14145106 ns/cyc
  0 constraint hits
                                                                                
  456 cycles  |  70 cyc/s  |  14145106 ns/cyc
  0 constraint hits
                                                                                
  456 cycles  |  70 cyc/s  |  14145106 ns/cyc
  0 constraint hits
                                                                                
  456 cycles  |  70 cyc/s  |  14145106 ns/cyc
  0 constraint hits
                                                                                
  456 cycles  |  70 cyc/s  |  14145106 ns/cyc
  0 constraint hits
                                                                                
  474 cycles  |  70 cyc/s  |  14163508 ns/cyc
  0 constraint hits
                                                                                
  474 cycles  |  70 cyc/s  |  14163508 ns/cyc
  0 constraint hits
                                                                                
  474 cycles  |  70 cyc/s  |  14163508 ns/cyc
  0 constraint hits
                                                                                
  474 cycles  |  70 cyc/s  |  14163508 ns/cyc
  0 constraint hits
                                                                                
  474 cycles  |  70 cyc/s  |  14163508 ns/cyc
  0 constraint hits
                                                                                
  474 cycles  |  70 cyc/s  |  14163508 ns/cyc
  0 constraint hits
                                                                                
  474 cycles  |  70 cyc/s  |  14163508 ns/cyc
  0 constraint hits
                                                                                
  474 cycles  |  70 cyc/s  |  14163508 ns/cyc
  0 constraint hits
                                                                                
  474 cycles  |  70 cyc/s  |  14163508 ns/cyc
  0 constraint hits
                                                                                
  474 cycles  |  70 cyc/s  |  14163508 ns/cyc
  0 constraint hits
                                                                                
  474 cycles  |  70 cyc/s  |  14163508 ns/cyc
  0 constraint hits
                                                                                
  474 cycles  |  70 cyc/s  |  14163508 ns/cyc
  0 constraint hits
                                                                                
  474 cycles  |  70 cyc/s  |  14163508 ns/cyc
  0 constraint hits
                                                                                
  474 cycles  |  70 cyc/s  |  14163508 ns/cyc
  0 constraint hits
                                                                                
  474 cycles  |  70 cyc/s  |  14163508 ns/cyc
  0 constraint hits
                                                                                
  474 cycles  |  70 cyc/s  |  14163508 ns/cyc
  0 constraint hits
                                                                                
  474 cycles  |  70 cyc/s  |  14163508 ns/cyc
  0 constraint hits
                                                                                
  491 cycles  |  70 cyc/s  |  14187276 ns/cyc
  0 constraint hits
                                                                                
  491 cycles  |  70 cyc/s  |  14187276 ns/cyc
  0 constraint hits
                                                                                
  491 cycles  |  70 cyc/s  |  14187276 ns/cyc
  0 constraint hits
                                                                                
  491 cycles  |  70 cyc/s  |  14187276 ns/cyc
  0 constraint hits
                                                                                
  491 cycles  |  70 cyc/s  |  14187276 ns/cyc
  0 constraint hits
                                                                                
  491 cycles  |  70 cyc/s  |  14187276 ns/cyc
  0 constraint hits
                                                                                
  491 cycles  |  70 cyc/s  |  14187276 ns/cyc
  0 constraint hits
                                                                                
  491 cycles  |  70 cyc/s  |  14187276 ns/cyc
  0 constraint hits
                                                                                
  491 cycles  |  70 cyc/s  |  14187276 ns/cyc
  0 constraint hits
                                                                                
  491 cycles  |  70 cyc/s  |  14187276 ns/cyc
  0 constraint hits
                                                                                
  491 cycles  |  70 cyc/s  |  14187276 ns/cyc
  0 constraint hits
                                                                                
  491 cycles  |  70 cyc/s  |  14187276 ns/cyc
  0 constraint hits
                                                                                
  491 cycles  |  70 cyc/s  |  14187276 ns/cyc
  0 constraint hits
                                                                                
  491 cycles  |  70 cyc/s  |  14187276 ns/cyc
  0 constraint hits
                                                                                
  491 cycles  |  70 cyc/s  |  14187276 ns/cyc
  0 constraint hits
                                                                                
  491 cycles  |  70 cyc/s  |  14187276 ns/cyc
  0 constraint hits
                                                                                
  491 cycles  |  70 cyc/s  |  14187276 ns/cyc
  0 constraint hits
                                                                                
  508 cycles  |  70 cyc/s  |  14207693 ns/cyc
  0 constraint hits
                                                                                
  508 cycles  |  70 cyc/s  |  14207693 ns/cyc
  0 constraint hits
                                                                                
  508 cycles  |  70 cyc/s  |  14207693 ns/cyc
  0 constraint hits
                                                                                
  508 cycles  |  70 cyc/s  |  14207693 ns/cyc
  0 constraint hits
                                                                                
  508 cycles  |  70 cyc/s  |  14207693 ns/cyc
  0 constraint hits
                                                                                
  508 cycles  |  70 cyc/s  |  14207693 ns/cyc
  0 constraint hits
                                                                                
  508 cycles  |  70 cyc/s  |  14207693 ns/cyc
  0 constraint hits
                                                                                
  508 cycles  |  70 cyc/s  |  14207693 ns/cyc
  0 constraint hits
                                                                                
  508 cycles  |  70 cyc/s  |  14207693 ns/cyc
  0 constraint hits
                                                                                
  508 cycles  |  70 cyc/s  |  14207693 ns/cyc
  0 constraint hits
                                                                                
  508 cycles  |  70 cyc/s  |  14207693 ns/cyc
  0 constraint hits
                                                                                
  508 cycles  |  70 cyc/s  |  14207693 ns/cyc
  0 constraint hits
                                                                                
  508 cycles  |  70 cyc/s  |  14207693 ns/cyc
  0 constraint hits
                                                                                
  508 cycles  |  70 cyc/s  |  14207693 ns/cyc
  0 constraint hits
                                                                                
  508 cycles  |  70 cyc/s  |  14207693 ns/cyc
  0 constraint hits
                                                                                
  508 cycles  |  70 cyc/s  |  14207693 ns/cyc
  0 constraint hits
                                                                                
  508 cycles  |  70 cyc/s  |  14207693 ns/cyc
  0 constraint hits
                                                                                
  525 cycles  |  70 cyc/s  |  14223972 ns/cyc
  0 constraint hits
                                                                                
  525 cycles  |  70 cyc/s  |  14223972 ns/cyc
  0 constraint hits
                                                                                
  525 cycles  |  70 cyc/s  |  14223972 ns/cyc
  0 constraint hits
                                                                                
  525 cycles  |  70 cyc/s  |  14223972 ns/cyc
  0 constraint hits
                                                                                
  525 cycles  |  70 cyc/s  |  14223972 ns/cyc
  0 constraint hits
                                                                                
  525 cycles  |  70 cyc/s  |  14223972 ns/cyc
  0 constraint hits
                                                                                
  525 cycles  |  70 cyc/s  |  14223972 ns/cyc
  0 constraint hits
                                                                                
  525 cycles  |  70 cyc/s  |  14223972 ns/cyc
  0 constraint hits
                                                                                
  525 cycles  |  70 cyc/s  |  14223972 ns/cyc
  0 constraint hits
                                                                                
  525 cycles  |  70 cyc/s  |  14223972 ns/cyc
  0 constraint hits
                                                                                
  525 cycles  |  70 cyc/s  |  14223972 ns/cyc
  0 constraint hits
                                                                                
  525 cycles  |  70 cyc/s  |  14223972 ns/cyc
  0 constraint hits
                                                                                
  525 cycles  |  70 cyc/s  |  14223972 ns/cyc
  0 constraint hits
                                                                                
  525 cycles  |  70 cyc/s  |  14223972 ns/cyc
  0 constraint hits
                                                                                
  525 cycles  |  70 cyc/s  |  14223972 ns/cyc
  0 constraint hits
                                                                                
  525 cycles  |  70 cyc/s  |  14223972 ns/cyc
  0 constraint hits
                                                                                
  525 cycles  |  70 cyc/s  |  14223972 ns/cyc
  0 constraint hits
                                                                                
  542 cycles  |  70 cyc/s  |  14239650 ns/cyc
  0 constraint hits
                                                                                
  542 cycles  |  70 cyc/s  |  14239650 ns/cyc
  0 constraint hits
                                                                                
  542 cycles  |  70 cyc/s  |  14239650 ns/cyc
  0 constraint hits
                                                                                
  542 cycles  |  70 cyc/s  |  14239650 ns/cyc
  0 constraint hits
                                                                                
  542 cycles  |  70 cyc/s  |  14239650 ns/cyc
  0 constraint hits
                                                                                
  542 cycles  |  70 cyc/s  |  14239650 ns/cyc
  0 constraint hits
                                                                                
  542 cycles  |  70 cyc/s  |  14239650 ns/cyc
  0 constraint hits
                                                                                
  542 cycles  |  70 cyc/s  |  14239650 ns/cyc
  0 constraint hits
                                                                                
  542 cycles  |  70 cyc/s  |  14239650 ns/cyc
  0 constraint hits
                                                                                
  542 cycles  |  70 cyc/s  |  14239650 ns/cyc
  0 constraint hits
                                                                                
  542 cycles  |  70 cyc/s  |  14239650 ns/cyc
  0 constraint hits
                                                                                
  542 cycles  |  70 cyc/s  |  14239650 ns/cyc
  0 constraint hits
                                                                                
  542 cycles  |  70 cyc/s  |  14239650 ns/cyc
  0 constraint hits
                                                                                
  542 cycles  |  70 cyc/s  |  14239650 ns/cyc
  0 constraint hits
                                                                                
  542 cycles  |  70 cyc/s  |  14239650 ns/cyc
  0 constraint hits
                                                                                
  542 cycles  |  70 cyc/s  |  14239650 ns/cyc
  0 constraint hits
                                                                                
  542 cycles  |  70 cyc/s  |  14239650 ns/cyc
  0 constraint hits
                                                                                
  542 cycles  |  70 cyc/s  |  14239650 ns/cyc
  0 constraint hits
                                                                                
  560 cycles  |  70 cyc/s  |  14251761 ns/cyc
  0 constraint hits
                                                                                
  560 cycles  |  70 cyc/s  |  14251761 ns/cyc
  0 constraint hits
                                                                                
  560 cycles  |  70 cyc/s  |  14251761 ns/cyc
  0 constraint hits
                                                                                
  560 cycles  |  70 cyc/s  |  14251761 ns/cyc
  0 constraint hits
                                                                                
  560 cycles  |  70 cyc/s  |  14251761 ns/cyc
  0 constraint hits
                                                                                
  560 cycles  |  70 cyc/s  |  14251761 ns/cyc
  0 constraint hits
                                                                                
  560 cycles  |  70 cyc/s  |  14251761 ns/cyc
  0 constraint hits
                                                                                
  560 cycles  |  70 cyc/s  |  14251761 ns/cyc
  0 constraint hits
                                                                                
  560 cycles  |  70 cyc/s  |  14251761 ns/cyc
  0 constraint hits
                                                                                
  560 cycles  |  70 cyc/s  |  14251761 ns/cyc
  0 constraint hits
                                                                                
  560 cycles  |  70 cyc/s  |  14251761 ns/cyc
  0 constraint hits
                                                                                
  560 cycles  |  70 cyc/s  |  14251761 ns/cyc
  0 constraint hits
                                                                                
  560 cycles  |  70 cyc/s  |  14251761 ns/cyc
  0 constraint hits
                                                                                
  560 cycles  |  70 cyc/s  |  14251761 ns/cyc
  0 constraint hits
                                                                                
  560 cycles  |  70 cyc/s  |  14251761 ns/cyc
  0 constraint hits
                                                                                
  560 cycles  |  70 cyc/s  |  14251761 ns/cyc
  0 constraint hits
                                                                                
  560 cycles  |  70 cyc/s  |  14251761 ns/cyc
  0 constraint hits
                                                                                
  577 cycles  |  70 cyc/s  |  14266241 ns/cyc
  0 constraint hits
                                                                                
  577 cycles  |  70 cyc/s  |  14266241 ns/cyc
  0 constraint hits
                                                                                
  577 cycles  |  70 cyc/s  |  14266241 ns/cyc
  0 constraint hits
                                                                                
  577 cycles  |  70 cyc/s  |  14266241 ns/cyc
  0 constraint hits
                                                                                
  577 cycles  |  70 cyc/s  |  14266241 ns/cyc
  0 constraint hits
                                                                                
  577 cycles  |  70 cyc/s  |  14266241 ns/cyc
  0 constraint hits
                                                                                
  577 cycles  |  70 cyc/s  |  14266241 ns/cyc
  0 constraint hits
                                                                                
  577 cycles  |  70 cyc/s  |  14266241 ns/cyc
  0 constraint hits
                                                                                
  577 cycles  |  70 cyc/s  |  14266241 ns/cyc
  0 constraint hits
                                                                                
  577 cycles  |  70 cyc/s  |  14266241 ns/cyc
  0 constraint hits
                                                                                
  577 cycles  |  70 cyc/s  |  14266241 ns/cyc
  0 constraint hits
                                                                                
  577 cycles  |  70 cyc/s  |  14266241 ns/cyc
  0 constraint hits
                                                                                
  577 cycles  |  70 cyc/s  |  14266241 ns/cyc
  0 constraint hits
                                                                                
  577 cycles  |  70 cyc/s  |  14266241 ns/cyc
  0 constraint hits
                                                                                
  577 cycles  |  70 cyc/s  |  14266241 ns/cyc
  0 constraint hits
                                                                                
  577 cycles  |  70 cyc/s  |  14266241 ns/cyc
  0 constraint hits
                                                                                
  577 cycles  |  70 cyc/s  |  14266241 ns/cyc
  0 constraint hits
                                                                                
  594 cycles  |  70 cyc/s  |  14282076 ns/cyc
  0 constraint hits
                                                                                
  594 cycles  |  70 cyc/s  |  14282076 ns/cyc
  0 constraint hits
                                                                                
  594 cycles  |  70 cyc/s  |  14282076 ns/cyc
  0 constraint hits
                                                                                
  594 cycles  |  70 cyc/s  |  14282076 ns/cyc
  0 constraint hits
                                                                                
  594 cycles  |  70 cyc/s  |  14282076 ns/cyc
  0 constraint hits
                                                                                
  594 cycles  |  70 cyc/s  |  14282076 ns/cyc
  0 constraint hits
                                                                                
  594 cycles  |  70 cyc/s  |  14282076 ns/cyc
  0 constraint hits
                                                                                
  594 cycles  |  70 cyc/s  |  14282076 ns/cyc
  0 constraint hits
                                                                                
  594 cycles  |  70 cyc/s  |  14282076 ns/cyc
  0 constraint hits
                                                                                
  594 cycles  |  70 cyc/s  |  14282076 ns/cyc
  0 constraint hits
                                                                                
  594 cycles  |  70 cyc/s  |  14282076 ns/cyc
  0 constraint hits
                                                                                
  594 cycles  |  70 cyc/s  |  14282076 ns/cyc
  0 constraint hits
                                                                                
  594 cycles  |  70 cyc/s  |  14282076 ns/cyc
  0 constraint hits
                                                                                
  594 cycles  |  70 cyc/s  |  14282076 ns/cyc
  0 constraint hits
                                                                                
  594 cycles  |  70 cyc/s  |  14282076 ns/cyc
  0 constraint hits
                                                                                
  594 cycles  |  70 cyc/s  |  14282076 ns/cyc
  0 constraint hits
                                                                                
  594 cycles  |  70 cyc/s  |  14282076 ns/cyc
  0 constraint hits
                                                                                
  611 cycles  |  69 cyc/s  |  14296748 ns/cyc
  0 constraint hits
                                                                                
  611 cycles  |  69 cyc/s  |  14296748 ns/cyc
  0 constraint hits
                                                                                
  611 cycles  |  69 cyc/s  |  14296748 ns/cyc
  0 constraint hits
                                                                                
  611 cycles  |  69 cyc/s  |  14296748 ns/cyc
  0 constraint hits
                                                                                
  611 cycles  |  69 cyc/s  |  14296748 ns/cyc
  0 constraint hits
                                                                                
  611 cycles  |  69 cyc/s  |  14296748 ns/cyc
  0 constraint hits
                                                                                
  611 cycles  |  69 cyc/s  |  14296748 ns/cyc
  0 constraint hits
                                                                                
  611 cycles  |  69 cyc/s  |  14296748 ns/cyc
  0 constraint hits
                                                                                
  611 cycles  |  69 cyc/s  |  14296748 ns/cyc
  0 constraint hits
                                                                                
  611 cycles  |  69 cyc/s  |  14296748 ns/cyc
  0 constraint hits
                                                                                
  611 cycles  |  69 cyc/s  |  14296748 ns/cyc
  0 constraint hits
                                                                                
  611 cycles  |  69 cyc/s  |  14296748 ns/cyc
  0 constraint hits
                                                                                
  611 cycles  |  69 cyc/s  |  14296748 ns/cyc
  0 constraint hits
                                                                                
  611 cycles  |  69 cyc/s  |  14296748 ns/cyc
  0 constraint hits
                                                                                
  611 cycles  |  69 cyc/s  |  14296748 ns/cyc
  0 constraint hits
                                                                                
  611 cycles  |  69 cyc/s  |  14296748 ns/cyc
  0 constraint hits
                                                                                
  611 cycles  |  69 cyc/s  |  14296748 ns/cyc
  0 constraint hits
                                                                                
  611 cycles  |  69 cyc/s  |  14296748 ns/cyc
  0 constraint hits
                                                                                
  629 cycles  |  69 cyc/s  |  14307470 ns/cyc
  0 constraint hits
                                                                                
  629 cycles  |  69 cyc/s  |  14307470 ns/cyc
  0 constraint hits
                                                                                
  629 cycles  |  69 cyc/s  |  14307470 ns/cyc
  0 constraint hits
                                                                                
  629 cycles  |  69 cyc/s  |  14307470 ns/cyc
  0 constraint hits
                                                                                
  629 cycles  |  69 cyc/s  |  14307470 ns/cyc
  0 constraint hits
                                                                                
  629 cycles  |  69 cyc/s  |  14307470 ns/cyc
  0 constraint hits
                                                                                
  629 cycles  |  69 cyc/s  |  14307470 ns/cyc
  0 constraint hits
                                                                                
  629 cycles  |  69 cyc/s  |  14307470 ns/cyc
  0 constraint hits
                                                                                
  629 cycles  |  69 cyc/s  |  14307470 ns/cyc
  0 constraint hits
                                                                                
  629 cycles  |  69 cyc/s  |  14307470 ns/cyc
  0 constraint hits
                                                                                
  629 cycles  |  69 cyc/s  |  14307470 ns/cyc
  0 constraint hits
@@TIME_PROC_AVG COUNT:640 AVG_MS:14.315
@@TIME_THROUGHPUT COUNT:640 DURATION_S:9.161658 EVENTS_PER_S:69.856
                                                                                
  629 cycles  |  69 cyc/s  |  14307470 ns/cyc
  0 constraint hits
                                                                                
  640 cycles  |  69 cyc/s  |  14312349 ns/cyc
  640 input events parsed in 0.000s  |  14312349 ns/event avg
  0 constraint hits total
  Breakdown:
   [#0]: 0
   [#1]: 0
   [#2]: 0
   [#3]: @@MONITOR_END:2026-05-14T09:57:55.382677000Z
0
   [#4]: 0
   [#5]: 0
   [#6]: 0
   [#7]: 0
   [#8]: 0
   [#9]: 0
   [#10]: 0
   [#11]: 0
   [#12]: 0
   [#13]: 0
   [#14]: 0
   [#15]: 0
   [#16]: 0
   [#17]: 0
