@@MONITOR_START:2026-05-14T10:08:34.435951000Z
[3F[J                                                                                
  0 cycles
  0 constraint hits
[3F[J                                                                                
  0 cycles
  0 constraint hits
[3F[J                                                                                
  0 cycles
  0 constraint hits
[3F[J                                                                                
  0 cycles
  0 constraint hits
[3F[J                                                                                
  0 cycles
  0 constraint hits
[3F[J                                                                                
  0 cycles
  0 constraint hits
[3F[J                                                                                
  0 cycles
  0 constraint hits
[3F[J                                                                                
  0 cycles
  0 constraint hits
[3F[J                                                                                
  0 cycles
  0 constraint hits
[3F[J                                                                                
  0 cycles
  0 constraint hits
[3F[J                                                                                
  0 cycles
  0 constraint hits
[3F[J                                                                                
  0 cycles
  0 constraint hits
[3F[J                                                                                
  0 cycles
  0 constraint hits
[3F[J                                                                                
  0 cycles
  0 constraint hits
[3F[J                                                                                
  0 cycles
  0 constraint hits
[3F[J                                                                                
  0 cycles
  0 constraint hits
[3F[J                                                                                
  0 cycles
  0 constraint hits
[3F[J                                                                                
  0 cycles
  0 constraint hits
[3F[J                                                                                
  0 cycles
  0 constraint hits
[3F[J                                                                                
  0 cycles
  0 constraint hits
[3F[J                                                                                
  0 cycles
  0 constraint hits
[3F[J                                                                                
  0 cycles
  0 constraint hits
[3F[J                                                                                
  0 cycles
  0 constraint hits
[3F[J                                                                                
  0 cycles
  0 constraint hits
[3F[J                                                                                
  0 cycles
  0 constraint hits
[3F[J                                                                                
  0 cycles
  0 constraint hits
[3F[J                                                                                
  0 cycles
  0 constraint hits
[3F[J                                                                                
  0 cycles
  0 constraint hits
[3F[J                                                                                
  0 cycles
  0 constraint hits
[3F[J                                                                                
  0 cycles
  0 constraint hits
[3F[J                                                                                
  0 cycles
  0 constraint hits
[3F[J                                                                                
  0 cycles
  0 constraint hits
[3F[J                                                                                
  0 cycles
  0 constraint hits
[3F[J                                                                                
  0 cycles
  0 constraint hits
[3F[J                                                                                
  0 cycles
  0 constraint hits
[3F[J                                                                                
  0 cycles
  0 constraint hits
[3F[J                                                                                
  0 cycles
  0 constraint hits
[3F[J                                                                                
  0 cycles
  0 constraint hits
[3F[J                                                                                
  0 cycles
  0 constraint hits
[3F[J                                                                                
  0 cycles
  0 constraint hits
[3F[J                                                                                
  0 cycles
  0 constraint hits
[3F[J                                                                                
  0 cycles
  0 constraint hits
[3F[J                                                                                
  0 cycles
  0 constraint hits
[3F[J                                                                                
  0 cycles
  0 constraint hits
[3F[J                                                                                
  0 cycles
  0 constraint hits
[3F[J                                                                                
  0 cycles
  0 constraint hits
[3F[J                                                                                
  0 cycles
  0 constraint hits
[3F[J                                                                                
  0 cycles
  0 constraint hits
[3F[J                                                                                
  0 cycles
  0 constraint hits
[3F[J                                                                                
  0 cycles
  0 constraint hits
[3F[J                                                                                
  0 cycles
  0 constraint hits
[3F[J                                                                                
  0 cycles
  0 constraint hits
[3F[J                                                                                
  0 cycles
  0 constraint hits
[3F[J                                                                                
  0 cycles
  0 constraint hits
[3F[J                                                                                
  0 cycles
  0 constraint hits
[3F[J                                                                                
  0 cycles
  0 constraint hits
[3F[J                                                                                
  0 cycles
  0 constraint hits
[3F[J                                                                                
  0 cycles
  0 constraint hits
[3F[J                                                                                
  0 cycles
  0 constraint hits
[3F[J                                                                                
  0 cycles
  0 constraint hits
[3F[J                                                                                
  0 cycles
  0 constraint hits
[3F[J                                                                                
  0 cycles
  0 constraint hits
[3F[J                                                                                
  0 cycles
  0 constraint hits
[3F[J                                                                                
  0 cycles
  0 constraint hits
[3F[J                                                                                
  0 cycles
  0 constraint hits
[3F[J                                                                                
  0 cycles
  0 constraint hits
[3F[J                                                                                
  0 cycles
  0 constraint hits
[3F[J                                                                                
  0 cycles
  0 constraint hits
[3F[J                                                                                
  0 cycles
  0 constraint hits
[3F[J                                                                                
  0 cycles
  0 constraint hits
[3F[J                                                                                
  0 cycles
  0 constraint hits
[3F[J                                                                                
  0 cycles
  0 constraint hits
[3F[J                                                                                
  0 cycles
  0 constraint hits
[3F[J                                                                                
  0 cycles
  0 constraint hits
[3F[J                                                                                
  0 cycles
  0 constraint hits
[3F[J                                                                                
  0 cycles
  0 constraint hits
[3F[J                                                                                
  0 cycles
  0 constraint hits
[3F[J                                                                                
  0 cycles
  0 constraint hits
[3F[J                                                                                
  0 cycles
  0 constraint hits
[3F[J                                                                                
  0 cycles
  0 constraint hits
[3F[J                                                                                
  0 cycles
  0 constraint hits
[3F[J                                                                                
  0 cycles
  0 constraint hits
[3F[J                                                                                
  0 cycles
  0 constraint hits
[3F[J                                                                                
  0 cycles
  0 constraint hits
[3F[J                                                                                
  0 cycles
  0 constraint hits
[3F[J                                                                                
  0 cycles
  0 constraint hits
[3F[J                                                                                
  0 cycles
  0 constraint hits
[3F[J                                                                                
  0 cycles
  0 constraint hits
[3F[J                                                                                
  0 cycles
  0 constraint hits
[3F[J                                                                                
  0 cycles
  0 constraint hits
[3F[J                                                                                
  0 cycles
  0 constraint hits
[3F[J                                                                                
  0 cycles
  0 constraint hits
[3F[J                                                                                
  0 cycles
  0 constraint hits
[3F[J                                                                                
  0 cycles
  0 constraint hits
[3F[J                                                                                
  0 cycles
  0 constraint hits
[3F[J                                                                                
  0 cycles
  0 constraint hits
[3F[J                                                                                
  0 cycles
  0 constraint hits
[3F[J                                                                                
  0 cycles
  0 constraint hits
[3F[J                                                                                
  0 cycles
  0 constraint hits
[3F[J                                                                                
  0 cycles
  0 constraint hits
[3F[J                                                                                
  0 cycles
  0 constraint hits
[3F[J                                                                                
  0 cycles
  0 constraint hits
[3F[J                                                                                
  0 cycles
  0 constraint hits
[3F[J                                                                                
  0 cycles
  0 constraint hits
[3F[J                                                                                
  0 cycles
  0 constraint hits
[3F[J                                                                                
  0 cycles
  0 constraint hits
[3F[J                                                                                
  0 cycles
  0 constraint hits
[3F[J                                                                                
  0 cycles
  0 constraint hits
[3F[J                                                                                
  0 cycles
  0 constraint hits
[3F[J                                                                                
  0 cycles
  0 constraint hits
[3F[J                                                                                
  0 cycles
  0 constraint hits
[3F[J                                                                                
  0 cycles
  0 constraint hits
[3F[J                                                                                
  0 cycles
  0 constraint hits
[3F[J                                                                                
  0 cycles
  0 constraint hits
[3F[J                                                                                
  0 cycles
  0 constraint hits
[3F[J                                                                                
  0 cycles
  0 constraint hits
[3F[J                                                                                
  0 cycles
  0 constraint hits
[3F[J                                                                                
  0 cycles
  0 constraint hits
[3F[J                                                                                
  0 cycles
  0 constraint hits
[3F[J                                                                                
  0 cycles
  0 constraint hits
[3F[J                                                                                
  0 cycles
  0 constraint hits
[3F[J                                                                                
  0 cycles
  0 constraint hits
[3F[J                                                                                
  0 cycles
  0 constraint hits
[3F[J                                                                                
  0 cycles
  0 constraint hits
[3F[J                                                                                
  0 cycles
  0 constraint hits
[3F[J                                                                                
  0 cycles
  0 constraint hits
[3F[J                                                                                
  0 cycles
  0 constraint hits
[3F[J                                                                                
  0 cycles
  0 constraint hits
[3F[J                                                                                
  0 cycles
  0 constraint hits
[3F[J                                                                                
  0 cycles
  0 constraint hits
[3F[J                                                                                
  0 cycles
  0 constraint hits
[3F[J                                                                                
  0 cycles
  0 constraint hits
[3F[J                                                                                
  0 cycles
  0 constraint hits
[3F[J                                                                                
  0 cycles
  0 constraint hits
[3F[J                                                                                
  0 cycles
  0 constraint hits
[3F[J                                                                                
  0 cycles
  0 constraint hits
[3F[J                                                                                
  0 cycles
  0 constraint hits
[3F[J                                                                                
  0 cycles
  0 constraint hits
[3F[J                                                                                
  0 cycles
  0 constraint hits
[3F[J                                                                                
  0 cycles
  0 constraint hits
[3F[J                                                                                
  0 cycles
  0 constraint hits
[3F[J                                                                                
  0 cycles
  0 constraint hits
[3F[J                                                                                
  0 cycles
  0 constraint hits
[3F[J                                                                                
  0 cycles
  0 constraint hits
[3F[J                                                                                
  0 cycles
  0 constraint hits
[3F[J                                                                                
  0 cycles
  0 constraint hits
[3F[J                                                                                
  0 cycles
  0 constraint hits
[3F[J                                                                                
  0 cycles
  0 constraint hits
[3F[J                                                                                
  0 cycles
  0 constraint hits
[3F[J                                                                                
  0 cycles
  0 constraint hits
[3F[J                                                                                
  0 cycles
  0 constraint hits
[3F[J                                                                                
  0 cycles
  0 constraint hits
[3F[J                                                                                
  0 cycles
  0 constraint hits
[3F[J                                                                                
  0 cycles
  0 constraint hits
[3F[J                                                                                
  0 cycles
  0 constraint hits
[3F[J                                                                                
  0 cycles
  0 constraint hits
[3F[J                                                                                
  0 cycles
  0 constraint hits
[3F[J                                                                                
  0 cycles
  0 constraint hits
[3F[J                                                                                
  0 cycles
  0 constraint hits
[3F[J                                                                                
  0 cycles
  0 constraint hits
[3F[J                                                                                
  0 cycles
  0 constraint hits
[3F[J                                                                                
  0 cycles
  0 constraint hits
[3F[J                                                                                
  0 cycles
  0 constraint hits
[3F[J                                                                                
  0 cycles
  0 constraint hits
[3F[J                                                                                
  0 cycles
  0 constraint hits
[3F[J                                                                                
  0 cycles
  0 constraint hits
[3F[J                                                                                
  167 cycles  |  665 cyc/s  |  1502563 ns/cyc
  0 constraint hits
[3F[J                                                                                
  167 cycles  |  665 cyc/s  |  1502563 ns/cyc
  0 constraint hits
[3F[J                                                                                
  167 cycles  |  665 cyc/s  |  1502563 ns/cyc
  0 constraint hits
[3F[J                                                                                
  167 cycles  |  665 cyc/s  |  1502563 ns/cyc
  0 constraint hits
[3F[J                                                                                
  167 cycles  |  665 cyc/s  |  1502563 ns/cyc
  0 constraint hits
[3F[J                                                                                
  167 cycles  |  665 cyc/s  |  1502563 ns/cyc
  0 constraint hits
[3F[J                                                                                
  167 cycles  |  665 cyc/s  |  1502563 ns/cyc
  0 constraint hits
[3F[J                                                                                
  167 cycles  |  665 cyc/s  |  1502563 ns/cyc
  0 constraint hits
[3F[J                                                                                
  167 cycles  |  665 cyc/s  |  1502563 ns/cyc
  0 constraint hits
[3F[J                                                                                
  167 cycles  |  665 cyc/s  |  1502563 ns/cyc
  0 constraint hits
[3F[J                                                                                
  167 cycles  |  665 cyc/s  |  1502563 ns/cyc
  0 constraint hits
[3F[J                                                                                
  167 cycles  |  665 cyc/s  |  1502563 ns/cyc
  0 constraint hits
[3F[J                                                                                
  167 cycles  |  665 cyc/s  |  1502563 ns/cyc
  0 constraint hits
[3F[J                                                                                
  167 cycles  |  665 cyc/s  |  1502563 ns/cyc
  0 constraint hits
[3F[J                                                                                
  167 cycles  |  665 cyc/s  |  1502563 ns/cyc
  0 constraint hits
[3F[J                                                                                
  167 cycles  |  665 cyc/s  |  1502563 ns/cyc
  0 constraint hits
[3F[J                                                                                
  167 cycles  |  665 cyc/s  |  1502563 ns/cyc
  0 constraint hits
[3F[J                                                                                
  167 cycles  |  665 cyc/s  |  1502563 ns/cyc
  0 constraint hits
[3F[J                                                                                
  167 cycles  |  665 cyc/s  |  1502563 ns/cyc
  0 constraint hits
[3F[J                                                                                
  167 cycles  |  665 cyc/s  |  1502563 ns/cyc
  0 constraint hits
[3F[J                                                                                
  167 cycles  |  665 cyc/s  |  1502563 ns/cyc
  0 constraint hits
[3F[J                                                                                
  167 cycles  |  665 cyc/s  |  1502563 ns/cyc
  0 constraint hits
[3F[J                                                                                
  167 cycles  |  665 cyc/s  |  1502563 ns/cyc
  0 constraint hits
[3F[J                                                                                
  167 cycles  |  665 cyc/s  |  1502563 ns/cyc
  0 constraint hits
[3F[J                                                                                
  167 cycles  |  665 cyc/s  |  1502563 ns/cyc
  0 constraint hits
[3F[J                                                                                
  167 cycles  |  665 cyc/s  |  1502563 ns/cyc
  0 constraint hits
[3F[J                                                                                
  167 cycles  |  665 cyc/s  |  1502563 ns/cyc
  0 constraint hits
[3F[J                                                                                
  167 cycles  |  665 cyc/s  |  1502563 ns/cyc
  0 constraint hits
[3F[J                                                                                
  167 cycles  |  665 cyc/s  |  1502563 ns/cyc
  0 constraint hits
[3F[J                                                                                
  167 cycles  |  665 cyc/s  |  1502563 ns/cyc
  0 constraint hits
[3F[J                                                                                
  167 cycles  |  665 cyc/s  |  1502563 ns/cyc
  0 constraint hits
[3F[J                                                                                
  167 cycles  |  665 cyc/s  |  1502563 ns/cyc
  0 constraint hits
[3F[J                                                                                
  167 cycles  |  665 cyc/s  |  1502563 ns/cyc
  0 constraint hits
[3F[J                                                                                
  167 cycles  |  665 cyc/s  |  1502563 ns/cyc
  0 constraint hits
[3F[J                                                                                
  167 cycles  |  665 cyc/s  |  1502563 ns/cyc
  0 constraint hits
[3F[J                                                                                
  167 cycles  |  665 cyc/s  |  1502563 ns/cyc
  0 constraint hits
[3F[J                                                                                
  167 cycles  |  665 cyc/s  |  1502563 ns/cyc
  0 constraint hits
[3F[J                                                                                
  167 cycles  |  665 cyc/s  |  1502563 ns/cyc
  0 constraint hits
[3F[J                                                                                
  167 cycles  |  665 cyc/s  |  1502563 ns/cyc
  0 constraint hits
[3F[J                                                                                
  167 cycles  |  665 cyc/s  |  1502563 ns/cyc
  0 constraint hits
[3F[J                                                                                
  167 cycles  |  665 cyc/s  |  1502563 ns/cyc
  0 constraint hits
[3F[J                                                                                
  167 cycles  |  665 cyc/s  |  1502563 ns/cyc
  0 constraint hits
[3F[J                                                                                
  167 cycles  |  665 cyc/s  |  1502563 ns/cyc
  0 constraint hits
[3F[J                                                                                
  167 cycles  |  665 cyc/s  |  1502563 ns/cyc
  0 constraint hits
[3F[J                                                                                
  167 cycles  |  665 cyc/s  |  1502563 ns/cyc
  0 constraint hits
[3F[J                                                                                
  167 cycles  |  665 cyc/s  |  1502563 ns/cyc
  0 constraint hits
[3F[J                                                                                
  167 cycles  |  665 cyc/s  |  1502563 ns/cyc
  0 constraint hits
[3F[J                                                                                
  167 cycles  |  665 cyc/s  |  1502563 ns/cyc
  0 constraint hits
[3F[J                                                                                
  167 cycles  |  665 cyc/s  |  1502563 ns/cyc
  0 constraint hits
[3F[J                                                                                
  167 cycles  |  665 cyc/s  |  1502563 ns/cyc
  0 constraint hits
[3F[J                                                                                
  167 cycles  |  665 cyc/s  |  1502563 ns/cyc
  0 constraint hits
[3F[J                                                                                
  167 cycles  |  665 cyc/s  |  1502563 ns/cyc
  0 constraint hits
[3F[J                                                                                
  167 cycles  |  665 cyc/s  |  1502563 ns/cyc
  0 constraint hits
[3F[J                                                                                
  167 cycles  |  665 cyc/s  |  1502563 ns/cyc
  0 constraint hits
[3F[J                                                                                
  167 cycles  |  665 cyc/s  |  1502563 ns/cyc
  0 constraint hits
[3F[J                                                                                
  167 cycles  |  665 cyc/s  |  1502563 ns/cyc
  0 constraint hits
[3F[J                                                                                
  167 cycles  |  665 cyc/s  |  1502563 ns/cyc
  0 constraint hits
[3F[J                                                                                
  167 cycles  |  665 cyc/s  |  1502563 ns/cyc
  0 constraint hits
[3F[J                                                                                
  167 cycles  |  665 cyc/s  |  1502563 ns/cyc
  0 constraint hits
[3F[J                                                                                
  167 cycles  |  665 cyc/s  |  1502563 ns/cyc
  0 constraint hits
[3F[J                                                                                
  167 cycles  |  665 cyc/s  |  1502563 ns/cyc
  0 constraint hits
[3F[J                                                                                
  167 cycles  |  665 cyc/s  |  1502563 ns/cyc
  0 constraint hits
[3F[J                                                                                
  167 cycles  |  665 cyc/s  |  1502563 ns/cyc
  0 constraint hits
[3F[J                                                                                
  167 cycles  |  665 cyc/s  |  1502563 ns/cyc
  0 constraint hits
[3F[J                                                                                
  167 cycles  |  665 cyc/s  |  1502563 ns/cyc
  0 constraint hits
[3F[J                                                                                
  167 cycles  |  665 cyc/s  |  1502563 ns/cyc
  0 constraint hits
[3F[J                                                                                
  167 cycles  |  665 cyc/s  |  1502563 ns/cyc
  0 constraint hits
[3F[J                                                                                
  167 cycles  |  665 cyc/s  |  1502563 ns/cyc
  0 constraint hits
[3F[J                                                                                
  167 cycles  |  665 cyc/s  |  1502563 ns/cyc
  0 constraint hits
[3F[J                                                                                
  167 cycles  |  665 cyc/s  |  1502563 ns/cyc
  0 constraint hits
[3F[J                                                                                
  167 cycles  |  665 cyc/s  |  1502563 ns/cyc
  0 constraint hits
[3F[J                                                                                
  167 cycles  |  665 cyc/s  |  1502563 ns/cyc
  0 constraint hits
[3F[J                                                                                
  167 cycles  |  665 cyc/s  |  1502563 ns/cyc
  0 constraint hits
[3F[J@@TIME_PROC_AVG COUNT:240 AVG_MS:1.544
@@TIME_THROUGHPUT COUNT:240 DURATION_S:0.370671 EVENTS_PER_S:647.474
                                                                                
  167 cycles  |  665 cyc/s  |  1502563 ns/cyc
  0 constraint hits
[3F[J                                                                                
  240 cycles  |  648 cyc/s  |  1542711 ns/cyc
  240 input events parsed in 0.000s  |  1542711 ns/event avg
  0 constraint hits total
  Breakdown:
   [#0]: 0
   [#1@@MONITOR_END:2026-05-14T10:08:34.806782000Z
]: 0
