@@MONITOR_START:2026-05-14T10:08:00.294034000Z
[3F[J                                                                                
  0 cycles
  0 constraint hits
[3F[J                                                                                
  0 cycles
  0 constraint hits
[3F[J                                                                                
  0 cycles
  0 constraint hits
[3F[J                                                                                
  0 cycles
  0 constraint hits
[3F[J                                                                                
  0 cycles
  0 constraint hits
[3F[J                                                                                
  0 cycles
  0 constraint hits
[3F[J                                                                                
  0 cycles
  0 constraint hits
[3F[J                                                                                
  0 cycles
  0 constraint hits
[3F[J                                                                                
  0 cycles
  0 constraint hits
[3F[J                                                                                
  0 cycles
  0 constraint hits
[3F[J                                                                                
  0 cycles
  0 constraint hits
[3F[J                                                                                
  0 cycles
  0 constraint hits
[3F[J                                                                                
  0 cycles
  0 constraint hits
[3F[J                                                                                
  0 cycles
  0 constraint hits
[3F[J                                                                                
  0 cycles
  0 constraint hits
[3F[J                                                                                
  0 cycles
  0 constraint hits
[3F[J                                                                                
  0 cycles
  0 constraint hits
[3F[J                                                                                
  0 cycles
  0 constraint hits
[3F[J                                                                                
  0 cycles
  0 constraint hits
[3F[J                                                                                
  0 cycles
  0 constraint hits
[3F[J                                                                                
  0 cycles
  0 constraint hits
[3F[J                                                                                
  0 cycles
  0 constraint hits
[3F[J                                                                                
  0 cycles
  0 constraint hits
[3F[J                                                                                
  0 cycles
  0 constraint hits
[3F[J                                                                                
  0 cycles
  0 constraint hits
[3F[J                                                                                
  0 cycles
  0 constraint hits
[3F[J                                                                                
  0 cycles
  0 constraint hits
[3F[J                                                                                
  0 cycles
  0 constraint hits
[3F[J                                                                                
  0 cycles
  0 constraint hits
[3F[J                                                                                
  0 cycles
  0 constraint hits
[3F[J                                                                                
  0 cycles
  0 constraint hits
[3F[J                                                                                
  0 cycles
  0 constraint hits
[3F[J                                                                                
  0 cycles
  0 constraint hits
[3F[J                                                                                
  0 cycles
  0 constraint hits
[3F[J                                                                                
  0 cycles
  0 constraint hits
[3F[J                                                                                
  0 cycles
  0 constraint hits
[3F[J                                                                                
  0 cycles
  0 constraint hits
[3F[J                                                                                
  0 cycles
  0 constraint hits
[3F[J                                                                                
  0 cycles
  0 constraint hits
[3F[J                                                                                
  0 cycles
  0 constraint hits
[3F[J                                                                                
  0 cycles
  0 constraint hits
[3F[J                                                                                
  0 cycles
  0 constraint hits
[3F[J                                                                                
  0 cycles
  0 constraint hits
[3F[J                                                                                
  0 cycles
  0 constraint hits
[3F[J                                                                                
  0 cycles
  0 constraint hits
[3F[J                                                                                
  0 cycles
  0 constraint hits
[3F[J                                                                                
  0 cycles
  0 constraint hits
[3F[J                                                                                
  0 cycles
  0 constraint hits
[3F[J                                                                                
  0 cycles
  0 constraint hits
[3F[J                                                                                
  0 cycles
  0 constraint hits
[3F[J                                                                                
  0 cycles
  0 constraint hits
[3F[J                                                                                
  0 cycles
  0 constraint hits
[3F[J                                                                                
  0 cycles
  0 constraint hits
[3F[J                                                                                
  0 cycles
  0 constraint hits
[3F[J                                                                                
  0 cycles
  0 constraint hits
[3F[J                                                                                
  0 cycles
  0 constraint hits
[3F[J                                                                                
  0 cycles
  0 constraint hits
[3F[J                                                                                
  0 cycles
  0 constraint hits
[3F[J                                                                                
  0 cycles
  0 constraint hits
[3F[J                                                                                
  0 cycles
  0 constraint hits
[3F[J                                                                                
  0 cycles
  0 constraint hits
[3F[J                                                                                
  0 cycles
  0 constraint hits
[3F[J                                                                                
  0 cycles
  0 constraint hits
[3F[J                                                                                
  0 cycles
  0 constraint hits
[3F[J                                                                                
  0 cycles
  0 constraint hits
[3F[J                                                                                
  0 cycles
  0 constraint hits
[3F[J                                                                                
  0 cycles
  0 constraint hits
[3F[J                                                                                
  0 cycles
  0 constraint hits
[3F[J                                                                                
  0 cycles
  0 constraint hits
[3F[J                                                                                
  0 cycles
  0 constraint hits
[3F[J                                                                                
  0 cycles
  0 constraint hits
[3F[J                                                                                
  0 cycles
  0 constraint hits
[3F[J                                                                                
  0 cycles
  0 constraint hits
[3F[J                                                                                
  0 cycles
  0 constraint hits
[3F[J                                                                                
  0 cycles
  0 constraint hits
[3F[J                                                                                
  0 cycles
  0 constraint hits
[3F[J                                                                                
  0 cycles
  0 constraint hits
[3F[J                                                                                
  0 cycles
  0 constraint hits
[3F[J                                                                                
  0 cycles
  0 constraint hits
[3F[J                                                                                
  0 cycles
  0 constraint hits
[3F[J                                                                                
  0 cycles
  0 constraint hits
[3F[J                                                                                
  0 cycles
  0 constraint hits
[3F[J                                                                                
  0 cycles
  0 constraint hits
[3F[J                                                                                
  0 cycles
  0 constraint hits
[3F[J                                                                                
  0 cycles
  0 constraint hits
[3F[J                                                                                
  0 cycles
  0 constraint hits
[3F[J                                                                                
  0 cycles
  0 constraint hits
[3F[J                                                                                
  0 cycles
  0 constraint hits
[3F[J                                                                                
  0 cycles
  0 constraint hits
[3F[J                                                                                
  0 cycles
  0 constraint hits
[3F[J                                                                                
  0 cycles
  0 constraint hits
[3F[J                                                                                
  0 cycles
  0 constraint hits
[3F[J                                                                                
  0 cycles
  0 constraint hits
[3F[J                                                                                
  0 cycles
  0 constraint hits
[3F[J                                                                                
  0 cycles
  0 constraint hits
[3F[J                                                                                
  0 cycles
  0 constraint hits
[3F[J                                                                                
  0 cycles
  0 constraint hits
[3F[J                                                                                
  0 cycles
  0 constraint hits
[3F[J                                                                                
  0 cycles
  0 constraint hits
[3F[J                                                                                
  0 cycles
  0 constraint hits
[3F[J                                                                                
  0 cycles
  0 constraint hits
[3F[J                                                                                
  0 cycles
  0 constraint hits
[3F[J                                                                                
  0 cycles
  0 constraint hits
[3F[J                                                                                
  0 cycles
  0 constraint hits
[3F[J                                                                                
  0 cycles
  0 constraint hits
[3F[J                                                                                
  0 cycles
  0 constraint hits
[3F[J                                                                                
  0 cycles
  0 constraint hits
[3F[J                                                                                
  0 cycles
  0 constraint hits
[3F[J                                                                                
  0 cycles
  0 constraint hits
[3F[J                                                                                
  0 cycles
  0 constraint hits
[3F[J                                                                                
  0 cycles
  0 constraint hits
[3F[J                                                                                
  0 cycles
  0 constraint hits
[3F[J                                                                                
  0 cycles
  0 constraint hits
[3F[J                                                                                
  0 cycles
  0 constraint hits
[3F[J                                                                                
  0 cycles
  0 constraint hits
[3F[J                                                                                
  0 cycles
  0 constraint hits
[3F[J                                                                                
  0 cycles
  0 constraint hits
[3F[J                                                                                
  0 cycles
  0 constraint hits
[3F[J                                                                                
  0 cycles
  0 constraint hits
[3F[J                                                                                
  0 cycles
  0 constraint hits
[3F[J                                                                                
  0 cycles
  0 constraint hits
[3F[J                                                                                
  0 cycles
  0 constraint hits
[3F[J                                                                                
  0 cycles
  0 constraint hits
[3F[J                                                                                
  0 cycles
  0 constraint hits
[3F[J                                                                                
  0 cycles
  0 constraint hits
[3F[J                                                                                
  0 cycles
  0 constraint hits
[3F[J                                                                                
  0 cycles
  0 constraint hits
[3F[J                                                                                
  0 cycles
  0 constraint hits
[3F[J                                                                                
  0 cycles
  0 constraint hits
[3F[J                                                                                
  0 cycles
  0 constraint hits
[3F[J                                                                                
  0 cycles
  0 constraint hits
[3F[J                                                                                
  0 cycles
  0 constraint hits
[3F[J                                                                                
  0 cycles
  0 constraint hits
[3F[J                                                                                
  0 cycles
  0 constraint hits
[3F[J                                                                                
  0 cycles
  0 constraint hits
[3F[J                                                                                
  0 cycles
  0 constraint hits
[3F[J                                                                                
  0 cycles
  0 constraint hits
[3F[J                                                                                
  0 cycles
  0 constraint hits
[3F[J                                                                                
  0 cycles
  0 constraint hits
[3F[J                                                                                
  0 cycles
  0 constraint hits
[3F[J                                                                                
  0 cycles
  0 constraint hits
[3F[J                                                                                
  0 cycles
  0 constraint hits
[3F[J                                                                                
  0 cycles
  0 constraint hits
[3F[J                                                                                
  0 cycles
  0 constraint hits
[3F[J                                                                                
  0 cycles
  0 constraint hits
[3F[J                                                                                
  0 cycles
  0 constraint hits
[3F[J                                                                                
  0 cycles
  0 constraint hits
[3F[J                                                                                
  0 cycles
  0 constraint hits
[3F[J                                                                                
  0 cycles
  0 constraint hits
[3F[J                                                                                
  0 cycles
  0 constraint hits
[3F[J                                                                                
  0 cycles
  0 constraint hits
[3F[J                                                                                
  0 cycles
  0 constraint hits
[3F[J                                                                                
  0 cycles
  0 constraint hits
[3F[J                                                                                
  0 cycles
  0 constraint hits
[3F[J                                                                                
  0 cycles
  0 constraint hits
[3F[J                                                                                
  0 cycles
  0 constraint hits
[3F[J                                                                                
  0 cycles
  0 constraint hits
[3F[J                                                                                
  0 cycles
  0 constraint hits
[3F[J                                                                                
  0 cycles
  0 constraint hits
[3F[J                                                                                
  0 cycles
  0 constraint hits
[3F[J                                                                                
  0 cycles
  0 constraint hits
[3F[J                                                                                
  0 cycles
  0 constraint hits
[3F[J                                                                                
  0 cycles
  0 constraint hits
[3F[J                                                                                
  0 cycles
  0 constraint hits
[3F[J                                                                                
  0 cycles
  0 constraint hits
[3F[J                                                                                
  0 cycles
  0 constraint hits
[3F[J                                                                                
  0 cycles
  0 constraint hits
[3F[J                                                                                
  0 cycles
  0 constraint hits
[3F[J                                                                                
  0 cycles
  0 constraint hits
[3F[J                                                                                
  0 cycles
  0 constraint hits
[3F[J                                                                                
  0 cycles
  0 constraint hits
[3F[J                                                                                
  0 cycles
  0 constraint hits
[3F[J                                                                                
  173 cycles  |  690 cyc/s  |  1447487 ns/cyc
  0 constraint hits
[3F[J                                                                                
  173 cycles  |  690 cyc/s  |  1447487 ns/cyc
  0 constraint hits
[3F[J                                                                                
  173 cycles  |  690 cyc/s  |  1447487 ns/cyc
  0 constraint hits
[3F[J                                                                                
  173 cycles  |  690 cyc/s  |  1447487 ns/cyc
  0 constraint hits
[3F[J                                                                                
  173 cycles  |  690 cyc/s  |  1447487 ns/cyc
  0 constraint hits
[3F[J                                                                                
  173 cycles  |  690 cyc/s  |  1447487 ns/cyc
  0 constraint hits
[3F[J                                                                                
  173 cycles  |  690 cyc/s  |  1447487 ns/cyc
  0 constraint hits
[3F[J                                                                                
  173 cycles  |  690 cyc/s  |  1447487 ns/cyc
  0 constraint hits
[3F[J                                                                                
  173 cycles  |  690 cyc/s  |  1447487 ns/cyc
  0 constraint hits
[3F[J                                                                                
  173 cycles  |  690 cyc/s  |  1447487 ns/cyc
  0 constraint hits
[3F[J                                                                                
  173 cycles  |  690 cyc/s  |  1447487 ns/cyc
  0 constraint hits
[3F[J                                                                                
  173 cycles  |  690 cyc/s  |  1447487 ns/cyc
  0 constraint hits
[3F[J                                                                                
  173 cycles  |  690 cyc/s  |  1447487 ns/cyc
  0 constraint hits
[3F[J                                                                                
  173 cycles  |  690 cyc/s  |  1447487 ns/cyc
  0 constraint hits
[3F[J                                                                                
  173 cycles  |  690 cyc/s  |  1447487 ns/cyc
  0 constraint hits
[3F[J                                                                                
  173 cycles  |  690 cyc/s  |  1447487 ns/cyc
  0 constraint hits
[3F[J                                                                                
  173 cycles  |  690 cyc/s  |  1447487 ns/cyc
  0 constraint hits
[3F[J                                                                                
  173 cycles  |  690 cyc/s  |  1447487 ns/cyc
  0 constraint hits
[3F[J                                                                                
  173 cycles  |  690 cyc/s  |  1447487 ns/cyc
  0 constraint hits
[3F[J                                                                                
  173 cycles  |  690 cyc/s  |  1447487 ns/cyc
  0 constraint hits
[3F[J                                                                                
  173 cycles  |  690 cyc/s  |  1447487 ns/cyc
  0 constraint hits
[3F[J                                                                                
  173 cycles  |  690 cyc/s  |  1447487 ns/cyc
  0 constraint hits
[3F[J                                                                                
  173 cycles  |  690 cyc/s  |  1447487 ns/cyc
  0 constraint hits
[3F[J                                                                                
  173 cycles  |  690 cyc/s  |  1447487 ns/cyc
  0 constraint hits
[3F[J                                                                                
  173 cycles  |  690 cyc/s  |  1447487 ns/cyc
  0 constraint hits
[3F[J                                                                                
  173 cycles  |  690 cyc/s  |  1447487 ns/cyc
  0 constraint hits
[3F[J                                                                                
  173 cycles  |  690 cyc/s  |  1447487 ns/cyc
  0 constraint hits
[3F[J                                                                                
  173 cycles  |  690 cyc/s  |  1447487 ns/cyc
  0 constraint hits
[3F[J                                                                                
  173 cycles  |  690 cyc/s  |  1447487 ns/cyc
  0 constraint hits
[3F[J                                                                                
  173 cycles  |  690 cyc/s  |  1447487 ns/cyc
  0 constraint hits
[3F[J                                                                                
  173 cycles  |  690 cyc/s  |  1447487 ns/cyc
  0 constraint hits
[3F[J                                                                                
  173 cycles  |  690 cyc/s  |  1447487 ns/cyc
  0 constraint hits
[3F[J                                                                                
  173 cycles  |  690 cyc/s  |  1447487 ns/cyc
  0 constraint hits
[3F[J                                                                                
  173 cycles  |  690 cyc/s  |  1447487 ns/cyc
  0 constraint hits
[3F[J                                                                                
  173 cycles  |  690 cyc/s  |  1447487 ns/cyc
  0 constraint hits
[3F[J                                                                                
  173 cycles  |  690 cyc/s  |  1447487 ns/cyc
  0 constraint hits
[3F[J                                                                                
  173 cycles  |  690 cyc/s  |  1447487 ns/cyc
  0 constraint hits
[3F[J                                                                                
  173 cycles  |  690 cyc/s  |  1447487 ns/cyc
  0 constraint hits
[3F[J                                                                                
  173 cycles  |  690 cyc/s  |  1447487 ns/cyc
  0 constraint hits
[3F[J                                                                                
  173 cycles  |  690 cyc/s  |  1447487 ns/cyc
  0 constraint hits
[3F[J                                                                                
  173 cycles  |  690 cyc/s  |  1447487 ns/cyc
  0 constraint hits
[3F[J                                                                                
  173 cycles  |  690 cyc/s  |  1447487 ns/cyc
  0 constraint hits
[3F[J                                                                                
  173 cycles  |  690 cyc/s  |  1447487 ns/cyc
  0 constraint hits
[3F[J                                                                                
  173 cycles  |  690 cyc/s  |  1447487 ns/cyc
  0 constraint hits
[3F[J                                                                                
  173 cycles  |  690 cyc/s  |  1447487 ns/cyc
  0 constraint hits
[3F[J                                                                                
  173 cycles  |  690 cyc/s  |  1447487 ns/cyc
  0 constraint hits
[3F[J                                                                                
  173 cycles  |  690 cyc/s  |  1447487 ns/cyc
  0 constraint hits
[3F[J                                                                                
  173 cycles  |  690 cyc/s  |  1447487 ns/cyc
  0 constraint hits
[3F[J                                                                                
  173 cycles  |  690 cyc/s  |  1447487 ns/cyc
  0 constraint hits
[3F[J                                                                                
  173 cycles  |  690 cyc/s  |  1447487 ns/cyc
  0 constraint hits
[3F[J                                                                                
  173 cycles  |  690 cyc/s  |  1447487 ns/cyc
  0 constraint hits
[3F[J                                                                                
  173 cycles  |  690 cyc/s  |  1447487 ns/cyc
  0 constraint hits
[3F[J                                                                                
  173 cycles  |  690 cyc/s  |  1447487 ns/cyc
  0 constraint hits
[3F[J                                                                                
  173 cycles  |  690 cyc/s  |  1447487 ns/cyc
  0 constraint hits
[3F[J                                                                                
  173 cycles  |  690 cyc/s  |  1447487 ns/cyc
  0 constraint hits
[3F[J                                                                                
  173 cycles  |  690 cyc/s  |  1447487 ns/cyc
  0 constraint hits
[3F[J                                                                                
  173 cycles  |  690 cyc/s  |  1447487 ns/cyc
  0 constraint hits
[3F[J                                                                                
  173 cycles  |  690 cyc/s  |  1447487 ns/cyc
  0 constraint hits
[3F[J                                                                                
  173 cycles  |  690 cyc/s  |  1447487 ns/cyc
  0 constraint hits
[3F[J                                                                                
  173 cycles  |  690 cyc/s  |  1447487 ns/cyc
  0 constraint hits
[3F[J                                                                                
  173 cycles  |  690 cyc/s  |  1447487 ns/cyc
  0 constraint hits
[3F[J                                                                                
  173 cycles  |  690 cyc/s  |  1447487 ns/cyc
  0 constraint hits
[3F[J                                                                                
  173 cycles  |  690 cyc/s  |  1447487 ns/cyc
  0 constraint hits
[3F[J                                                                                
  173 cycles  |  690 cyc/s  |  1447487 ns/cyc
  0 constraint hits
[3F[J                                                                                
  173 cycles  |  690 cyc/s  |  1447487 ns/cyc
  0 constraint hits
[3F[J                                                                                
  173 cycles  |  690 cyc/s  |  1447487 ns/cyc
  0 constraint hits
[3F[J                                                                                
  173 cycles  |  690 cyc/s  |  1447487 ns/cyc
  0 constraint hits
[3F[J@@TIME_PROC_AVG COUNT:240 AVG_MS:1.465
@@TIME_THROUGHPUT COUNT:240 DURATION_S:0.351656 EVENTS_PER_S:682.485
                                                                                
  173 cycles  |  690 cyc/s  |  1447487 ns/cyc
  0 constraint hits
[3F[J                                                                                
  240 cycles  |  683 cyc/s  |  1462782 ns/cyc
  240 input events parsed in 0.000s  |  1462782 ns/event avg
  0 constraint hits total
  Breakdown:
   [#0]: @@MONITOR_END:2026-05-14T10:08:00.645963000Z
0
   [#1]: 0
   [#2]: 0
   [#3]: 0
   [#4]: 0
   [#5]: 0
   [#6]: 0
   [#7]: 0
   [#8]: 0
   [#9]: 0
   [#10]: 0
   [#11]: 0
   [#12]: 0
   [#13]: 0
   [#14]: 0
   [#15]: 0
