@@MONITOR_START:2026-05-14T10:08:28.625581000Z
[3F[J                                                                                
  0 cycles
  0 constraint hits
[3F[J                                                                                
  0 cycles
  0 constraint hits
[3F[J                                                                                
  0 cycles
  0 constraint hits
[3F[J                                                                                
  0 cycles
  0 constraint hits
[3F[J                                                                                
  0 cycles
  0 constraint hits
[3F[J                                                                                
  0 cycles
  0 constraint hits
[3F[J                                                                                
  0 cycles
  0 constraint hits
[3F[J                                                                                
  0 cycles
  0 constraint hits
[3F[J                                                                                
  0 cycles
  0 constraint hits
[3F[J                                                                                
  0 cycles
  0 constraint hits
[3F[J                                                                                
  0 cycles
  0 constraint hits
[3F[J                                                                                
  0 cycles
  0 constraint hits
[3F[J                                                                                
  0 cycles
  0 constraint hits
[3F[J                                                                                
  0 cycles
  0 constraint hits
[3F[J                                                                                
  0 cycles
  0 constraint hits
[3F[J                                                                                
  0 cycles
  0 constraint hits
[3F[J                                                                                
  0 cycles
  0 constraint hits
[3F[J                                                                                
  0 cycles
  0 constraint hits
[3F[J                                                                                
  0 cycles
  0 constraint hits
[3F[J                                                                                
  0 cycles
  0 constraint hits
[3F[J                                                                                
  0 cycles
  0 constraint hits
[3F[J                                                                                
  0 cycles
  0 constraint hits
[3F[J                                                                                
  0 cycles
  0 constraint hits
[3F[J                                                                                
  0 cycles
  0 constraint hits
[3F[J                                                                                
  0 cycles
  0 constraint hits
[3F[J                                                                                
  0 cycles
  0 constraint hits
[3F[J                                                                                
  0 cycles
  0 constraint hits
[3F[J                                                                                
  0 cycles
  0 constraint hits
[3F[J                                                                                
  0 cycles
  0 constraint hits
[3F[J                                                                                
  0 cycles
  0 constraint hits
[3F[J                                                                                
  0 cycles
  0 constraint hits
[3F[J                                                                                
  0 cycles
  0 constraint hits
[3F[J                                                                                
  0 cycles
  0 constraint hits
[3F[J                                                                                
  0 cycles
  0 constraint hits
[3F[J                                                                                
  0 cycles
  0 constraint hits
[3F[J                                                                                
  0 cycles
  0 constraint hits
[3F[J                                                                                
  0 cycles
  0 constraint hits
[3F[J                                                                                
  0 cycles
  0 constraint hits
[3F[J                                                                                
  0 cycles
  0 constraint hits
[3F[J                                                                                
  0 cycles
  0 constraint hits
[3F[J                                                                                
  0 cycles
  0 constraint hits
[3F[J                                                                                
  0 cycles
  0 constraint hits
[3F[J                                                                                
  0 cycles
  0 constraint hits
[3F[J                                                                                
  0 cycles
  0 constraint hits
[3F[J                                                                                
  45 cycles  |  175 cyc/s  |  5696360 ns/cyc
  0 constraint hits
[3F[J                                                                                
  45 cycles  |  175 cyc/s  |  5696360 ns/cyc
  0 constraint hits
[3F[J                                                                                
  45 cycles  |  175 cyc/s  |  5696360 ns/cyc
  0 constraint hits
[3F[J                                                                                
  45 cycles  |  175 cyc/s  |  5696360 ns/cyc
  0 constraint hits
[3F[J                                                                                
  45 cycles  |  175 cyc/s  |  5696360 ns/cyc
  0 constraint hits
[3F[J                                                                                
  45 cycles  |  175 cyc/s  |  5696360 ns/cyc
  0 constraint hits
[3F[J                                                                                
  45 cycles  |  175 cyc/s  |  5696360 ns/cyc
  0 constraint hits
[3F[J                                                                                
  45 cycles  |  175 cyc/s  |  5696360 ns/cyc
  0 constraint hits
[3F[J                                                                                
  45 cycles  |  175 cyc/s  |  5696360 ns/cyc
  0 constraint hits
[3F[J                                                                                
  45 cycles  |  175 cyc/s  |  5696360 ns/cyc
  0 constraint hits
[3F[J                                                                                
  45 cycles  |  175 cyc/s  |  5696360 ns/cyc
  0 constraint hits
[3F[J                                                                                
  45 cycles  |  175 cyc/s  |  5696360 ns/cyc
  0 constraint hits
[3F[J                                                                                
  45 cycles  |  175 cyc/s  |  5696360 ns/cyc
  0 constraint hits
[3F[J                                                                                
  45 cycles  |  175 cyc/s  |  5696360 ns/cyc
  0 constraint hits
[3F[J                                                                                
  45 cycles  |  175 cyc/s  |  5696360 ns/cyc
  0 constraint hits
[3F[J                                                                                
  45 cycles  |  175 cyc/s  |  5696360 ns/cyc
  0 constraint hits
[3F[J                                                                                
  45 cycles  |  175 cyc/s  |  5696360 ns/cyc
  0 constraint hits
[3F[J                                                                                
  45 cycles  |  175 cyc/s  |  5696360 ns/cyc
  0 constraint hits
[3F[J                                                                                
  45 cycles  |  175 cyc/s  |  5696360 ns/cyc
  0 constraint hits
[3F[J                                                                                
  45 cycles  |  175 cyc/s  |  5696360 ns/cyc
  0 constraint hits
[3F[J                                                                                
  45 cycles  |  175 cyc/s  |  5696360 ns/cyc
  0 constraint hits
[3F[J                                                                                
  45 cycles  |  175 cyc/s  |  5696360 ns/cyc
  0 constraint hits
[3F[J                                                                                
  45 cycles  |  175 cyc/s  |  5696360 ns/cyc
  0 constraint hits
[3F[J                                                                                
  45 cycles  |  175 cyc/s  |  5696360 ns/cyc
  0 constraint hits
[3F[J                                                                                
  45 cycles  |  175 cyc/s  |  5696360 ns/cyc
  0 constraint hits
[3F[J                                                                                
  45 cycles  |  175 cyc/s  |  5696360 ns/cyc
  0 constraint hits
[3F[J                                                                                
  45 cycles  |  175 cyc/s  |  5696360 ns/cyc
  0 constraint hits
[3F[J                                                                                
  45 cycles  |  175 cyc/s  |  5696360 ns/cyc
  0 constraint hits
[3F[J                                                                                
  45 cycles  |  175 cyc/s  |  5696360 ns/cyc
  0 constraint hits
[3F[J                                                                                
  45 cycles  |  175 cyc/s  |  5696360 ns/cyc
  0 constraint hits
[3F[J                                                                                
  45 cycles  |  175 cyc/s  |  5696360 ns/cyc
  0 constraint hits
[3F[J                                                                                
  45 cycles  |  175 cyc/s  |  5696360 ns/cyc
  0 constraint hits
[3F[J                                                                                
  45 cycles  |  175 cyc/s  |  5696360 ns/cyc
  0 constraint hits
[3F[J                                                                                
  45 cycles  |  175 cyc/s  |  5696360 ns/cyc
  0 constraint hits
[3F[J                                                                                
  45 cycles  |  175 cyc/s  |  5696360 ns/cyc
  0 constraint hits
[3F[J                                                                                
  80 cycles  |  156 cyc/s  |  6395088 ns/cyc
  0 constraint hits
[3F[J                                                                                
  80 cycles  |  156 cyc/s  |  6395088 ns/cyc
  0 constraint hits
[3F[J                                                                                
  80 cycles  |  156 cyc/s  |  6395088 ns/cyc
  0 constraint hits
[3F[J                                                                                
  80 cycles  |  156 cyc/s  |  6395088 ns/cyc
  0 constraint hits
[3F[J                                                                                
  80 cycles  |  156 cyc/s  |  6395088 ns/cyc
  0 constraint hits
[3F[J                                                                                
  80 cycles  |  156 cyc/s  |  6395088 ns/cyc
  0 constraint hits
[3F[J                                                                                
  80 cycles  |  156 cyc/s  |  6395088 ns/cyc
  0 constraint hits
[3F[J                                                                                
  80 cycles  |  156 cyc/s  |  6395088 ns/cyc
  0 constraint hits
[3F[J                                                                                
  80 cycles  |  156 cyc/s  |  6395088 ns/cyc
  0 constraint hits
[3F[J                                                                                
  80 cycles  |  156 cyc/s  |  6395088 ns/cyc
  0 constraint hits
[3F[J                                                                                
  80 cycles  |  156 cyc/s  |  6395088 ns/cyc
  0 constraint hits
[3F[J                                                                                
  80 cycles  |  156 cyc/s  |  6395088 ns/cyc
  0 constraint hits
[3F[J                                                                                
  80 cycles  |  156 cyc/s  |  6395088 ns/cyc
  0 constraint hits
[3F[J                                                                                
  80 cycles  |  156 cyc/s  |  6395088 ns/cyc
  0 constraint hits
[3F[J                                                                                
  80 cycles  |  156 cyc/s  |  6395088 ns/cyc
  0 constraint hits
[3F[J                                                                                
  80 cycles  |  156 cyc/s  |  6395088 ns/cyc
  0 constraint hits
[3F[J                                                                                
  80 cycles  |  156 cyc/s  |  6395088 ns/cyc
  0 constraint hits
[3F[J                                                                                
  80 cycles  |  156 cyc/s  |  6395088 ns/cyc
  0 constraint hits
[3F[J                                                                                
  80 cycles  |  156 cyc/s  |  6395088 ns/cyc
  0 constraint hits
[3F[J                                                                                
  80 cycles  |  156 cyc/s  |  6395088 ns/cyc
  0 constraint hits
[3F[J                                                                                
  80 cycles  |  156 cyc/s  |  6395088 ns/cyc
  0 constraint hits
[3F[J                                                                                
  80 cycles  |  156 cyc/s  |  6395088 ns/cyc
  0 constraint hits
[3F[J                                                                                
  80 cycles  |  156 cyc/s  |  6395088 ns/cyc
  0 constraint hits
[3F[J                                                                                
  80 cycles  |  156 cyc/s  |  6395088 ns/cyc
  0 constraint hits
[3F[J                                                                                
  80 cycles  |  156 cyc/s  |  6395088 ns/cyc
  0 constraint hits
[3F[J                                                                                
  80 cycles  |  156 cyc/s  |  6395088 ns/cyc
  0 constraint hits
[3F[J                                                                                
  80 cycles  |  156 cyc/s  |  6395088 ns/cyc
  0 constraint hits
[3F[J                                                                                
  80 cycles  |  156 cyc/s  |  6395088 ns/cyc
  0 constraint hits
[3F[J                                                                                
  80 cycles  |  156 cyc/s  |  6395088 ns/cyc
  0 constraint hits
[3F[J                                                                                
  80 cycles  |  156 cyc/s  |  6395088 ns/cyc
  0 constraint hits
[3F[J                                                                                
  80 cycles  |  156 cyc/s  |  6395088 ns/cyc
  0 constraint hits
[3F[J                                                                                
  80 cycles  |  156 cyc/s  |  6395088 ns/cyc
  0 constraint hits
[3F[J                                                                                
  80 cycles  |  156 cyc/s  |  6395088 ns/cyc
  0 constraint hits
[3F[J                                                                                
  80 cycles  |  156 cyc/s  |  6395088 ns/cyc
  0 constraint hits
[3F[J                                                                                
  80 cycles  |  156 cyc/s  |  6395088 ns/cyc
  0 constraint hits
[3F[J                                                                                
  115 cycles  |  149 cyc/s  |  6669457 ns/cyc
  0 constraint hits
[3F[J                                                                                
  115 cycles  |  149 cyc/s  |  6669457 ns/cyc
  0 constraint hits
[3F[J                                                                                
  115 cycles  |  149 cyc/s  |  6669457 ns/cyc
  0 constraint hits
[3F[J                                                                                
  115 cycles  |  149 cyc/s  |  6669457 ns/cyc
  0 constraint hits
[3F[J                                                                                
  115 cycles  |  149 cyc/s  |  6669457 ns/cyc
  0 constraint hits
[3F[J                                                                                
  115 cycles  |  149 cyc/s  |  6669457 ns/cyc
  0 constraint hits
[3F[J                                                                                
  115 cycles  |  149 cyc/s  |  6669457 ns/cyc
  0 constraint hits
[3F[J                                                                                
  115 cycles  |  149 cyc/s  |  6669457 ns/cyc
  0 constraint hits
[3F[J                                                                                
  115 cycles  |  149 cyc/s  |  6669457 ns/cyc
  0 constraint hits
[3F[J                                                                                
  115 cycles  |  149 cyc/s  |  6669457 ns/cyc
  0 constraint hits
[3F[J                                                                                
  115 cycles  |  149 cyc/s  |  6669457 ns/cyc
  0 constraint hits
[3F[J                                                                                
  115 cycles  |  149 cyc/s  |  6669457 ns/cyc
  0 constraint hits
[3F[J                                                                                
  115 cycles  |  149 cyc/s  |  6669457 ns/cyc
  0 constraint hits
[3F[J                                                                                
  115 cycles  |  149 cyc/s  |  6669457 ns/cyc
  0 constraint hits
[3F[J                                                                                
  115 cycles  |  149 cyc/s  |  6669457 ns/cyc
  0 constraint hits
[3F[J                                                                                
  115 cycles  |  149 cyc/s  |  6669457 ns/cyc
  0 constraint hits
[3F[J                                                                                
  115 cycles  |  149 cyc/s  |  6669457 ns/cyc
  0 constraint hits
[3F[J                                                                                
  115 cycles  |  149 cyc/s  |  6669457 ns/cyc
  0 constraint hits
[3F[J                                                                                
  115 cycles  |  149 cyc/s  |  6669457 ns/cyc
  0 constraint hits
[3F[J                                                                                
  115 cycles  |  149 cyc/s  |  6669457 ns/cyc
  0 constraint hits
[3F[J                                                                                
  115 cycles  |  149 cyc/s  |  6669457 ns/cyc
  0 constraint hits
[3F[J                                                                                
  115 cycles  |  149 cyc/s  |  6669457 ns/cyc
  0 constraint hits
[3F[J                                                                                
  115 cycles  |  149 cyc/s  |  6669457 ns/cyc
  0 constraint hits
[3F[J                                                                                
  115 cycles  |  149 cyc/s  |  6669457 ns/cyc
  0 constraint hits
[3F[J                                                                                
  115 cycles  |  149 cyc/s  |  6669457 ns/cyc
  0 constraint hits
[3F[J                                                                                
  115 cycles  |  149 cyc/s  |  6669457 ns/cyc
  0 constraint hits
[3F[J                                                                                
  115 cycles  |  149 cyc/s  |  6669457 ns/cyc
  0 constraint hits
[3F[J                                                                                
  115 cycles  |  149 cyc/s  |  6669457 ns/cyc
  0 constraint hits
[3F[J                                                                                
  115 cycles  |  149 cyc/s  |  6669457 ns/cyc
  0 constraint hits
[3F[J                                                                                
  115 cycles  |  149 cyc/s  |  6669457 ns/cyc
  0 constraint hits
[3F[J                                                                                
  115 cycles  |  149 cyc/s  |  6669457 ns/cyc
  0 constraint hits
[3F[J                                                                                
  115 cycles  |  149 cyc/s  |  6669457 ns/cyc
  0 constraint hits
[3F[J                                                                                
  115 cycles  |  149 cyc/s  |  6669457 ns/cyc
  0 constraint hits
[3F[J                                                                                
  115 cycles  |  149 cyc/s  |  6669457 ns/cyc
  0 constraint hits
[3F[J                                                                                
  149 cycles  |  146 cyc/s  |  6829174 ns/cyc
  0 constraint hits
[3F[J                                                                                
  149 cycles  |  146 cyc/s  |  6829174 ns/cyc
  0 constraint hits
[3F[J                                                                                
  149 cycles  |  146 cyc/s  |  6829174 ns/cyc
  0 constraint hits
[3F[J                                                                                
  149 cycles  |  146 cyc/s  |  6829174 ns/cyc
  0 constraint hits
[3F[J                                                                                
  149 cycles  |  146 cyc/s  |  6829174 ns/cyc
  0 constraint hits
[3F[J                                                                                
  149 cycles  |  146 cyc/s  |  6829174 ns/cyc
  0 constraint hits
[3F[J                                                                                
  149 cycles  |  146 cyc/s  |  6829174 ns/cyc
  0 constraint hits
[3F[J                                                                                
  149 cycles  |  146 cyc/s  |  6829174 ns/cyc
  0 constraint hits
[3F[J                                                                                
  149 cycles  |  146 cyc/s  |  6829174 ns/cyc
  0 constraint hits
[3F[J                                                                                
  149 cycles  |  146 cyc/s  |  6829174 ns/cyc
  0 constraint hits
[3F[J                                                                                
  149 cycles  |  146 cyc/s  |  6829174 ns/cyc
  0 constraint hits
[3F[J                                                                                
  149 cycles  |  146 cyc/s  |  6829174 ns/cyc
  0 constraint hits
[3F[J                                                                                
  149 cycles  |  146 cyc/s  |  6829174 ns/cyc
  0 constraint hits
[3F[J                                                                                
  149 cycles  |  146 cyc/s  |  6829174 ns/cyc
  0 constraint hits
[3F[J                                                                                
  149 cycles  |  146 cyc/s  |  6829174 ns/cyc
  0 constraint hits
[3F[J                                                                                
  149 cycles  |  146 cyc/s  |  6829174 ns/cyc
  0 constraint hits
[3F[J                                                                                
  149 cycles  |  146 cyc/s  |  6829174 ns/cyc
  0 constraint hits
[3F[J                                                                                
  149 cycles  |  146 cyc/s  |  6829174 ns/cyc
  0 constraint hits
[3F[J                                                                                
  149 cycles  |  146 cyc/s  |  6829174 ns/cyc
  0 constraint hits
[3F[J                                                                                
  149 cycles  |  146 cyc/s  |  6829174 ns/cyc
  0 constraint hits
[3F[J                                                                                
  149 cycles  |  146 cyc/s  |  6829174 ns/cyc
  0 constraint hits
[3F[J                                                                                
  149 cycles  |  146 cyc/s  |  6829174 ns/cyc
  0 constraint hits
[3F[J                                                                                
  149 cycles  |  146 cyc/s  |  6829174 ns/cyc
  0 constraint hits
[3F[J                                                                                
  149 cycles  |  146 cyc/s  |  6829174 ns/cyc
  0 constraint hits
[3F[J                                                                                
  149 cycles  |  146 cyc/s  |  6829174 ns/cyc
  0 constraint hits
[3F[J                                                                                
  149 cycles  |  146 cyc/s  |  6829174 ns/cyc
  0 constraint hits
[3F[J                                                                                
  149 cycles  |  146 cyc/s  |  6829174 ns/cyc
  0 constraint hits
[3F[J                                                                                
  149 cycles  |  146 cyc/s  |  6829174 ns/cyc
  0 constraint hits
[3F[J                                                                                
  149 cycles  |  146 cyc/s  |  6829174 ns/cyc
  0 constraint hits
[3F[J                                                                                
  149 cycles  |  146 cyc/s  |  6829174 ns/cyc
  0 constraint hits
[3F[J                                                                                
  149 cycles  |  146 cyc/s  |  6829174 ns/cyc
  0 constraint hits
[3F[J                                                                                
  149 cycles  |  146 cyc/s  |  6829174 ns/cyc
  0 constraint hits
[3F[J                                                                                
  149 cycles  |  146 cyc/s  |  6829174 ns/cyc
  0 constraint hits
[3F[J                                                                                
  149 cycles  |  146 cyc/s  |  6829174 ns/cyc
  0 constraint hits
[3F[J                                                                                
  149 cycles  |  146 cyc/s  |  6829174 ns/cyc
  0 constraint hits
[3F[J                                                                                
  184 cycles  |  144 cyc/s  |  6925564 ns/cyc
  0 constraint hits
[3F[J                                                                                
  184 cycles  |  144 cyc/s  |  6925564 ns/cyc
  0 constraint hits
[3F[J                                                                                
  184 cycles  |  144 cyc/s  |  6925564 ns/cyc
  0 constraint hits
[3F[J                                                                                
  184 cycles  |  144 cyc/s  |  6925564 ns/cyc
  0 constraint hits
[3F[J                                                                                
  184 cycles  |  144 cyc/s  |  6925564 ns/cyc
  0 constraint hits
[3F[J                                                                                
  184 cycles  |  144 cyc/s  |  6925564 ns/cyc
  0 constraint hits
[3F[J                                                                                
  184 cycles  |  144 cyc/s  |  6925564 ns/cyc
  0 constraint hits
[3F[J                                                                                
  184 cycles  |  144 cyc/s  |  6925564 ns/cyc
  0 constraint hits
[3F[J                                                                                
  184 cycles  |  144 cyc/s  |  6925564 ns/cyc
  0 constraint hits
[3F[J                                                                                
  184 cycles  |  144 cyc/s  |  6925564 ns/cyc
  0 constraint hits
[3F[J                                                                                
  184 cycles  |  144 cyc/s  |  6925564 ns/cyc
  0 constraint hits
[3F[J                                                                                
  184 cycles  |  144 cyc/s  |  6925564 ns/cyc
  0 constraint hits
[3F[J                                                                                
  184 cycles  |  144 cyc/s  |  6925564 ns/cyc
  0 constraint hits
[3F[J                                                                                
  184 cycles  |  144 cyc/s  |  6925564 ns/cyc
  0 constraint hits
[3F[J                                                                                
  184 cycles  |  144 cyc/s  |  6925564 ns/cyc
  0 constraint hits
[3F[J                                                                                
  184 cycles  |  144 cyc/s  |  6925564 ns/cyc
  0 constraint hits
[3F[J                                                                                
  184 cycles  |  144 cyc/s  |  6925564 ns/cyc
  0 constraint hits
[3F[J                                                                                
  184 cycles  |  144 cyc/s  |  6925564 ns/cyc
  0 constraint hits
[3F[J                                                                                
  184 cycles  |  144 cyc/s  |  6925564 ns/cyc
  0 constraint hits
[3F[J                                                                                
  184 cycles  |  144 cyc/s  |  6925564 ns/cyc
  0 constraint hits
[3F[J                                                                                
  184 cycles  |  144 cyc/s  |  6925564 ns/cyc
  0 constraint hits
[3F[J                                                                                
  184 cycles  |  144 cyc/s  |  6925564 ns/cyc
  0 constraint hits
[3F[J                                                                                
  184 cycles  |  144 cyc/s  |  6925564 ns/cyc
  0 constraint hits
[3F[J                                                                                
  184 cycles  |  144 cyc/s  |  6925564 ns/cyc
  0 constraint hits
[3F[J                                                                                
  184 cycles  |  144 cyc/s  |  6925564 ns/cyc
  0 constraint hits
[3F[J                                                                                
  184 cycles  |  144 cyc/s  |  6925564 ns/cyc
  0 constraint hits
[3F[J                                                                                
  184 cycles  |  144 cyc/s  |  6925564 ns/cyc
  0 constraint hits
[3F[J                                                                                
  184 cycles  |  144 cyc/s  |  6925564 ns/cyc
  0 constraint hits
[3F[J                                                                                
  184 cycles  |  144 cyc/s  |  6925564 ns/cyc
  0 constraint hits
[3F[J                                                                                
  184 cycles  |  144 cyc/s  |  6925564 ns/cyc
  0 constraint hits
[3F[J                                                                                
  184 cycles  |  144 cyc/s  |  6925564 ns/cyc
  0 constraint hits
[3F[J                                                                                
  184 cycles  |  144 cyc/s  |  6925564 ns/cyc
  0 constraint hits
[3F[J                                                                                
  184 cycles  |  144 cyc/s  |  6925564 ns/cyc
  0 constraint hits
[3F[J                                                                                
  184 cycles  |  144 cyc/s  |  6925564 ns/cyc
  0 constraint hits
[3F[J                                                                                
  218 cycles  |  142 cyc/s  |  6994521 ns/cyc
  0 constraint hits
[3F[J                                                                                
  218 cycles  |  142 cyc/s  |  6994521 ns/cyc
  0 constraint hits
[3F[J                                                                                
  218 cycles  |  142 cyc/s  |  6994521 ns/cyc
  0 constraint hits
[3F[J                                                                                
  218 cycles  |  142 cyc/s  |  6994521 ns/cyc
  0 constraint hits
[3F[J                                                                                
  218 cycles  |  142 cyc/s  |  6994521 ns/cyc
  0 constraint hits
[3F[J                                                                                
  218 cycles  |  142 cyc/s  |  6994521 ns/cyc
  0 constraint hits
[3F[J                                                                                
  218 cycles  |  142 cyc/s  |  6994521 ns/cyc
  0 constraint hits
[3F[J                                                                                
  218 cycles  |  142 cyc/s  |  6994521 ns/cyc
  0 constraint hits
[3F[J                                                                                
  218 cycles  |  142 cyc/s  |  6994521 ns/cyc
  0 constraint hits
[3F[J                                                                                
  218 cycles  |  142 cyc/s  |  6994521 ns/cyc
  0 constraint hits
[3F[J                                                                                
  218 cycles  |  142 cyc/s  |  6994521 ns/cyc
  0 constraint hits
[3F[J                                                                                
  218 cycles  |  142 cyc/s  |  6994521 ns/cyc
  0 constraint hits
[3F[J                                                                                
  218 cycles  |  142 cyc/s  |  6994521 ns/cyc
  0 constraint hits
[3F[J                                                                                
  218 cycles  |  142 cyc/s  |  6994521 ns/cyc
  0 constraint hits
[3F[J                                                                                
  218 cycles  |  142 cyc/s  |  6994521 ns/cyc
  0 constraint hits
[3F[J                                                                                
  218 cycles  |  142 cyc/s  |  6994521 ns/cyc
  0 constraint hits
[3F[J                                                                                
  218 cycles  |  142 cyc/s  |  6994521 ns/cyc
  0 constraint hits
[3F[J                                                                                
  218 cycles  |  142 cyc/s  |  6994521 ns/cyc
  0 constraint hits
[3F[J                                                                                
  218 cycles  |  142 cyc/s  |  6994521 ns/cyc
  0 constraint hits
[3F[J                                                                                
  218 cycles  |  142 cyc/s  |  6994521 ns/cyc
  0 constraint hits
[3F[J                                                                                
  218 cycles  |  142 cyc/s  |  6994521 ns/cyc
  0 constraint hits
[3F[J                                                                                
  218 cycles  |  142 cyc/s  |  6994521 ns/cyc
  0 constraint hits
[3F[J@@TIME_PROC_AVG COUNT:240 AVG_MS:7.023
@@TIME_THROUGHPUT COUNT:240 DURATION_S:1.685586 EVENTS_PER_S:142.384
                                                                                
  218 cycles  |  142 cyc/s  |  6994521 ns/cyc
  0 constraint hits
[3F[J                                                                                
  240 cycles  |  142 cyc/s  |  7021220 ns/cyc
  240 input events parsed in 0.000s  |  7021220 ns/event avg
  0 constraint hits total
  Breakdown:
   [#0]: 0
   [#1]: 0
   [#2]: 0
   [#3]: 0
   [#4]: 0
   [#5]: 0
   [#6]: 0
   [#7]: 0
   [#8]: 0
   [#9]: 0
   [#10]: 0
   [#11]: 0
   [#12]: 0
   [#13]: 0
   [#14]: 0
   [#15]: 0
   [#16]: 0
   [#17]: 0
   [#18]: 0
   [#19]: 0
@@MONITOR_END:2026-05-14T10:08:30.311479000Z
