@@MONITOR_START:2026-05-14T10:09:15.579203000Z
[3F[J                                                                                
  0 cycles
  0 constraint hits
[3F[J                                                                                
  0 cycles
  0 constraint hits
[3F[J                                                                                
  0 cycles
  0 constraint hits
[3F[J                                                                                
  0 cycles
  0 constraint hits
[3F[J                                                                                
  0 cycles
  0 constraint hits
[3F[J                                                                                
  0 cycles
  0 constraint hits
[3F[J                                                                                
  0 cycles
  0 constraint hits
[3F[J                                                                                
  0 cycles
  0 constraint hits
[3F[J                                                                                
  0 cycles
  0 constraint hits
[3F[J                                                                                
  0 cycles
  0 constraint hits
[3F[J                                                                                
  0 cycles
  0 constraint hits
[3F[J                                                                                
  0 cycles
  0 constraint hits
[3F[J                                                                                
  0 cycles
  0 constraint hits
[3F[J                                                                                
  0 cycles
  0 constraint hits
[3F[J                                                                                
  0 cycles
  0 constraint hits
[3F[J                                                                                
  0 cycles
  0 constraint hits
[3F[J                                                                                
  0 cycles
  0 constraint hits
[3F[J                                                                                
  0 cycles
  0 constraint hits
[3F[J                                                                                
  0 cycles
  0 constraint hits
[3F[J                                                                                
  0 cycles
  0 constraint hits
[3F[J                                                                                
  0 cycles
  0 constraint hits
[3F[J                                                                                
  0 cycles
  0 constraint hits
[3F[J                                                                                
  0 cycles
  0 constraint hits
[3F[J                                                                                
  0 cycles
  0 constraint hits
[3F[J                                                                                
  0 cycles
  0 constraint hits
[3F[J                                                                                
  0 cycles
  0 constraint hits
[3F[J                                                                                
  0 cycles
  0 constraint hits
[3F[J                                                                                
  0 cycles
  0 constraint hits
[3F[J                                                                                
  0 cycles
  0 constraint hits
[3F[J                                                                                
  0 cycles
  0 constraint hits
[3F[J                                                                                
  0 cycles
  0 constraint hits
[3F[J                                                                                
  0 cycles
  0 constraint hits
[3F[J                                                                                
  0 cycles
  0 constraint hits
[3F[J                                                                                
  0 cycles
  0 constraint hits
[3F[J                                                                                
  0 cycles
  0 constraint hits
[3F[J                                                                                
  0 cycles
  0 constraint hits
[3F[J                                                                                
  0 cycles
  0 constraint hits
[3F[J                                                                                
  0 cycles
  0 constraint hits
[3F[J                                                                                
  0 cycles
  0 constraint hits
[3F[J                                                                                
  0 cycles
  0 constraint hits
[3F[J                                                                                
  0 cycles
  0 constraint hits
[3F[J                                                                                
  0 cycles
  0 constraint hits
[3F[J                                                                                
  0 cycles
  0 constraint hits
[3F[J                                                                                
  0 cycles
  0 constraint hits
[3F[J                                                                                
  0 cycles
  0 constraint hits
[3F[J                                                                                
  0 cycles
  0 constraint hits
[3F[J                                                                                
  0 cycles
  0 constraint hits
[3F[J                                                                                
  0 cycles
  0 constraint hits
[3F[J                                                                                
  0 cycles
  0 constraint hits
[3F[J                                                                                
  0 cycles
  0 constraint hits
[3F[J                                                                                
  0 cycles
  0 constraint hits
[3F[J                                                                                
  0 cycles
  0 constraint hits
[3F[J                                                                                
  0 cycles
  0 constraint hits
[3F[J                                                                                
  0 cycles
  0 constraint hits
[3F[J                                                                                
  0 cycles
  0 constraint hits
[3F[J                                                                                
  0 cycles
  0 constraint hits
[3F[J                                                                                
  0 cycles
  0 constraint hits
[3F[J                                                                                
  0 cycles
  0 constraint hits
[3F[J                                                                                
  0 cycles
  0 constraint hits
[3F[J                                                                                
  0 cycles
  0 constraint hits
[3F[J                                                                                
  0 cycles
  0 constraint hits
[3F[J                                                                                
  0 cycles
  0 constraint hits
[3F[J                                                                                
  0 cycles
  0 constraint hits
[3F[J                                                                                
  0 cycles
  0 constraint hits
[3F[J                                                                                
  65 cycles  |  254 cyc/s  |  3922796 ns/cyc
  0 constraint hits
[3F[J                                                                                
  65 cycles  |  254 cyc/s  |  3922796 ns/cyc
  0 constraint hits
[3F[J                                                                                
  65 cycles  |  254 cyc/s  |  3922796 ns/cyc
  0 constraint hits
[3F[J                                                                                
  65 cycles  |  254 cyc/s  |  3922796 ns/cyc
  0 constraint hits
[3F[J                                                                                
  65 cycles  |  254 cyc/s  |  3922796 ns/cyc
  0 constraint hits
[3F[J                                                                                
  65 cycles  |  254 cyc/s  |  3922796 ns/cyc
  0 constraint hits
[3F[J                                                                                
  65 cycles  |  254 cyc/s  |  3922796 ns/cyc
  0 constraint hits
[3F[J                                                                                
  65 cycles  |  254 cyc/s  |  3922796 ns/cyc
  0 constraint hits
[3F[J                                                                                
  65 cycles  |  254 cyc/s  |  3922796 ns/cyc
  0 constraint hits
[3F[J                                                                                
  65 cycles  |  254 cyc/s  |  3922796 ns/cyc
  0 constraint hits
[3F[J                                                                                
  65 cycles  |  254 cyc/s  |  3922796 ns/cyc
  0 constraint hits
[3F[J                                                                                
  65 cycles  |  254 cyc/s  |  3922796 ns/cyc
  0 constraint hits
[3F[J                                                                                
  65 cycles  |  254 cyc/s  |  3922796 ns/cyc
  0 constraint hits
[3F[J                                                                                
  65 cycles  |  254 cyc/s  |  3922796 ns/cyc
  0 constraint hits
[3F[J                                                                                
  65 cycles  |  254 cyc/s  |  3922796 ns/cyc
  0 constraint hits
[3F[J                                                                                
  65 cycles  |  254 cyc/s  |  3922796 ns/cyc
  0 constraint hits
[3F[J                                                                                
  65 cycles  |  254 cyc/s  |  3922796 ns/cyc
  0 constraint hits
[3F[J                                                                                
  65 cycles  |  254 cyc/s  |  3922796 ns/cyc
  0 constraint hits
[3F[J                                                                                
  65 cycles  |  254 cyc/s  |  3922796 ns/cyc
  0 constraint hits
[3F[J                                                                                
  65 cycles  |  254 cyc/s  |  3922796 ns/cyc
  0 constraint hits
[3F[J                                                                                
  65 cycles  |  254 cyc/s  |  3922796 ns/cyc
  0 constraint hits
[3F[J                                                                                
  65 cycles  |  254 cyc/s  |  3922796 ns/cyc
  0 constraint hits
[3F[J                                                                                
  65 cycles  |  254 cyc/s  |  3922796 ns/cyc
  0 constraint hits
[3F[J                                                                                
  65 cycles  |  254 cyc/s  |  3922796 ns/cyc
  0 constraint hits
[3F[J                                                                                
  65 cycles  |  254 cyc/s  |  3922796 ns/cyc
  0 constraint hits
[3F[J                                                                                
  65 cycles  |  254 cyc/s  |  3922796 ns/cyc
  0 constraint hits
[3F[J                                                                                
  65 cycles  |  254 cyc/s  |  3922796 ns/cyc
  0 constraint hits
[3F[J                                                                                
  65 cycles  |  254 cyc/s  |  3922796 ns/cyc
  0 constraint hits
[3F[J                                                                                
  65 cycles  |  254 cyc/s  |  3922796 ns/cyc
  0 constraint hits
[3F[J                                                                                
  65 cycles  |  254 cyc/s  |  3922796 ns/cyc
  0 constraint hits
[3F[J                                                                                
  65 cycles  |  254 cyc/s  |  3922796 ns/cyc
  0 constraint hits
[3F[J                                                                                
  65 cycles  |  254 cyc/s  |  3922796 ns/cyc
  0 constraint hits
[3F[J                                                                                
  65 cycles  |  254 cyc/s  |  3922796 ns/cyc
  0 constraint hits
[3F[J                                                                                
  65 cycles  |  254 cyc/s  |  3922796 ns/cyc
  0 constraint hits
[3F[J                                                                                
  65 cycles  |  254 cyc/s  |  3922796 ns/cyc
  0 constraint hits
[3F[J                                                                                
  65 cycles  |  254 cyc/s  |  3922796 ns/cyc
  0 constraint hits
[3F[J                                                                                
  65 cycles  |  254 cyc/s  |  3922796 ns/cyc
  0 constraint hits
[3F[J                                                                                
  65 cycles  |  254 cyc/s  |  3922796 ns/cyc
  0 constraint hits
[3F[J                                                                                
  65 cycles  |  254 cyc/s  |  3922796 ns/cyc
  0 constraint hits
[3F[J                                                                                
  65 cycles  |  254 cyc/s  |  3922796 ns/cyc
  0 constraint hits
[3F[J                                                                                
  65 cycles  |  254 cyc/s  |  3922796 ns/cyc
  0 constraint hits
[3F[J                                                                                
  65 cycles  |  254 cyc/s  |  3922796 ns/cyc
  0 constraint hits
[3F[J                                                                                
  65 cycles  |  254 cyc/s  |  3922796 ns/cyc
  0 constraint hits
[3F[J                                                                                
  65 cycles  |  254 cyc/s  |  3922796 ns/cyc
  0 constraint hits
[3F[J                                                                                
  109 cycles  |  214 cyc/s  |  4659656 ns/cyc
  0 constraint hits
[3F[J                                                                                
  109 cycles  |  214 cyc/s  |  4659656 ns/cyc
  0 constraint hits
[3F[J                                                                                
  109 cycles  |  214 cyc/s  |  4659656 ns/cyc
  0 constraint hits
[3F[J                                                                                
  109 cycles  |  214 cyc/s  |  4659656 ns/cyc
  0 constraint hits
[3F[J                                                                                
  109 cycles  |  214 cyc/s  |  4659656 ns/cyc
  0 constraint hits
[3F[J                                                                                
  109 cycles  |  214 cyc/s  |  4659656 ns/cyc
  0 constraint hits
[3F[J                                                                                
  109 cycles  |  214 cyc/s  |  4659656 ns/cyc
  0 constraint hits
[3F[J                                                                                
  109 cycles  |  214 cyc/s  |  4659656 ns/cyc
  0 constraint hits
[3F[J                                                                                
  109 cycles  |  214 cyc/s  |  4659656 ns/cyc
  0 constraint hits
[3F[J                                                                                
  109 cycles  |  214 cyc/s  |  4659656 ns/cyc
  0 constraint hits
[3F[J                                                                                
  109 cycles  |  214 cyc/s  |  4659656 ns/cyc
  0 constraint hits
[3F[J                                                                                
  109 cycles  |  214 cyc/s  |  4659656 ns/cyc
  0 constraint hits
[3F[J                                                                                
  109 cycles  |  214 cyc/s  |  4659656 ns/cyc
  0 constraint hits
[3F[J                                                                                
  109 cycles  |  214 cyc/s  |  4659656 ns/cyc
  0 constraint hits
[3F[J                                                                                
  109 cycles  |  214 cyc/s  |  4659656 ns/cyc
  0 constraint hits
[3F[J                                                                                
  109 cycles  |  214 cyc/s  |  4659656 ns/cyc
  0 constraint hits
[3F[J                                                                                
  109 cycles  |  214 cyc/s  |  4659656 ns/cyc
  0 constraint hits
[3F[J                                                                                
  109 cycles  |  214 cyc/s  |  4659656 ns/cyc
  0 constraint hits
[3F[J                                                                                
  109 cycles  |  214 cyc/s  |  4659656 ns/cyc
  0 constraint hits
[3F[J                                                                                
  109 cycles  |  214 cyc/s  |  4659656 ns/cyc
  0 constraint hits
[3F[J                                                                                
  109 cycles  |  214 cyc/s  |  4659656 ns/cyc
  0 constraint hits
[3F[J                                                                                
  109 cycles  |  214 cyc/s  |  4659656 ns/cyc
  0 constraint hits
[3F[J                                                                                
  109 cycles  |  214 cyc/s  |  4659656 ns/cyc
  0 constraint hits
[3F[J                                                                                
  109 cycles  |  214 cyc/s  |  4659656 ns/cyc
  0 constraint hits
[3F[J                                                                                
  109 cycles  |  214 cyc/s  |  4659656 ns/cyc
  0 constraint hits
[3F[J                                                                                
  109 cycles  |  214 cyc/s  |  4659656 ns/cyc
  0 constraint hits
[3F[J                                                                                
  109 cycles  |  214 cyc/s  |  4659656 ns/cyc
  0 constraint hits
[3F[J                                                                                
  109 cycles  |  214 cyc/s  |  4659656 ns/cyc
  0 constraint hits
[3F[J                                                                                
  109 cycles  |  214 cyc/s  |  4659656 ns/cyc
  0 constraint hits
[3F[J                                                                                
  109 cycles  |  214 cyc/s  |  4659656 ns/cyc
  0 constraint hits
[3F[J                                                                                
  109 cycles  |  214 cyc/s  |  4659656 ns/cyc
  0 constraint hits
[3F[J                                                                                
  109 cycles  |  214 cyc/s  |  4659656 ns/cyc
  0 constraint hits
[3F[J                                                                                
  109 cycles  |  214 cyc/s  |  4659656 ns/cyc
  0 constraint hits
[3F[J                                                                                
  109 cycles  |  214 cyc/s  |  4659656 ns/cyc
  0 constraint hits
[3F[J                                                                                
  109 cycles  |  214 cyc/s  |  4659656 ns/cyc
  0 constraint hits
[3F[J                                                                                
  109 cycles  |  214 cyc/s  |  4659656 ns/cyc
  0 constraint hits
[3F[J                                                                                
  109 cycles  |  214 cyc/s  |  4659656 ns/cyc
  0 constraint hits
[3F[J                                                                                
  109 cycles  |  214 cyc/s  |  4659656 ns/cyc
  0 constraint hits
[3F[J                                                                                
  109 cycles  |  214 cyc/s  |  4659656 ns/cyc
  0 constraint hits
[3F[J                                                                                
  109 cycles  |  214 cyc/s  |  4659656 ns/cyc
  0 constraint hits
[3F[J                                                                                
  109 cycles  |  214 cyc/s  |  4659656 ns/cyc
  0 constraint hits
[3F[J                                                                                
  109 cycles  |  214 cyc/s  |  4659656 ns/cyc
  0 constraint hits
[3F[J                                                                                
  109 cycles  |  214 cyc/s  |  4659656 ns/cyc
  0 constraint hits
[3F[J                                                                                
  109 cycles  |  214 cyc/s  |  4659656 ns/cyc
  0 constraint hits
[3F[J                                                                                
  153 cycles  |  200 cyc/s  |  4976742 ns/cyc
  0 constraint hits
[3F[J                                                                                
  153 cycles  |  200 cyc/s  |  4976742 ns/cyc
  0 constraint hits
[3F[J                                                                                
  153 cycles  |  200 cyc/s  |  4976742 ns/cyc
  0 constraint hits
[3F[J                                                                                
  153 cycles  |  200 cyc/s  |  4976742 ns/cyc
  0 constraint hits
[3F[J                                                                                
  153 cycles  |  200 cyc/s  |  4976742 ns/cyc
  0 constraint hits
[3F[J                                                                                
  153 cycles  |  200 cyc/s  |  4976742 ns/cyc
  0 constraint hits
[3F[J                                                                                
  153 cycles  |  200 cyc/s  |  4976742 ns/cyc
  0 constraint hits
[3F[J                                                                                
  153 cycles  |  200 cyc/s  |  4976742 ns/cyc
  0 constraint hits
[3F[J                                                                                
  153 cycles  |  200 cyc/s  |  4976742 ns/cyc
  0 constraint hits
[3F[J                                                                                
  153 cycles  |  200 cyc/s  |  4976742 ns/cyc
  0 constraint hits
[3F[J                                                                                
  153 cycles  |  200 cyc/s  |  4976742 ns/cyc
  0 constraint hits
[3F[J                                                                                
  153 cycles  |  200 cyc/s  |  4976742 ns/cyc
  0 constraint hits
[3F[J                                                                                
  153 cycles  |  200 cyc/s  |  4976742 ns/cyc
  0 constraint hits
[3F[J                                                                                
  153 cycles  |  200 cyc/s  |  4976742 ns/cyc
  0 constraint hits
[3F[J                                                                                
  153 cycles  |  200 cyc/s  |  4976742 ns/cyc
  0 constraint hits
[3F[J                                                                                
  153 cycles  |  200 cyc/s  |  4976742 ns/cyc
  0 constraint hits
[3F[J                                                                                
  153 cycles  |  200 cyc/s  |  4976742 ns/cyc
  0 constraint hits
[3F[J                                                                                
  153 cycles  |  200 cyc/s  |  4976742 ns/cyc
  0 constraint hits
[3F[J                                                                                
  153 cycles  |  200 cyc/s  |  4976742 ns/cyc
  0 constraint hits
[3F[J                                                                                
  153 cycles  |  200 cyc/s  |  4976742 ns/cyc
  0 constraint hits
[3F[J                                                                                
  153 cycles  |  200 cyc/s  |  4976742 ns/cyc
  0 constraint hits
[3F[J                                                                                
  153 cycles  |  200 cyc/s  |  4976742 ns/cyc
  0 constraint hits
[3F[J                                                                                
  153 cycles  |  200 cyc/s  |  4976742 ns/cyc
  0 constraint hits
[3F[J                                                                                
  153 cycles  |  200 cyc/s  |  4976742 ns/cyc
  0 constraint hits
[3F[J                                                                                
  153 cycles  |  200 cyc/s  |  4976742 ns/cyc
  0 constraint hits
[3F[J                                                                                
  153 cycles  |  200 cyc/s  |  4976742 ns/cyc
  0 constraint hits
[3F[J                                                                                
  153 cycles  |  200 cyc/s  |  4976742 ns/cyc
  0 constraint hits
[3F[J                                                                                
  153 cycles  |  200 cyc/s  |  4976742 ns/cyc
  0 constraint hits
[3F[J                                                                                
  153 cycles  |  200 cyc/s  |  4976742 ns/cyc
  0 constraint hits
[3F[J                                                                                
  153 cycles  |  200 cyc/s  |  4976742 ns/cyc
  0 constraint hits
[3F[J                                                                                
  153 cycles  |  200 cyc/s  |  4976742 ns/cyc
  0 constraint hits
[3F[J                                                                                
  153 cycles  |  200 cyc/s  |  4976742 ns/cyc
  0 constraint hits
[3F[J                                                                                
  153 cycles  |  200 cyc/s  |  4976742 ns/cyc
  0 constraint hits
[3F[J                                                                                
  153 cycles  |  200 cyc/s  |  4976742 ns/cyc
  0 constraint hits
[3F[J                                                                                
  153 cycles  |  200 cyc/s  |  4976742 ns/cyc
  0 constraint hits
[3F[J                                                                                
  153 cycles  |  200 cyc/s  |  4976742 ns/cyc
  0 constraint hits
[3F[J                                                                                
  153 cycles  |  200 cyc/s  |  4976742 ns/cyc
  0 constraint hits
[3F[J                                                                                
  153 cycles  |  200 cyc/s  |  4976742 ns/cyc
  0 constraint hits
[3F[J                                                                                
  153 cycles  |  200 cyc/s  |  4976742 ns/cyc
  0 constraint hits
[3F[J                                                                                
  153 cycles  |  200 cyc/s  |  4976742 ns/cyc
  0 constraint hits
[3F[J                                                                                
  153 cycles  |  200 cyc/s  |  4976742 ns/cyc
  0 constraint hits
[3F[J                                                                                
  153 cycles  |  200 cyc/s  |  4976742 ns/cyc
  0 constraint hits
[3F[J                                                                                
  153 cycles  |  200 cyc/s  |  4976742 ns/cyc
  0 constraint hits
[3F[J                                                                                
  153 cycles  |  200 cyc/s  |  4976742 ns/cyc
  0 constraint hits
[3F[J                                                                                
  197 cycles  |  193 cyc/s  |  5160066 ns/cyc
  0 constraint hits
[3F[J                                                                                
  197 cycles  |  193 cyc/s  |  5160066 ns/cyc
  0 constraint hits
[3F[J                                                                                
  197 cycles  |  193 cyc/s  |  5160066 ns/cyc
  0 constraint hits
[3F[J                                                                                
  197 cycles  |  193 cyc/s  |  5160066 ns/cyc
  0 constraint hits
[3F[J                                                                                
  197 cycles  |  193 cyc/s  |  5160066 ns/cyc
  0 constraint hits
[3F[J                                                                                
  197 cycles  |  193 cyc/s  |  5160066 ns/cyc
  0 constraint hits
[3F[J                                                                                
  197 cycles  |  193 cyc/s  |  5160066 ns/cyc
  0 constraint hits
[3F[J                                                                                
  197 cycles  |  193 cyc/s  |  5160066 ns/cyc
  0 constraint hits
[3F[J                                                                                
  197 cycles  |  193 cyc/s  |  5160066 ns/cyc
  0 constraint hits
[3F[J                                                                                
  197 cycles  |  193 cyc/s  |  5160066 ns/cyc
  0 constraint hits
[3F[J                                                                                
  197 cycles  |  193 cyc/s  |  5160066 ns/cyc
  0 constraint hits
[3F[J                                                                                
  197 cycles  |  193 cyc/s  |  5160066 ns/cyc
  0 constraint hits
[3F[J                                                                                
  197 cycles  |  193 cyc/s  |  5160066 ns/cyc
  0 constraint hits
[3F[J                                                                                
  197 cycles  |  193 cyc/s  |  5160066 ns/cyc
  0 constraint hits
[3F[J                                                                                
  197 cycles  |  193 cyc/s  |  5160066 ns/cyc
  0 constraint hits
[3F[J                                                                                
  197 cycles  |  193 cyc/s  |  5160066 ns/cyc
  0 constraint hits
[3F[J                                                                                
  197 cycles  |  193 cyc/s  |  5160066 ns/cyc
  0 constraint hits
[3F[J                                                                                
  197 cycles  |  193 cyc/s  |  5160066 ns/cyc
  0 constraint hits
[3F[J                                                                                
  197 cycles  |  193 cyc/s  |  5160066 ns/cyc
  0 constraint hits
[3F[J                                                                                
  197 cycles  |  193 cyc/s  |  5160066 ns/cyc
  0 constraint hits
[3F[J                                                                                
  197 cycles  |  193 cyc/s  |  5160066 ns/cyc
  0 constraint hits
[3F[J                                                                                
  197 cycles  |  193 cyc/s  |  5160066 ns/cyc
  0 constraint hits
[3F[J                                                                                
  197 cycles  |  193 cyc/s  |  5160066 ns/cyc
  0 constraint hits
[3F[J                                                                                
  197 cycles  |  193 cyc/s  |  5160066 ns/cyc
  0 constraint hits
[3F[J                                                                                
  197 cycles  |  193 cyc/s  |  5160066 ns/cyc
  0 constraint hits
[3F[J                                                                                
  197 cycles  |  193 cyc/s  |  5160066 ns/cyc
  0 constraint hits
[3F[J                                                                                
  197 cycles  |  193 cyc/s  |  5160066 ns/cyc
  0 constraint hits
[3F[J                                                                                
  197 cycles  |  193 cyc/s  |  5160066 ns/cyc
  0 constraint hits
[3F[J                                                                                
  197 cycles  |  193 cyc/s  |  5160066 ns/cyc
  0 constraint hits
[3F[J                                                                                
  197 cycles  |  193 cyc/s  |  5160066 ns/cyc
  0 constraint hits
[3F[J                                                                                
  197 cycles  |  193 cyc/s  |  5160066 ns/cyc
  0 constraint hits
[3F[J                                                                                
  197 cycles  |  193 cyc/s  |  5160066 ns/cyc
  0 constraint hits
[3F[J                                                                                
  197 cycles  |  193 cyc/s  |  5160066 ns/cyc
  0 constraint hits
[3F[J                                                                                
  197 cycles  |  193 cyc/s  |  5160066 ns/cyc
  0 constraint hits
[3F[J                                                                                
  197 cycles  |  193 cyc/s  |  5160066 ns/cyc
  0 constraint hits
[3F[J                                                                                
  197 cycles  |  193 cyc/s  |  5160066 ns/cyc
  0 constraint hits
[3F[J                                                                                
  197 cycles  |  193 cyc/s  |  5160066 ns/cyc
  0 constraint hits
[3F[J                                                                                
  197 cycles  |  193 cyc/s  |  5160066 ns/cyc
  0 constraint hits
[3F[J                                                                                
  197 cycles  |  193 cyc/s  |  5160066 ns/cyc
  0 constraint hits
[3F[J                                                                                
  197 cycles  |  193 cyc/s  |  5160066 ns/cyc
  0 constraint hits
[3F[J                                                                                
  197 cycles  |  193 cyc/s  |  5160066 ns/cyc
  0 constraint hits
[3F[J                                                                                
  197 cycles  |  193 cyc/s  |  5160066 ns/cyc
  0 constraint hits
[3F[J                                                                                
  197 cycles  |  193 cyc/s  |  5160066 ns/cyc
  0 constraint hits
[3F[J@@TIME_PROC_AVG COUNT:240 AVG_MS:5.275
@@TIME_THROUGHPUT COUNT:240 DURATION_S:1.266004 EVENTS_PER_S:189.573
                                                                                
  197 cycles  |  193 cyc/s  |  5160066 ns/cyc
  0 constraint hits
[3F[J                                                                                
  240 cycles  |  189 cyc/s  |  5272947 ns/cyc
  240 input events parsed in 0.000s  |  5272947 ns/event avg
  0 constraint hits total
  Breakdown:
   [#0]: 0
   [#1]: 0
   [#2]: 0
   [#3]: 0
@@MONITOR_END:2026-05-14T10:09:16.845384000Z
