@@MONITOR_START:2026-05-14T10:09:18.279424000Z
                                                                                
  0 cycles
  0 constraint hits
                                                                                
  0 cycles
  0 constraint hits
                                                                                
  0 cycles
  0 constraint hits
                                                                                
  0 cycles
  0 constraint hits
                                                                                
  0 cycles
  0 constraint hits
                                                                                
  0 cycles
  0 constraint hits
                                                                                
  0 cycles
  0 constraint hits
                                                                                
  0 cycles
  0 constraint hits
                                                                                
  0 cycles
  0 constraint hits
                                                                                
  0 cycles
  0 constraint hits
                                                                                
  0 cycles
  0 constraint hits
                                                                                
  0 cycles
  0 constraint hits
                                                                                
  0 cycles
  0 constraint hits
                                                                                
  0 cycles
  0 constraint hits
                                                                                
  0 cycles
  0 constraint hits
                                                                                
  0 cycles
  0 constraint hits
                                                                                
  0 cycles
  0 constraint hits
                                                                                
  0 cycles
  0 constraint hits
                                                                                
  0 cycles
  0 constraint hits
                                                                                
  0 cycles
  0 constraint hits
                                                                                
  0 cycles
  0 constraint hits
                                                                                
  0 cycles
  0 constraint hits
                                                                                
  0 cycles
  0 constraint hits
                                                                                
  0 cycles
  0 constraint hits
                                                                                
  0 cycles
  0 constraint hits
                                                                                
  0 cycles
  0 constraint hits
                                                                                
  0 cycles
  0 constraint hits
                                                                                
  0 cycles
  0 constraint hits
                                                                                
  0 cycles
  0 constraint hits
                                                                                
  0 cycles
  0 constraint hits
                                                                                
  0 cycles
  0 constraint hits
                                                                                
  0 cycles
  0 constraint hits
                                                                                
  0 cycles
  0 constraint hits
                                                                                
  0 cycles
  0 constraint hits
                                                                                
  0 cycles
  0 constraint hits
                                                                                
  0 cycles
  0 constraint hits
                                                                                
  0 cycles
  0 constraint hits
                                                                                
  0 cycles
  0 constraint hits
                                                                                
  0 cycles
  0 constraint hits
                                                                                
  0 cycles
  0 constraint hits
                                                                                
  0 cycles
  0 constraint hits
                                                                                
  0 cycles
  0 constraint hits
                                                                                
  0 cycles
  0 constraint hits
                                                                                
  0 cycles
  0 constraint hits
                                                                                
  0 cycles
  0 constraint hits
                                                                                
  0 cycles
  0 constraint hits
                                                                                
  0 cycles
  0 constraint hits
                                                                                
  0 cycles
  0 constraint hits
                                                                                
  0 cycles
  0 constraint hits
                                                                                
  0 cycles
  0 constraint hits
                                                                                
  0 cycles
  0 constraint hits
                                                                                
  0 cycles
  0 constraint hits
                                                                                
  0 cycles
  0 constraint hits
                                                                                
  0 cycles
  0 constraint hits
                                                                                
  0 cycles
  0 constraint hits
                                                                                
  0 cycles
  0 constraint hits
                                                                                
  0 cycles
  0 constraint hits
                                                                                
  0 cycles
  0 constraint hits
                                                                                
  0 cycles
  0 constraint hits
                                                                                
  0 cycles
  0 constraint hits
                                                                                
  0 cycles
  0 constraint hits
                                                                                
  0 cycles
  0 constraint hits
                                                                                
  63 cycles  |  252 cyc/s  |  3967566 ns/cyc
  0 constraint hits
                                                                                
  63 cycles  |  252 cyc/s  |  3967566 ns/cyc
  0 constraint hits
                                                                                
  63 cycles  |  252 cyc/s  |  3967566 ns/cyc
  0 constraint hits
                                                                                
  63 cycles  |  252 cyc/s  |  3967566 ns/cyc
  0 constraint hits
                                                                                
  63 cycles  |  252 cyc/s  |  3967566 ns/cyc
  0 constraint hits
                                                                                
  63 cycles  |  252 cyc/s  |  3967566 ns/cyc
  0 constraint hits
                                                                                
  63 cycles  |  252 cyc/s  |  3967566 ns/cyc
  0 constraint hits
                                                                                
  63 cycles  |  252 cyc/s  |  3967566 ns/cyc
  0 constraint hits
                                                                                
  63 cycles  |  252 cyc/s  |  3967566 ns/cyc
  0 constraint hits
                                                                                
  63 cycles  |  252 cyc/s  |  3967566 ns/cyc
  0 constraint hits
                                                                                
  63 cycles  |  252 cyc/s  |  3967566 ns/cyc
  0 constraint hits
                                                                                
  63 cycles  |  252 cyc/s  |  3967566 ns/cyc
  0 constraint hits
                                                                                
  63 cycles  |  252 cyc/s  |  3967566 ns/cyc
  0 constraint hits
                                                                                
  63 cycles  |  252 cyc/s  |  3967566 ns/cyc
  0 constraint hits
                                                                                
  63 cycles  |  252 cyc/s  |  3967566 ns/cyc
  0 constraint hits
                                                                                
  63 cycles  |  252 cyc/s  |  3967566 ns/cyc
  0 constraint hits
                                                                                
  63 cycles  |  252 cyc/s  |  3967566 ns/cyc
  0 constraint hits
                                                                                
  63 cycles  |  252 cyc/s  |  3967566 ns/cyc
  0 constraint hits
                                                                                
  63 cycles  |  252 cyc/s  |  3967566 ns/cyc
  0 constraint hits
                                                                                
  63 cycles  |  252 cyc/s  |  3967566 ns/cyc
  0 constraint hits
                                                                                
  63 cycles  |  252 cyc/s  |  3967566 ns/cyc
  0 constraint hits
                                                                                
  63 cycles  |  252 cyc/s  |  3967566 ns/cyc
  0 constraint hits
                                                                                
  63 cycles  |  252 cyc/s  |  3967566 ns/cyc
  0 constraint hits
                                                                                
  63 cycles  |  252 cyc/s  |  3967566 ns/cyc
  0 constraint hits
                                                                                
  63 cycles  |  252 cyc/s  |  3967566 ns/cyc
  0 constraint hits
                                                                                
  63 cycles  |  252 cyc/s  |  3967566 ns/cyc
  0 constraint hits
                                                                                
  63 cycles  |  252 cyc/s  |  3967566 ns/cyc
  0 constraint hits
                                                                                
  63 cycles  |  252 cyc/s  |  3967566 ns/cyc
  0 constraint hits
                                                                                
  63 cycles  |  252 cyc/s  |  3967566 ns/cyc
  0 constraint hits
                                                                                
  63 cycles  |  252 cyc/s  |  3967566 ns/cyc
  0 constraint hits
                                                                                
  63 cycles  |  252 cyc/s  |  3967566 ns/cyc
  0 constraint hits
                                                                                
  63 cycles  |  252 cyc/s  |  3967566 ns/cyc
  0 constraint hits
                                                                                
  63 cycles  |  252 cyc/s  |  3967566 ns/cyc
  0 constraint hits
                                                                                
  63 cycles  |  252 cyc/s  |  3967566 ns/cyc
  0 constraint hits
                                                                                
  63 cycles  |  252 cyc/s  |  3967566 ns/cyc
  0 constraint hits
                                                                                
  63 cycles  |  252 cyc/s  |  3967566 ns/cyc
  0 constraint hits
                                                                                
  63 cycles  |  252 cyc/s  |  3967566 ns/cyc
  0 constraint hits
                                                                                
  63 cycles  |  252 cyc/s  |  3967566 ns/cyc
  0 constraint hits
                                                                                
  63 cycles  |  252 cyc/s  |  3967566 ns/cyc
  0 constraint hits
                                                                                
  63 cycles  |  252 cyc/s  |  3967566 ns/cyc
  0 constraint hits
                                                                                
  63 cycles  |  252 cyc/s  |  3967566 ns/cyc
  0 constraint hits
                                                                                
  63 cycles  |  252 cyc/s  |  3967566 ns/cyc
  0 constraint hits
                                                                                
  63 cycles  |  252 cyc/s  |  3967566 ns/cyc
  0 constraint hits
                                                                                
  63 cycles  |  252 cyc/s  |  3967566 ns/cyc
  0 constraint hits
                                                                                
  107 cycles  |  211 cyc/s  |  4722447 ns/cyc
  0 constraint hits
                                                                                
  107 cycles  |  211 cyc/s  |  4722447 ns/cyc
  0 constraint hits
                                                                                
  107 cycles  |  211 cyc/s  |  4722447 ns/cyc
  0 constraint hits
                                                                                
  107 cycles  |  211 cyc/s  |  4722447 ns/cyc
  0 constraint hits
                                                                                
  107 cycles  |  211 cyc/s  |  4722447 ns/cyc
  0 constraint hits
                                                                                
  107 cycles  |  211 cyc/s  |  4722447 ns/cyc
  0 constraint hits
                                                                                
  107 cycles  |  211 cyc/s  |  4722447 ns/cyc
  0 constraint hits
                                                                                
  107 cycles  |  211 cyc/s  |  4722447 ns/cyc
  0 constraint hits
                                                                                
  107 cycles  |  211 cyc/s  |  4722447 ns/cyc
  0 constraint hits
                                                                                
  107 cycles  |  211 cyc/s  |  4722447 ns/cyc
  0 constraint hits
                                                                                
  107 cycles  |  211 cyc/s  |  4722447 ns/cyc
  0 constraint hits
                                                                                
  107 cycles  |  211 cyc/s  |  4722447 ns/cyc
  0 constraint hits
                                                                                
  107 cycles  |  211 cyc/s  |  4722447 ns/cyc
  0 constraint hits
                                                                                
  107 cycles  |  211 cyc/s  |  4722447 ns/cyc
  0 constraint hits
                                                                                
  107 cycles  |  211 cyc/s  |  4722447 ns/cyc
  0 constraint hits
                                                                                
  107 cycles  |  211 cyc/s  |  4722447 ns/cyc
  0 constraint hits
                                                                                
  107 cycles  |  211 cyc/s  |  4722447 ns/cyc
  0 constraint hits
                                                                                
  107 cycles  |  211 cyc/s  |  4722447 ns/cyc
  0 constraint hits
                                                                                
  107 cycles  |  211 cyc/s  |  4722447 ns/cyc
  0 constraint hits
                                                                                
  107 cycles  |  211 cyc/s  |  4722447 ns/cyc
  0 constraint hits
                                                                                
  107 cycles  |  211 cyc/s  |  4722447 ns/cyc
  0 constraint hits
                                                                                
  107 cycles  |  211 cyc/s  |  4722447 ns/cyc
  0 constraint hits
                                                                                
  107 cycles  |  211 cyc/s  |  4722447 ns/cyc
  0 constraint hits
                                                                                
  107 cycles  |  211 cyc/s  |  4722447 ns/cyc
  0 constraint hits
                                                                                
  107 cycles  |  211 cyc/s  |  4722447 ns/cyc
  0 constraint hits
                                                                                
  107 cycles  |  211 cyc/s  |  4722447 ns/cyc
  0 constraint hits
                                                                                
  107 cycles  |  211 cyc/s  |  4722447 ns/cyc
  0 constraint hits
                                                                                
  107 cycles  |  211 cyc/s  |  4722447 ns/cyc
  0 constraint hits
                                                                                
  107 cycles  |  211 cyc/s  |  4722447 ns/cyc
  0 constraint hits
                                                                                
  107 cycles  |  211 cyc/s  |  4722447 ns/cyc
  0 constraint hits
                                                                                
  107 cycles  |  211 cyc/s  |  4722447 ns/cyc
  0 constraint hits
                                                                                
  107 cycles  |  211 cyc/s  |  4722447 ns/cyc
  0 constraint hits
                                                                                
  107 cycles  |  211 cyc/s  |  4722447 ns/cyc
  0 constraint hits
                                                                                
  107 cycles  |  211 cyc/s  |  4722447 ns/cyc
  0 constraint hits
                                                                                
  107 cycles  |  211 cyc/s  |  4722447 ns/cyc
  0 constraint hits
                                                                                
  107 cycles  |  211 cyc/s  |  4722447 ns/cyc
  0 constraint hits
                                                                                
  107 cycles  |  211 cyc/s  |  4722447 ns/cyc
  0 constraint hits
                                                                                
  107 cycles  |  211 cyc/s  |  4722447 ns/cyc
  0 constraint hits
                                                                                
  107 cycles  |  211 cyc/s  |  4722447 ns/cyc
  0 constraint hits
                                                                                
  107 cycles  |  211 cyc/s  |  4722447 ns/cyc
  0 constraint hits
                                                                                
  107 cycles  |  211 cyc/s  |  4722447 ns/cyc
  0 constraint hits
                                                                                
  107 cycles  |  211 cyc/s  |  4722447 ns/cyc
  0 constraint hits
                                                                                
  107 cycles  |  211 cyc/s  |  4722447 ns/cyc
  0 constraint hits
                                                                                
  107 cycles  |  211 cyc/s  |  4722447 ns/cyc
  0 constraint hits
                                                                                
  151 cycles  |  199 cyc/s  |  5022358 ns/cyc
  0 constraint hits
                                                                                
  151 cycles  |  199 cyc/s  |  5022358 ns/cyc
  0 constraint hits
                                                                                
  151 cycles  |  199 cyc/s  |  5022358 ns/cyc
  0 constraint hits
                                                                                
  151 cycles  |  199 cyc/s  |  5022358 ns/cyc
  0 constraint hits
                                                                                
  151 cycles  |  199 cyc/s  |  5022358 ns/cyc
  0 constraint hits
                                                                                
  151 cycles  |  199 cyc/s  |  5022358 ns/cyc
  0 constraint hits
                                                                                
  151 cycles  |  199 cyc/s  |  5022358 ns/cyc
  0 constraint hits
                                                                                
  151 cycles  |  199 cyc/s  |  5022358 ns/cyc
  0 constraint hits
                                                                                
  151 cycles  |  199 cyc/s  |  5022358 ns/cyc
  0 constraint hits
                                                                                
  151 cycles  |  199 cyc/s  |  5022358 ns/cyc
  0 constraint hits
                                                                                
  151 cycles  |  199 cyc/s  |  5022358 ns/cyc
  0 constraint hits
                                                                                
  151 cycles  |  199 cyc/s  |  5022358 ns/cyc
  0 constraint hits
                                                                                
  151 cycles  |  199 cyc/s  |  5022358 ns/cyc
  0 constraint hits
                                                                                
  151 cycles  |  199 cyc/s  |  5022358 ns/cyc
  0 constraint hits
                                                                                
  151 cycles  |  199 cyc/s  |  5022358 ns/cyc
  0 constraint hits
                                                                                
  151 cycles  |  199 cyc/s  |  5022358 ns/cyc
  0 constraint hits
                                                                                
  151 cycles  |  199 cyc/s  |  5022358 ns/cyc
  0 constraint hits
                                                                                
  151 cycles  |  199 cyc/s  |  5022358 ns/cyc
  0 constraint hits
                                                                                
  151 cycles  |  199 cyc/s  |  5022358 ns/cyc
  0 constraint hits
                                                                                
  151 cycles  |  199 cyc/s  |  5022358 ns/cyc
  0 constraint hits
                                                                                
  151 cycles  |  199 cyc/s  |  5022358 ns/cyc
  0 constraint hits
                                                                                
  151 cycles  |  199 cyc/s  |  5022358 ns/cyc
  0 constraint hits
                                                                                
  151 cycles  |  199 cyc/s  |  5022358 ns/cyc
  0 constraint hits
                                                                                
  151 cycles  |  199 cyc/s  |  5022358 ns/cyc
  0 constraint hits
                                                                                
  151 cycles  |  199 cyc/s  |  5022358 ns/cyc
  0 constraint hits
                                                                                
  151 cycles  |  199 cyc/s  |  5022358 ns/cyc
  0 constraint hits
                                                                                
  151 cycles  |  199 cyc/s  |  5022358 ns/cyc
  0 constraint hits
                                                                                
  151 cycles  |  199 cyc/s  |  5022358 ns/cyc
  0 constraint hits
                                                                                
  151 cycles  |  199 cyc/s  |  5022358 ns/cyc
  0 constraint hits
                                                                                
  151 cycles  |  199 cyc/s  |  5022358 ns/cyc
  0 constraint hits
                                                                                
  151 cycles  |  199 cyc/s  |  5022358 ns/cyc
  0 constraint hits
                                                                                
  151 cycles  |  199 cyc/s  |  5022358 ns/cyc
  0 constraint hits
                                                                                
  151 cycles  |  199 cyc/s  |  5022358 ns/cyc
  0 constraint hits
                                                                                
  151 cycles  |  199 cyc/s  |  5022358 ns/cyc
  0 constraint hits
                                                                                
  151 cycles  |  199 cyc/s  |  5022358 ns/cyc
  0 constraint hits
                                                                                
  151 cycles  |  199 cyc/s  |  5022358 ns/cyc
  0 constraint hits
                                                                                
  151 cycles  |  199 cyc/s  |  5022358 ns/cyc
  0 constraint hits
                                                                                
  151 cycles  |  199 cyc/s  |  5022358 ns/cyc
  0 constraint hits
                                                                                
  151 cycles  |  199 cyc/s  |  5022358 ns/cyc
  0 constraint hits
                                                                                
  151 cycles  |  199 cyc/s  |  5022358 ns/cyc
  0 constraint hits
                                                                                
  151 cycles  |  199 cyc/s  |  5022358 ns/cyc
  0 constraint hits
                                                                                
  151 cycles  |  199 cyc/s  |  5022358 ns/cyc
  0 constraint hits
                                                                                
  151 cycles  |  199 cyc/s  |  5022358 ns/cyc
  0 constraint hits
                                                                                
  151 cycles  |  199 cyc/s  |  5022358 ns/cyc
  0 constraint hits
                                                                                
  195 cycles  |  193 cyc/s  |  5178403 ns/cyc
  0 constraint hits
                                                                                
  195 cycles  |  193 cyc/s  |  5178403 ns/cyc
  0 constraint hits
                                                                                
  195 cycles  |  193 cyc/s  |  5178403 ns/cyc
  0 constraint hits
                                                                                
  195 cycles  |  193 cyc/s  |  5178403 ns/cyc
  0 constraint hits
                                                                                
  195 cycles  |  193 cyc/s  |  5178403 ns/cyc
  0 constraint hits
                                                                                
  195 cycles  |  193 cyc/s  |  5178403 ns/cyc
  0 constraint hits
                                                                                
  195 cycles  |  193 cyc/s  |  5178403 ns/cyc
  0 constraint hits
                                                                                
  195 cycles  |  193 cyc/s  |  5178403 ns/cyc
  0 constraint hits
                                                                                
  195 cycles  |  193 cyc/s  |  5178403 ns/cyc
  0 constraint hits
                                                                                
  195 cycles  |  193 cyc/s  |  5178403 ns/cyc
  0 constraint hits
                                                                                
  195 cycles  |  193 cyc/s  |  5178403 ns/cyc
  0 constraint hits
                                                                                
  195 cycles  |  193 cyc/s  |  5178403 ns/cyc
  0 constraint hits
                                                                                
  195 cycles  |  193 cyc/s  |  5178403 ns/cyc
  0 constraint hits
                                                                                
  195 cycles  |  193 cyc/s  |  5178403 ns/cyc
  0 constraint hits
                                                                                
  195 cycles  |  193 cyc/s  |  5178403 ns/cyc
  0 constraint hits
                                                                                
  195 cycles  |  193 cyc/s  |  5178403 ns/cyc
  0 constraint hits
                                                                                
  195 cycles  |  193 cyc/s  |  5178403 ns/cyc
  0 constraint hits
                                                                                
  195 cycles  |  193 cyc/s  |  5178403 ns/cyc
  0 constraint hits
                                                                                
  195 cycles  |  193 cyc/s  |  5178403 ns/cyc
  0 constraint hits
                                                                                
  195 cycles  |  193 cyc/s  |  5178403 ns/cyc
  0 constraint hits
                                                                                
  195 cycles  |  193 cyc/s  |  5178403 ns/cyc
  0 constraint hits
                                                                                
  195 cycles  |  193 cyc/s  |  5178403 ns/cyc
  0 constraint hits
                                                                                
  195 cycles  |  193 cyc/s  |  5178403 ns/cyc
  0 constraint hits
                                                                                
  195 cycles  |  193 cyc/s  |  5178403 ns/cyc
  0 constraint hits
                                                                                
  195 cycles  |  193 cyc/s  |  5178403 ns/cyc
  0 constraint hits
                                                                                
  195 cycles  |  193 cyc/s  |  5178403 ns/cyc
  0 constraint hits
                                                                                
  195 cycles  |  193 cyc/s  |  5178403 ns/cyc
  0 constraint hits
                                                                                
  195 cycles  |  193 cyc/s  |  5178403 ns/cyc
  0 constraint hits
                                                                                
  195 cycles  |  193 cyc/s  |  5178403 ns/cyc
  0 constraint hits
                                                                                
  195 cycles  |  193 cyc/s  |  5178403 ns/cyc
  0 constraint hits
                                                                                
  195 cycles  |  193 cyc/s  |  5178403 ns/cyc
  0 constraint hits
                                                                                
  195 cycles  |  193 cyc/s  |  5178403 ns/cyc
  0 constraint hits
                                                                                
  195 cycles  |  193 cyc/s  |  5178403 ns/cyc
  0 constraint hits
                                                                                
  195 cycles  |  193 cyc/s  |  5178403 ns/cyc
  0 constraint hits
                                                                                
  195 cycles  |  193 cyc/s  |  5178403 ns/cyc
  0 constraint hits
                                                                                
  195 cycles  |  193 cyc/s  |  5178403 ns/cyc
  0 constraint hits
                                                                                
  195 cycles  |  193 cyc/s  |  5178403 ns/cyc
  0 constraint hits
                                                                                
  195 cycles  |  193 cyc/s  |  5178403 ns/cyc
  0 constraint hits
                                                                                
  195 cycles  |  193 cyc/s  |  5178403 ns/cyc
  0 constraint hits
                                                                                
  195 cycles  |  193 cyc/s  |  5178403 ns/cyc
  0 constraint hits
                                                                                
  195 cycles  |  193 cyc/s  |  5178403 ns/cyc
  0 constraint hits
                                                                                
  195 cycles  |  193 cyc/s  |  5178403 ns/cyc
  0 constraint hits
                                                                                
  195 cycles  |  193 cyc/s  |  5178403 ns/cyc
  0 constraint hits
                                                                                
  195 cycles  |  193 cyc/s  |  5178403 ns/cyc
  0 constraint hits
                                                                                
  239 cycles  |  189 cyc/s  |  5271490 ns/cyc
  0 constraint hits
@@TIME_PROC_AVG COUNT:240 AVG_MS:5.276
@@TIME_THROUGHPUT COUNT:240 DURATION_S:1.266145 EVENTS_PER_S:189.552
                                                                                
  239 cycles  |  189 cyc/s  |  5271490 ns/cyc
  0 constraint hits
                                                                                
  240 cycles  |  189 cyc/s  |  5273665 ns/cyc
  240 input events parsed in 0.000s  |  5273665 ns/event avg
  0 constraint hits total
  Breakdown:
   [#0]: 0
   [#1]: 0
   [#2]: 0
@@MONITOR_END:2026-05-14T10:09:19.545753000Z
   [#3]: 0
