@@MONITOR_START:2026-05-14T09:52:08.741728000Z
[3F[J                                                                                
  0 cycles
  0 constraint hits
[3F[J                                                                                
  0 cycles
  0 constraint hits
[3F[J                                                                                
  0 cycles
  0 constraint hits
[3F[J                                                                                
  0 cycles
  0 constraint hits
[3F[J                                                                                
  0 cycles
  0 constraint hits
[3F[J                                                                                
  0 cycles
  0 constraint hits
[3F[J                                                                                
  0 cycles
  0 constraint hits
[3F[J                                                                                
  0 cycles
  0 constraint hits
[3F[J                                                                                
  0 cycles
  0 constraint hits
[3F[J                                                                                
  0 cycles
  0 constraint hits
[3F[J                                                                                
  0 cycles
  0 constraint hits
[3F[J                                                                                
  0 cycles
  0 constraint hits
[3F[J                                                                                
  0 cycles
  0 constraint hits
[3F[J                                                                                
  0 cycles
  0 constraint hits
[3F[J                                                                                
  0 cycles
  0 constraint hits
[3F[J                                                                                
  0 cycles
  0 constraint hits
[3F[J                                                                                
  0 cycles
  0 constraint hits
[3F[J                                                                                
  0 cycles
  0 constraint hits
[3F[J                                                                                
  0 cycles
  0 constraint hits
[3F[J                                                                                
  0 cycles
  0 constraint hits
[3F[J                                                                                
  0 cycles
  0 constraint hits
[3F[J                                                                                
  0 cycles
  0 constraint hits
[3F[J                                                                                
  0 cycles
  0 constraint hits
[3F[J                                                                                
  0 cycles
  0 constraint hits
[3F[J                                                                                
  0 cycles
  0 constraint hits
[3F[J                                                                                
  0 cycles
  0 constraint hits
[3F[J                                                                                
  0 cycles
  0 constraint hits
[3F[J                                                                                
  0 cycles
  0 constraint hits
[3F[J                                                                                
  0 cycles
  0 constraint hits
[3F[J                                                                                
  0 cycles
  0 constraint hits
[3F[J                                                                                
  0 cycles
  0 constraint hits
[3F[J                                                                                
  0 cycles
  0 constraint hits
[3F[J                                                                                
  0 cycles
  0 constraint hits
[3F[J                                                                                
  0 cycles
  0 constraint hits
[3F[J                                                                                
  0 cycles
  0 constraint hits
[3F[J                                                                                
  0 cycles
  0 constraint hits
[3F[J                                                                                
  0 cycles
  0 constraint hits
[3F[J                                                                                
  0 cycles
  0 constraint hits
[3F[J                                                                                
  0 cycles
  0 constraint hits
[3F[J                                                                                
  0 cycles
  0 constraint hits
[3F[J                                                                                
  0 cycles
  0 constraint hits
[3F[J                                                                                
  0 cycles
  0 constraint hits
[3F[J                                                                                
  0 cycles
  0 constraint hits
[3F[J                                                                                
  0 cycles
  0 constraint hits
[3F[J                                                                                
  0 cycles
  0 constraint hits
[3F[J                                                                                
  0 cycles
  0 constraint hits
[3F[J                                                                                
  0 cycles
  0 constraint hits
[3F[J                                                                                
  0 cycles
  0 constraint hits
[3F[J                                                                                
  49 cycles  |  189 cyc/s  |  5270912 ns/cyc
  0 constraint hits
[3F[J                                                                                
  49 cycles  |  189 cyc/s  |  5270912 ns/cyc
  0 constraint hits
[3F[J                                                                                
  49 cycles  |  189 cyc/s  |  5270912 ns/cyc
  0 constraint hits
[3F[J                                                                                
  49 cycles  |  189 cyc/s  |  5270912 ns/cyc
  0 constraint hits
[3F[J                                                                                
  49 cycles  |  189 cyc/s  |  5270912 ns/cyc
  0 constraint hits
[3F[J                                                                                
  49 cycles  |  189 cyc/s  |  5270912 ns/cyc
  0 constraint hits
[3F[J                                                                                
  49 cycles  |  189 cyc/s  |  5270912 ns/cyc
  0 constraint hits
[3F[J                                                                                
  49 cycles  |  189 cyc/s  |  5270912 ns/cyc
  0 constraint hits
[3F[J                                                                                
  49 cycles  |  189 cyc/s  |  5270912 ns/cyc
  0 constraint hits
[3F[J                                                                                
  49 cycles  |  189 cyc/s  |  5270912 ns/cyc
  0 constraint hits
[3F[J                                                                                
  49 cycles  |  189 cyc/s  |  5270912 ns/cyc
  0 constraint hits
[3F[J                                                                                
  49 cycles  |  189 cyc/s  |  5270912 ns/cyc
  0 constraint hits
[3F[J                                                                                
  49 cycles  |  189 cyc/s  |  5270912 ns/cyc
  0 constraint hits
[3F[J                                                                                
  49 cycles  |  189 cyc/s  |  5270912 ns/cyc
  0 constraint hits
[3F[J                                                                                
  49 cycles  |  189 cyc/s  |  5270912 ns/cyc
  0 constraint hits
[3F[J                                                                                
  49 cycles  |  189 cyc/s  |  5270912 ns/cyc
  0 constraint hits
[3F[J                                                                                
  49 cycles  |  189 cyc/s  |  5270912 ns/cyc
  0 constraint hits
[3F[J                                                                                
  49 cycles  |  189 cyc/s  |  5270912 ns/cyc
  0 constraint hits
[3F[J                                                                                
  49 cycles  |  189 cyc/s  |  5270912 ns/cyc
  0 constraint hits
[3F[J                                                                                
  49 cycles  |  189 cyc/s  |  5270912 ns/cyc
  0 constraint hits
[3F[J                                                                                
  49 cycles  |  189 cyc/s  |  5270912 ns/cyc
  0 constraint hits
[3F[J                                                                                
  49 cycles  |  189 cyc/s  |  5270912 ns/cyc
  0 constraint hits
[3F[J                                                                                
  49 cycles  |  189 cyc/s  |  5270912 ns/cyc
  0 constraint hits
[3F[J                                                                                
  49 cycles  |  189 cyc/s  |  5270912 ns/cyc
  0 constraint hits
[3F[J                                                                                
  49 cycles  |  189 cyc/s  |  5270912 ns/cyc
  0 constraint hits
[3F[J                                                                                
  49 cycles  |  189 cyc/s  |  5270912 ns/cyc
  0 constraint hits
[3F[J                                                                                
  49 cycles  |  189 cyc/s  |  5270912 ns/cyc
  0 constraint hits
[3F[J                                                                                
  49 cycles  |  189 cyc/s  |  5270912 ns/cyc
  0 constraint hits
[3F[J                                                                                
  49 cycles  |  189 cyc/s  |  5270912 ns/cyc
  0 constraint hits
[3F[J                                                                                
  78 cycles  |  153 cyc/s  |  6526792 ns/cyc
  0 constraint hits
[3F[J                                                                                
  78 cycles  |  153 cyc/s  |  6526792 ns/cyc
  0 constraint hits
[3F[J                                                                                
  78 cycles  |  153 cyc/s  |  6526792 ns/cyc
  0 constraint hits
[3F[J                                                                                
  78 cycles  |  153 cyc/s  |  6526792 ns/cyc
  0 constraint hits
[3F[J                                                                                
  78 cycles  |  153 cyc/s  |  6526792 ns/cyc
  0 constraint hits
[3F[J                                                                                
  78 cycles  |  153 cyc/s  |  6526792 ns/cyc
  0 constraint hits
[3F[J                                                                                
  78 cycles  |  153 cyc/s  |  6526792 ns/cyc
  0 constraint hits
[3F[J                                                                                
  78 cycles  |  153 cyc/s  |  6526792 ns/cyc
  0 constraint hits
[3F[J                                                                                
  78 cycles  |  153 cyc/s  |  6526792 ns/cyc
  0 constraint hits
[3F[J                                                                                
  78 cycles  |  153 cyc/s  |  6526792 ns/cyc
  0 constraint hits
[3F[J                                                                                
  78 cycles  |  153 cyc/s  |  6526792 ns/cyc
  0 constraint hits
[3F[J                                                                                
  78 cycles  |  153 cyc/s  |  6526792 ns/cyc
  0 constraint hits
[3F[J                                                                                
  78 cycles  |  153 cyc/s  |  6526792 ns/cyc
  0 constraint hits
[3F[J                                                                                
  78 cycles  |  153 cyc/s  |  6526792 ns/cyc
  0 constraint hits
[3F[J                                                                                
  78 cycles  |  153 cyc/s  |  6526792 ns/cyc
  0 constraint hits
[3F[J                                                                                
  78 cycles  |  153 cyc/s  |  6526792 ns/cyc
  0 constraint hits
[3F[J                                                                                
  78 cycles  |  153 cyc/s  |  6526792 ns/cyc
  0 constraint hits
[3F[J                                                                                
  78 cycles  |  153 cyc/s  |  6526792 ns/cyc
  0 constraint hits
[3F[J                                                                                
  78 cycles  |  153 cyc/s  |  6526792 ns/cyc
  0 constraint hits
[3F[J                                                                                
  78 cycles  |  153 cyc/s  |  6526792 ns/cyc
  0 constraint hits
[3F[J                                                                                
  78 cycles  |  153 cyc/s  |  6526792 ns/cyc
  0 constraint hits
[3F[J                                                                                
  78 cycles  |  153 cyc/s  |  6526792 ns/cyc
  0 constraint hits
[3F[J                                                                                
  78 cycles  |  153 cyc/s  |  6526792 ns/cyc
  0 constraint hits
[3F[J                                                                                
  78 cycles  |  153 cyc/s  |  6526792 ns/cyc
  0 constraint hits
[3F[J                                                                                
  78 cycles  |  153 cyc/s  |  6526792 ns/cyc
  0 constraint hits
[3F[J                                                                                
  78 cycles  |  153 cyc/s  |  6526792 ns/cyc
  0 constraint hits
[3F[J                                                                                
  78 cycles  |  153 cyc/s  |  6526792 ns/cyc
  0 constraint hits
[3F[J                                                                                
  78 cycles  |  153 cyc/s  |  6526792 ns/cyc
  0 constraint hits
[3F[J                                                                                
  78 cycles  |  153 cyc/s  |  6526792 ns/cyc
  0 constraint hits
[3F[J                                                                                
  107 cycles  |  140 cyc/s  |  7117943 ns/cyc
  0 constraint hits
[3F[J                                                                                
  107 cycles  |  140 cyc/s  |  7117943 ns/cyc
  0 constraint hits
[3F[J                                                                                
  107 cycles  |  140 cyc/s  |  7117943 ns/cyc
  0 constraint hits
[3F[J                                                                                
  107 cycles  |  140 cyc/s  |  7117943 ns/cyc
  0 constraint hits
[3F[J                                                                                
  107 cycles  |  140 cyc/s  |  7117943 ns/cyc
  0 constraint hits
[3F[J                                                                                
  107 cycles  |  140 cyc/s  |  7117943 ns/cyc
  0 constraint hits
[3F[J                                                                                
  107 cycles  |  140 cyc/s  |  7117943 ns/cyc
  0 constraint hits
[3F[J                                                                                
  107 cycles  |  140 cyc/s  |  7117943 ns/cyc
  0 constraint hits
[3F[J                                                                                
  107 cycles  |  140 cyc/s  |  7117943 ns/cyc
  0 constraint hits
[3F[J                                                                                
  107 cycles  |  140 cyc/s  |  7117943 ns/cyc
  0 constraint hits
[3F[J                                                                                
  107 cycles  |  140 cyc/s  |  7117943 ns/cyc
  0 constraint hits
[3F[J                                                                                
  107 cycles  |  140 cyc/s  |  7117943 ns/cyc
  0 constraint hits
[3F[J                                                                                
  107 cycles  |  140 cyc/s  |  7117943 ns/cyc
  0 constraint hits
[3F[J                                                                                
  107 cycles  |  140 cyc/s  |  7117943 ns/cyc
  0 constraint hits
[3F[J                                                                                
  107 cycles  |  140 cyc/s  |  7117943 ns/cyc
  0 constraint hits
[3F[J                                                                                
  107 cycles  |  140 cyc/s  |  7117943 ns/cyc
  0 constraint hits
[3F[J                                                                                
  107 cycles  |  140 cyc/s  |  7117943 ns/cyc
  0 constraint hits
[3F[J                                                                                
  107 cycles  |  140 cyc/s  |  7117943 ns/cyc
  0 constraint hits
[3F[J                                                                                
  107 cycles  |  140 cyc/s  |  7117943 ns/cyc
  0 constraint hits
[3F[J                                                                                
  107 cycles  |  140 cyc/s  |  7117943 ns/cyc
  0 constraint hits
[3F[J                                                                                
  107 cycles  |  140 cyc/s  |  7117943 ns/cyc
  0 constraint hits
[3F[J                                                                                
  107 cycles  |  140 cyc/s  |  7117943 ns/cyc
  0 constraint hits
[3F[J                                                                                
  107 cycles  |  140 cyc/s  |  7117943 ns/cyc
  0 constraint hits
[3F[J                                                                                
  107 cycles  |  140 cyc/s  |  7117943 ns/cyc
  0 constraint hits
[3F[J                                                                                
  107 cycles  |  140 cyc/s  |  7117943 ns/cyc
  0 constraint hits
[3F[J                                                                                
  107 cycles  |  140 cyc/s  |  7117943 ns/cyc
  0 constraint hits
[3F[J                                                                                
  107 cycles  |  140 cyc/s  |  7117943 ns/cyc
  0 constraint hits
[3F[J                                                                                
  107 cycles  |  140 cyc/s  |  7117943 ns/cyc
  0 constraint hits
[3F[J                                                                                
  107 cycles  |  140 cyc/s  |  7117943 ns/cyc
  0 constraint hits
[3F[J                                                                                
  136 cycles  |  134 cyc/s  |  7458753 ns/cyc
  0 constraint hits
[3F[J                                                                                
  136 cycles  |  134 cyc/s  |  7458753 ns/cyc
  0 constraint hits
[3F[J                                                                                
  136 cycles  |  134 cyc/s  |  7458753 ns/cyc
  0 constraint hits
[3F[J                                                                                
  136 cycles  |  134 cyc/s  |  7458753 ns/cyc
  0 constraint hits
[3F[J                                                                                
  136 cycles  |  134 cyc/s  |  7458753 ns/cyc
  0 constraint hits
[3F[J                                                                                
  136 cycles  |  134 cyc/s  |  7458753 ns/cyc
  0 constraint hits
[3F[J                                                                                
  136 cycles  |  134 cyc/s  |  7458753 ns/cyc
  0 constraint hits
[3F[J                                                                                
  136 cycles  |  134 cyc/s  |  7458753 ns/cyc
  0 constraint hits
[3F[J                                                                                
  136 cycles  |  134 cyc/s  |  7458753 ns/cyc
  0 constraint hits
[3F[J                                                                                
  136 cycles  |  134 cyc/s  |  7458753 ns/cyc
  0 constraint hits
[3F[J                                                                                
  136 cycles  |  134 cyc/s  |  7458753 ns/cyc
  0 constraint hits
[3F[J                                                                                
  136 cycles  |  134 cyc/s  |  7458753 ns/cyc
  0 constraint hits
[3F[J                                                                                
  136 cycles  |  134 cyc/s  |  7458753 ns/cyc
  0 constraint hits
[3F[J                                                                                
  136 cycles  |  134 cyc/s  |  7458753 ns/cyc
  0 constraint hits
[3F[J                                                                                
  136 cycles  |  134 cyc/s  |  7458753 ns/cyc
  0 constraint hits
[3F[J                                                                                
  136 cycles  |  134 cyc/s  |  7458753 ns/cyc
  0 constraint hits
[3F[J                                                                                
  136 cycles  |  134 cyc/s  |  7458753 ns/cyc
  0 constraint hits
[3F[J                                                                                
  136 cycles  |  134 cyc/s  |  7458753 ns/cyc
  0 constraint hits
[3F[J                                                                                
  136 cycles  |  134 cyc/s  |  7458753 ns/cyc
  0 constraint hits
[3F[J                                                                                
  136 cycles  |  134 cyc/s  |  7458753 ns/cyc
  0 constraint hits
[3F[J                                                                                
  136 cycles  |  134 cyc/s  |  7458753 ns/cyc
  0 constraint hits
[3F[J                                                                                
  136 cycles  |  134 cyc/s  |  7458753 ns/cyc
  0 constraint hits
[3F[J                                                                                
  136 cycles  |  134 cyc/s  |  7458753 ns/cyc
  0 constraint hits
[3F[J                                                                                
  136 cycles  |  134 cyc/s  |  7458753 ns/cyc
  0 constraint hits
[3F[J                                                                                
  136 cycles  |  134 cyc/s  |  7458753 ns/cyc
  0 constraint hits
[3F[J                                                                                
  136 cycles  |  134 cyc/s  |  7458753 ns/cyc
  0 constraint hits
[3F[J                                                                                
  136 cycles  |  134 cyc/s  |  7458753 ns/cyc
  0 constraint hits
[3F[J                                                                                
  136 cycles  |  134 cyc/s  |  7458753 ns/cyc
  0 constraint hits
[3F[J                                                                                
  136 cycles  |  134 cyc/s  |  7458753 ns/cyc
  0 constraint hits
[3F[J                                                                                
  165 cycles  |  130 cyc/s  |  7691052 ns/cyc
  0 constraint hits
[3F[J                                                                                
  165 cycles  |  130 cyc/s  |  7691052 ns/cyc
  0 constraint hits
[3F[J                                                                                
  165 cycles  |  130 cyc/s  |  7691052 ns/cyc
  0 constraint hits
[3F[J                                                                                
  165 cycles  |  130 cyc/s  |  7691052 ns/cyc
  0 constraint hits
[3F[J                                                                                
  165 cycles  |  130 cyc/s  |  7691052 ns/cyc
  0 constraint hits
[3F[J                                                                                
  165 cycles  |  130 cyc/s  |  7691052 ns/cyc
  0 constraint hits
[3F[J                                                                                
  165 cycles  |  130 cyc/s  |  7691052 ns/cyc
  0 constraint hits
[3F[J                                                                                
  165 cycles  |  130 cyc/s  |  7691052 ns/cyc
  0 constraint hits
[3F[J                                                                                
  165 cycles  |  130 cyc/s  |  7691052 ns/cyc
  0 constraint hits
[3F[J                                                                                
  165 cycles  |  130 cyc/s  |  7691052 ns/cyc
  0 constraint hits
[3F[J                                                                                
  165 cycles  |  130 cyc/s  |  7691052 ns/cyc
  0 constraint hits
[3F[J                                                                                
  165 cycles  |  130 cyc/s  |  7691052 ns/cyc
  0 constraint hits
[3F[J                                                                                
  165 cycles  |  130 cyc/s  |  7691052 ns/cyc
  0 constraint hits
[3F[J                                                                                
  165 cycles  |  130 cyc/s  |  7691052 ns/cyc
  0 constraint hits
[3F[J                                                                                
  165 cycles  |  130 cyc/s  |  7691052 ns/cyc
  0 constraint hits
[3F[J                                                                                
  165 cycles  |  130 cyc/s  |  7691052 ns/cyc
  0 constraint hits
[3F[J                                                                                
  165 cycles  |  130 cyc/s  |  7691052 ns/cyc
  0 constraint hits
[3F[J                                                                                
  165 cycles  |  130 cyc/s  |  7691052 ns/cyc
  0 constraint hits
[3F[J                                                                                
  165 cycles  |  130 cyc/s  |  7691052 ns/cyc
  0 constraint hits
[3F[J                                                                                
  165 cycles  |  130 cyc/s  |  7691052 ns/cyc
  0 constraint hits
[3F[J                                                                                
  165 cycles  |  130 cyc/s  |  7691052 ns/cyc
  0 constraint hits
[3F[J                                                                                
  165 cycles  |  130 cyc/s  |  7691052 ns/cyc
  0 constraint hits
[3F[J                                                                                
  165 cycles  |  130 cyc/s  |  7691052 ns/cyc
  0 constraint hits
[3F[J                                                                                
  165 cycles  |  130 cyc/s  |  7691052 ns/cyc
  0 constraint hits
[3F[J                                                                                
  165 cycles  |  130 cyc/s  |  7691052 ns/cyc
  0 constraint hits
[3F[J                                                                                
  165 cycles  |  130 cyc/s  |  7691052 ns/cyc
  0 constraint hits
[3F[J                                                                                
  165 cycles  |  130 cyc/s  |  7691052 ns/cyc
  0 constraint hits
[3F[J                                                                                
  165 cycles  |  130 cyc/s  |  7691052 ns/cyc
  0 constraint hits
[3F[J                                                                                
  165 cycles  |  130 cyc/s  |  7691052 ns/cyc
  0 constraint hits
[3F[J                                                                                
  194 cycles  |  127 cyc/s  |  7840412 ns/cyc
  0 constraint hits
[3F[J                                                                                
  194 cycles  |  127 cyc/s  |  7840412 ns/cyc
  0 constraint hits
[3F[J                                                                                
  194 cycles  |  127 cyc/s  |  7840412 ns/cyc
  0 constraint hits
[3F[J                                                                                
  194 cycles  |  127 cyc/s  |  7840412 ns/cyc
  0 constraint hits
[3F[J                                                                                
  194 cycles  |  127 cyc/s  |  7840412 ns/cyc
  0 constraint hits
[3F[J                                                                                
  194 cycles  |  127 cyc/s  |  7840412 ns/cyc
  0 constraint hits
[3F[J                                                                                
  194 cycles  |  127 cyc/s  |  7840412 ns/cyc
  0 constraint hits
[3F[J                                                                                
  194 cycles  |  127 cyc/s  |  7840412 ns/cyc
  0 constraint hits
[3F[J                                                                                
  194 cycles  |  127 cyc/s  |  7840412 ns/cyc
  0 constraint hits
[3F[J                                                                                
  194 cycles  |  127 cyc/s  |  7840412 ns/cyc
  0 constraint hits
[3F[J                                                                                
  194 cycles  |  127 cyc/s  |  7840412 ns/cyc
  0 constraint hits
[3F[J                                                                                
  194 cycles  |  127 cyc/s  |  7840412 ns/cyc
  0 constraint hits
[3F[J                                                                                
  194 cycles  |  127 cyc/s  |  7840412 ns/cyc
  0 constraint hits
[3F[J                                                                                
  194 cycles  |  127 cyc/s  |  7840412 ns/cyc
  0 constraint hits
[3F[J                                                                                
  194 cycles  |  127 cyc/s  |  7840412 ns/cyc
  0 constraint hits
[3F[J                                                                                
  194 cycles  |  127 cyc/s  |  7840412 ns/cyc
  0 constraint hits
[3F[J                                                                                
  194 cycles  |  127 cyc/s  |  7840412 ns/cyc
  0 constraint hits
[3F[J                                                                                
  194 cycles  |  127 cyc/s  |  7840412 ns/cyc
  0 constraint hits
[3F[J                                                                                
  194 cycles  |  127 cyc/s  |  7840412 ns/cyc
  0 constraint hits
[3F[J                                                                                
  194 cycles  |  127 cyc/s  |  7840412 ns/cyc
  0 constraint hits
[3F[J                                                                                
  194 cycles  |  127 cyc/s  |  7840412 ns/cyc
  0 constraint hits
[3F[J                                                                                
  194 cycles  |  127 cyc/s  |  7840412 ns/cyc
  0 constraint hits
[3F[J                                                                                
  194 cycles  |  127 cyc/s  |  7840412 ns/cyc
  0 constraint hits
[3F[J                                                                                
  194 cycles  |  127 cyc/s  |  7840412 ns/cyc
  0 constraint hits
[3F[J                                                                                
  194 cycles  |  127 cyc/s  |  7840412 ns/cyc
  0 constraint hits
[3F[J                                                                                
  194 cycles  |  127 cyc/s  |  7840412 ns/cyc
  0 constraint hits
[3F[J                                                                                
  194 cycles  |  127 cyc/s  |  7840412 ns/cyc
  0 constraint hits
[3F[J                                                                                
  194 cycles  |  127 cyc/s  |  7840412 ns/cyc
  0 constraint hits
[3F[J                                                                                
  194 cycles  |  127 cyc/s  |  7840412 ns/cyc
  0 constraint hits
[3F[J                                                                                
  194 cycles  |  127 cyc/s  |  7840412 ns/cyc
  0 constraint hits
[3F[J                                                                                
  224 cycles  |  125 cyc/s  |  7942207 ns/cyc
  0 constraint hits
[3F[J                                                                                
  224 cycles  |  125 cyc/s  |  7942207 ns/cyc
  0 constraint hits
[3F[J                                                                                
  224 cycles  |  125 cyc/s  |  7942207 ns/cyc
  0 constraint hits
[3F[J                                                                                
  224 cycles  |  125 cyc/s  |  7942207 ns/cyc
  0 constraint hits
[3F[J                                                                                
  224 cycles  |  125 cyc/s  |  7942207 ns/cyc
  0 constraint hits
[3F[J                                                                                
  224 cycles  |  125 cyc/s  |  7942207 ns/cyc
  0 constraint hits
[3F[J                                                                                
  224 cycles  |  125 cyc/s  |  7942207 ns/cyc
  0 constraint hits
[3F[J                                                                                
  224 cycles  |  125 cyc/s  |  7942207 ns/cyc
  0 constraint hits
[3F[J                                                                                
  224 cycles  |  125 cyc/s  |  7942207 ns/cyc
  0 constraint hits
[3F[J                                                                                
  224 cycles  |  125 cyc/s  |  7942207 ns/cyc
  0 constraint hits
[3F[J                                                                                
  224 cycles  |  125 cyc/s  |  7942207 ns/cyc
  0 constraint hits
[3F[J                                                                                
  224 cycles  |  125 cyc/s  |  7942207 ns/cyc
  0 constraint hits
[3F[J                                                                                
  224 cycles  |  125 cyc/s  |  7942207 ns/cyc
  0 constraint hits
[3F[J                                                                                
  224 cycles  |  125 cyc/s  |  7942207 ns/cyc
  0 constraint hits
[3F[J                                                                                
  224 cycles  |  125 cyc/s  |  7942207 ns/cyc
  0 constraint hits
[3F[J                                                                                
  224 cycles  |  125 cyc/s  |  7942207 ns/cyc
  0 constraint hits
[3F[J                                                                                
  224 cycles  |  125 cyc/s  |  7942207 ns/cyc
  0 constraint hits
[3F[J                                                                                
  224 cycles  |  125 cyc/s  |  7942207 ns/cyc
  0 constraint hits
[3F[J                                                                                
  224 cycles  |  125 cyc/s  |  7942207 ns/cyc
  0 constraint hits
[3F[J                                                                                
  224 cycles  |  125 cyc/s  |  7942207 ns/cyc
  0 constraint hits
[3F[J                                                                                
  224 cycles  |  125 cyc/s  |  7942207 ns/cyc
  0 constraint hits
[3F[J                                                                                
  224 cycles  |  125 cyc/s  |  7942207 ns/cyc
  0 constraint hits
[3F[J                                                                                
  224 cycles  |  125 cyc/s  |  7942207 ns/cyc
  0 constraint hits
[3F[J                                                                                
  224 cycles  |  125 cyc/s  |  7942207 ns/cyc
  0 constraint hits
[3F[J                                                                                
  224 cycles  |  125 cyc/s  |  7942207 ns/cyc
  0 constraint hits
[3F[J                                                                                
  224 cycles  |  125 cyc/s  |  7942207 ns/cyc
  0 constraint hits
[3F[J                                                                                
  224 cycles  |  125 cyc/s  |  7942207 ns/cyc
  0 constraint hits
[3F[J                                                                                
  224 cycles  |  125 cyc/s  |  7942207 ns/cyc
  0 constraint hits
[3F[J                                                                                
  224 cycles  |  125 cyc/s  |  7942207 ns/cyc
  0 constraint hits
[3F[J                                                                                
  224 cycles  |  125 cyc/s  |  7942207 ns/cyc
  0 constraint hits
[3F[J                                                                                
  254 cycles  |  124 cyc/s  |  8017796 ns/cyc
  0 constraint hits
[3F[J                                                                                
  254 cycles  |  124 cyc/s  |  8017796 ns/cyc
  0 constraint hits
[3F[J                                                                                
  254 cycles  |  124 cyc/s  |  8017796 ns/cyc
  0 constraint hits
[3F[J                                                                                
  254 cycles  |  124 cyc/s  |  8017796 ns/cyc
  0 constraint hits
[3F[J                                                                                
  254 cycles  |  124 cyc/s  |  8017796 ns/cyc
  0 constraint hits
[3F[J                                                                                
  254 cycles  |  124 cyc/s  |  8017796 ns/cyc
  0 constraint hits
[3F[J                                                                                
  254 cycles  |  124 cyc/s  |  8017796 ns/cyc
  0 constraint hits
[3F[J                                                                                
  254 cycles  |  124 cyc/s  |  8017796 ns/cyc
  0 constraint hits
[3F[J                                                                                
  254 cycles  |  124 cyc/s  |  8017796 ns/cyc
  0 constraint hits
[3F[J                                                                                
  254 cycles  |  124 cyc/s  |  8017796 ns/cyc
  0 constraint hits
[3F[J                                                                                
  254 cycles  |  124 cyc/s  |  8017796 ns/cyc
  0 constraint hits
[3F[J                                                                                
  254 cycles  |  124 cyc/s  |  8017796 ns/cyc
  0 constraint hits
[3F[J                                                                                
  254 cycles  |  124 cyc/s  |  8017796 ns/cyc
  0 constraint hits
[3F[J                                                                                
  254 cycles  |  124 cyc/s  |  8017796 ns/cyc
  0 constraint hits
[3F[J                                                                                
  254 cycles  |  124 cyc/s  |  8017796 ns/cyc
  0 constraint hits
[3F[J                                                                                
  254 cycles  |  124 cyc/s  |  8017796 ns/cyc
  0 constraint hits
[3F[J                                                                                
  254 cycles  |  124 cyc/s  |  8017796 ns/cyc
  0 constraint hits
[3F[J                                                                                
  254 cycles  |  124 cyc/s  |  8017796 ns/cyc
  0 constraint hits
[3F[J                                                                                
  254 cycles  |  124 cyc/s  |  8017796 ns/cyc
  0 constraint hits
[3F[J                                                                                
  254 cycles  |  124 cyc/s  |  8017796 ns/cyc
  0 constraint hits
[3F[J                                                                                
  254 cycles  |  124 cyc/s  |  8017796 ns/cyc
  0 constraint hits
[3F[J                                                                                
  254 cycles  |  124 cyc/s  |  8017796 ns/cyc
  0 constraint hits
[3F[J                                                                                
  254 cycles  |  124 cyc/s  |  8017796 ns/cyc
  0 constraint hits
[3F[J                                                                                
  254 cycles  |  124 cyc/s  |  8017796 ns/cyc
  0 constraint hits
[3F[J                                                                                
  254 cycles  |  124 cyc/s  |  8017796 ns/cyc
  0 constraint hits
[3F[J                                                                                
  254 cycles  |  124 cyc/s  |  8017796 ns/cyc
  0 constraint hits
[3F[J                                                                                
  254 cycles  |  124 cyc/s  |  8017796 ns/cyc
  0 constraint hits
[3F[J                                                                                
  254 cycles  |  124 cyc/s  |  8017796 ns/cyc
  0 constraint hits
[3F[J                                                                                
  254 cycles  |  124 cyc/s  |  8017796 ns/cyc
  0 constraint hits
[3F[J                                                                                
  283 cycles  |  123 cyc/s  |  8081989 ns/cyc
  0 constraint hits
[3F[J                                                                                
  283 cycles  |  123 cyc/s  |  8081989 ns/cyc
  0 constraint hits
[3F[J                                                                                
  283 cycles  |  123 cyc/s  |  8081989 ns/cyc
  0 constraint hits
[3F[J                                                                                
  283 cycles  |  123 cyc/s  |  8081989 ns/cyc
  0 constraint hits
[3F[J                                                                                
  283 cycles  |  123 cyc/s  |  8081989 ns/cyc
  0 constraint hits
[3F[J                                                                                
  283 cycles  |  123 cyc/s  |  8081989 ns/cyc
  0 constraint hits
[3F[J                                                                                
  283 cycles  |  123 cyc/s  |  8081989 ns/cyc
  0 constraint hits
[3F[J                                                                                
  283 cycles  |  123 cyc/s  |  8081989 ns/cyc
  0 constraint hits
[3F[J                                                                                
  283 cycles  |  123 cyc/s  |  8081989 ns/cyc
  0 constraint hits
[3F[J                                                                                
  283 cycles  |  123 cyc/s  |  8081989 ns/cyc
  0 constraint hits
[3F[J                                                                                
  283 cycles  |  123 cyc/s  |  8081989 ns/cyc
  0 constraint hits
[3F[J                                                                                
  283 cycles  |  123 cyc/s  |  8081989 ns/cyc
  0 constraint hits
[3F[J                                                                                
  283 cycles  |  123 cyc/s  |  8081989 ns/cyc
  0 constraint hits
[3F[J                                                                                
  283 cycles  |  123 cyc/s  |  8081989 ns/cyc
  0 constraint hits
[3F[J                                                                                
  283 cycles  |  123 cyc/s  |  8081989 ns/cyc
  0 constraint hits
[3F[J                                                                                
  283 cycles  |  123 cyc/s  |  8081989 ns/cyc
  0 constraint hits
[3F[J                                                                                
  283 cycles  |  123 cyc/s  |  8081989 ns/cyc
  0 constraint hits
[3F[J                                                                                
  283 cycles  |  123 cyc/s  |  8081989 ns/cyc
  0 constraint hits
[3F[J                                                                                
  283 cycles  |  123 cyc/s  |  8081989 ns/cyc
  0 constraint hits
[3F[J                                                                                
  283 cycles  |  123 cyc/s  |  8081989 ns/cyc
  0 constraint hits
[3F[J                                                                                
  283 cycles  |  123 cyc/s  |  8081989 ns/cyc
  0 constraint hits
[3F[J                                                                                
  283 cycles  |  123 cyc/s  |  8081989 ns/cyc
  0 constraint hits
[3F[J                                                                                
  283 cycles  |  123 cyc/s  |  8081989 ns/cyc
  0 constraint hits
[3F[J                                                                                
  283 cycles  |  123 cyc/s  |  8081989 ns/cyc
  0 constraint hits
[3F[J                                                                                
  283 cycles  |  123 cyc/s  |  8081989 ns/cyc
  0 constraint hits
[3F[J                                                                                
  283 cycles  |  123 cyc/s  |  8081989 ns/cyc
  0 constraint hits
[3F[J                                                                                
  283 cycles  |  123 cyc/s  |  8081989 ns/cyc
  0 constraint hits
[3F[J                                                                                
  283 cycles  |  123 cyc/s  |  8081989 ns/cyc
  0 constraint hits
[3F[J                                                                                
  283 cycles  |  123 cyc/s  |  8081989 ns/cyc
  0 constraint hits
[3F[J                                                                                
  312 cycles  |  122 cyc/s  |  8150179 ns/cyc
  0 constraint hits
[3F[J                                                                                
  312 cycles  |  122 cyc/s  |  8150179 ns/cyc
  0 constraint hits
[3F[J                                                                                
  312 cycles  |  122 cyc/s  |  8150179 ns/cyc
  0 constraint hits
[3F[J                                                                                
  312 cycles  |  122 cyc/s  |  8150179 ns/cyc
  0 constraint hits
[3F[J                                                                                
  312 cycles  |  122 cyc/s  |  8150179 ns/cyc
  0 constraint hits
[3F[J                                                                                
  312 cycles  |  122 cyc/s  |  8150179 ns/cyc
  0 constraint hits
[3F[J                                                                                
  312 cycles  |  122 cyc/s  |  8150179 ns/cyc
  0 constraint hits
[3F[J                                                                                
  312 cycles  |  122 cyc/s  |  8150179 ns/cyc
  0 constraint hits
[3F[J                                                                                
  312 cycles  |  122 cyc/s  |  8150179 ns/cyc
  0 constraint hits
[3F[J                                                                                
  312 cycles  |  122 cyc/s  |  8150179 ns/cyc
  0 constraint hits
[3F[J                                                                                
  312 cycles  |  122 cyc/s  |  8150179 ns/cyc
  0 constraint hits
[3F[J                                                                                
  312 cycles  |  122 cyc/s  |  8150179 ns/cyc
  0 constraint hits
[3F[J                                                                                
  312 cycles  |  122 cyc/s  |  8150179 ns/cyc
  0 constraint hits
[3F[J                                                                                
  312 cycles  |  122 cyc/s  |  8150179 ns/cyc
  0 constraint hits
[3F[J                                                                                
  312 cycles  |  122 cyc/s  |  8150179 ns/cyc
  0 constraint hits
[3F[J                                                                                
  312 cycles  |  122 cyc/s  |  8150179 ns/cyc
  0 constraint hits
[3F[J                                                                                
  312 cycles  |  122 cyc/s  |  8150179 ns/cyc
  0 constraint hits
[3F[J                                                                                
  312 cycles  |  122 cyc/s  |  8150179 ns/cyc
  0 constraint hits
[3F[J                                                                                
  312 cycles  |  122 cyc/s  |  8150179 ns/cyc
  0 constraint hits
[3F[J                                                                                
  312 cycles  |  122 cyc/s  |  8150179 ns/cyc
  0 constraint hits
[3F[J                                                                                
  312 cycles  |  122 cyc/s  |  8150179 ns/cyc
  0 constraint hits
[3F[J                                                                                
  312 cycles  |  122 cyc/s  |  8150179 ns/cyc
  0 constraint hits
[3F[J                                                                                
  312 cycles  |  122 cyc/s  |  8150179 ns/cyc
  0 constraint hits
[3F[J                                                                                
  312 cycles  |  122 cyc/s  |  8150179 ns/cyc
  0 constraint hits
[3F[J                                                                                
  312 cycles  |  122 cyc/s  |  8150179 ns/cyc
  0 constraint hits
[3F[J                                                                                
  312 cycles  |  122 cyc/s  |  8150179 ns/cyc
  0 constraint hits
[3F[J                                                                                
  312 cycles  |  122 cyc/s  |  8150179 ns/cyc
  0 constraint hits
[3F[J                                                                                
  312 cycles  |  122 cyc/s  |  8150179 ns/cyc
  0 constraint hits
[3F[J                                                                                
  312 cycles  |  122 cyc/s  |  8150179 ns/cyc
  0 constraint hits
[3F[J                                                                                
  341 cycles  |  122 cyc/s  |  8195941 ns/cyc
  0 constraint hits
[3F[J                                                                                
  341 cycles  |  122 cyc/s  |  8195941 ns/cyc
  0 constraint hits
[3F[J                                                                                
  341 cycles  |  122 cyc/s  |  8195941 ns/cyc
  0 constraint hits
[3F[J                                                                                
  341 cycles  |  122 cyc/s  |  8195941 ns/cyc
  0 constraint hits
[3F[J                                                                                
  341 cycles  |  122 cyc/s  |  8195941 ns/cyc
  0 constraint hits
[3F[J                                                                                
  341 cycles  |  122 cyc/s  |  8195941 ns/cyc
  0 constraint hits
[3F[J                                                                                
  341 cycles  |  122 cyc/s  |  8195941 ns/cyc
  0 constraint hits
[3F[J                                                                                
  341 cycles  |  122 cyc/s  |  8195941 ns/cyc
  0 constraint hits
[3F[J                                                                                
  341 cycles  |  122 cyc/s  |  8195941 ns/cyc
  0 constraint hits
[3F[J                                                                                
  341 cycles  |  122 cyc/s  |  8195941 ns/cyc
  0 constraint hits
[3F[J                                                                                
  341 cycles  |  122 cyc/s  |  8195941 ns/cyc
  0 constraint hits
[3F[J                                                                                
  341 cycles  |  122 cyc/s  |  8195941 ns/cyc
  0 constraint hits
[3F[J                                                                                
  341 cycles  |  122 cyc/s  |  8195941 ns/cyc
  0 constraint hits
[3F[J                                                                                
  341 cycles  |  122 cyc/s  |  8195941 ns/cyc
  0 constraint hits
[3F[J                                                                                
  341 cycles  |  122 cyc/s  |  8195941 ns/cyc
  0 constraint hits
[3F[J                                                                                
  341 cycles  |  122 cyc/s  |  8195941 ns/cyc
  0 constraint hits
[3F[J                                                                                
  341 cycles  |  122 cyc/s  |  8195941 ns/cyc
  0 constraint hits
[3F[J                                                                                
  341 cycles  |  122 cyc/s  |  8195941 ns/cyc
  0 constraint hits
[3F[J                                                                                
  341 cycles  |  122 cyc/s  |  8195941 ns/cyc
  0 constraint hits
[3F[J                                                                                
  341 cycles  |  122 cyc/s  |  8195941 ns/cyc
  0 constraint hits
[3F[J                                                                                
  341 cycles  |  122 cyc/s  |  8195941 ns/cyc
  0 constraint hits
[3F[J                                                                                
  341 cycles  |  122 cyc/s  |  8195941 ns/cyc
  0 constraint hits
[3F[J                                                                                
  341 cycles  |  122 cyc/s  |  8195941 ns/cyc
  0 constraint hits
[3F[J                                                                                
  341 cycles  |  122 cyc/s  |  8195941 ns/cyc
  0 constraint hits
[3F[J                                                                                
  341 cycles  |  122 cyc/s  |  8195941 ns/cyc
  0 constraint hits
[3F[J                                                                                
  341 cycles  |  122 cyc/s  |  8195941 ns/cyc
  0 constraint hits
[3F[J                                                                                
  341 cycles  |  122 cyc/s  |  8195941 ns/cyc
  0 constraint hits
[3F[J                                                                                
  341 cycles  |  122 cyc/s  |  8195941 ns/cyc
  0 constraint hits
[3F[J                                                                                
  341 cycles  |  122 cyc/s  |  8195941 ns/cyc
  0 constraint hits
[3F[J                                                                                
  370 cycles  |  121 cyc/s  |  8233036 ns/cyc
  0 constraint hits
[3F[J                                                                                
  370 cycles  |  121 cyc/s  |  8233036 ns/cyc
  0 constraint hits
[3F[J                                                                                
  370 cycles  |  121 cyc/s  |  8233036 ns/cyc
  0 constraint hits
[3F[J                                                                                
  370 cycles  |  121 cyc/s  |  8233036 ns/cyc
  0 constraint hits
[3F[J                                                                                
  370 cycles  |  121 cyc/s  |  8233036 ns/cyc
  0 constraint hits
[3F[J                                                                                
  370 cycles  |  121 cyc/s  |  8233036 ns/cyc
  0 constraint hits
[3F[J                                                                                
  370 cycles  |  121 cyc/s  |  8233036 ns/cyc
  0 constraint hits
[3F[J                                                                                
  370 cycles  |  121 cyc/s  |  8233036 ns/cyc
  0 constraint hits
[3F[J                                                                                
  370 cycles  |  121 cyc/s  |  8233036 ns/cyc
  0 constraint hits
[3F[J                                                                                
  370 cycles  |  121 cyc/s  |  8233036 ns/cyc
  0 constraint hits
[3F[J                                                                                
  370 cycles  |  121 cyc/s  |  8233036 ns/cyc
  0 constraint hits
[3F[J                                                                                
  370 cycles  |  121 cyc/s  |  8233036 ns/cyc
  0 constraint hits
[3F[J                                                                                
  370 cycles  |  121 cyc/s  |  8233036 ns/cyc
  0 constraint hits
[3F[J                                                                                
  370 cycles  |  121 cyc/s  |  8233036 ns/cyc
  0 constraint hits
[3F[J                                                                                
  370 cycles  |  121 cyc/s  |  8233036 ns/cyc
  0 constraint hits
[3F[J                                                                                
  370 cycles  |  121 cyc/s  |  8233036 ns/cyc
  0 constraint hits
[3F[J                                                                                
  370 cycles  |  121 cyc/s  |  8233036 ns/cyc
  0 constraint hits
[3F[J                                                                                
  370 cycles  |  121 cyc/s  |  8233036 ns/cyc
  0 constraint hits
[3F[J                                                                                
  370 cycles  |  121 cyc/s  |  8233036 ns/cyc
  0 constraint hits
[3F[J                                                                                
  370 cycles  |  121 cyc/s  |  8233036 ns/cyc
  0 constraint hits
[3F[J                                                                                
  370 cycles  |  121 cyc/s  |  8233036 ns/cyc
  0 constraint hits
[3F[J                                                                                
  370 cycles  |  121 cyc/s  |  8233036 ns/cyc
  0 constraint hits
[3F[J                                                                                
  370 cycles  |  121 cyc/s  |  8233036 ns/cyc
  0 constraint hits
[3F[J                                                                                
  370 cycles  |  121 cyc/s  |  8233036 ns/cyc
  0 constraint hits
[3F[J                                                                                
  370 cycles  |  121 cyc/s  |  8233036 ns/cyc
  0 constraint hits
[3F[J                                                                                
  370 cycles  |  121 cyc/s  |  8233036 ns/cyc
  0 constraint hits
[3F[J                                                                                
  370 cycles  |  121 cyc/s  |  8233036 ns/cyc
  0 constraint hits
[3F[J                                                                                
  370 cycles  |  121 cyc/s  |  8233036 ns/cyc
  0 constraint hits
[3F[J                                                                                
  370 cycles  |  121 cyc/s  |  8233036 ns/cyc
  0 constraint hits
[3F[J                                                                                
  399 cycles  |  120 cyc/s  |  8266038 ns/cyc
  0 constraint hits
[3F[J                                                                                
  399 cycles  |  120 cyc/s  |  8266038 ns/cyc
  0 constraint hits
[3F[J                                                                                
  399 cycles  |  120 cyc/s  |  8266038 ns/cyc
  0 constraint hits
[3F[J                                                                                
  399 cycles  |  120 cyc/s  |  8266038 ns/cyc
  0 constraint hits
[3F[J                                                                                
  399 cycles  |  120 cyc/s  |  8266038 ns/cyc
  0 constraint hits
[3F[J                                                                                
  399 cycles  |  120 cyc/s  |  8266038 ns/cyc
  0 constraint hits
[3F[J                                                                                
  399 cycles  |  120 cyc/s  |  8266038 ns/cyc
  0 constraint hits
[3F[J                                                                                
  399 cycles  |  120 cyc/s  |  8266038 ns/cyc
  0 constraint hits
[3F[J                                                                                
  399 cycles  |  120 cyc/s  |  8266038 ns/cyc
  0 constraint hits
[3F[J                                                                                
  399 cycles  |  120 cyc/s  |  8266038 ns/cyc
  0 constraint hits
[3F[J                                                                                
  399 cycles  |  120 cyc/s  |  8266038 ns/cyc
  0 constraint hits
[3F[J                                                                                
  399 cycles  |  120 cyc/s  |  8266038 ns/cyc
  0 constraint hits
[3F[J                                                                                
  399 cycles  |  120 cyc/s  |  8266038 ns/cyc
  0 constraint hits
[3F[J                                                                                
  399 cycles  |  120 cyc/s  |  8266038 ns/cyc
  0 constraint hits
[3F[J                                                                                
  399 cycles  |  120 cyc/s  |  8266038 ns/cyc
  0 constraint hits
[3F[J                                                                                
  399 cycles  |  120 cyc/s  |  8266038 ns/cyc
  0 constraint hits
[3F[J                                                                                
  399 cycles  |  120 cyc/s  |  8266038 ns/cyc
  0 constraint hits
[3F[J                                                                                
  399 cycles  |  120 cyc/s  |  8266038 ns/cyc
  0 constraint hits
[3F[J                                                                                
  399 cycles  |  120 cyc/s  |  8266038 ns/cyc
  0 constraint hits
[3F[J                                                                                
  399 cycles  |  120 cyc/s  |  8266038 ns/cyc
  0 constraint hits
[3F[J                                                                                
  399 cycles  |  120 cyc/s  |  8266038 ns/cyc
  0 constraint hits
[3F[J                                                                                
  399 cycles  |  120 cyc/s  |  8266038 ns/cyc
  0 constraint hits
[3F[J                                                                                
  399 cycles  |  120 cyc/s  |  8266038 ns/cyc
  0 constraint hits
[3F[J                                                                                
  399 cycles  |  120 cyc/s  |  8266038 ns/cyc
  0 constraint hits
[3F[J                                                                                
  399 cycles  |  120 cyc/s  |  8266038 ns/cyc
  0 constraint hits
[3F[J                                                                                
  399 cycles  |  120 cyc/s  |  8266038 ns/cyc
  0 constraint hits
[3F[J                                                                                
  399 cycles  |  120 cyc/s  |  8266038 ns/cyc
  0 constraint hits
[3F[J                                                                                
  399 cycles  |  120 cyc/s  |  8266038 ns/cyc
  0 constraint hits
[3F[J                                                                                
  399 cycles  |  120 cyc/s  |  8266038 ns/cyc
  0 constraint hits
[3F[J                                                                                
  399 cycles  |  120 cyc/s  |  8266038 ns/cyc
  0 constraint hits
[3F[J                                                                                
  429 cycles  |  120 cyc/s  |  8290151 ns/cyc
  0 constraint hits
[3F[J                                                                                
  429 cycles  |  120 cyc/s  |  8290151 ns/cyc
  0 constraint hits
[3F[J                                                                                
  429 cycles  |  120 cyc/s  |  8290151 ns/cyc
  0 constraint hits
[3F[J                                                                                
  429 cycles  |  120 cyc/s  |  8290151 ns/cyc
  0 constraint hits
[3F[J                                                                                
  429 cycles  |  120 cyc/s  |  8290151 ns/cyc
  0 constraint hits
[3F[J                                                                                
  429 cycles  |  120 cyc/s  |  8290151 ns/cyc
  0 constraint hits
[3F[J                                                                                
  429 cycles  |  120 cyc/s  |  8290151 ns/cyc
  0 constraint hits
[3F[J                                                                                
  429 cycles  |  120 cyc/s  |  8290151 ns/cyc
  0 constraint hits
[3F[J                                                                                
  429 cycles  |  120 cyc/s  |  8290151 ns/cyc
  0 constraint hits
[3F[J                                                                                
  429 cycles  |  120 cyc/s  |  8290151 ns/cyc
  0 constraint hits
[3F[J                                                                                
  429 cycles  |  120 cyc/s  |  8290151 ns/cyc
  0 constraint hits
[3F[J                                                                                
  429 cycles  |  120 cyc/s  |  8290151 ns/cyc
  0 constraint hits
[3F[J                                                                                
  429 cycles  |  120 cyc/s  |  8290151 ns/cyc
  0 constraint hits
[3F[J                                                                                
  429 cycles  |  120 cyc/s  |  8290151 ns/cyc
  0 constraint hits
[3F[J                                                                                
  429 cycles  |  120 cyc/s  |  8290151 ns/cyc
  0 constraint hits
[3F[J                                                                                
  429 cycles  |  120 cyc/s  |  8290151 ns/cyc
  0 constraint hits
[3F[J                                                                                
  429 cycles  |  120 cyc/s  |  8290151 ns/cyc
  0 constraint hits
[3F[J                                                                                
  429 cycles  |  120 cyc/s  |  8290151 ns/cyc
  0 constraint hits
[3F[J                                                                                
  429 cycles  |  120 cyc/s  |  8290151 ns/cyc
  0 constraint hits
[3F[J                                                                                
  429 cycles  |  120 cyc/s  |  8290151 ns/cyc
  0 constraint hits
[3F[J                                                                                
  429 cycles  |  120 cyc/s  |  8290151 ns/cyc
  0 constraint hits
[3F[J                                                                                
  429 cycles  |  120 cyc/s  |  8290151 ns/cyc
  0 constraint hits
[3F[J                                                                                
  429 cycles  |  120 cyc/s  |  8290151 ns/cyc
  0 constraint hits
[3F[J                                                                                
  429 cycles  |  120 cyc/s  |  8290151 ns/cyc
  0 constraint hits
[3F[J                                                                                
  429 cycles  |  120 cyc/s  |  8290151 ns/cyc
  0 constraint hits
[3F[J                                                                                
  429 cycles  |  120 cyc/s  |  8290151 ns/cyc
  0 constraint hits
[3F[J                                                                                
  429 cycles  |  120 cyc/s  |  8290151 ns/cyc
  0 constraint hits
[3F[J                                                                                
  429 cycles  |  120 cyc/s  |  8290151 ns/cyc
  0 constraint hits
[3F[J                                                                                
  429 cycles  |  120 cyc/s  |  8290151 ns/cyc
  0 constraint hits
[3F[J                                                                                
  458 cycles  |  120 cyc/s  |  8314835 ns/cyc
  0 constraint hits
[3F[J                                                                                
  458 cycles  |  120 cyc/s  |  8314835 ns/cyc
  0 constraint hits
[3F[J                                                                                
  458 cycles  |  120 cyc/s  |  8314835 ns/cyc
  0 constraint hits
[3F[J                                                                                
  458 cycles  |  120 cyc/s  |  8314835 ns/cyc
  0 constraint hits
[3F[J                                                                                
  458 cycles  |  120 cyc/s  |  8314835 ns/cyc
  0 constraint hits
[3F[J                                                                                
  458 cycles  |  120 cyc/s  |  8314835 ns/cyc
  0 constraint hits
[3F[J                                                                                
  458 cycles  |  120 cyc/s  |  8314835 ns/cyc
  0 constraint hits
[3F[J                                                                                
  458 cycles  |  120 cyc/s  |  8314835 ns/cyc
  0 constraint hits
[3F[J                                                                                
  458 cycles  |  120 cyc/s  |  8314835 ns/cyc
  0 constraint hits
[3F[J                                                                                
  458 cycles  |  120 cyc/s  |  8314835 ns/cyc
  0 constraint hits
[3F[J                                                                                
  458 cycles  |  120 cyc/s  |  8314835 ns/cyc
  0 constraint hits
[3F[J                                                                                
  458 cycles  |  120 cyc/s  |  8314835 ns/cyc
  0 constraint hits
[3F[J                                                                                
  458 cycles  |  120 cyc/s  |  8314835 ns/cyc
  0 constraint hits
[3F[J                                                                                
  458 cycles  |  120 cyc/s  |  8314835 ns/cyc
  0 constraint hits
[3F[J                                                                                
  458 cycles  |  120 cyc/s  |  8314835 ns/cyc
  0 constraint hits
[3F[J                                                                                
  458 cycles  |  120 cyc/s  |  8314835 ns/cyc
  0 constraint hits
[3F[J                                                                                
  458 cycles  |  120 cyc/s  |  8314835 ns/cyc
  0 constraint hits
[3F[J                                                                                
  458 cycles  |  120 cyc/s  |  8314835 ns/cyc
  0 constraint hits
[3F[J                                                                                
  458 cycles  |  120 cyc/s  |  8314835 ns/cyc
  0 constraint hits
[3F[J                                                                                
  458 cycles  |  120 cyc/s  |  8314835 ns/cyc
  0 constraint hits
[3F[J                                                                                
  458 cycles  |  120 cyc/s  |  8314835 ns/cyc
  0 constraint hits
[3F[J                                                                                
  458 cycles  |  120 cyc/s  |  8314835 ns/cyc
  0 constraint hits
[3F[J                                                                                
  458 cycles  |  120 cyc/s  |  8314835 ns/cyc
  0 constraint hits
[3F[J                                                                                
  458 cycles  |  120 cyc/s  |  8314835 ns/cyc
  0 constraint hits
[3F[J                                                                                
  458 cycles  |  120 cyc/s  |  8314835 ns/cyc
  0 constraint hits
[3F[J                                                                                
  458 cycles  |  120 cyc/s  |  8314835 ns/cyc
  0 constraint hits
[3F[J                                                                                
  458 cycles  |  120 cyc/s  |  8314835 ns/cyc
  0 constraint hits
[3F[J                                                                                
  458 cycles  |  120 cyc/s  |  8314835 ns/cyc
  0 constraint hits
[3F[J                                                                                
  458 cycles  |  120 cyc/s  |  8314835 ns/cyc
  0 constraint hits
[3F[J                                                                                
  487 cycles  |  119 cyc/s  |  8335292 ns/cyc
  0 constraint hits
[3F[J                                                                                
  487 cycles  |  119 cyc/s  |  8335292 ns/cyc
  0 constraint hits
[3F[J                                                                                
  487 cycles  |  119 cyc/s  |  8335292 ns/cyc
  0 constraint hits
[3F[J                                                                                
  487 cycles  |  119 cyc/s  |  8335292 ns/cyc
  0 constraint hits
[3F[J                                                                                
  487 cycles  |  119 cyc/s  |  8335292 ns/cyc
  0 constraint hits
[3F[J                                                                                
  487 cycles  |  119 cyc/s  |  8335292 ns/cyc
  0 constraint hits
[3F[J                                                                                
  487 cycles  |  119 cyc/s  |  8335292 ns/cyc
  0 constraint hits
[3F[J                                                                                
  487 cycles  |  119 cyc/s  |  8335292 ns/cyc
  0 constraint hits
[3F[J                                                                                
  487 cycles  |  119 cyc/s  |  8335292 ns/cyc
  0 constraint hits
[3F[J                                                                                
  487 cycles  |  119 cyc/s  |  8335292 ns/cyc
  0 constraint hits
[3F[J                                                                                
  487 cycles  |  119 cyc/s  |  8335292 ns/cyc
  0 constraint hits
[3F[J                                                                                
  487 cycles  |  119 cyc/s  |  8335292 ns/cyc
  0 constraint hits
[3F[J                                                                                
  487 cycles  |  119 cyc/s  |  8335292 ns/cyc
  0 constraint hits
[3F[J                                                                                
  487 cycles  |  119 cyc/s  |  8335292 ns/cyc
  0 constraint hits
[3F[J                                                                                
  487 cycles  |  119 cyc/s  |  8335292 ns/cyc
  0 constraint hits
[3F[J                                                                                
  487 cycles  |  119 cyc/s  |  8335292 ns/cyc
  0 constraint hits
[3F[J                                                                                
  487 cycles  |  119 cyc/s  |  8335292 ns/cyc
  0 constraint hits
[3F[J                                                                                
  487 cycles  |  119 cyc/s  |  8335292 ns/cyc
  0 constraint hits
[3F[J                                                                                
  487 cycles  |  119 cyc/s  |  8335292 ns/cyc
  0 constraint hits
[3F[J                                                                                
  487 cycles  |  119 cyc/s  |  8335292 ns/cyc
  0 constraint hits
[3F[J                                                                                
  487 cycles  |  119 cyc/s  |  8335292 ns/cyc
  0 constraint hits
[3F[J                                                                                
  487 cycles  |  119 cyc/s  |  8335292 ns/cyc
  0 constraint hits
[3F[J                                                                                
  487 cycles  |  119 cyc/s  |  8335292 ns/cyc
  0 constraint hits
[3F[J                                                                                
  487 cycles  |  119 cyc/s  |  8335292 ns/cyc
  0 constraint hits
[3F[J                                                                                
  487 cycles  |  119 cyc/s  |  8335292 ns/cyc
  0 constraint hits
[3F[J                                                                                
  487 cycles  |  119 cyc/s  |  8335292 ns/cyc
  0 constraint hits
[3F[J                                                                                
  487 cycles  |  119 cyc/s  |  8335292 ns/cyc
  0 constraint hits
[3F[J                                                                                
  487 cycles  |  119 cyc/s  |  8335292 ns/cyc
  0 constraint hits
[3F[J                                                                                
  487 cycles  |  119 cyc/s  |  8335292 ns/cyc
  0 constraint hits
[3F[J                                                                                
  516 cycles  |  119 cyc/s  |  8358298 ns/cyc
  0 constraint hits
[3F[J                                                                                
  516 cycles  |  119 cyc/s  |  8358298 ns/cyc
  0 constraint hits
[3F[J                                                                                
  516 cycles  |  119 cyc/s  |  8358298 ns/cyc
  0 constraint hits
[3F[J                                                                                
  516 cycles  |  119 cyc/s  |  8358298 ns/cyc
  0 constraint hits
[3F[J                                                                                
  516 cycles  |  119 cyc/s  |  8358298 ns/cyc
  0 constraint hits
[3F[J                                                                                
  516 cycles  |  119 cyc/s  |  8358298 ns/cyc
  0 constraint hits
[3F[J                                                                                
  516 cycles  |  119 cyc/s  |  8358298 ns/cyc
  0 constraint hits
[3F[J                                                                                
  516 cycles  |  119 cyc/s  |  8358298 ns/cyc
  0 constraint hits
[3F[J                                                                                
  516 cycles  |  119 cyc/s  |  8358298 ns/cyc
  0 constraint hits
[3F[J                                                                                
  516 cycles  |  119 cyc/s  |  8358298 ns/cyc
  0 constraint hits
[3F[J                                                                                
  516 cycles  |  119 cyc/s  |  8358298 ns/cyc
  0 constraint hits
[3F[J                                                                                
  516 cycles  |  119 cyc/s  |  8358298 ns/cyc
  0 constraint hits
[3F[J                                                                                
  516 cycles  |  119 cyc/s  |  8358298 ns/cyc
  0 constraint hits
[3F[J                                                                                
  516 cycles  |  119 cyc/s  |  8358298 ns/cyc
  0 constraint hits
[3F[J                                                                                
  516 cycles  |  119 cyc/s  |  8358298 ns/cyc
  0 constraint hits
[3F[J                                                                                
  516 cycles  |  119 cyc/s  |  8358298 ns/cyc
  0 constraint hits
[3F[J                                                                                
  516 cycles  |  119 cyc/s  |  8358298 ns/cyc
  0 constraint hits
[3F[J                                                                                
  516 cycles  |  119 cyc/s  |  8358298 ns/cyc
  0 constraint hits
[3F[J                                                                                
  516 cycles  |  119 cyc/s  |  8358298 ns/cyc
  0 constraint hits
[3F[J                                                                                
  516 cycles  |  119 cyc/s  |  8358298 ns/cyc
  0 constraint hits
[3F[J                                                                                
  516 cycles  |  119 cyc/s  |  8358298 ns/cyc
  0 constraint hits
[3F[J                                                                                
  516 cycles  |  119 cyc/s  |  8358298 ns/cyc
  0 constraint hits
[3F[J                                                                                
  516 cycles  |  119 cyc/s  |  8358298 ns/cyc
  0 constraint hits
[3F[J                                                                                
  516 cycles  |  119 cyc/s  |  8358298 ns/cyc
  0 constraint hits
[3F[J                                                                                
  516 cycles  |  119 cyc/s  |  8358298 ns/cyc
  0 constraint hits
[3F[J                                                                                
  516 cycles  |  119 cyc/s  |  8358298 ns/cyc
  0 constraint hits
[3F[J                                                                                
  516 cycles  |  119 cyc/s  |  8358298 ns/cyc
  0 constraint hits
[3F[J                                                                                
  516 cycles  |  119 cyc/s  |  8358298 ns/cyc
  0 constraint hits
[3F[J                                                                                
  516 cycles  |  119 cyc/s  |  8358298 ns/cyc
  0 constraint hits
[3F[J                                                                                
  545 cycles  |  119 cyc/s  |  8376381 ns/cyc
  0 constraint hits
[3F[J                                                                                
  545 cycles  |  119 cyc/s  |  8376381 ns/cyc
  0 constraint hits
[3F[J                                                                                
  545 cycles  |  119 cyc/s  |  8376381 ns/cyc
  0 constraint hits
[3F[J                                                                                
  545 cycles  |  119 cyc/s  |  8376381 ns/cyc
  0 constraint hits
[3F[J                                                                                
  545 cycles  |  119 cyc/s  |  8376381 ns/cyc
  0 constraint hits
[3F[J                                                                                
  545 cycles  |  119 cyc/s  |  8376381 ns/cyc
  0 constraint hits
[3F[J                                                                                
  545 cycles  |  119 cyc/s  |  8376381 ns/cyc
  0 constraint hits
[3F[J                                                                                
  545 cycles  |  119 cyc/s  |  8376381 ns/cyc
  0 constraint hits
[3F[J                                                                                
  545 cycles  |  119 cyc/s  |  8376381 ns/cyc
  0 constraint hits
[3F[J                                                                                
  545 cycles  |  119 cyc/s  |  8376381 ns/cyc
  0 constraint hits
[3F[J                                                                                
  545 cycles  |  119 cyc/s  |  8376381 ns/cyc
  0 constraint hits
[3F[J                                                                                
  545 cycles  |  119 cyc/s  |  8376381 ns/cyc
  0 constraint hits
[3F[J                                                                                
  545 cycles  |  119 cyc/s  |  8376381 ns/cyc
  0 constraint hits
[3F[J                                                                                
  545 cycles  |  119 cyc/s  |  8376381 ns/cyc
  0 constraint hits
[3F[J                                                                                
  545 cycles  |  119 cyc/s  |  8376381 ns/cyc
  0 constraint hits
[3F[J                                                                                
  545 cycles  |  119 cyc/s  |  8376381 ns/cyc
  0 constraint hits
[3F[J                                                                                
  545 cycles  |  119 cyc/s  |  8376381 ns/cyc
  0 constraint hits
[3F[J                                                                                
  545 cycles  |  119 cyc/s  |  8376381 ns/cyc
  0 constraint hits
[3F[J                                                                                
  545 cycles  |  119 cyc/s  |  8376381 ns/cyc
  0 constraint hits
[3F[J                                                                                
  545 cycles  |  119 cyc/s  |  8376381 ns/cyc
  0 constraint hits
[3F[J                                                                                
  545 cycles  |  119 cyc/s  |  8376381 ns/cyc
  0 constraint hits
[3F[J                                                                                
  545 cycles  |  119 cyc/s  |  8376381 ns/cyc
  0 constraint hits
[3F[J                                                                                
  545 cycles  |  119 cyc/s  |  8376381 ns/cyc
  0 constraint hits
[3F[J                                                                                
  545 cycles  |  119 cyc/s  |  8376381 ns/cyc
  0 constraint hits
[3F[J                                                                                
  545 cycles  |  119 cyc/s  |  8376381 ns/cyc
  0 constraint hits
[3F[J                                                                                
  545 cycles  |  119 cyc/s  |  8376381 ns/cyc
  0 constraint hits
[3F[J                                                                                
  545 cycles  |  119 cyc/s  |  8376381 ns/cyc
  0 constraint hits
[3F[J                                                                                
  545 cycles  |  119 cyc/s  |  8376381 ns/cyc
  0 constraint hits
[3F[J                                                                                
  545 cycles  |  119 cyc/s  |  8376381 ns/cyc
  0 constraint hits
[3F[J                                                                                
  574 cycles  |  119 cyc/s  |  8390116 ns/cyc
  0 constraint hits
[3F[J                                                                                
  574 cycles  |  119 cyc/s  |  8390116 ns/cyc
  0 constraint hits
[3F[J                                                                                
  574 cycles  |  119 cyc/s  |  8390116 ns/cyc
  0 constraint hits
[3F[J                                                                                
  574 cycles  |  119 cyc/s  |  8390116 ns/cyc
  0 constraint hits
[3F[J                                                                                
  574 cycles  |  119 cyc/s  |  8390116 ns/cyc
  0 constraint hits
[3F[J                                                                                
  574 cycles  |  119 cyc/s  |  8390116 ns/cyc
  0 constraint hits
[3F[J                                                                                
  574 cycles  |  119 cyc/s  |  8390116 ns/cyc
  0 constraint hits
[3F[J                                                                                
  574 cycles  |  119 cyc/s  |  8390116 ns/cyc
  0 constraint hits
[3F[J                                                                                
  574 cycles  |  119 cyc/s  |  8390116 ns/cyc
  0 constraint hits
[3F[J                                                                                
  574 cycles  |  119 cyc/s  |  8390116 ns/cyc
  0 constraint hits
[3F[J                                                                                
  574 cycles  |  119 cyc/s  |  8390116 ns/cyc
  0 constraint hits
[3F[J                                                                                
  574 cycles  |  119 cyc/s  |  8390116 ns/cyc
  0 constraint hits
[3F[J                                                                                
  574 cycles  |  119 cyc/s  |  8390116 ns/cyc
  0 constraint hits
[3F[J                                                                                
  574 cycles  |  119 cyc/s  |  8390116 ns/cyc
  0 constraint hits
[3F[J                                                                                
  574 cycles  |  119 cyc/s  |  8390116 ns/cyc
  0 constraint hits
[3F[J                                                                                
  574 cycles  |  119 cyc/s  |  8390116 ns/cyc
  0 constraint hits
[3F[J                                                                                
  574 cycles  |  119 cyc/s  |  8390116 ns/cyc
  0 constraint hits
[3F[J                                                                                
  574 cycles  |  119 cyc/s  |  8390116 ns/cyc
  0 constraint hits
[3F[J                                                                                
  574 cycles  |  119 cyc/s  |  8390116 ns/cyc
  0 constraint hits
[3F[J                                                                                
  574 cycles  |  119 cyc/s  |  8390116 ns/cyc
  0 constraint hits
[3F[J                                                                                
  574 cycles  |  119 cyc/s  |  8390116 ns/cyc
  0 constraint hits
[3F[J                                                                                
  574 cycles  |  119 cyc/s  |  8390116 ns/cyc
  0 constraint hits
[3F[J                                                                                
  574 cycles  |  119 cyc/s  |  8390116 ns/cyc
  0 constraint hits
[3F[J                                                                                
  574 cycles  |  119 cyc/s  |  8390116 ns/cyc
  0 constraint hits
[3F[J                                                                                
  574 cycles  |  119 cyc/s  |  8390116 ns/cyc
  0 constraint hits
[3F[J                                                                                
  574 cycles  |  119 cyc/s  |  8390116 ns/cyc
  0 constraint hits
[3F[J                                                                                
  574 cycles  |  119 cyc/s  |  8390116 ns/cyc
  0 constraint hits
[3F[J                                                                                
  574 cycles  |  119 cyc/s  |  8390116 ns/cyc
  0 constraint hits
[3F[J                                                                                
  574 cycles  |  119 cyc/s  |  8390116 ns/cyc
  0 constraint hits
[3F[J                                                                                
  603 cycles  |  118 cyc/s  |  8407613 ns/cyc
  0 constraint hits
[3F[J                                                                                
  603 cycles  |  118 cyc/s  |  8407613 ns/cyc
  0 constraint hits
[3F[J                                                                                
  603 cycles  |  118 cyc/s  |  8407613 ns/cyc
  0 constraint hits
[3F[J                                                                                
  603 cycles  |  118 cyc/s  |  8407613 ns/cyc
  0 constraint hits
[3F[J                                                                                
  603 cycles  |  118 cyc/s  |  8407613 ns/cyc
  0 constraint hits
[3F[J                                                                                
  603 cycles  |  118 cyc/s  |  8407613 ns/cyc
  0 constraint hits
[3F[J                                                                                
  603 cycles  |  118 cyc/s  |  8407613 ns/cyc
  0 constraint hits
[3F[J                                                                                
  603 cycles  |  118 cyc/s  |  8407613 ns/cyc
  0 constraint hits
[3F[J                                                                                
  603 cycles  |  118 cyc/s  |  8407613 ns/cyc
  0 constraint hits
[3F[J                                                                                
  603 cycles  |  118 cyc/s  |  8407613 ns/cyc
  0 constraint hits
[3F[J                                                                                
  603 cycles  |  118 cyc/s  |  8407613 ns/cyc
  0 constraint hits
[3F[J                                                                                
  603 cycles  |  118 cyc/s  |  8407613 ns/cyc
  0 constraint hits
[3F[J                                                                                
  603 cycles  |  118 cyc/s  |  8407613 ns/cyc
  0 constraint hits
[3F[J                                                                                
  603 cycles  |  118 cyc/s  |  8407613 ns/cyc
  0 constraint hits
[3F[J                                                                                
  603 cycles  |  118 cyc/s  |  8407613 ns/cyc
  0 constraint hits
[3F[J                                                                                
  603 cycles  |  118 cyc/s  |  8407613 ns/cyc
  0 constraint hits
[3F[J                                                                                
  603 cycles  |  118 cyc/s  |  8407613 ns/cyc
  0 constraint hits
[3F[J                                                                                
  603 cycles  |  118 cyc/s  |  8407613 ns/cyc
  0 constraint hits
[3F[J                                                                                
  603 cycles  |  118 cyc/s  |  8407613 ns/cyc
  0 constraint hits
[3F[J                                                                                
  603 cycles  |  118 cyc/s  |  8407613 ns/cyc
  0 constraint hits
[3F[J                                                                                
  603 cycles  |  118 cyc/s  |  8407613 ns/cyc
  0 constraint hits
[3F[J                                                                                
  603 cycles  |  118 cyc/s  |  8407613 ns/cyc
  0 constraint hits
[3F[J                                                                                
  603 cycles  |  118 cyc/s  |  8407613 ns/cyc
  0 constraint hits
[3F[J                                                                                
  603 cycles  |  118 cyc/s  |  8407613 ns/cyc
  0 constraint hits
[3F[J                                                                                
  603 cycles  |  118 cyc/s  |  8407613 ns/cyc
  0 constraint hits
[3F[J                                                                                
  603 cycles  |  118 cyc/s  |  8407613 ns/cyc
  0 constraint hits
[3F[J                                                                                
  603 cycles  |  118 cyc/s  |  8407613 ns/cyc
  0 constraint hits
[3F[J                                                                                
  603 cycles  |  118 cyc/s  |  8407613 ns/cyc
  0 constraint hits
[3F[J                                                                                
  603 cycles  |  118 cyc/s  |  8407613 ns/cyc
  0 constraint hits
[3F[J                                                                                
  603 cycles  |  118 cyc/s  |  8407613 ns/cyc
  0 constraint hits
[3F[J                                                                                
  633 cycles  |  118 cyc/s  |  8417090 ns/cyc
  0 constraint hits
[3F[J                                                                                
  633 cycles  |  118 cyc/s  |  8417090 ns/cyc
  0 constraint hits
[3F[J                                                                                
  633 cycles  |  118 cyc/s  |  8417090 ns/cyc
  0 constraint hits
[3F[J                                                                                
  633 cycles  |  118 cyc/s  |  8417090 ns/cyc
  0 constraint hits
[3F[J                                                                                
  633 cycles  |  118 cyc/s  |  8417090 ns/cyc
  0 constraint hits
[3F[J                                                                                
  633 cycles  |  118 cyc/s  |  8417090 ns/cyc
  0 constraint hits
[3F[J                                                                                
  633 cycles  |  118 cyc/s  |  8417090 ns/cyc
  0 constraint hits
[3F[J@@TIME_PROC_AVG COUNT:640 AVG_MS:8.420
@@TIME_THROUGHPUT COUNT:640 DURATION_S:5.388990 EVENTS_PER_S:118.761
                                                                                
  633 cycles  |  118 cyc/s  |  8417090 ns/cyc
  0 constraint hits
[3F[J                                                                                
  640 cycles  |  118 cyc/s  |  8418160 ns/cyc
  640 input events parsed in 0.000s  |  8418160 ns/event avg
  0 constraint hits total
  Breakdown:
   [#0]: 0
   [#1]: 0
   [#2]: 0
   [#3]: 0
   [#4]: 0
   [#5]: 0
@@MONITOR_END:2026-05-14T09:52:14.130916000Z
