@@MONITOR_START:2026-05-14T10:08:01.617270000Z
                                                                                
  0 cycles
  0 constraint hits
                                                                                
  0 cycles
  0 constraint hits
                                                                                
  0 cycles
  0 constraint hits
                                                                                
  0 cycles
  0 constraint hits
                                                                                
  0 cycles
  0 constraint hits
                                                                                
  0 cycles
  0 constraint hits
                                                                                
  0 cycles
  0 constraint hits
                                                                                
  0 cycles
  0 constraint hits
                                                                                
  0 cycles
  0 constraint hits
                                                                                
  0 cycles
  0 constraint hits
                                                                                
  0 cycles
  0 constraint hits
                                                                                
  0 cycles
  0 constraint hits
                                                                                
  0 cycles
  0 constraint hits
                                                                                
  0 cycles
  0 constraint hits
                                                                                
  0 cycles
  0 constraint hits
                                                                                
  0 cycles
  0 constraint hits
                                                                                
  0 cycles
  0 constraint hits
                                                                                
  0 cycles
  0 constraint hits
                                                                                
  0 cycles
  0 constraint hits
                                                                                
  0 cycles
  0 constraint hits
                                                                                
  0 cycles
  0 constraint hits
                                                                                
  0 cycles
  0 constraint hits
                                                                                
  0 cycles
  0 constraint hits
                                                                                
  0 cycles
  0 constraint hits
                                                                                
  0 cycles
  0 constraint hits
                                                                                
  0 cycles
  0 constraint hits
                                                                                
  0 cycles
  0 constraint hits
                                                                                
  0 cycles
  0 constraint hits
                                                                                
  0 cycles
  0 constraint hits
                                                                                
  0 cycles
  0 constraint hits
                                                                                
  0 cycles
  0 constraint hits
                                                                                
  0 cycles
  0 constraint hits
                                                                                
  0 cycles
  0 constraint hits
                                                                                
  0 cycles
  0 constraint hits
                                                                                
  0 cycles
  0 constraint hits
                                                                                
  0 cycles
  0 constraint hits
                                                                                
  0 cycles
  0 constraint hits
                                                                                
  0 cycles
  0 constraint hits
                                                                                
  0 cycles
  0 constraint hits
                                                                                
  0 cycles
  0 constraint hits
                                                                                
  0 cycles
  0 constraint hits
                                                                                
  0 cycles
  0 constraint hits
                                                                                
  0 cycles
  0 constraint hits
                                                                                
  0 cycles
  0 constraint hits
                                                                                
  0 cycles
  0 constraint hits
                                                                                
  0 cycles
  0 constraint hits
                                                                                
  0 cycles
  0 constraint hits
                                                                                
  0 cycles
  0 constraint hits
                                                                                
  0 cycles
  0 constraint hits
                                                                                
  0 cycles
  0 constraint hits
                                                                                
  0 cycles
  0 constraint hits
                                                                                
  0 cycles
  0 constraint hits
                                                                                
  0 cycles
  0 constraint hits
                                                                                
  0 cycles
  0 constraint hits
                                                                                
  0 cycles
  0 constraint hits
                                                                                
  0 cycles
  0 constraint hits
                                                                                
  0 cycles
  0 constraint hits
                                                                                
  0 cycles
  0 constraint hits
                                                                                
  0 cycles
  0 constraint hits
                                                                                
  0 cycles
  0 constraint hits
                                                                                
  0 cycles
  0 constraint hits
                                                                                
  0 cycles
  0 constraint hits
                                                                                
  0 cycles
  0 constraint hits
                                                                                
  0 cycles
  0 constraint hits
                                                                                
  0 cycles
  0 constraint hits
                                                                                
  0 cycles
  0 constraint hits
                                                                                
  0 cycles
  0 constraint hits
                                                                                
  0 cycles
  0 constraint hits
                                                                                
  0 cycles
  0 constraint hits
                                                                                
  0 cycles
  0 constraint hits
                                                                                
  0 cycles
  0 constraint hits
                                                                                
  0 cycles
  0 constraint hits
                                                                                
  0 cycles
  0 constraint hits
                                                                                
  0 cycles
  0 constraint hits
                                                                                
  0 cycles
  0 constraint hits
                                                                                
  0 cycles
  0 constraint hits
                                                                                
  0 cycles
  0 constraint hits
                                                                                
  0 cycles
  0 constraint hits
                                                                                
  0 cycles
  0 constraint hits
                                                                                
  0 cycles
  0 constraint hits
                                                                                
  0 cycles
  0 constraint hits
                                                                                
  0 cycles
  0 constraint hits
                                                                                
  0 cycles
  0 constraint hits
                                                                                
  0 cycles
  0 constraint hits
                                                                                
  0 cycles
  0 constraint hits
                                                                                
  0 cycles
  0 constraint hits
                                                                                
  0 cycles
  0 constraint hits
                                                                                
  0 cycles
  0 constraint hits
                                                                                
  0 cycles
  0 constraint hits
                                                                                
  0 cycles
  0 constraint hits
                                                                                
  0 cycles
  0 constraint hits
                                                                                
  0 cycles
  0 constraint hits
                                                                                
  0 cycles
  0 constraint hits
                                                                                
  0 cycles
  0 constraint hits
                                                                                
  0 cycles
  0 constraint hits
                                                                                
  0 cycles
  0 constraint hits
                                                                                
  0 cycles
  0 constraint hits
                                                                                
  0 cycles
  0 constraint hits
                                                                                
  0 cycles
  0 constraint hits
                                                                                
  0 cycles
  0 constraint hits
                                                                                
  0 cycles
  0 constraint hits
                                                                                
  0 cycles
  0 constraint hits
                                                                                
  0 cycles
  0 constraint hits
                                                                                
  0 cycles
  0 constraint hits
                                                                                
  0 cycles
  0 constraint hits
                                                                                
  0 cycles
  0 constraint hits
                                                                                
  0 cycles
  0 constraint hits
                                                                                
  0 cycles
  0 constraint hits
                                                                                
  0 cycles
  0 constraint hits
                                                                                
  0 cycles
  0 constraint hits
                                                                                
  0 cycles
  0 constraint hits
                                                                                
  0 cycles
  0 constraint hits
                                                                                
  0 cycles
  0 constraint hits
                                                                                
  0 cycles
  0 constraint hits
                                                                                
  0 cycles
  0 constraint hits
                                                                                
  0 cycles
  0 constraint hits
                                                                                
  0 cycles
  0 constraint hits
                                                                                
  0 cycles
  0 constraint hits
                                                                                
  0 cycles
  0 constraint hits
                                                                                
  0 cycles
  0 constraint hits
                                                                                
  0 cycles
  0 constraint hits
                                                                                
  0 cycles
  0 constraint hits
                                                                                
  0 cycles
  0 constraint hits
                                                                                
  0 cycles
  0 constraint hits
                                                                                
  0 cycles
  0 constraint hits
                                                                                
  0 cycles
  0 constraint hits
                                                                                
  0 cycles
  0 constraint hits
                                                                                
  0 cycles
  0 constraint hits
                                                                                
  0 cycles
  0 constraint hits
                                                                                
  0 cycles
  0 constraint hits
                                                                                
  0 cycles
  0 constraint hits
                                                                                
  0 cycles
  0 constraint hits
                                                                                
  0 cycles
  0 constraint hits
                                                                                
  0 cycles
  0 constraint hits
                                                                                
  0 cycles
  0 constraint hits
                                                                                
  0 cycles
  0 constraint hits
                                                                                
  0 cycles
  0 constraint hits
                                                                                
  0 cycles
  0 constraint hits
                                                                                
  139 cycles  |  553 cyc/s  |  1806933 ns/cyc
  0 constraint hits
                                                                                
  139 cycles  |  553 cyc/s  |  1806933 ns/cyc
  0 constraint hits
                                                                                
  139 cycles  |  553 cyc/s  |  1806933 ns/cyc
  0 constraint hits
                                                                                
  139 cycles  |  553 cyc/s  |  1806933 ns/cyc
  0 constraint hits
                                                                                
  139 cycles  |  553 cyc/s  |  1806933 ns/cyc
  0 constraint hits
                                                                                
  139 cycles  |  553 cyc/s  |  1806933 ns/cyc
  0 constraint hits
                                                                                
  139 cycles  |  553 cyc/s  |  1806933 ns/cyc
  0 constraint hits
                                                                                
  139 cycles  |  553 cyc/s  |  1806933 ns/cyc
  0 constraint hits
                                                                                
  139 cycles  |  553 cyc/s  |  1806933 ns/cyc
  0 constraint hits
                                                                                
  139 cycles  |  553 cyc/s  |  1806933 ns/cyc
  0 constraint hits
                                                                                
  139 cycles  |  553 cyc/s  |  1806933 ns/cyc
  0 constraint hits
                                                                                
  139 cycles  |  553 cyc/s  |  1806933 ns/cyc
  0 constraint hits
                                                                                
  139 cycles  |  553 cyc/s  |  1806933 ns/cyc
  0 constraint hits
                                                                                
  139 cycles  |  553 cyc/s  |  1806933 ns/cyc
  0 constraint hits
                                                                                
  139 cycles  |  553 cyc/s  |  1806933 ns/cyc
  0 constraint hits
                                                                                
  139 cycles  |  553 cyc/s  |  1806933 ns/cyc
  0 constraint hits
                                                                                
  139 cycles  |  553 cyc/s  |  1806933 ns/cyc
  0 constraint hits
                                                                                
  139 cycles  |  553 cyc/s  |  1806933 ns/cyc
  0 constraint hits
                                                                                
  139 cycles  |  553 cyc/s  |  1806933 ns/cyc
  0 constraint hits
                                                                                
  139 cycles  |  553 cyc/s  |  1806933 ns/cyc
  0 constraint hits
                                                                                
  139 cycles  |  553 cyc/s  |  1806933 ns/cyc
  0 constraint hits
                                                                                
  139 cycles  |  553 cyc/s  |  1806933 ns/cyc
  0 constraint hits
                                                                                
  139 cycles  |  553 cyc/s  |  1806933 ns/cyc
  0 constraint hits
                                                                                
  139 cycles  |  553 cyc/s  |  1806933 ns/cyc
  0 constraint hits
                                                                                
  139 cycles  |  553 cyc/s  |  1806933 ns/cyc
  0 constraint hits
                                                                                
  139 cycles  |  553 cyc/s  |  1806933 ns/cyc
  0 constraint hits
                                                                                
  139 cycles  |  553 cyc/s  |  1806933 ns/cyc
  0 constraint hits
                                                                                
  139 cycles  |  553 cyc/s  |  1806933 ns/cyc
  0 constraint hits
                                                                                
  139 cycles  |  553 cyc/s  |  1806933 ns/cyc
  0 constraint hits
                                                                                
  139 cycles  |  553 cyc/s  |  1806933 ns/cyc
  0 constraint hits
                                                                                
  139 cycles  |  553 cyc/s  |  1806933 ns/cyc
  0 constraint hits
                                                                                
  139 cycles  |  553 cyc/s  |  1806933 ns/cyc
  0 constraint hits
                                                                                
  139 cycles  |  553 cyc/s  |  1806933 ns/cyc
  0 constraint hits
                                                                                
  139 cycles  |  553 cyc/s  |  1806933 ns/cyc
  0 constraint hits
                                                                                
  139 cycles  |  553 cyc/s  |  1806933 ns/cyc
  0 constraint hits
                                                                                
  139 cycles  |  553 cyc/s  |  1806933 ns/cyc
  0 constraint hits
                                                                                
  139 cycles  |  553 cyc/s  |  1806933 ns/cyc
  0 constraint hits
                                                                                
  139 cycles  |  553 cyc/s  |  1806933 ns/cyc
  0 constraint hits
                                                                                
  139 cycles  |  553 cyc/s  |  1806933 ns/cyc
  0 constraint hits
                                                                                
  139 cycles  |  553 cyc/s  |  1806933 ns/cyc
  0 constraint hits
                                                                                
  139 cycles  |  553 cyc/s  |  1806933 ns/cyc
  0 constraint hits
                                                                                
  139 cycles  |  553 cyc/s  |  1806933 ns/cyc
  0 constraint hits
                                                                                
  139 cycles  |  553 cyc/s  |  1806933 ns/cyc
  0 constraint hits
                                                                                
  139 cycles  |  553 cyc/s  |  1806933 ns/cyc
  0 constraint hits
                                                                                
  139 cycles  |  553 cyc/s  |  1806933 ns/cyc
  0 constraint hits
                                                                                
  139 cycles  |  553 cyc/s  |  1806933 ns/cyc
  0 constraint hits
                                                                                
  139 cycles  |  553 cyc/s  |  1806933 ns/cyc
  0 constraint hits
                                                                                
  139 cycles  |  553 cyc/s  |  1806933 ns/cyc
  0 constraint hits
                                                                                
  139 cycles  |  553 cyc/s  |  1806933 ns/cyc
  0 constraint hits
                                                                                
  139 cycles  |  553 cyc/s  |  1806933 ns/cyc
  0 constraint hits
                                                                                
  139 cycles  |  553 cyc/s  |  1806933 ns/cyc
  0 constraint hits
                                                                                
  139 cycles  |  553 cyc/s  |  1806933 ns/cyc
  0 constraint hits
                                                                                
  139 cycles  |  553 cyc/s  |  1806933 ns/cyc
  0 constraint hits
                                                                                
  139 cycles  |  553 cyc/s  |  1806933 ns/cyc
  0 constraint hits
                                                                                
  139 cycles  |  553 cyc/s  |  1806933 ns/cyc
  0 constraint hits
                                                                                
  139 cycles  |  553 cyc/s  |  1806933 ns/cyc
  0 constraint hits
                                                                                
  139 cycles  |  553 cyc/s  |  1806933 ns/cyc
  0 constraint hits
                                                                                
  139 cycles  |  553 cyc/s  |  1806933 ns/cyc
  0 constraint hits
                                                                                
  139 cycles  |  553 cyc/s  |  1806933 ns/cyc
  0 constraint hits
                                                                                
  139 cycles  |  553 cyc/s  |  1806933 ns/cyc
  0 constraint hits
                                                                                
  139 cycles  |  553 cyc/s  |  1806933 ns/cyc
  0 constraint hits
                                                                                
  139 cycles  |  553 cyc/s  |  1806933 ns/cyc
  0 constraint hits
                                                                                
  139 cycles  |  553 cyc/s  |  1806933 ns/cyc
  0 constraint hits
                                                                                
  139 cycles  |  553 cyc/s  |  1806933 ns/cyc
  0 constraint hits
                                                                                
  139 cycles  |  553 cyc/s  |  1806933 ns/cyc
  0 constraint hits
                                                                                
  139 cycles  |  553 cyc/s  |  1806933 ns/cyc
  0 constraint hits
                                                                                
  139 cycles  |  553 cyc/s  |  1806933 ns/cyc
  0 constraint hits
                                                                                
  139 cycles  |  553 cyc/s  |  1806933 ns/cyc
  0 constraint hits
                                                                                
  139 cycles  |  553 cyc/s  |  1806933 ns/cyc
  0 constraint hits
                                                                                
  139 cycles  |  553 cyc/s  |  1806933 ns/cyc
  0 constraint hits
                                                                                
  139 cycles  |  553 cyc/s  |  1806933 ns/cyc
  0 constraint hits
                                                                                
  139 cycles  |  553 cyc/s  |  1806933 ns/cyc
  0 constraint hits
                                                                                
  139 cycles  |  553 cyc/s  |  1806933 ns/cyc
  0 constraint hits
                                                                                
  139 cycles  |  553 cyc/s  |  1806933 ns/cyc
  0 constraint hits
                                                                                
  139 cycles  |  553 cyc/s  |  1806933 ns/cyc
  0 constraint hits
                                                                                
  139 cycles  |  553 cyc/s  |  1806933 ns/cyc
  0 constraint hits
                                                                                
  139 cycles  |  553 cyc/s  |  1806933 ns/cyc
  0 constraint hits
                                                                                
  139 cycles  |  553 cyc/s  |  1806933 ns/cyc
  0 constraint hits
                                                                                
  139 cycles  |  553 cyc/s  |  1806933 ns/cyc
  0 constraint hits
                                                                                
  139 cycles  |  553 cyc/s  |  1806933 ns/cyc
  0 constraint hits
                                                                                
  139 cycles  |  553 cyc/s  |  1806933 ns/cyc
  0 constraint hits
                                                                                
  139 cycles  |  553 cyc/s  |  1806933 ns/cyc
  0 constraint hits
                                                                                
  139 cycles  |  553 cyc/s  |  1806933 ns/cyc
  0 constraint hits
                                                                                
  139 cycles  |  553 cyc/s  |  1806933 ns/cyc
  0 constraint hits
                                                                                
  139 cycles  |  553 cyc/s  |  1806933 ns/cyc
  0 constraint hits
                                                                                
  139 cycles  |  553 cyc/s  |  1806933 ns/cyc
  0 constraint hits
                                                                                
  139 cycles  |  553 cyc/s  |  1806933 ns/cyc
  0 constraint hits
                                                                                
  139 cycles  |  553 cyc/s  |  1806933 ns/cyc
  0 constraint hits
                                                                                
  139 cycles  |  553 cyc/s  |  1806933 ns/cyc
  0 constraint hits
                                                                                
  139 cycles  |  553 cyc/s  |  1806933 ns/cyc
  0 constraint hits
                                                                                
  139 cycles  |  553 cyc/s  |  1806933 ns/cyc
  0 constraint hits
                                                                                
  139 cycles  |  553 cyc/s  |  1806933 ns/cyc
  0 constraint hits
                                                                                
  139 cycles  |  553 cyc/s  |  1806933 ns/cyc
  0 constraint hits
                                                                                
  139 cycles  |  553 cyc/s  |  1806933 ns/cyc
  0 constraint hits
                                                                                
  139 cycles  |  553 cyc/s  |  1806933 ns/cyc
  0 constraint hits
                                                                                
  139 cycles  |  553 cyc/s  |  1806933 ns/cyc
  0 constraint hits
                                                                                
  139 cycles  |  553 cyc/s  |  1806933 ns/cyc
  0 constraint hits
                                                                                
  139 cycles  |  553 cyc/s  |  1806933 ns/cyc
  0 constraint hits
                                                                                
  139 cycles  |  553 cyc/s  |  1806933 ns/cyc
  0 constraint hits
                                                                                
  139 cycles  |  553 cyc/s  |  1806933 ns/cyc
  0 constraint hits
                                                                                
  139 cycles  |  553 cyc/s  |  1806933 ns/cyc
  0 constraint hits
@@TIME_PROC_AVG COUNT:240 AVG_MS:1.822
@@TIME_THROUGHPUT COUNT:240 DURATION_S:0.437243 EVENTS_PER_S:548.894
                                                                                
  139 cycles  |  553 cyc/s  |  1806933 ns/cyc
  0 constraint hits
                                                                                
  240 cycles  |  549 cyc/s  |  1820072 ns/cyc
  240 input events parsed in 0.000s  |  1820072 ns/event avg
  0 constraint hits total
  Breakdown:
   [#0]: 0
   [#@@MONITOR_END:2026-05-14T10:08:02.054821000Z
1]: 0
   [#2]: 0
   [#3]: 0
   [#4]: 0
   [#5]: 0
   [#6]: 0
   [#7]: 0
   [#8]: 0
   [#9]: 0
   [#10]: 0
   [#11]: 0
   [#12]: 0
   [#13]: 0
   [#14]: 0
   [#15]: 0
   [#16]: 0
   [#17]: 0
   [#18]: 0
   [#19]: 0
