@@MONITOR_START:2026-05-14T10:09:02.175320000Z
[3F[J                                                                                
  0 cycles
  0 constraint hits
[3F[J                                                                                
  0 cycles
  0 constraint hits
[3F[J                                                                                
  0 cycles
  0 constraint hits
[3F[J                                                                                
  0 cycles
  0 constraint hits
[3F[J                                                                                
  0 cycles
  0 constraint hits
[3F[J                                                                                
  0 cycles
  0 constraint hits
[3F[J                                                                                
  0 cycles
  0 constraint hits
[3F[J                                                                                
  0 cycles
  0 constraint hits
[3F[J                                                                                
  0 cycles
  0 constraint hits
[3F[J                                                                                
  0 cycles
  0 constraint hits
[3F[J                                                                                
  0 cycles
  0 constraint hits
[3F[J                                                                                
  0 cycles
  0 constraint hits
[3F[J                                                                                
  0 cycles
  0 constraint hits
[3F[J                                                                                
  0 cycles
  0 constraint hits
[3F[J                                                                                
  0 cycles
  0 constraint hits
[3F[J                                                                                
  0 cycles
  0 constraint hits
[3F[J                                                                                
  0 cycles
  0 constraint hits
[3F[J                                                                                
  0 cycles
  0 constraint hits
[3F[J                                                                                
  0 cycles
  0 constraint hits
[3F[J                                                                                
  0 cycles
  0 constraint hits
[3F[J                                                                                
  0 cycles
  0 constraint hits
[3F[J                                                                                
  0 cycles
  0 constraint hits
[3F[J                                                                                
  0 cycles
  0 constraint hits
[3F[J                                                                                
  0 cycles
  0 constraint hits
[3F[J                                                                                
  0 cycles
  0 constraint hits
[3F[J                                                                                
  0 cycles
  0 constraint hits
[3F[J                                                                                
  0 cycles
  0 constraint hits
[3F[J                                                                                
  0 cycles
  0 constraint hits
[3F[J                                                                                
  0 cycles
  0 constraint hits
[3F[J                                                                                
  0 cycles
  0 constraint hits
[3F[J                                                                                
  31 cycles  |  123 cyc/s  |  8118740 ns/cyc
  0 constraint hits
[3F[J                                                                                
  31 cycles  |  123 cyc/s  |  8118740 ns/cyc
  0 constraint hits
[3F[J                                                                                
  31 cycles  |  123 cyc/s  |  8118740 ns/cyc
  0 constraint hits
[3F[J                                                                                
  31 cycles  |  123 cyc/s  |  8118740 ns/cyc
  0 constraint hits
[3F[J                                                                                
  31 cycles  |  123 cyc/s  |  8118740 ns/cyc
  0 constraint hits
[3F[J                                                                                
  31 cycles  |  123 cyc/s  |  8118740 ns/cyc
  0 constraint hits
[3F[J                                                                                
  31 cycles  |  123 cyc/s  |  8118740 ns/cyc
  0 constraint hits
[3F[J                                                                                
  31 cycles  |  123 cyc/s  |  8118740 ns/cyc
  0 constraint hits
[3F[J                                                                                
  31 cycles  |  123 cyc/s  |  8118740 ns/cyc
  0 constraint hits
[3F[J                                                                                
  31 cycles  |  123 cyc/s  |  8118740 ns/cyc
  0 constraint hits
[3F[J                                                                                
  31 cycles  |  123 cyc/s  |  8118740 ns/cyc
  0 constraint hits
[3F[J                                                                                
  31 cycles  |  123 cyc/s  |  8118740 ns/cyc
  0 constraint hits
[3F[J                                                                                
  31 cycles  |  123 cyc/s  |  8118740 ns/cyc
  0 constraint hits
[3F[J                                                                                
  31 cycles  |  123 cyc/s  |  8118740 ns/cyc
  0 constraint hits
[3F[J                                                                                
  31 cycles  |  123 cyc/s  |  8118740 ns/cyc
  0 constraint hits
[3F[J                                                                                
  31 cycles  |  123 cyc/s  |  8118740 ns/cyc
  0 constraint hits
[3F[J                                                                                
  47 cycles  |  91 cyc/s  |  10933354 ns/cyc
  0 constraint hits
[3F[J                                                                                
  47 cycles  |  91 cyc/s  |  10933354 ns/cyc
  0 constraint hits
[3F[J                                                                                
  47 cycles  |  91 cyc/s  |  10933354 ns/cyc
  0 constraint hits
[3F[J                                                                                
  47 cycles  |  91 cyc/s  |  10933354 ns/cyc
  0 constraint hits
[3F[J                                                                                
  47 cycles  |  91 cyc/s  |  10933354 ns/cyc
  0 constraint hits
[3F[J                                                                                
  47 cycles  |  91 cyc/s  |  10933354 ns/cyc
  0 constraint hits
[3F[J                                                                                
  47 cycles  |  91 cyc/s  |  10933354 ns/cyc
  0 constraint hits
[3F[J                                                                                
  47 cycles  |  91 cyc/s  |  10933354 ns/cyc
  0 constraint hits
[3F[J                                                                                
  47 cycles  |  91 cyc/s  |  10933354 ns/cyc
  0 constraint hits
[3F[J                                                                                
  47 cycles  |  91 cyc/s  |  10933354 ns/cyc
  0 constraint hits
[3F[J                                                                                
  47 cycles  |  91 cyc/s  |  10933354 ns/cyc
  0 constraint hits
[3F[J                                                                                
  47 cycles  |  91 cyc/s  |  10933354 ns/cyc
  0 constraint hits
[3F[J                                                                                
  47 cycles  |  91 cyc/s  |  10933354 ns/cyc
  0 constraint hits
[3F[J                                                                                
  47 cycles  |  91 cyc/s  |  10933354 ns/cyc
  0 constraint hits
[3F[J                                                                                
  47 cycles  |  91 cyc/s  |  10933354 ns/cyc
  0 constraint hits
[3F[J                                                                                
  47 cycles  |  91 cyc/s  |  10933354 ns/cyc
  0 constraint hits
[3F[J                                                                                
  63 cycles  |  81 cyc/s  |  12327790 ns/cyc
  0 constraint hits
[3F[J                                                                                
  63 cycles  |  81 cyc/s  |  12327790 ns/cyc
  0 constraint hits
[3F[J                                                                                
  63 cycles  |  81 cyc/s  |  12327790 ns/cyc
  0 constraint hits
[3F[J                                                                                
  63 cycles  |  81 cyc/s  |  12327790 ns/cyc
  0 constraint hits
[3F[J                                                                                
  63 cycles  |  81 cyc/s  |  12327790 ns/cyc
  0 constraint hits
[3F[J                                                                                
  63 cycles  |  81 cyc/s  |  12327790 ns/cyc
  0 constraint hits
[3F[J                                                                                
  63 cycles  |  81 cyc/s  |  12327790 ns/cyc
  0 constraint hits
[3F[J                                                                                
  63 cycles  |  81 cyc/s  |  12327790 ns/cyc
  0 constraint hits
[3F[J                                                                                
  63 cycles  |  81 cyc/s  |  12327790 ns/cyc
  0 constraint hits
[3F[J                                                                                
  63 cycles  |  81 cyc/s  |  12327790 ns/cyc
  0 constraint hits
[3F[J                                                                                
  63 cycles  |  81 cyc/s  |  12327790 ns/cyc
  0 constraint hits
[3F[J                                                                                
  63 cycles  |  81 cyc/s  |  12327790 ns/cyc
  0 constraint hits
[3F[J                                                                                
  63 cycles  |  81 cyc/s  |  12327790 ns/cyc
  0 constraint hits
[3F[J                                                                                
  63 cycles  |  81 cyc/s  |  12327790 ns/cyc
  0 constraint hits
[3F[J                                                                                
  63 cycles  |  81 cyc/s  |  12327790 ns/cyc
  0 constraint hits
[3F[J                                                                                
  63 cycles  |  81 cyc/s  |  12327790 ns/cyc
  0 constraint hits
[3F[J                                                                                
  79 cycles  |  76 cyc/s  |  13145914 ns/cyc
  0 constraint hits
[3F[J                                                                                
  79 cycles  |  76 cyc/s  |  13145914 ns/cyc
  0 constraint hits
[3F[J                                                                                
  79 cycles  |  76 cyc/s  |  13145914 ns/cyc
  0 constraint hits
[3F[J                                                                                
  79 cycles  |  76 cyc/s  |  13145914 ns/cyc
  0 constraint hits
[3F[J                                                                                
  79 cycles  |  76 cyc/s  |  13145914 ns/cyc
  0 constraint hits
[3F[J                                                                                
  79 cycles  |  76 cyc/s  |  13145914 ns/cyc
  0 constraint hits
[3F[J                                                                                
  79 cycles  |  76 cyc/s  |  13145914 ns/cyc
  0 constraint hits
[3F[J                                                                                
  79 cycles  |  76 cyc/s  |  13145914 ns/cyc
  0 constraint hits
[3F[J                                                                                
  79 cycles  |  76 cyc/s  |  13145914 ns/cyc
  0 constraint hits
[3F[J                                                                                
  79 cycles  |  76 cyc/s  |  13145914 ns/cyc
  0 constraint hits
[3F[J                                                                                
  79 cycles  |  76 cyc/s  |  13145914 ns/cyc
  0 constraint hits
[3F[J                                                                                
  79 cycles  |  76 cyc/s  |  13145914 ns/cyc
  0 constraint hits
[3F[J                                                                                
  79 cycles  |  76 cyc/s  |  13145914 ns/cyc
  0 constraint hits
[3F[J                                                                                
  79 cycles  |  76 cyc/s  |  13145914 ns/cyc
  0 constraint hits
[3F[J                                                                                
  79 cycles  |  76 cyc/s  |  13145914 ns/cyc
  0 constraint hits
[3F[J                                                                                
  79 cycles  |  76 cyc/s  |  13145914 ns/cyc
  0 constraint hits
[3F[J                                                                                
  95 cycles  |  73 cyc/s  |  13694303 ns/cyc
  0 constraint hits
[3F[J                                                                                
  95 cycles  |  73 cyc/s  |  13694303 ns/cyc
  0 constraint hits
[3F[J                                                                                
  95 cycles  |  73 cyc/s  |  13694303 ns/cyc
  0 constraint hits
[3F[J                                                                                
  95 cycles  |  73 cyc/s  |  13694303 ns/cyc
  0 constraint hits
[3F[J                                                                                
  95 cycles  |  73 cyc/s  |  13694303 ns/cyc
  0 constraint hits
[3F[J                                                                                
  95 cycles  |  73 cyc/s  |  13694303 ns/cyc
  0 constraint hits
[3F[J                                                                                
  95 cycles  |  73 cyc/s  |  13694303 ns/cyc
  0 constraint hits
[3F[J                                                                                
  95 cycles  |  73 cyc/s  |  13694303 ns/cyc
  0 constraint hits
[3F[J                                                                                
  95 cycles  |  73 cyc/s  |  13694303 ns/cyc
  0 constraint hits
[3F[J                                                                                
  95 cycles  |  73 cyc/s  |  13694303 ns/cyc
  0 constraint hits
[3F[J                                                                                
  95 cycles  |  73 cyc/s  |  13694303 ns/cyc
  0 constraint hits
[3F[J                                                                                
  95 cycles  |  73 cyc/s  |  13694303 ns/cyc
  0 constraint hits
[3F[J                                                                                
  95 cycles  |  73 cyc/s  |  13694303 ns/cyc
  0 constraint hits
[3F[J                                                                                
  95 cycles  |  73 cyc/s  |  13694303 ns/cyc
  0 constraint hits
[3F[J                                                                                
  95 cycles  |  73 cyc/s  |  13694303 ns/cyc
  0 constraint hits
[3F[J                                                                                
  95 cycles  |  73 cyc/s  |  13694303 ns/cyc
  0 constraint hits
[3F[J                                                                                
  111 cycles  |  70 cyc/s  |  14084677 ns/cyc
  0 constraint hits
[3F[J                                                                                
  111 cycles  |  70 cyc/s  |  14084677 ns/cyc
  0 constraint hits
[3F[J                                                                                
  111 cycles  |  70 cyc/s  |  14084677 ns/cyc
  0 constraint hits
[3F[J                                                                                
  111 cycles  |  70 cyc/s  |  14084677 ns/cyc
  0 constraint hits
[3F[J                                                                                
  111 cycles  |  70 cyc/s  |  14084677 ns/cyc
  0 constraint hits
[3F[J                                                                                
  111 cycles  |  70 cyc/s  |  14084677 ns/cyc
  0 constraint hits
[3F[J                                                                                
  111 cycles  |  70 cyc/s  |  14084677 ns/cyc
  0 constraint hits
[3F[J                                                                                
  111 cycles  |  70 cyc/s  |  14084677 ns/cyc
  0 constraint hits
[3F[J                                                                                
  111 cycles  |  70 cyc/s  |  14084677 ns/cyc
  0 constraint hits
[3F[J                                                                                
  111 cycles  |  70 cyc/s  |  14084677 ns/cyc
  0 constraint hits
[3F[J                                                                                
  111 cycles  |  70 cyc/s  |  14084677 ns/cyc
  0 constraint hits
[3F[J                                                                                
  111 cycles  |  70 cyc/s  |  14084677 ns/cyc
  0 constraint hits
[3F[J                                                                                
  111 cycles  |  70 cyc/s  |  14084677 ns/cyc
  0 constraint hits
[3F[J                                                                                
  111 cycles  |  70 cyc/s  |  14084677 ns/cyc
  0 constraint hits
[3F[J                                                                                
  111 cycles  |  70 cyc/s  |  14084677 ns/cyc
  0 constraint hits
[3F[J                                                                                
  111 cycles  |  70 cyc/s  |  14084677 ns/cyc
  0 constraint hits
[3F[J                                                                                
  127 cycles  |  69 cyc/s  |  14369505 ns/cyc
  0 constraint hits
[3F[J                                                                                
  127 cycles  |  69 cyc/s  |  14369505 ns/cyc
  0 constraint hits
[3F[J                                                                                
  127 cycles  |  69 cyc/s  |  14369505 ns/cyc
  0 constraint hits
[3F[J                                                                                
  127 cycles  |  69 cyc/s  |  14369505 ns/cyc
  0 constraint hits
[3F[J                                                                                
  127 cycles  |  69 cyc/s  |  14369505 ns/cyc
  0 constraint hits
[3F[J                                                                                
  127 cycles  |  69 cyc/s  |  14369505 ns/cyc
  0 constraint hits
[3F[J                                                                                
  127 cycles  |  69 cyc/s  |  14369505 ns/cyc
  0 constraint hits
[3F[J                                                                                
  127 cycles  |  69 cyc/s  |  14369505 ns/cyc
  0 constraint hits
[3F[J                                                                                
  127 cycles  |  69 cyc/s  |  14369505 ns/cyc
  0 constraint hits
[3F[J                                                                                
  127 cycles  |  69 cyc/s  |  14369505 ns/cyc
  0 constraint hits
[3F[J                                                                                
  127 cycles  |  69 cyc/s  |  14369505 ns/cyc
  0 constraint hits
[3F[J                                                                                
  127 cycles  |  69 cyc/s  |  14369505 ns/cyc
  0 constraint hits
[3F[J                                                                                
  127 cycles  |  69 cyc/s  |  14369505 ns/cyc
  0 constraint hits
[3F[J                                                                                
  127 cycles  |  69 cyc/s  |  14369505 ns/cyc
  0 constraint hits
[3F[J                                                                                
  127 cycles  |  69 cyc/s  |  14369505 ns/cyc
  0 constraint hits
[3F[J                                                                                
  127 cycles  |  69 cyc/s  |  14369505 ns/cyc
  0 constraint hits
[3F[J                                                                                
  143 cycles  |  68 cyc/s  |  14619733 ns/cyc
  0 constraint hits
[3F[J                                                                                
  143 cycles  |  68 cyc/s  |  14619733 ns/cyc
  0 constraint hits
[3F[J                                                                                
  143 cycles  |  68 cyc/s  |  14619733 ns/cyc
  0 constraint hits
[3F[J                                                                                
  143 cycles  |  68 cyc/s  |  14619733 ns/cyc
  0 constraint hits
[3F[J                                                                                
  143 cycles  |  68 cyc/s  |  14619733 ns/cyc
  0 constraint hits
[3F[J                                                                                
  143 cycles  |  68 cyc/s  |  14619733 ns/cyc
  0 constraint hits
[3F[J                                                                                
  143 cycles  |  68 cyc/s  |  14619733 ns/cyc
  0 constraint hits
[3F[J                                                                                
  143 cycles  |  68 cyc/s  |  14619733 ns/cyc
  0 constraint hits
[3F[J                                                                                
  143 cycles  |  68 cyc/s  |  14619733 ns/cyc
  0 constraint hits
[3F[J                                                                                
  143 cycles  |  68 cyc/s  |  14619733 ns/cyc
  0 constraint hits
[3F[J                                                                                
  143 cycles  |  68 cyc/s  |  14619733 ns/cyc
  0 constraint hits
[3F[J                                                                                
  143 cycles  |  68 cyc/s  |  14619733 ns/cyc
  0 constraint hits
[3F[J                                                                                
  143 cycles  |  68 cyc/s  |  14619733 ns/cyc
  0 constraint hits
[3F[J                                                                                
  143 cycles  |  68 cyc/s  |  14619733 ns/cyc
  0 constraint hits
[3F[J                                                                                
  143 cycles  |  68 cyc/s  |  14619733 ns/cyc
  0 constraint hits
[3F[J                                                                                
  143 cycles  |  68 cyc/s  |  14619733 ns/cyc
  0 constraint hits
[3F[J                                                                                
  159 cycles  |  67 cyc/s  |  14796131 ns/cyc
  0 constraint hits
[3F[J                                                                                
  159 cycles  |  67 cyc/s  |  14796131 ns/cyc
  0 constraint hits
[3F[J                                                                                
  159 cycles  |  67 cyc/s  |  14796131 ns/cyc
  0 constraint hits
[3F[J                                                                                
  159 cycles  |  67 cyc/s  |  14796131 ns/cyc
  0 constraint hits
[3F[J                                                                                
  159 cycles  |  67 cyc/s  |  14796131 ns/cyc
  0 constraint hits
[3F[J                                                                                
  159 cycles  |  67 cyc/s  |  14796131 ns/cyc
  0 constraint hits
[3F[J                                                                                
  159 cycles  |  67 cyc/s  |  14796131 ns/cyc
  0 constraint hits
[3F[J                                                                                
  159 cycles  |  67 cyc/s  |  14796131 ns/cyc
  0 constraint hits
[3F[J                                                                                
  159 cycles  |  67 cyc/s  |  14796131 ns/cyc
  0 constraint hits
[3F[J                                                                                
  159 cycles  |  67 cyc/s  |  14796131 ns/cyc
  0 constraint hits
[3F[J                                                                                
  159 cycles  |  67 cyc/s  |  14796131 ns/cyc
  0 constraint hits
[3F[J                                                                                
  159 cycles  |  67 cyc/s  |  14796131 ns/cyc
  0 constraint hits
[3F[J                                                                                
  159 cycles  |  67 cyc/s  |  14796131 ns/cyc
  0 constraint hits
[3F[J                                                                                
  159 cycles  |  67 cyc/s  |  14796131 ns/cyc
  0 constraint hits
[3F[J                                                                                
  159 cycles  |  67 cyc/s  |  14796131 ns/cyc
  0 constraint hits
[3F[J                                                                                
  159 cycles  |  67 cyc/s  |  14796131 ns/cyc
  0 constraint hits
[3F[J                                                                                
  175 cycles  |  66 cyc/s  |  14941192 ns/cyc
  0 constraint hits
[3F[J                                                                                
  175 cycles  |  66 cyc/s  |  14941192 ns/cyc
  0 constraint hits
[3F[J                                                                                
  175 cycles  |  66 cyc/s  |  14941192 ns/cyc
  0 constraint hits
[3F[J                                                                                
  175 cycles  |  66 cyc/s  |  14941192 ns/cyc
  0 constraint hits
[3F[J                                                                                
  175 cycles  |  66 cyc/s  |  14941192 ns/cyc
  0 constraint hits
[3F[J                                                                                
  175 cycles  |  66 cyc/s  |  14941192 ns/cyc
  0 constraint hits
[3F[J                                                                                
  175 cycles  |  66 cyc/s  |  14941192 ns/cyc
  0 constraint hits
[3F[J                                                                                
  175 cycles  |  66 cyc/s  |  14941192 ns/cyc
  0 constraint hits
[3F[J                                                                                
  175 cycles  |  66 cyc/s  |  14941192 ns/cyc
  0 constraint hits
[3F[J                                                                                
  175 cycles  |  66 cyc/s  |  14941192 ns/cyc
  0 constraint hits
[3F[J                                                                                
  175 cycles  |  66 cyc/s  |  14941192 ns/cyc
  0 constraint hits
[3F[J                                                                                
  175 cycles  |  66 cyc/s  |  14941192 ns/cyc
  0 constraint hits
[3F[J                                                                                
  175 cycles  |  66 cyc/s  |  14941192 ns/cyc
  0 constraint hits
[3F[J                                                                                
  175 cycles  |  66 cyc/s  |  14941192 ns/cyc
  0 constraint hits
[3F[J                                                                                
  175 cycles  |  66 cyc/s  |  14941192 ns/cyc
  0 constraint hits
[3F[J                                                                                
  175 cycles  |  66 cyc/s  |  14941192 ns/cyc
  0 constraint hits
[3F[J                                                                                
  191 cycles  |  66 cyc/s  |  15069245 ns/cyc
  0 constraint hits
[3F[J                                                                                
  191 cycles  |  66 cyc/s  |  15069245 ns/cyc
  0 constraint hits
[3F[J                                                                                
  191 cycles  |  66 cyc/s  |  15069245 ns/cyc
  0 constraint hits
[3F[J                                                                                
  191 cycles  |  66 cyc/s  |  15069245 ns/cyc
  0 constraint hits
[3F[J                                                                                
  191 cycles  |  66 cyc/s  |  15069245 ns/cyc
  0 constraint hits
[3F[J                                                                                
  191 cycles  |  66 cyc/s  |  15069245 ns/cyc
  0 constraint hits
[3F[J                                                                                
  191 cycles  |  66 cyc/s  |  15069245 ns/cyc
  0 constraint hits
[3F[J                                                                                
  191 cycles  |  66 cyc/s  |  15069245 ns/cyc
  0 constraint hits
[3F[J                                                                                
  191 cycles  |  66 cyc/s  |  15069245 ns/cyc
  0 constraint hits
[3F[J                                                                                
  191 cycles  |  66 cyc/s  |  15069245 ns/cyc
  0 constraint hits
[3F[J                                                                                
  191 cycles  |  66 cyc/s  |  15069245 ns/cyc
  0 constraint hits
[3F[J                                                                                
  191 cycles  |  66 cyc/s  |  15069245 ns/cyc
  0 constraint hits
[3F[J                                                                                
  191 cycles  |  66 cyc/s  |  15069245 ns/cyc
  0 constraint hits
[3F[J                                                                                
  191 cycles  |  66 cyc/s  |  15069245 ns/cyc
  0 constraint hits
[3F[J                                                                                
  191 cycles  |  66 cyc/s  |  15069245 ns/cyc
  0 constraint hits
[3F[J                                                                                
  191 cycles  |  66 cyc/s  |  15069245 ns/cyc
  0 constraint hits
[3F[J                                                                                
  207 cycles  |  65 cyc/s  |  15157535 ns/cyc
  0 constraint hits
[3F[J                                                                                
  207 cycles  |  65 cyc/s  |  15157535 ns/cyc
  0 constraint hits
[3F[J                                                                                
  207 cycles  |  65 cyc/s  |  15157535 ns/cyc
  0 constraint hits
[3F[J                                                                                
  207 cycles  |  65 cyc/s  |  15157535 ns/cyc
  0 constraint hits
[3F[J                                                                                
  207 cycles  |  65 cyc/s  |  15157535 ns/cyc
  0 constraint hits
[3F[J                                                                                
  207 cycles  |  65 cyc/s  |  15157535 ns/cyc
  0 constraint hits
[3F[J                                                                                
  207 cycles  |  65 cyc/s  |  15157535 ns/cyc
  0 constraint hits
[3F[J                                                                                
  207 cycles  |  65 cyc/s  |  15157535 ns/cyc
  0 constraint hits
[3F[J                                                                                
  207 cycles  |  65 cyc/s  |  15157535 ns/cyc
  0 constraint hits
[3F[J                                                                                
  207 cycles  |  65 cyc/s  |  15157535 ns/cyc
  0 constraint hits
[3F[J                                                                                
  207 cycles  |  65 cyc/s  |  15157535 ns/cyc
  0 constraint hits
[3F[J                                                                                
  207 cycles  |  65 cyc/s  |  15157535 ns/cyc
  0 constraint hits
[3F[J                                                                                
  207 cycles  |  65 cyc/s  |  15157535 ns/cyc
  0 constraint hits
[3F[J                                                                                
  207 cycles  |  65 cyc/s  |  15157535 ns/cyc
  0 constraint hits
[3F[J                                                                                
  207 cycles  |  65 cyc/s  |  15157535 ns/cyc
  0 constraint hits
[3F[J                                                                                
  207 cycles  |  65 cyc/s  |  15157535 ns/cyc
  0 constraint hits
[3F[J                                                                                
  223 cycles  |  65 cyc/s  |  15226165 ns/cyc
  0 constraint hits
[3F[J                                                                                
  223 cycles  |  65 cyc/s  |  15226165 ns/cyc
  0 constraint hits
[3F[J                                                                                
  223 cycles  |  65 cyc/s  |  15226165 ns/cyc
  0 constraint hits
[3F[J                                                                                
  223 cycles  |  65 cyc/s  |  15226165 ns/cyc
  0 constraint hits
[3F[J                                                                                
  223 cycles  |  65 cyc/s  |  15226165 ns/cyc
  0 constraint hits
[3F[J                                                                                
  223 cycles  |  65 cyc/s  |  15226165 ns/cyc
  0 constraint hits
[3F[J                                                                                
  223 cycles  |  65 cyc/s  |  15226165 ns/cyc
  0 constraint hits
[3F[J                                                                                
  223 cycles  |  65 cyc/s  |  15226165 ns/cyc
  0 constraint hits
[3F[J                                                                                
  223 cycles  |  65 cyc/s  |  15226165 ns/cyc
  0 constraint hits
[3F[J                                                                                
  223 cycles  |  65 cyc/s  |  15226165 ns/cyc
  0 constraint hits
[3F[J                                                                                
  223 cycles  |  65 cyc/s  |  15226165 ns/cyc
  0 constraint hits
[3F[J                                                                                
  223 cycles  |  65 cyc/s  |  15226165 ns/cyc
  0 constraint hits
[3F[J                                                                                
  223 cycles  |  65 cyc/s  |  15226165 ns/cyc
  0 constraint hits
[3F[J                                                                                
  223 cycles  |  65 cyc/s  |  15226165 ns/cyc
  0 constraint hits
[3F[J                                                                                
  223 cycles  |  65 cyc/s  |  15226165 ns/cyc
  0 constraint hits
[3F[J                                                                                
  223 cycles  |  65 cyc/s  |  15226165 ns/cyc
  0 constraint hits
[3F[J                                                                                
  239 cycles  |  65 cyc/s  |  15294627 ns/cyc
  0 constraint hits
[3F[J@@TIME_PROC_AVG COUNT:240 AVG_MS:15.302
@@TIME_THROUGHPUT COUNT:240 DURATION_S:3.672395 EVENTS_PER_S:65.352
                                                                                
  239 cycles  |  65 cyc/s  |  15294627 ns/cyc
  0 constraint hits
[3F[J                                                                                
  240 cycles  |  65 cyc/s  |  15298909 ns/cyc
  240 input events parsed in 0.000s  |  15298909 ns/event avg
  0 constraint hits total
  Breakdown:
   [#0]: 0
   [#1]: 0
   [#@@MONITOR_END:2026-05-14T10:09:05.848021000Z
2]: 0
   [#3]: 0
   [#4]: 0
   [#5]: 0
   [#6]: 0
   [#7]: 0
   [#8]: 0
   [#9]: 0
   [#10]: 0
   [#11]: 0
   [#12]: 0
   [#13]: 0
   [#14]: 0
   [#15]: 0
   [#16]: 0
   [#17]: 0
   [#18]: 0
   [#19]: 0
