@@MONITOR_START:2026-05-14T10:09:41.383568000Z
                                                                                
  0 cycles
  0 constraint hits
                                                                                
  0 cycles
  0 constraint hits
                                                                                
  0 cycles
  0 constraint hits
                                                                                
  0 cycles
  0 constraint hits
                                                                                
  0 cycles
  0 constraint hits
                                                                                
  0 cycles
  0 constraint hits
                                                                                
  0 cycles
  0 constraint hits
                                                                                
  0 cycles
  0 constraint hits
                                                                                
  0 cycles
  0 constraint hits
                                                                                
  0 cycles
  0 constraint hits
                                                                                
  0 cycles
  0 constraint hits
                                                                                
  0 cycles
  0 constraint hits
                                                                                
  0 cycles
  0 constraint hits
                                                                                
  0 cycles
  0 constraint hits
                                                                                
  0 cycles
  0 constraint hits
                                                                                
  0 cycles
  0 constraint hits
                                                                                
  0 cycles
  0 constraint hits
                                                                                
  0 cycles
  0 constraint hits
                                                                                
  0 cycles
  0 constraint hits
                                                                                
  0 cycles
  0 constraint hits
                                                                                
  0 cycles
  0 constraint hits
                                                                                
  0 cycles
  0 constraint hits
                                                                                
  0 cycles
  0 constraint hits
                                                                                
  0 cycles
  0 constraint hits
                                                                                
  0 cycles
  0 constraint hits
                                                                                
  0 cycles
  0 constraint hits
                                                                                
  0 cycles
  0 constraint hits
                                                                                
  0 cycles
  0 constraint hits
                                                                                
  0 cycles
  0 constraint hits
                                                                                
  0 cycles
  0 constraint hits
                                                                                
  0 cycles
  0 constraint hits
                                                                                
  0 cycles
  0 constraint hits
                                                                                
  0 cycles
  0 constraint hits
                                                                                
  0 cycles
  0 constraint hits
                                                                                
  0 cycles
  0 constraint hits
                                                                                
  36 cycles  |  136 cyc/s  |  7342325 ns/cyc
  0 constraint hits
                                                                                
  36 cycles  |  136 cyc/s  |  7342325 ns/cyc
  0 constraint hits
                                                                                
  36 cycles  |  136 cyc/s  |  7342325 ns/cyc
  0 constraint hits
                                                                                
  36 cycles  |  136 cyc/s  |  7342325 ns/cyc
  0 constraint hits
                                                                                
  36 cycles  |  136 cyc/s  |  7342325 ns/cyc
  0 constraint hits
                                                                                
  36 cycles  |  136 cyc/s  |  7342325 ns/cyc
  0 constraint hits
                                                                                
  36 cycles  |  136 cyc/s  |  7342325 ns/cyc
  0 constraint hits
                                                                                
  36 cycles  |  136 cyc/s  |  7342325 ns/cyc
  0 constraint hits
                                                                                
  36 cycles  |  136 cyc/s  |  7342325 ns/cyc
  0 constraint hits
                                                                                
  36 cycles  |  136 cyc/s  |  7342325 ns/cyc
  0 constraint hits
                                                                                
  36 cycles  |  136 cyc/s  |  7342325 ns/cyc
  0 constraint hits
                                                                                
  36 cycles  |  136 cyc/s  |  7342325 ns/cyc
  0 constraint hits
                                                                                
  36 cycles  |  136 cyc/s  |  7342325 ns/cyc
  0 constraint hits
                                                                                
  36 cycles  |  136 cyc/s  |  7342325 ns/cyc
  0 constraint hits
                                                                                
  36 cycles  |  136 cyc/s  |  7342325 ns/cyc
  0 constraint hits
                                                                                
  51 cycles  |  97 cyc/s  |  10267214 ns/cyc
  0 constraint hits
                                                                                
  51 cycles  |  97 cyc/s  |  10267214 ns/cyc
  0 constraint hits
                                                                                
  51 cycles  |  97 cyc/s  |  10267214 ns/cyc
  0 constraint hits
                                                                                
  51 cycles  |  97 cyc/s  |  10267214 ns/cyc
  0 constraint hits
                                                                                
  51 cycles  |  97 cyc/s  |  10267214 ns/cyc
  0 constraint hits
                                                                                
  51 cycles  |  97 cyc/s  |  10267214 ns/cyc
  0 constraint hits
                                                                                
  51 cycles  |  97 cyc/s  |  10267214 ns/cyc
  0 constraint hits
                                                                                
  51 cycles  |  97 cyc/s  |  10267214 ns/cyc
  0 constraint hits
                                                                                
  51 cycles  |  97 cyc/s  |  10267214 ns/cyc
  0 constraint hits
                                                                                
  51 cycles  |  97 cyc/s  |  10267214 ns/cyc
  0 constraint hits
                                                                                
  51 cycles  |  97 cyc/s  |  10267214 ns/cyc
  0 constraint hits
                                                                                
  51 cycles  |  97 cyc/s  |  10267214 ns/cyc
  0 constraint hits
                                                                                
  51 cycles  |  97 cyc/s  |  10267214 ns/cyc
  0 constraint hits
                                                                                
  51 cycles  |  97 cyc/s  |  10267214 ns/cyc
  0 constraint hits
                                                                                
  51 cycles  |  97 cyc/s  |  10267214 ns/cyc
  0 constraint hits
                                                                                
  66 cycles  |  84 cyc/s  |  11889560 ns/cyc
  0 constraint hits
                                                                                
  66 cycles  |  84 cyc/s  |  11889560 ns/cyc
  0 constraint hits
                                                                                
  66 cycles  |  84 cyc/s  |  11889560 ns/cyc
  0 constraint hits
                                                                                
  66 cycles  |  84 cyc/s  |  11889560 ns/cyc
  0 constraint hits
                                                                                
  66 cycles  |  84 cyc/s  |  11889560 ns/cyc
  0 constraint hits
                                                                                
  66 cycles  |  84 cyc/s  |  11889560 ns/cyc
  0 constraint hits
                                                                                
  66 cycles  |  84 cyc/s  |  11889560 ns/cyc
  0 constraint hits
                                                                                
  66 cycles  |  84 cyc/s  |  11889560 ns/cyc
  0 constraint hits
                                                                                
  66 cycles  |  84 cyc/s  |  11889560 ns/cyc
  0 constraint hits
                                                                                
  66 cycles  |  84 cyc/s  |  11889560 ns/cyc
  0 constraint hits
                                                                                
  66 cycles  |  84 cyc/s  |  11889560 ns/cyc
  0 constraint hits
                                                                                
  66 cycles  |  84 cyc/s  |  11889560 ns/cyc
  0 constraint hits
                                                                                
  66 cycles  |  84 cyc/s  |  11889560 ns/cyc
  0 constraint hits
                                                                                
  66 cycles  |  84 cyc/s  |  11889560 ns/cyc
  0 constraint hits
                                                                                
  66 cycles  |  84 cyc/s  |  11889560 ns/cyc
  0 constraint hits
                                                                                
  81 cycles  |  77 cyc/s  |  12902865 ns/cyc
  0 constraint hits
                                                                                
  81 cycles  |  77 cyc/s  |  12902865 ns/cyc
  0 constraint hits
                                                                                
  81 cycles  |  77 cyc/s  |  12902865 ns/cyc
  0 constraint hits
                                                                                
  81 cycles  |  77 cyc/s  |  12902865 ns/cyc
  0 constraint hits
                                                                                
  81 cycles  |  77 cyc/s  |  12902865 ns/cyc
  0 constraint hits
                                                                                
  81 cycles  |  77 cyc/s  |  12902865 ns/cyc
  0 constraint hits
                                                                                
  81 cycles  |  77 cyc/s  |  12902865 ns/cyc
  0 constraint hits
                                                                                
  81 cycles  |  77 cyc/s  |  12902865 ns/cyc
  0 constraint hits
                                                                                
  81 cycles  |  77 cyc/s  |  12902865 ns/cyc
  0 constraint hits
                                                                                
  81 cycles  |  77 cyc/s  |  12902865 ns/cyc
  0 constraint hits
                                                                                
  81 cycles  |  77 cyc/s  |  12902865 ns/cyc
  0 constraint hits
                                                                                
  81 cycles  |  77 cyc/s  |  12902865 ns/cyc
  0 constraint hits
                                                                                
  81 cycles  |  77 cyc/s  |  12902865 ns/cyc
  0 constraint hits
                                                                                
  81 cycles  |  77 cyc/s  |  12902865 ns/cyc
  0 constraint hits
                                                                                
  81 cycles  |  77 cyc/s  |  12902865 ns/cyc
  0 constraint hits
                                                                                
  96 cycles  |  73 cyc/s  |  13608875 ns/cyc
  0 constraint hits
                                                                                
  96 cycles  |  73 cyc/s  |  13608875 ns/cyc
  0 constraint hits
                                                                                
  96 cycles  |  73 cyc/s  |  13608875 ns/cyc
  0 constraint hits
                                                                                
  96 cycles  |  73 cyc/s  |  13608875 ns/cyc
  0 constraint hits
                                                                                
  96 cycles  |  73 cyc/s  |  13608875 ns/cyc
  0 constraint hits
                                                                                
  96 cycles  |  73 cyc/s  |  13608875 ns/cyc
  0 constraint hits
                                                                                
  96 cycles  |  73 cyc/s  |  13608875 ns/cyc
  0 constraint hits
                                                                                
  96 cycles  |  73 cyc/s  |  13608875 ns/cyc
  0 constraint hits
                                                                                
  96 cycles  |  73 cyc/s  |  13608875 ns/cyc
  0 constraint hits
                                                                                
  96 cycles  |  73 cyc/s  |  13608875 ns/cyc
  0 constraint hits
                                                                                
  96 cycles  |  73 cyc/s  |  13608875 ns/cyc
  0 constraint hits
                                                                                
  96 cycles  |  73 cyc/s  |  13608875 ns/cyc
  0 constraint hits
                                                                                
  96 cycles  |  73 cyc/s  |  13608875 ns/cyc
  0 constraint hits
                                                                                
  96 cycles  |  73 cyc/s  |  13608875 ns/cyc
  0 constraint hits
                                                                                
  96 cycles  |  73 cyc/s  |  13608875 ns/cyc
  0 constraint hits
                                                                                
  111 cycles  |  70 cyc/s  |  14120831 ns/cyc
  0 constraint hits
                                                                                
  111 cycles  |  70 cyc/s  |  14120831 ns/cyc
  0 constraint hits
                                                                                
  111 cycles  |  70 cyc/s  |  14120831 ns/cyc
  0 constraint hits
                                                                                
  111 cycles  |  70 cyc/s  |  14120831 ns/cyc
  0 constraint hits
                                                                                
  111 cycles  |  70 cyc/s  |  14120831 ns/cyc
  0 constraint hits
                                                                                
  111 cycles  |  70 cyc/s  |  14120831 ns/cyc
  0 constraint hits
                                                                                
  111 cycles  |  70 cyc/s  |  14120831 ns/cyc
  0 constraint hits
                                                                                
  111 cycles  |  70 cyc/s  |  14120831 ns/cyc
  0 constraint hits
                                                                                
  111 cycles  |  70 cyc/s  |  14120831 ns/cyc
  0 constraint hits
                                                                                
  111 cycles  |  70 cyc/s  |  14120831 ns/cyc
  0 constraint hits
                                                                                
  111 cycles  |  70 cyc/s  |  14120831 ns/cyc
  0 constraint hits
                                                                                
  111 cycles  |  70 cyc/s  |  14120831 ns/cyc
  0 constraint hits
                                                                                
  111 cycles  |  70 cyc/s  |  14120831 ns/cyc
  0 constraint hits
                                                                                
  111 cycles  |  70 cyc/s  |  14120831 ns/cyc
  0 constraint hits
                                                                                
  111 cycles  |  70 cyc/s  |  14120831 ns/cyc
  0 constraint hits
                                                                                
  126 cycles  |  68 cyc/s  |  14502601 ns/cyc
  0 constraint hits
                                                                                
  126 cycles  |  68 cyc/s  |  14502601 ns/cyc
  0 constraint hits
                                                                                
  126 cycles  |  68 cyc/s  |  14502601 ns/cyc
  0 constraint hits
                                                                                
  126 cycles  |  68 cyc/s  |  14502601 ns/cyc
  0 constraint hits
                                                                                
  126 cycles  |  68 cyc/s  |  14502601 ns/cyc
  0 constraint hits
                                                                                
  126 cycles  |  68 cyc/s  |  14502601 ns/cyc
  0 constraint hits
                                                                                
  126 cycles  |  68 cyc/s  |  14502601 ns/cyc
  0 constraint hits
                                                                                
  126 cycles  |  68 cyc/s  |  14502601 ns/cyc
  0 constraint hits
                                                                                
  126 cycles  |  68 cyc/s  |  14502601 ns/cyc
  0 constraint hits
                                                                                
  126 cycles  |  68 cyc/s  |  14502601 ns/cyc
  0 constraint hits
                                                                                
  126 cycles  |  68 cyc/s  |  14502601 ns/cyc
  0 constraint hits
                                                                                
  126 cycles  |  68 cyc/s  |  14502601 ns/cyc
  0 constraint hits
                                                                                
  126 cycles  |  68 cyc/s  |  14502601 ns/cyc
  0 constraint hits
                                                                                
  126 cycles  |  68 cyc/s  |  14502601 ns/cyc
  0 constraint hits
                                                                                
  126 cycles  |  68 cyc/s  |  14502601 ns/cyc
  0 constraint hits
                                                                                
  141 cycles  |  67 cyc/s  |  14819964 ns/cyc
  0 constraint hits
                                                                                
  141 cycles  |  67 cyc/s  |  14819964 ns/cyc
  0 constraint hits
                                                                                
  141 cycles  |  67 cyc/s  |  14819964 ns/cyc
  0 constraint hits
                                                                                
  141 cycles  |  67 cyc/s  |  14819964 ns/cyc
  0 constraint hits
                                                                                
  141 cycles  |  67 cyc/s  |  14819964 ns/cyc
  0 constraint hits
                                                                                
  141 cycles  |  67 cyc/s  |  14819964 ns/cyc
  0 constraint hits
                                                                                
  141 cycles  |  67 cyc/s  |  14819964 ns/cyc
  0 constraint hits
                                                                                
  141 cycles  |  67 cyc/s  |  14819964 ns/cyc
  0 constraint hits
                                                                                
  141 cycles  |  67 cyc/s  |  14819964 ns/cyc
  0 constraint hits
                                                                                
  141 cycles  |  67 cyc/s  |  14819964 ns/cyc
  0 constraint hits
                                                                                
  141 cycles  |  67 cyc/s  |  14819964 ns/cyc
  0 constraint hits
                                                                                
  141 cycles  |  67 cyc/s  |  14819964 ns/cyc
  0 constraint hits
                                                                                
  141 cycles  |  67 cyc/s  |  14819964 ns/cyc
  0 constraint hits
                                                                                
  141 cycles  |  67 cyc/s  |  14819964 ns/cyc
  0 constraint hits
                                                                                
  141 cycles  |  67 cyc/s  |  14819964 ns/cyc
  0 constraint hits
                                                                                
  156 cycles  |  66 cyc/s  |  15063674 ns/cyc
  0 constraint hits
                                                                                
  156 cycles  |  66 cyc/s  |  15063674 ns/cyc
  0 constraint hits
                                                                                
  156 cycles  |  66 cyc/s  |  15063674 ns/cyc
  0 constraint hits
                                                                                
  156 cycles  |  66 cyc/s  |  15063674 ns/cyc
  0 constraint hits
                                                                                
  156 cycles  |  66 cyc/s  |  15063674 ns/cyc
  0 constraint hits
                                                                                
  156 cycles  |  66 cyc/s  |  15063674 ns/cyc
  0 constraint hits
                                                                                
  156 cycles  |  66 cyc/s  |  15063674 ns/cyc
  0 constraint hits
                                                                                
  156 cycles  |  66 cyc/s  |  15063674 ns/cyc
  0 constraint hits
                                                                                
  156 cycles  |  66 cyc/s  |  15063674 ns/cyc
  0 constraint hits
                                                                                
  156 cycles  |  66 cyc/s  |  15063674 ns/cyc
  0 constraint hits
                                                                                
  156 cycles  |  66 cyc/s  |  15063674 ns/cyc
  0 constraint hits
                                                                                
  156 cycles  |  66 cyc/s  |  15063674 ns/cyc
  0 constraint hits
                                                                                
  156 cycles  |  66 cyc/s  |  15063674 ns/cyc
  0 constraint hits
                                                                                
  156 cycles  |  66 cyc/s  |  15063674 ns/cyc
  0 constraint hits
                                                                                
  156 cycles  |  66 cyc/s  |  15063674 ns/cyc
  0 constraint hits
                                                                                
  171 cycles  |  65 cyc/s  |  15274897 ns/cyc
  0 constraint hits
                                                                                
  171 cycles  |  65 cyc/s  |  15274897 ns/cyc
  0 constraint hits
                                                                                
  171 cycles  |  65 cyc/s  |  15274897 ns/cyc
  0 constraint hits
                                                                                
  171 cycles  |  65 cyc/s  |  15274897 ns/cyc
  0 constraint hits
                                                                                
  171 cycles  |  65 cyc/s  |  15274897 ns/cyc
  0 constraint hits
                                                                                
  171 cycles  |  65 cyc/s  |  15274897 ns/cyc
  0 constraint hits
                                                                                
  171 cycles  |  65 cyc/s  |  15274897 ns/cyc
  0 constraint hits
                                                                                
  171 cycles  |  65 cyc/s  |  15274897 ns/cyc
  0 constraint hits
                                                                                
  171 cycles  |  65 cyc/s  |  15274897 ns/cyc
  0 constraint hits
                                                                                
  171 cycles  |  65 cyc/s  |  15274897 ns/cyc
  0 constraint hits
                                                                                
  171 cycles  |  65 cyc/s  |  15274897 ns/cyc
  0 constraint hits
                                                                                
  171 cycles  |  65 cyc/s  |  15274897 ns/cyc
  0 constraint hits
                                                                                
  171 cycles  |  65 cyc/s  |  15274897 ns/cyc
  0 constraint hits
                                                                                
  171 cycles  |  65 cyc/s  |  15274897 ns/cyc
  0 constraint hits
                                                                                
  171 cycles  |  65 cyc/s  |  15274897 ns/cyc
  0 constraint hits
                                                                                
  186 cycles  |  64 cyc/s  |  15449541 ns/cyc
  0 constraint hits
                                                                                
  186 cycles  |  64 cyc/s  |  15449541 ns/cyc
  0 constraint hits
                                                                                
  186 cycles  |  64 cyc/s  |  15449541 ns/cyc
  0 constraint hits
                                                                                
  186 cycles  |  64 cyc/s  |  15449541 ns/cyc
  0 constraint hits
                                                                                
  186 cycles  |  64 cyc/s  |  15449541 ns/cyc
  0 constraint hits
                                                                                
  186 cycles  |  64 cyc/s  |  15449541 ns/cyc
  0 constraint hits
                                                                                
  186 cycles  |  64 cyc/s  |  15449541 ns/cyc
  0 constraint hits
                                                                                
  186 cycles  |  64 cyc/s  |  15449541 ns/cyc
  0 constraint hits
                                                                                
  186 cycles  |  64 cyc/s  |  15449541 ns/cyc
  0 constraint hits
                                                                                
  186 cycles  |  64 cyc/s  |  15449541 ns/cyc
  0 constraint hits
                                                                                
  186 cycles  |  64 cyc/s  |  15449541 ns/cyc
  0 constraint hits
                                                                                
  186 cycles  |  64 cyc/s  |  15449541 ns/cyc
  0 constraint hits
                                                                                
  186 cycles  |  64 cyc/s  |  15449541 ns/cyc
  0 constraint hits
                                                                                
  186 cycles  |  64 cyc/s  |  15449541 ns/cyc
  0 constraint hits
                                                                                
  186 cycles  |  64 cyc/s  |  15449541 ns/cyc
  0 constraint hits
                                                                                
  201 cycles  |  64 cyc/s  |  15599020 ns/cyc
  0 constraint hits
                                                                                
  201 cycles  |  64 cyc/s  |  15599020 ns/cyc
  0 constraint hits
                                                                                
  201 cycles  |  64 cyc/s  |  15599020 ns/cyc
  0 constraint hits
                                                                                
  201 cycles  |  64 cyc/s  |  15599020 ns/cyc
  0 constraint hits
                                                                                
  201 cycles  |  64 cyc/s  |  15599020 ns/cyc
  0 constraint hits
                                                                                
  201 cycles  |  64 cyc/s  |  15599020 ns/cyc
  0 constraint hits
                                                                                
  201 cycles  |  64 cyc/s  |  15599020 ns/cyc
  0 constraint hits
                                                                                
  201 cycles  |  64 cyc/s  |  15599020 ns/cyc
  0 constraint hits
                                                                                
  201 cycles  |  64 cyc/s  |  15599020 ns/cyc
  0 constraint hits
                                                                                
  201 cycles  |  64 cyc/s  |  15599020 ns/cyc
  0 constraint hits
                                                                                
  201 cycles  |  64 cyc/s  |  15599020 ns/cyc
  0 constraint hits
                                                                                
  201 cycles  |  64 cyc/s  |  15599020 ns/cyc
  0 constraint hits
                                                                                
  201 cycles  |  64 cyc/s  |  15599020 ns/cyc
  0 constraint hits
                                                                                
  201 cycles  |  64 cyc/s  |  15599020 ns/cyc
  0 constraint hits
                                                                                
  201 cycles  |  64 cyc/s  |  15599020 ns/cyc
  0 constraint hits
                                                                                
  216 cycles  |  63 cyc/s  |  15719218 ns/cyc
  0 constraint hits
                                                                                
  216 cycles  |  63 cyc/s  |  15719218 ns/cyc
  0 constraint hits
                                                                                
  216 cycles  |  63 cyc/s  |  15719218 ns/cyc
  0 constraint hits
                                                                                
  216 cycles  |  63 cyc/s  |  15719218 ns/cyc
  0 constraint hits
                                                                                
  216 cycles  |  63 cyc/s  |  15719218 ns/cyc
  0 constraint hits
                                                                                
  216 cycles  |  63 cyc/s  |  15719218 ns/cyc
  0 constraint hits
                                                                                
  216 cycles  |  63 cyc/s  |  15719218 ns/cyc
  0 constraint hits
                                                                                
  216 cycles  |  63 cyc/s  |  15719218 ns/cyc
  0 constraint hits
                                                                                
  216 cycles  |  63 cyc/s  |  15719218 ns/cyc
  0 constraint hits
                                                                                
  216 cycles  |  63 cyc/s  |  15719218 ns/cyc
  0 constraint hits
                                                                                
  216 cycles  |  63 cyc/s  |  15719218 ns/cyc
  0 constraint hits
                                                                                
  216 cycles  |  63 cyc/s  |  15719218 ns/cyc
  0 constraint hits
                                                                                
  216 cycles  |  63 cyc/s  |  15719218 ns/cyc
  0 constraint hits
                                                                                
  216 cycles  |  63 cyc/s  |  15719218 ns/cyc
  0 constraint hits
                                                                                
  216 cycles  |  63 cyc/s  |  15719218 ns/cyc
  0 constraint hits
                                                                                
  231 cycles  |  63 cyc/s  |  15826324 ns/cyc
  0 constraint hits
                                                                                
  231 cycles  |  63 cyc/s  |  15826324 ns/cyc
  0 constraint hits
                                                                                
  231 cycles  |  63 cyc/s  |  15826324 ns/cyc
  0 constraint hits
                                                                                
  231 cycles  |  63 cyc/s  |  15826324 ns/cyc
  0 constraint hits
                                                                                
  231 cycles  |  63 cyc/s  |  15826324 ns/cyc
  0 constraint hits
                                                                                
  231 cycles  |  63 cyc/s  |  15826324 ns/cyc
  0 constraint hits
                                                                                
  231 cycles  |  63 cyc/s  |  15826324 ns/cyc
  0 constraint hits
                                                                                
  231 cycles  |  63 cyc/s  |  15826324 ns/cyc
  0 constraint hits
                                                                                
  231 cycles  |  63 cyc/s  |  15826324 ns/cyc
  0 constraint hits
@@TIME_PROC_AVG COUNT:240 AVG_MS:15.887
@@TIME_THROUGHPUT COUNT:240 DURATION_S:3.812878 EVENTS_PER_S:62.945
                                                                                
  231 cycles  |  63 cyc/s  |  15826324 ns/cyc
  0 constraint hits
                                                                                
  240 cycles  |  62 cyc/s  |  15884414 ns/cyc
  240 input events parsed in 0.000s  |  15884414 ns/event avg
  0 constraint hits total
  Breakdown:
   [#0]: 0@@MONITOR_END:2026-05-14T10:09:45.196686000Z

   [#1]: 0
   [#2]: 0
   [#3]: 0
   [#4]: 0
   [#5]: 0
   [#6]: 0
   [#7]: 0
   [#8]: 0
   [#9]: 0
   [#10]: 0
   [#11]: 0
