@@MONITOR_START:2026-05-14T10:08:20.890607000Z
[3F[J                                                                                
  0 cycles
  0 constraint hits
[3F[J                                                                                
  0 cycles
  0 constraint hits
[3F[J                                                                                
  0 cycles
  0 constraint hits
[3F[J                                                                                
  0 cycles
  0 constraint hits
[3F[J                                                                                
  0 cycles
  0 constraint hits
[3F[J                                                                                
  0 cycles
  0 constraint hits
[3F[J                                                                                
  0 cycles
  0 constraint hits
[3F[J                                                                                
  0 cycles
  0 constraint hits
[3F[J                                                                                
  0 cycles
  0 constraint hits
[3F[J                                                                                
  0 cycles
  0 constraint hits
[3F[J                                                                                
  0 cycles
  0 constraint hits
[3F[J                                                                                
  0 cycles
  0 constraint hits
[3F[J                                                                                
  0 cycles
  0 constraint hits
[3F[J                                                                                
  0 cycles
  0 constraint hits
[3F[J                                                                                
  0 cycles
  0 constraint hits
[3F[J                                                                                
  0 cycles
  0 constraint hits
[3F[J                                                                                
  0 cycles
  0 constraint hits
[3F[J                                                                                
  0 cycles
  0 constraint hits
[3F[J                                                                                
  0 cycles
  0 constraint hits
[3F[J                                                                                
  0 cycles
  0 constraint hits
[3F[J                                                                                
  0 cycles
  0 constraint hits
[3F[J                                                                                
  0 cycles
  0 constraint hits
[3F[J                                                                                
  0 cycles
  0 constraint hits
[3F[J                                                                                
  0 cycles
  0 constraint hits
[3F[J                                                                                
  0 cycles
  0 constraint hits
[3F[J                                                                                
  0 cycles
  0 constraint hits
[3F[J                                                                                
  0 cycles
  0 constraint hits
[3F[J                                                                                
  0 cycles
  0 constraint hits
[3F[J                                                                                
  0 cycles
  0 constraint hits
[3F[J                                                                                
  0 cycles
  0 constraint hits
[3F[J                                                                                
  0 cycles
  0 constraint hits
[3F[J                                                                                
  0 cycles
  0 constraint hits
[3F[J                                                                                
  0 cycles
  0 constraint hits
[3F[J                                                                                
  0 cycles
  0 constraint hits
[3F[J                                                                                
  0 cycles
  0 constraint hits
[3F[J                                                                                
  0 cycles
  0 constraint hits
[3F[J                                                                                
  0 cycles
  0 constraint hits
[3F[J                                                                                
  0 cycles
  0 constraint hits
[3F[J                                                                                
  0 cycles
  0 constraint hits
[3F[J                                                                                
  0 cycles
  0 constraint hits
[3F[J                                                                                
  0 cycles
  0 constraint hits
[3F[J                                                                                
  0 cycles
  0 constraint hits
[3F[J                                                                                
  0 cycles
  0 constraint hits
[3F[J                                                                                
  0 cycles
  0 constraint hits
[3F[J                                                                                
  0 cycles
  0 constraint hits
[3F[J                                                                                
  0 cycles
  0 constraint hits
[3F[J                                                                                
  0 cycles
  0 constraint hits
[3F[J                                                                                
  0 cycles
  0 constraint hits
[3F[J                                                                                
  0 cycles
  0 constraint hits
[3F[J                                                                                
  0 cycles
  0 constraint hits
[3F[J                                                                                
  0 cycles
  0 constraint hits
[3F[J                                                                                
  0 cycles
  0 constraint hits
[3F[J                                                                                
  0 cycles
  0 constraint hits
[3F[J                                                                                
  0 cycles
  0 constraint hits
[3F[J                                                                                
  0 cycles
  0 constraint hits
[3F[J                                                                                
  0 cycles
  0 constraint hits
[3F[J                                                                                
  0 cycles
  0 constraint hits
[3F[J                                                                                
  0 cycles
  0 constraint hits
[3F[J                                                                                
  0 cycles
  0 constraint hits
[3F[J                                                                                
  0 cycles
  0 constraint hits
[3F[J                                                                                
  0 cycles
  0 constraint hits
[3F[J                                                                                
  0 cycles
  0 constraint hits
[3F[J                                                                                
  0 cycles
  0 constraint hits
[3F[J                                                                                
  0 cycles
  0 constraint hits
[3F[J                                                                                
  0 cycles
  0 constraint hits
[3F[J                                                                                
  66 cycles  |  263 cyc/s  |  3789090 ns/cyc
  0 constraint hits
[3F[J                                                                                
  66 cycles  |  263 cyc/s  |  3789090 ns/cyc
  0 constraint hits
[3F[J                                                                                
  66 cycles  |  263 cyc/s  |  3789090 ns/cyc
  0 constraint hits
[3F[J                                                                                
  66 cycles  |  263 cyc/s  |  3789090 ns/cyc
  0 constraint hits
[3F[J                                                                                
  66 cycles  |  263 cyc/s  |  3789090 ns/cyc
  0 constraint hits
[3F[J                                                                                
  66 cycles  |  263 cyc/s  |  3789090 ns/cyc
  0 constraint hits
[3F[J                                                                                
  66 cycles  |  263 cyc/s  |  3789090 ns/cyc
  0 constraint hits
[3F[J                                                                                
  66 cycles  |  263 cyc/s  |  3789090 ns/cyc
  0 constraint hits
[3F[J                                                                                
  66 cycles  |  263 cyc/s  |  3789090 ns/cyc
  0 constraint hits
[3F[J                                                                                
  66 cycles  |  263 cyc/s  |  3789090 ns/cyc
  0 constraint hits
[3F[J                                                                                
  66 cycles  |  263 cyc/s  |  3789090 ns/cyc
  0 constraint hits
[3F[J                                                                                
  66 cycles  |  263 cyc/s  |  3789090 ns/cyc
  0 constraint hits
[3F[J                                                                                
  66 cycles  |  263 cyc/s  |  3789090 ns/cyc
  0 constraint hits
[3F[J                                                                                
  66 cycles  |  263 cyc/s  |  3789090 ns/cyc
  0 constraint hits
[3F[J                                                                                
  66 cycles  |  263 cyc/s  |  3789090 ns/cyc
  0 constraint hits
[3F[J                                                                                
  66 cycles  |  263 cyc/s  |  3789090 ns/cyc
  0 constraint hits
[3F[J                                                                                
  66 cycles  |  263 cyc/s  |  3789090 ns/cyc
  0 constraint hits
[3F[J                                                                                
  66 cycles  |  263 cyc/s  |  3789090 ns/cyc
  0 constraint hits
[3F[J                                                                                
  66 cycles  |  263 cyc/s  |  3789090 ns/cyc
  0 constraint hits
[3F[J                                                                                
  66 cycles  |  263 cyc/s  |  3789090 ns/cyc
  0 constraint hits
[3F[J                                                                                
  66 cycles  |  263 cyc/s  |  3789090 ns/cyc
  0 constraint hits
[3F[J                                                                                
  66 cycles  |  263 cyc/s  |  3789090 ns/cyc
  0 constraint hits
[3F[J                                                                                
  66 cycles  |  263 cyc/s  |  3789090 ns/cyc
  0 constraint hits
[3F[J                                                                                
  66 cycles  |  263 cyc/s  |  3789090 ns/cyc
  0 constraint hits
[3F[J                                                                                
  66 cycles  |  263 cyc/s  |  3789090 ns/cyc
  0 constraint hits
[3F[J                                                                                
  66 cycles  |  263 cyc/s  |  3789090 ns/cyc
  0 constraint hits
[3F[J                                                                                
  66 cycles  |  263 cyc/s  |  3789090 ns/cyc
  0 constraint hits
[3F[J                                                                                
  66 cycles  |  263 cyc/s  |  3789090 ns/cyc
  0 constraint hits
[3F[J                                                                                
  66 cycles  |  263 cyc/s  |  3789090 ns/cyc
  0 constraint hits
[3F[J                                                                                
  66 cycles  |  263 cyc/s  |  3789090 ns/cyc
  0 constraint hits
[3F[J                                                                                
  66 cycles  |  263 cyc/s  |  3789090 ns/cyc
  0 constraint hits
[3F[J                                                                                
  66 cycles  |  263 cyc/s  |  3789090 ns/cyc
  0 constraint hits
[3F[J                                                                                
  66 cycles  |  263 cyc/s  |  3789090 ns/cyc
  0 constraint hits
[3F[J                                                                                
  66 cycles  |  263 cyc/s  |  3789090 ns/cyc
  0 constraint hits
[3F[J                                                                                
  66 cycles  |  263 cyc/s  |  3789090 ns/cyc
  0 constraint hits
[3F[J                                                                                
  66 cycles  |  263 cyc/s  |  3789090 ns/cyc
  0 constraint hits
[3F[J                                                                                
  66 cycles  |  263 cyc/s  |  3789090 ns/cyc
  0 constraint hits
[3F[J                                                                                
  66 cycles  |  263 cyc/s  |  3789090 ns/cyc
  0 constraint hits
[3F[J                                                                                
  66 cycles  |  263 cyc/s  |  3789090 ns/cyc
  0 constraint hits
[3F[J                                                                                
  66 cycles  |  263 cyc/s  |  3789090 ns/cyc
  0 constraint hits
[3F[J                                                                                
  66 cycles  |  263 cyc/s  |  3789090 ns/cyc
  0 constraint hits
[3F[J                                                                                
  66 cycles  |  263 cyc/s  |  3789090 ns/cyc
  0 constraint hits
[3F[J                                                                                
  66 cycles  |  263 cyc/s  |  3789090 ns/cyc
  0 constraint hits
[3F[J                                                                                
  66 cycles  |  263 cyc/s  |  3789090 ns/cyc
  0 constraint hits
[3F[J                                                                                
  66 cycles  |  263 cyc/s  |  3789090 ns/cyc
  0 constraint hits
[3F[J                                                                                
  66 cycles  |  263 cyc/s  |  3789090 ns/cyc
  0 constraint hits
[3F[J                                                                                
  66 cycles  |  263 cyc/s  |  3789090 ns/cyc
  0 constraint hits
[3F[J                                                                                
  66 cycles  |  263 cyc/s  |  3789090 ns/cyc
  0 constraint hits
[3F[J                                                                                
  66 cycles  |  263 cyc/s  |  3789090 ns/cyc
  0 constraint hits
[3F[J                                                                                
  66 cycles  |  263 cyc/s  |  3789090 ns/cyc
  0 constraint hits
[3F[J                                                                                
  66 cycles  |  263 cyc/s  |  3789090 ns/cyc
  0 constraint hits
[3F[J                                                                                
  66 cycles  |  263 cyc/s  |  3789090 ns/cyc
  0 constraint hits
[3F[J                                                                                
  66 cycles  |  263 cyc/s  |  3789090 ns/cyc
  0 constraint hits
[3F[J                                                                                
  66 cycles  |  263 cyc/s  |  3789090 ns/cyc
  0 constraint hits
[3F[J                                                                                
  66 cycles  |  263 cyc/s  |  3789090 ns/cyc
  0 constraint hits
[3F[J                                                                                
  66 cycles  |  263 cyc/s  |  3789090 ns/cyc
  0 constraint hits
[3F[J                                                                                
  66 cycles  |  263 cyc/s  |  3789090 ns/cyc
  0 constraint hits
[3F[J                                                                                
  123 cycles  |  244 cyc/s  |  4097261 ns/cyc
  0 constraint hits
[3F[J                                                                                
  123 cycles  |  244 cyc/s  |  4097261 ns/cyc
  0 constraint hits
[3F[J                                                                                
  123 cycles  |  244 cyc/s  |  4097261 ns/cyc
  0 constraint hits
[3F[J                                                                                
  123 cycles  |  244 cyc/s  |  4097261 ns/cyc
  0 constraint hits
[3F[J                                                                                
  123 cycles  |  244 cyc/s  |  4097261 ns/cyc
  0 constraint hits
[3F[J                                                                                
  123 cycles  |  244 cyc/s  |  4097261 ns/cyc
  0 constraint hits
[3F[J                                                                                
  123 cycles  |  244 cyc/s  |  4097261 ns/cyc
  0 constraint hits
[3F[J                                                                                
  123 cycles  |  244 cyc/s  |  4097261 ns/cyc
  0 constraint hits
[3F[J                                                                                
  123 cycles  |  244 cyc/s  |  4097261 ns/cyc
  0 constraint hits
[3F[J                                                                                
  123 cycles  |  244 cyc/s  |  4097261 ns/cyc
  0 constraint hits
[3F[J                                                                                
  123 cycles  |  244 cyc/s  |  4097261 ns/cyc
  0 constraint hits
[3F[J                                                                                
  123 cycles  |  244 cyc/s  |  4097261 ns/cyc
  0 constraint hits
[3F[J                                                                                
  123 cycles  |  244 cyc/s  |  4097261 ns/cyc
  0 constraint hits
[3F[J                                                                                
  123 cycles  |  244 cyc/s  |  4097261 ns/cyc
  0 constraint hits
[3F[J                                                                                
  123 cycles  |  244 cyc/s  |  4097261 ns/cyc
  0 constraint hits
[3F[J                                                                                
  123 cycles  |  244 cyc/s  |  4097261 ns/cyc
  0 constraint hits
[3F[J                                                                                
  123 cycles  |  244 cyc/s  |  4097261 ns/cyc
  0 constraint hits
[3F[J                                                                                
  123 cycles  |  244 cyc/s  |  4097261 ns/cyc
  0 constraint hits
[3F[J                                                                                
  123 cycles  |  244 cyc/s  |  4097261 ns/cyc
  0 constraint hits
[3F[J                                                                                
  123 cycles  |  244 cyc/s  |  4097261 ns/cyc
  0 constraint hits
[3F[J                                                                                
  123 cycles  |  244 cyc/s  |  4097261 ns/cyc
  0 constraint hits
[3F[J                                                                                
  123 cycles  |  244 cyc/s  |  4097261 ns/cyc
  0 constraint hits
[3F[J                                                                                
  123 cycles  |  244 cyc/s  |  4097261 ns/cyc
  0 constraint hits
[3F[J                                                                                
  123 cycles  |  244 cyc/s  |  4097261 ns/cyc
  0 constraint hits
[3F[J                                                                                
  123 cycles  |  244 cyc/s  |  4097261 ns/cyc
  0 constraint hits
[3F[J                                                                                
  123 cycles  |  244 cyc/s  |  4097261 ns/cyc
  0 constraint hits
[3F[J                                                                                
  123 cycles  |  244 cyc/s  |  4097261 ns/cyc
  0 constraint hits
[3F[J                                                                                
  123 cycles  |  244 cyc/s  |  4097261 ns/cyc
  0 constraint hits
[3F[J                                                                                
  123 cycles  |  244 cyc/s  |  4097261 ns/cyc
  0 constraint hits
[3F[J                                                                                
  123 cycles  |  244 cyc/s  |  4097261 ns/cyc
  0 constraint hits
[3F[J                                                                                
  123 cycles  |  244 cyc/s  |  4097261 ns/cyc
  0 constraint hits
[3F[J                                                                                
  123 cycles  |  244 cyc/s  |  4097261 ns/cyc
  0 constraint hits
[3F[J                                                                                
  123 cycles  |  244 cyc/s  |  4097261 ns/cyc
  0 constraint hits
[3F[J                                                                                
  123 cycles  |  244 cyc/s  |  4097261 ns/cyc
  0 constraint hits
[3F[J                                                                                
  123 cycles  |  244 cyc/s  |  4097261 ns/cyc
  0 constraint hits
[3F[J                                                                                
  123 cycles  |  244 cyc/s  |  4097261 ns/cyc
  0 constraint hits
[3F[J                                                                                
  123 cycles  |  244 cyc/s  |  4097261 ns/cyc
  0 constraint hits
[3F[J                                                                                
  123 cycles  |  244 cyc/s  |  4097261 ns/cyc
  0 constraint hits
[3F[J                                                                                
  123 cycles  |  244 cyc/s  |  4097261 ns/cyc
  0 constraint hits
[3F[J                                                                                
  123 cycles  |  244 cyc/s  |  4097261 ns/cyc
  0 constraint hits
[3F[J                                                                                
  123 cycles  |  244 cyc/s  |  4097261 ns/cyc
  0 constraint hits
[3F[J                                                                                
  123 cycles  |  244 cyc/s  |  4097261 ns/cyc
  0 constraint hits
[3F[J                                                                                
  123 cycles  |  244 cyc/s  |  4097261 ns/cyc
  0 constraint hits
[3F[J                                                                                
  123 cycles  |  244 cyc/s  |  4097261 ns/cyc
  0 constraint hits
[3F[J                                                                                
  123 cycles  |  244 cyc/s  |  4097261 ns/cyc
  0 constraint hits
[3F[J                                                                                
  123 cycles  |  244 cyc/s  |  4097261 ns/cyc
  0 constraint hits
[3F[J                                                                                
  123 cycles  |  244 cyc/s  |  4097261 ns/cyc
  0 constraint hits
[3F[J                                                                                
  123 cycles  |  244 cyc/s  |  4097261 ns/cyc
  0 constraint hits
[3F[J                                                                                
  123 cycles  |  244 cyc/s  |  4097261 ns/cyc
  0 constraint hits
[3F[J                                                                                
  123 cycles  |  244 cyc/s  |  4097261 ns/cyc
  0 constraint hits
[3F[J                                                                                
  123 cycles  |  244 cyc/s  |  4097261 ns/cyc
  0 constraint hits
[3F[J                                                                                
  123 cycles  |  244 cyc/s  |  4097261 ns/cyc
  0 constraint hits
[3F[J                                                                                
  123 cycles  |  244 cyc/s  |  4097261 ns/cyc
  0 constraint hits
[3F[J                                                                                
  123 cycles  |  244 cyc/s  |  4097261 ns/cyc
  0 constraint hits
[3F[J                                                                                
  123 cycles  |  244 cyc/s  |  4097261 ns/cyc
  0 constraint hits
[3F[J                                                                                
  123 cycles  |  244 cyc/s  |  4097261 ns/cyc
  0 constraint hits
[3F[J                                                                                
  123 cycles  |  244 cyc/s  |  4097261 ns/cyc
  0 constraint hits
[3F[J                                                                                
  180 cycles  |  238 cyc/s  |  4201233 ns/cyc
  0 constraint hits
[3F[J                                                                                
  180 cycles  |  238 cyc/s  |  4201233 ns/cyc
  0 constraint hits
[3F[J                                                                                
  180 cycles  |  238 cyc/s  |  4201233 ns/cyc
  0 constraint hits
[3F[J                                                                                
  180 cycles  |  238 cyc/s  |  4201233 ns/cyc
  0 constraint hits
[3F[J                                                                                
  180 cycles  |  238 cyc/s  |  4201233 ns/cyc
  0 constraint hits
[3F[J                                                                                
  180 cycles  |  238 cyc/s  |  4201233 ns/cyc
  0 constraint hits
[3F[J                                                                                
  180 cycles  |  238 cyc/s  |  4201233 ns/cyc
  0 constraint hits
[3F[J                                                                                
  180 cycles  |  238 cyc/s  |  4201233 ns/cyc
  0 constraint hits
[3F[J                                                                                
  180 cycles  |  238 cyc/s  |  4201233 ns/cyc
  0 constraint hits
[3F[J                                                                                
  180 cycles  |  238 cyc/s  |  4201233 ns/cyc
  0 constraint hits
[3F[J                                                                                
  180 cycles  |  238 cyc/s  |  4201233 ns/cyc
  0 constraint hits
[3F[J                                                                                
  180 cycles  |  238 cyc/s  |  4201233 ns/cyc
  0 constraint hits
[3F[J                                                                                
  180 cycles  |  238 cyc/s  |  4201233 ns/cyc
  0 constraint hits
[3F[J                                                                                
  180 cycles  |  238 cyc/s  |  4201233 ns/cyc
  0 constraint hits
[3F[J                                                                                
  180 cycles  |  238 cyc/s  |  4201233 ns/cyc
  0 constraint hits
[3F[J                                                                                
  180 cycles  |  238 cyc/s  |  4201233 ns/cyc
  0 constraint hits
[3F[J                                                                                
  180 cycles  |  238 cyc/s  |  4201233 ns/cyc
  0 constraint hits
[3F[J                                                                                
  180 cycles  |  238 cyc/s  |  4201233 ns/cyc
  0 constraint hits
[3F[J                                                                                
  180 cycles  |  238 cyc/s  |  4201233 ns/cyc
  0 constraint hits
[3F[J                                                                                
  180 cycles  |  238 cyc/s  |  4201233 ns/cyc
  0 constraint hits
[3F[J                                                                                
  180 cycles  |  238 cyc/s  |  4201233 ns/cyc
  0 constraint hits
[3F[J                                                                                
  180 cycles  |  238 cyc/s  |  4201233 ns/cyc
  0 constraint hits
[3F[J                                                                                
  180 cycles  |  238 cyc/s  |  4201233 ns/cyc
  0 constraint hits
[3F[J                                                                                
  180 cycles  |  238 cyc/s  |  4201233 ns/cyc
  0 constraint hits
[3F[J                                                                                
  180 cycles  |  238 cyc/s  |  4201233 ns/cyc
  0 constraint hits
[3F[J                                                                                
  180 cycles  |  238 cyc/s  |  4201233 ns/cyc
  0 constraint hits
[3F[J                                                                                
  180 cycles  |  238 cyc/s  |  4201233 ns/cyc
  0 constraint hits
[3F[J                                                                                
  180 cycles  |  238 cyc/s  |  4201233 ns/cyc
  0 constraint hits
[3F[J                                                                                
  180 cycles  |  238 cyc/s  |  4201233 ns/cyc
  0 constraint hits
[3F[J                                                                                
  180 cycles  |  238 cyc/s  |  4201233 ns/cyc
  0 constraint hits
[3F[J                                                                                
  180 cycles  |  238 cyc/s  |  4201233 ns/cyc
  0 constraint hits
[3F[J                                                                                
  180 cycles  |  238 cyc/s  |  4201233 ns/cyc
  0 constraint hits
[3F[J                                                                                
  180 cycles  |  238 cyc/s  |  4201233 ns/cyc
  0 constraint hits
[3F[J                                                                                
  180 cycles  |  238 cyc/s  |  4201233 ns/cyc
  0 constraint hits
[3F[J                                                                                
  180 cycles  |  238 cyc/s  |  4201233 ns/cyc
  0 constraint hits
[3F[J                                                                                
  180 cycles  |  238 cyc/s  |  4201233 ns/cyc
  0 constraint hits
[3F[J                                                                                
  180 cycles  |  238 cyc/s  |  4201233 ns/cyc
  0 constraint hits
[3F[J                                                                                
  180 cycles  |  238 cyc/s  |  4201233 ns/cyc
  0 constraint hits
[3F[J                                                                                
  180 cycles  |  238 cyc/s  |  4201233 ns/cyc
  0 constraint hits
[3F[J                                                                                
  180 cycles  |  238 cyc/s  |  4201233 ns/cyc
  0 constraint hits
[3F[J                                                                                
  180 cycles  |  238 cyc/s  |  4201233 ns/cyc
  0 constraint hits
[3F[J                                                                                
  180 cycles  |  238 cyc/s  |  4201233 ns/cyc
  0 constraint hits
[3F[J                                                                                
  180 cycles  |  238 cyc/s  |  4201233 ns/cyc
  0 constraint hits
[3F[J                                                                                
  180 cycles  |  238 cyc/s  |  4201233 ns/cyc
  0 constraint hits
[3F[J                                                                                
  180 cycles  |  238 cyc/s  |  4201233 ns/cyc
  0 constraint hits
[3F[J                                                                                
  180 cycles  |  238 cyc/s  |  4201233 ns/cyc
  0 constraint hits
[3F[J                                                                                
  180 cycles  |  238 cyc/s  |  4201233 ns/cyc
  0 constraint hits
[3F[J                                                                                
  180 cycles  |  238 cyc/s  |  4201233 ns/cyc
  0 constraint hits
[3F[J                                                                                
  180 cycles  |  238 cyc/s  |  4201233 ns/cyc
  0 constraint hits
[3F[J                                                                                
  180 cycles  |  238 cyc/s  |  4201233 ns/cyc
  0 constraint hits
[3F[J                                                                                
  180 cycles  |  238 cyc/s  |  4201233 ns/cyc
  0 constraint hits
[3F[J                                                                                
  180 cycles  |  238 cyc/s  |  4201233 ns/cyc
  0 constraint hits
[3F[J                                                                                
  180 cycles  |  238 cyc/s  |  4201233 ns/cyc
  0 constraint hits
[3F[J                                                                                
  180 cycles  |  238 cyc/s  |  4201233 ns/cyc
  0 constraint hits
[3F[J                                                                                
  180 cycles  |  238 cyc/s  |  4201233 ns/cyc
  0 constraint hits
[3F[J                                                                                
  180 cycles  |  238 cyc/s  |  4201233 ns/cyc
  0 constraint hits
[3F[J                                                                                
  180 cycles  |  238 cyc/s  |  4201233 ns/cyc
  0 constraint hits
[3F[J                                                                                
  237 cycles  |  235 cyc/s  |  4246292 ns/cyc
  0 constraint hits
[3F[J                                                                                
  237 cycles  |  235 cyc/s  |  4246292 ns/cyc
  0 constraint hits
[3F[J                                                                                
  237 cycles  |  235 cyc/s  |  4246292 ns/cyc
  0 constraint hits
[3F[J@@TIME_PROC_AVG COUNT:240 AVG_MS:4.250
@@TIME_THROUGHPUT COUNT:240 DURATION_S:1.019946 EVENTS_PER_S:235.307
                                                                                
  237 cycles  |  235 cyc/s  |  4246292 ns/cyc
  0 constraint hits
[3F[J                                                                                
  240 cycles  |  235 cyc/s  |  4247913 ns/cyc
  240 input events parsed in 0.000s  |  4247913 ns/event avg
  0 constraint hits total
  Breakdown:
   [#@@MONITOR_END:2026-05-14T10:08:21.910781000Z
0]: 0
   [#1]: 0
   [#2]: 0
   [#3]: 0
   [#4]: 0
   [#5]: 0
   [#6]: 0
   [#7]: 0
   [#8]: 0
   [#9]: 0
   [#10]: 0
   [#11]: 0
