@@MONITOR_START:2026-05-14T10:08:05.543394000Z
                                                                                
  0 cycles
  0 constraint hits
                                                                                
  0 cycles
  0 constraint hits
                                                                                
  0 cycles
  0 constraint hits
                                                                                
  0 cycles
  0 constraint hits
                                                                                
  0 cycles
  0 constraint hits
                                                                                
  0 cycles
  0 constraint hits
                                                                                
  0 cycles
  0 constraint hits
                                                                                
  0 cycles
  0 constraint hits
                                                                                
  0 cycles
  0 constraint hits
                                                                                
  0 cycles
  0 constraint hits
                                                                                
  0 cycles
  0 constraint hits
                                                                                
  0 cycles
  0 constraint hits
                                                                                
  0 cycles
  0 constraint hits
                                                                                
  0 cycles
  0 constraint hits
                                                                                
  0 cycles
  0 constraint hits
                                                                                
  0 cycles
  0 constraint hits
                                                                                
  0 cycles
  0 constraint hits
                                                                                
  0 cycles
  0 constraint hits
                                                                                
  0 cycles
  0 constraint hits
                                                                                
  0 cycles
  0 constraint hits
                                                                                
  0 cycles
  0 constraint hits
                                                                                
  0 cycles
  0 constraint hits
                                                                                
  0 cycles
  0 constraint hits
                                                                                
  0 cycles
  0 constraint hits
                                                                                
  0 cycles
  0 constraint hits
                                                                                
  0 cycles
  0 constraint hits
                                                                                
  0 cycles
  0 constraint hits
                                                                                
  0 cycles
  0 constraint hits
                                                                                
  0 cycles
  0 constraint hits
                                                                                
  0 cycles
  0 constraint hits
                                                                                
  0 cycles
  0 constraint hits
                                                                                
  0 cycles
  0 constraint hits
                                                                                
  0 cycles
  0 constraint hits
                                                                                
  0 cycles
  0 constraint hits
                                                                                
  0 cycles
  0 constraint hits
                                                                                
  0 cycles
  0 constraint hits
                                                                                
  0 cycles
  0 constraint hits
                                                                                
  0 cycles
  0 constraint hits
                                                                                
  0 cycles
  0 constraint hits
                                                                                
  0 cycles
  0 constraint hits
                                                                                
  0 cycles
  0 constraint hits
                                                                                
  0 cycles
  0 constraint hits
                                                                                
  0 cycles
  0 constraint hits
                                                                                
  0 cycles
  0 constraint hits
                                                                                
  0 cycles
  0 constraint hits
                                                                                
  0 cycles
  0 constraint hits
                                                                                
  0 cycles
  0 constraint hits
                                                                                
  0 cycles
  0 constraint hits
                                                                                
  0 cycles
  0 constraint hits
                                                                                
  0 cycles
  0 constraint hits
                                                                                
  0 cycles
  0 constraint hits
                                                                                
  0 cycles
  0 constraint hits
                                                                                
  0 cycles
  0 constraint hits
                                                                                
  0 cycles
  0 constraint hits
                                                                                
  0 cycles
  0 constraint hits
                                                                                
  0 cycles
  0 constraint hits
                                                                                
  0 cycles
  0 constraint hits
                                                                                
  0 cycles
  0 constraint hits
                                                                                
  0 cycles
  0 constraint hits
                                                                                
  0 cycles
  0 constraint hits
                                                                                
  0 cycles
  0 constraint hits
                                                                                
  0 cycles
  0 constraint hits
                                                                                
  0 cycles
  0 constraint hits
                                                                                
  0 cycles
  0 constraint hits
                                                                                
  0 cycles
  0 constraint hits
                                                                                
  0 cycles
  0 constraint hits
                                                                                
  0 cycles
  0 constraint hits
                                                                                
  0 cycles
  0 constraint hits
                                                                                
  0 cycles
  0 constraint hits
                                                                                
  0 cycles
  0 constraint hits
                                                                                
  0 cycles
  0 constraint hits
                                                                                
  0 cycles
  0 constraint hits
                                                                                
  0 cycles
  0 constraint hits
                                                                                
  0 cycles
  0 constraint hits
                                                                                
  0 cycles
  0 constraint hits
                                                                                
  0 cycles
  0 constraint hits
                                                                                
  0 cycles
  0 constraint hits
                                                                                
  0 cycles
  0 constraint hits
                                                                                
  0 cycles
  0 constraint hits
                                                                                
  0 cycles
  0 constraint hits
                                                                                
  0 cycles
  0 constraint hits
                                                                                
  0 cycles
  0 constraint hits
                                                                                
  0 cycles
  0 constraint hits
                                                                                
  0 cycles
  0 constraint hits
                                                                                
  0 cycles
  0 constraint hits
                                                                                
  0 cycles
  0 constraint hits
                                                                                
  0 cycles
  0 constraint hits
                                                                                
  0 cycles
  0 constraint hits
                                                                                
  0 cycles
  0 constraint hits
                                                                                
  0 cycles
  0 constraint hits
                                                                                
  0 cycles
  0 constraint hits
                                                                                
  0 cycles
  0 constraint hits
                                                                                
  0 cycles
  0 constraint hits
                                                                                
  0 cycles
  0 constraint hits
                                                                                
  0 cycles
  0 constraint hits
                                                                                
  0 cycles
  0 constraint hits
                                                                                
  0 cycles
  0 constraint hits
                                                                                
  0 cycles
  0 constraint hits
                                                                                
  0 cycles
  0 constraint hits
                                                                                
  0 cycles
  0 constraint hits
                                                                                
  0 cycles
  0 constraint hits
                                                                                
  0 cycles
  0 constraint hits
                                                                                
  0 cycles
  0 constraint hits
                                                                                
  0 cycles
  0 constraint hits
                                                                                
  0 cycles
  0 constraint hits
                                                                                
  0 cycles
  0 constraint hits
                                                                                
  0 cycles
  0 constraint hits
                                                                                
  0 cycles
  0 constraint hits
                                                                                
  0 cycles
  0 constraint hits
                                                                                
  0 cycles
  0 constraint hits
                                                                                
  0 cycles
  0 constraint hits
                                                                                
  0 cycles
  0 constraint hits
                                                                                
  0 cycles
  0 constraint hits
                                                                                
  0 cycles
  0 constraint hits
                                                                                
  0 cycles
  0 constraint hits
                                                                                
  0 cycles
  0 constraint hits
                                                                                
  0 cycles
  0 constraint hits
                                                                                
  0 cycles
  0 constraint hits
                                                                                
  0 cycles
  0 constraint hits
                                                                                
  0 cycles
  0 constraint hits
                                                                                
  0 cycles
  0 constraint hits
                                                                                
  0 cycles
  0 constraint hits
                                                                                
  0 cycles
  0 constraint hits
                                                                                
  0 cycles
  0 constraint hits
                                                                                
  0 cycles
  0 constraint hits
                                                                                
  0 cycles
  0 constraint hits
                                                                                
  0 cycles
  0 constraint hits
                                                                                
  0 cycles
  0 constraint hits
                                                                                
  0 cycles
  0 constraint hits
                                                                                
  0 cycles
  0 constraint hits
                                                                                
  0 cycles
  0 constraint hits
                                                                                
  0 cycles
  0 constraint hits
                                                                                
  0 cycles
  0 constraint hits
                                                                                
  0 cycles
  0 constraint hits
                                                                                
  0 cycles
  0 constraint hits
                                                                                
  0 cycles
  0 constraint hits
                                                                                
  0 cycles
  0 constraint hits
                                                                                
  138 cycles  |  549 cyc/s  |  1820327 ns/cyc
  0 constraint hits
                                                                                
  138 cycles  |  549 cyc/s  |  1820327 ns/cyc
  0 constraint hits
                                                                                
  138 cycles  |  549 cyc/s  |  1820327 ns/cyc
  0 constraint hits
                                                                                
  138 cycles  |  549 cyc/s  |  1820327 ns/cyc
  0 constraint hits
                                                                                
  138 cycles  |  549 cyc/s  |  1820327 ns/cyc
  0 constraint hits
                                                                                
  138 cycles  |  549 cyc/s  |  1820327 ns/cyc
  0 constraint hits
                                                                                
  138 cycles  |  549 cyc/s  |  1820327 ns/cyc
  0 constraint hits
                                                                                
  138 cycles  |  549 cyc/s  |  1820327 ns/cyc
  0 constraint hits
                                                                                
  138 cycles  |  549 cyc/s  |  1820327 ns/cyc
  0 constraint hits
                                                                                
  138 cycles  |  549 cyc/s  |  1820327 ns/cyc
  0 constraint hits
                                                                                
  138 cycles  |  549 cyc/s  |  1820327 ns/cyc
  0 constraint hits
                                                                                
  138 cycles  |  549 cyc/s  |  1820327 ns/cyc
  0 constraint hits
                                                                                
  138 cycles  |  549 cyc/s  |  1820327 ns/cyc
  0 constraint hits
                                                                                
  138 cycles  |  549 cyc/s  |  1820327 ns/cyc
  0 constraint hits
                                                                                
  138 cycles  |  549 cyc/s  |  1820327 ns/cyc
  0 constraint hits
                                                                                
  138 cycles  |  549 cyc/s  |  1820327 ns/cyc
  0 constraint hits
                                                                                
  138 cycles  |  549 cyc/s  |  1820327 ns/cyc
  0 constraint hits
                                                                                
  138 cycles  |  549 cyc/s  |  1820327 ns/cyc
  0 constraint hits
                                                                                
  138 cycles  |  549 cyc/s  |  1820327 ns/cyc
  0 constraint hits
                                                                                
  138 cycles  |  549 cyc/s  |  1820327 ns/cyc
  0 constraint hits
                                                                                
  138 cycles  |  549 cyc/s  |  1820327 ns/cyc
  0 constraint hits
                                                                                
  138 cycles  |  549 cyc/s  |  1820327 ns/cyc
  0 constraint hits
                                                                                
  138 cycles  |  549 cyc/s  |  1820327 ns/cyc
  0 constraint hits
                                                                                
  138 cycles  |  549 cyc/s  |  1820327 ns/cyc
  0 constraint hits
                                                                                
  138 cycles  |  549 cyc/s  |  1820327 ns/cyc
  0 constraint hits
                                                                                
  138 cycles  |  549 cyc/s  |  1820327 ns/cyc
  0 constraint hits
                                                                                
  138 cycles  |  549 cyc/s  |  1820327 ns/cyc
  0 constraint hits
                                                                                
  138 cycles  |  549 cyc/s  |  1820327 ns/cyc
  0 constraint hits
                                                                                
  138 cycles  |  549 cyc/s  |  1820327 ns/cyc
  0 constraint hits
                                                                                
  138 cycles  |  549 cyc/s  |  1820327 ns/cyc
  0 constraint hits
                                                                                
  138 cycles  |  549 cyc/s  |  1820327 ns/cyc
  0 constraint hits
                                                                                
  138 cycles  |  549 cyc/s  |  1820327 ns/cyc
  0 constraint hits
                                                                                
  138 cycles  |  549 cyc/s  |  1820327 ns/cyc
  0 constraint hits
                                                                                
  138 cycles  |  549 cyc/s  |  1820327 ns/cyc
  0 constraint hits
                                                                                
  138 cycles  |  549 cyc/s  |  1820327 ns/cyc
  0 constraint hits
                                                                                
  138 cycles  |  549 cyc/s  |  1820327 ns/cyc
  0 constraint hits
                                                                                
  138 cycles  |  549 cyc/s  |  1820327 ns/cyc
  0 constraint hits
                                                                                
  138 cycles  |  549 cyc/s  |  1820327 ns/cyc
  0 constraint hits
                                                                                
  138 cycles  |  549 cyc/s  |  1820327 ns/cyc
  0 constraint hits
                                                                                
  138 cycles  |  549 cyc/s  |  1820327 ns/cyc
  0 constraint hits
                                                                                
  138 cycles  |  549 cyc/s  |  1820327 ns/cyc
  0 constraint hits
                                                                                
  138 cycles  |  549 cyc/s  |  1820327 ns/cyc
  0 constraint hits
                                                                                
  138 cycles  |  549 cyc/s  |  1820327 ns/cyc
  0 constraint hits
                                                                                
  138 cycles  |  549 cyc/s  |  1820327 ns/cyc
  0 constraint hits
                                                                                
  138 cycles  |  549 cyc/s  |  1820327 ns/cyc
  0 constraint hits
                                                                                
  138 cycles  |  549 cyc/s  |  1820327 ns/cyc
  0 constraint hits
                                                                                
  138 cycles  |  549 cyc/s  |  1820327 ns/cyc
  0 constraint hits
                                                                                
  138 cycles  |  549 cyc/s  |  1820327 ns/cyc
  0 constraint hits
                                                                                
  138 cycles  |  549 cyc/s  |  1820327 ns/cyc
  0 constraint hits
                                                                                
  138 cycles  |  549 cyc/s  |  1820327 ns/cyc
  0 constraint hits
                                                                                
  138 cycles  |  549 cyc/s  |  1820327 ns/cyc
  0 constraint hits
                                                                                
  138 cycles  |  549 cyc/s  |  1820327 ns/cyc
  0 constraint hits
                                                                                
  138 cycles  |  549 cyc/s  |  1820327 ns/cyc
  0 constraint hits
                                                                                
  138 cycles  |  549 cyc/s  |  1820327 ns/cyc
  0 constraint hits
                                                                                
  138 cycles  |  549 cyc/s  |  1820327 ns/cyc
  0 constraint hits
                                                                                
  138 cycles  |  549 cyc/s  |  1820327 ns/cyc
  0 constraint hits
                                                                                
  138 cycles  |  549 cyc/s  |  1820327 ns/cyc
  0 constraint hits
                                                                                
  138 cycles  |  549 cyc/s  |  1820327 ns/cyc
  0 constraint hits
                                                                                
  138 cycles  |  549 cyc/s  |  1820327 ns/cyc
  0 constraint hits
                                                                                
  138 cycles  |  549 cyc/s  |  1820327 ns/cyc
  0 constraint hits
                                                                                
  138 cycles  |  549 cyc/s  |  1820327 ns/cyc
  0 constraint hits
                                                                                
  138 cycles  |  549 cyc/s  |  1820327 ns/cyc
  0 constraint hits
                                                                                
  138 cycles  |  549 cyc/s  |  1820327 ns/cyc
  0 constraint hits
                                                                                
  138 cycles  |  549 cyc/s  |  1820327 ns/cyc
  0 constraint hits
                                                                                
  138 cycles  |  549 cyc/s  |  1820327 ns/cyc
  0 constraint hits
                                                                                
  138 cycles  |  549 cyc/s  |  1820327 ns/cyc
  0 constraint hits
                                                                                
  138 cycles  |  549 cyc/s  |  1820327 ns/cyc
  0 constraint hits
                                                                                
  138 cycles  |  549 cyc/s  |  1820327 ns/cyc
  0 constraint hits
                                                                                
  138 cycles  |  549 cyc/s  |  1820327 ns/cyc
  0 constraint hits
                                                                                
  138 cycles  |  549 cyc/s  |  1820327 ns/cyc
  0 constraint hits
                                                                                
  138 cycles  |  549 cyc/s  |  1820327 ns/cyc
  0 constraint hits
                                                                                
  138 cycles  |  549 cyc/s  |  1820327 ns/cyc
  0 constraint hits
                                                                                
  138 cycles  |  549 cyc/s  |  1820327 ns/cyc
  0 constraint hits
                                                                                
  138 cycles  |  549 cyc/s  |  1820327 ns/cyc
  0 constraint hits
                                                                                
  138 cycles  |  549 cyc/s  |  1820327 ns/cyc
  0 constraint hits
                                                                                
  138 cycles  |  549 cyc/s  |  1820327 ns/cyc
  0 constraint hits
                                                                                
  138 cycles  |  549 cyc/s  |  1820327 ns/cyc
  0 constraint hits
                                                                                
  138 cycles  |  549 cyc/s  |  1820327 ns/cyc
  0 constraint hits
                                                                                
  138 cycles  |  549 cyc/s  |  1820327 ns/cyc
  0 constraint hits
                                                                                
  138 cycles  |  549 cyc/s  |  1820327 ns/cyc
  0 constraint hits
                                                                                
  138 cycles  |  549 cyc/s  |  1820327 ns/cyc
  0 constraint hits
                                                                                
  138 cycles  |  549 cyc/s  |  1820327 ns/cyc
  0 constraint hits
                                                                                
  138 cycles  |  549 cyc/s  |  1820327 ns/cyc
  0 constraint hits
                                                                                
  138 cycles  |  549 cyc/s  |  1820327 ns/cyc
  0 constraint hits
                                                                                
  138 cycles  |  549 cyc/s  |  1820327 ns/cyc
  0 constraint hits
                                                                                
  138 cycles  |  549 cyc/s  |  1820327 ns/cyc
  0 constraint hits
                                                                                
  138 cycles  |  549 cyc/s  |  1820327 ns/cyc
  0 constraint hits
                                                                                
  138 cycles  |  549 cyc/s  |  1820327 ns/cyc
  0 constraint hits
                                                                                
  138 cycles  |  549 cyc/s  |  1820327 ns/cyc
  0 constraint hits
                                                                                
  138 cycles  |  549 cyc/s  |  1820327 ns/cyc
  0 constraint hits
                                                                                
  138 cycles  |  549 cyc/s  |  1820327 ns/cyc
  0 constraint hits
                                                                                
  138 cycles  |  549 cyc/s  |  1820327 ns/cyc
  0 constraint hits
                                                                                
  138 cycles  |  549 cyc/s  |  1820327 ns/cyc
  0 constraint hits
                                                                                
  138 cycles  |  549 cyc/s  |  1820327 ns/cyc
  0 constraint hits
                                                                                
  138 cycles  |  549 cyc/s  |  1820327 ns/cyc
  0 constraint hits
                                                                                
  138 cycles  |  549 cyc/s  |  1820327 ns/cyc
  0 constraint hits
                                                                                
  138 cycles  |  549 cyc/s  |  1820327 ns/cyc
  0 constraint hits
                                                                                
  138 cycles  |  549 cyc/s  |  1820327 ns/cyc
  0 constraint hits
                                                                                
  138 cycles  |  549 cyc/s  |  1820327 ns/cyc
  0 constraint hits
                                                                                
  138 cycles  |  549 cyc/s  |  1820327 ns/cyc
  0 constraint hits
                                                                                
  138 cycles  |  549 cyc/s  |  1820327 ns/cyc
  0 constraint hits
                                                                                
  138 cycles  |  549 cyc/s  |  1820327 ns/cyc
  0 constraint hits
@@TIME_PROC_AVG COUNT:240 AVG_MS:1.774
@@TIME_THROUGHPUT COUNT:240 DURATION_S:0.425799 EVENTS_PER_S:563.646
                                                                                
  138 cycles  |  549 cyc/s  |  1820327 ns/cyc
  0 constraint hits
                                                                                
  240 cycles  |  564 cyc/s  |  1771888 ns/cyc
  240 input events parsed in 0.000s  |  1771888 ns/event avg
  0 constraint hits total
  Breakdown:
   [#0]: 0
   [#@@MONITOR_END:2026-05-14T10:08:05.969406000Z
1]: 0
   [#2]: 0
   [#3]: 0
   [#4]: 0
   [#5]: 0
   [#6]: 0
   [#7]: 0
