@@MONITOR_START:2026-05-14T10:08:42.877767000Z
[3F[J                                                                                
  0 cycles
  0 constraint hits
[3F[J                                                                                
  0 cycles
  0 constraint hits
[3F[J                                                                                
  0 cycles
  0 constraint hits
[3F[J                                                                                
  0 cycles
  0 constraint hits
[3F[J                                                                                
  0 cycles
  0 constraint hits
[3F[J                                                                                
  0 cycles
  0 constraint hits
[3F[J                                                                                
  0 cycles
  0 constraint hits
[3F[J                                                                                
  0 cycles
  0 constraint hits
[3F[J                                                                                
  0 cycles
  0 constraint hits
[3F[J                                                                                
  0 cycles
  0 constraint hits
[3F[J                                                                                
  0 cycles
  0 constraint hits
[3F[J                                                                                
  0 cycles
  0 constraint hits
[3F[J                                                                                
  0 cycles
  0 constraint hits
[3F[J                                                                                
  0 cycles
  0 constraint hits
[3F[J                                                                                
  0 cycles
  0 constraint hits
[3F[J                                                                                
  0 cycles
  0 constraint hits
[3F[J                                                                                
  0 cycles
  0 constraint hits
[3F[J                                                                                
  0 cycles
  0 constraint hits
[3F[J                                                                                
  0 cycles
  0 constraint hits
[3F[J                                                                                
  0 cycles
  0 constraint hits
[3F[J                                                                                
  0 cycles
  0 constraint hits
[3F[J                                                                                
  0 cycles
  0 constraint hits
[3F[J                                                                                
  0 cycles
  0 constraint hits
[3F[J                                                                                
  0 cycles
  0 constraint hits
[3F[J                                                                                
  0 cycles
  0 constraint hits
[3F[J                                                                                
  0 cycles
  0 constraint hits
[3F[J                                                                                
  0 cycles
  0 constraint hits
[3F[J                                                                                
  0 cycles
  0 constraint hits
[3F[J                                                                                
  0 cycles
  0 constraint hits
[3F[J                                                                                
  0 cycles
  0 constraint hits
[3F[J                                                                                
  0 cycles
  0 constraint hits
[3F[J                                                                                
  0 cycles
  0 constraint hits
[3F[J                                                                                
  0 cycles
  0 constraint hits
[3F[J                                                                                
  0 cycles
  0 constraint hits
[3F[J                                                                                
  0 cycles
  0 constraint hits
[3F[J                                                                                
  0 cycles
  0 constraint hits
[3F[J                                                                                
  0 cycles
  0 constraint hits
[3F[J                                                                                
  0 cycles
  0 constraint hits
[3F[J                                                                                
  0 cycles
  0 constraint hits
[3F[J                                                                                
  0 cycles
  0 constraint hits
[3F[J                                                                                
  0 cycles
  0 constraint hits
[3F[J                                                                                
  0 cycles
  0 constraint hits
[3F[J                                                                                
  0 cycles
  0 constraint hits
[3F[J                                                                                
  0 cycles
  0 constraint hits
[3F[J                                                                                
  0 cycles
  0 constraint hits
[3F[J                                                                                
  0 cycles
  0 constraint hits
[3F[J                                                                                
  0 cycles
  0 constraint hits
[3F[J                                                                                
  0 cycles
  0 constraint hits
[3F[J                                                                                
  0 cycles
  0 constraint hits
[3F[J                                                                                
  0 cycles
  0 constraint hits
[3F[J                                                                                
  0 cycles
  0 constraint hits
[3F[J                                                                                
  0 cycles
  0 constraint hits
[3F[J                                                                                
  53 cycles  |  211 cyc/s  |  4726860 ns/cyc
  0 constraint hits
[3F[J                                                                                
  53 cycles  |  211 cyc/s  |  4726860 ns/cyc
  0 constraint hits
[3F[J                                                                                
  53 cycles  |  211 cyc/s  |  4726860 ns/cyc
  0 constraint hits
[3F[J                                                                                
  53 cycles  |  211 cyc/s  |  4726860 ns/cyc
  0 constraint hits
[3F[J                                                                                
  53 cycles  |  211 cyc/s  |  4726860 ns/cyc
  0 constraint hits
[3F[J                                                                                
  53 cycles  |  211 cyc/s  |  4726860 ns/cyc
  0 constraint hits
[3F[J                                                                                
  53 cycles  |  211 cyc/s  |  4726860 ns/cyc
  0 constraint hits
[3F[J                                                                                
  53 cycles  |  211 cyc/s  |  4726860 ns/cyc
  0 constraint hits
[3F[J                                                                                
  53 cycles  |  211 cyc/s  |  4726860 ns/cyc
  0 constraint hits
[3F[J                                                                                
  53 cycles  |  211 cyc/s  |  4726860 ns/cyc
  0 constraint hits
[3F[J                                                                                
  53 cycles  |  211 cyc/s  |  4726860 ns/cyc
  0 constraint hits
[3F[J                                                                                
  53 cycles  |  211 cyc/s  |  4726860 ns/cyc
  0 constraint hits
[3F[J                                                                                
  53 cycles  |  211 cyc/s  |  4726860 ns/cyc
  0 constraint hits
[3F[J                                                                                
  53 cycles  |  211 cyc/s  |  4726860 ns/cyc
  0 constraint hits
[3F[J                                                                                
  53 cycles  |  211 cyc/s  |  4726860 ns/cyc
  0 constraint hits
[3F[J                                                                                
  53 cycles  |  211 cyc/s  |  4726860 ns/cyc
  0 constraint hits
[3F[J                                                                                
  53 cycles  |  211 cyc/s  |  4726860 ns/cyc
  0 constraint hits
[3F[J                                                                                
  53 cycles  |  211 cyc/s  |  4726860 ns/cyc
  0 constraint hits
[3F[J                                                                                
  53 cycles  |  211 cyc/s  |  4726860 ns/cyc
  0 constraint hits
[3F[J                                                                                
  53 cycles  |  211 cyc/s  |  4726860 ns/cyc
  0 constraint hits
[3F[J                                                                                
  53 cycles  |  211 cyc/s  |  4726860 ns/cyc
  0 constraint hits
[3F[J                                                                                
  53 cycles  |  211 cyc/s  |  4726860 ns/cyc
  0 constraint hits
[3F[J                                                                                
  53 cycles  |  211 cyc/s  |  4726860 ns/cyc
  0 constraint hits
[3F[J                                                                                
  53 cycles  |  211 cyc/s  |  4726860 ns/cyc
  0 constraint hits
[3F[J                                                                                
  53 cycles  |  211 cyc/s  |  4726860 ns/cyc
  0 constraint hits
[3F[J                                                                                
  53 cycles  |  211 cyc/s  |  4726860 ns/cyc
  0 constraint hits
[3F[J                                                                                
  53 cycles  |  211 cyc/s  |  4726860 ns/cyc
  0 constraint hits
[3F[J                                                                                
  53 cycles  |  211 cyc/s  |  4726860 ns/cyc
  0 constraint hits
[3F[J                                                                                
  53 cycles  |  211 cyc/s  |  4726860 ns/cyc
  0 constraint hits
[3F[J                                                                                
  53 cycles  |  211 cyc/s  |  4726860 ns/cyc
  0 constraint hits
[3F[J                                                                                
  53 cycles  |  211 cyc/s  |  4726860 ns/cyc
  0 constraint hits
[3F[J                                                                                
  53 cycles  |  211 cyc/s  |  4726860 ns/cyc
  0 constraint hits
[3F[J                                                                                
  53 cycles  |  211 cyc/s  |  4726860 ns/cyc
  0 constraint hits
[3F[J                                                                                
  53 cycles  |  211 cyc/s  |  4726860 ns/cyc
  0 constraint hits
[3F[J                                                                                
  53 cycles  |  211 cyc/s  |  4726860 ns/cyc
  0 constraint hits
[3F[J                                                                                
  53 cycles  |  211 cyc/s  |  4726860 ns/cyc
  0 constraint hits
[3F[J                                                                                
  53 cycles  |  211 cyc/s  |  4726860 ns/cyc
  0 constraint hits
[3F[J                                                                                
  53 cycles  |  211 cyc/s  |  4726860 ns/cyc
  0 constraint hits
[3F[J                                                                                
  91 cycles  |  181 cyc/s  |  5500880 ns/cyc
  0 constraint hits
[3F[J                                                                                
  91 cycles  |  181 cyc/s  |  5500880 ns/cyc
  0 constraint hits
[3F[J                                                                                
  91 cycles  |  181 cyc/s  |  5500880 ns/cyc
  0 constraint hits
[3F[J                                                                                
  91 cycles  |  181 cyc/s  |  5500880 ns/cyc
  0 constraint hits
[3F[J                                                                                
  91 cycles  |  181 cyc/s  |  5500880 ns/cyc
  0 constraint hits
[3F[J                                                                                
  91 cycles  |  181 cyc/s  |  5500880 ns/cyc
  0 constraint hits
[3F[J                                                                                
  91 cycles  |  181 cyc/s  |  5500880 ns/cyc
  0 constraint hits
[3F[J                                                                                
  91 cycles  |  181 cyc/s  |  5500880 ns/cyc
  0 constraint hits
[3F[J                                                                                
  91 cycles  |  181 cyc/s  |  5500880 ns/cyc
  0 constraint hits
[3F[J                                                                                
  91 cycles  |  181 cyc/s  |  5500880 ns/cyc
  0 constraint hits
[3F[J                                                                                
  91 cycles  |  181 cyc/s  |  5500880 ns/cyc
  0 constraint hits
[3F[J                                                                                
  91 cycles  |  181 cyc/s  |  5500880 ns/cyc
  0 constraint hits
[3F[J                                                                                
  91 cycles  |  181 cyc/s  |  5500880 ns/cyc
  0 constraint hits
[3F[J                                                                                
  91 cycles  |  181 cyc/s  |  5500880 ns/cyc
  0 constraint hits
[3F[J                                                                                
  91 cycles  |  181 cyc/s  |  5500880 ns/cyc
  0 constraint hits
[3F[J                                                                                
  91 cycles  |  181 cyc/s  |  5500880 ns/cyc
  0 constraint hits
[3F[J                                                                                
  91 cycles  |  181 cyc/s  |  5500880 ns/cyc
  0 constraint hits
[3F[J                                                                                
  91 cycles  |  181 cyc/s  |  5500880 ns/cyc
  0 constraint hits
[3F[J                                                                                
  91 cycles  |  181 cyc/s  |  5500880 ns/cyc
  0 constraint hits
[3F[J                                                                                
  91 cycles  |  181 cyc/s  |  5500880 ns/cyc
  0 constraint hits
[3F[J                                                                                
  91 cycles  |  181 cyc/s  |  5500880 ns/cyc
  0 constraint hits
[3F[J                                                                                
  91 cycles  |  181 cyc/s  |  5500880 ns/cyc
  0 constraint hits
[3F[J                                                                                
  91 cycles  |  181 cyc/s  |  5500880 ns/cyc
  0 constraint hits
[3F[J                                                                                
  91 cycles  |  181 cyc/s  |  5500880 ns/cyc
  0 constraint hits
[3F[J                                                                                
  91 cycles  |  181 cyc/s  |  5500880 ns/cyc
  0 constraint hits
[3F[J                                                                                
  91 cycles  |  181 cyc/s  |  5500880 ns/cyc
  0 constraint hits
[3F[J                                                                                
  91 cycles  |  181 cyc/s  |  5500880 ns/cyc
  0 constraint hits
[3F[J                                                                                
  91 cycles  |  181 cyc/s  |  5500880 ns/cyc
  0 constraint hits
[3F[J                                                                                
  91 cycles  |  181 cyc/s  |  5500880 ns/cyc
  0 constraint hits
[3F[J                                                                                
  91 cycles  |  181 cyc/s  |  5500880 ns/cyc
  0 constraint hits
[3F[J                                                                                
  91 cycles  |  181 cyc/s  |  5500880 ns/cyc
  0 constraint hits
[3F[J                                                                                
  91 cycles  |  181 cyc/s  |  5500880 ns/cyc
  0 constraint hits
[3F[J                                                                                
  91 cycles  |  181 cyc/s  |  5500880 ns/cyc
  0 constraint hits
[3F[J                                                                                
  91 cycles  |  181 cyc/s  |  5500880 ns/cyc
  0 constraint hits
[3F[J                                                                                
  91 cycles  |  181 cyc/s  |  5500880 ns/cyc
  0 constraint hits
[3F[J                                                                                
  91 cycles  |  181 cyc/s  |  5500880 ns/cyc
  0 constraint hits
[3F[J                                                                                
  91 cycles  |  181 cyc/s  |  5500880 ns/cyc
  0 constraint hits
[3F[J                                                                                
  91 cycles  |  181 cyc/s  |  5500880 ns/cyc
  0 constraint hits
[3F[J                                                                                
  91 cycles  |  181 cyc/s  |  5500880 ns/cyc
  0 constraint hits
[3F[J                                                                                
  130 cycles  |  172 cyc/s  |  5795574 ns/cyc
  0 constraint hits
[3F[J                                                                                
  130 cycles  |  172 cyc/s  |  5795574 ns/cyc
  0 constraint hits
[3F[J                                                                                
  130 cycles  |  172 cyc/s  |  5795574 ns/cyc
  0 constraint hits
[3F[J                                                                                
  130 cycles  |  172 cyc/s  |  5795574 ns/cyc
  0 constraint hits
[3F[J                                                                                
  130 cycles  |  172 cyc/s  |  5795574 ns/cyc
  0 constraint hits
[3F[J                                                                                
  130 cycles  |  172 cyc/s  |  5795574 ns/cyc
  0 constraint hits
[3F[J                                                                                
  130 cycles  |  172 cyc/s  |  5795574 ns/cyc
  0 constraint hits
[3F[J                                                                                
  130 cycles  |  172 cyc/s  |  5795574 ns/cyc
  0 constraint hits
[3F[J                                                                                
  130 cycles  |  172 cyc/s  |  5795574 ns/cyc
  0 constraint hits
[3F[J                                                                                
  130 cycles  |  172 cyc/s  |  5795574 ns/cyc
  0 constraint hits
[3F[J                                                                                
  130 cycles  |  172 cyc/s  |  5795574 ns/cyc
  0 constraint hits
[3F[J                                                                                
  130 cycles  |  172 cyc/s  |  5795574 ns/cyc
  0 constraint hits
[3F[J                                                                                
  130 cycles  |  172 cyc/s  |  5795574 ns/cyc
  0 constraint hits
[3F[J                                                                                
  130 cycles  |  172 cyc/s  |  5795574 ns/cyc
  0 constraint hits
[3F[J                                                                                
  130 cycles  |  172 cyc/s  |  5795574 ns/cyc
  0 constraint hits
[3F[J                                                                                
  130 cycles  |  172 cyc/s  |  5795574 ns/cyc
  0 constraint hits
[3F[J                                                                                
  130 cycles  |  172 cyc/s  |  5795574 ns/cyc
  0 constraint hits
[3F[J                                                                                
  130 cycles  |  172 cyc/s  |  5795574 ns/cyc
  0 constraint hits
[3F[J                                                                                
  130 cycles  |  172 cyc/s  |  5795574 ns/cyc
  0 constraint hits
[3F[J                                                                                
  130 cycles  |  172 cyc/s  |  5795574 ns/cyc
  0 constraint hits
[3F[J                                                                                
  130 cycles  |  172 cyc/s  |  5795574 ns/cyc
  0 constraint hits
[3F[J                                                                                
  130 cycles  |  172 cyc/s  |  5795574 ns/cyc
  0 constraint hits
[3F[J                                                                                
  130 cycles  |  172 cyc/s  |  5795574 ns/cyc
  0 constraint hits
[3F[J                                                                                
  130 cycles  |  172 cyc/s  |  5795574 ns/cyc
  0 constraint hits
[3F[J                                                                                
  130 cycles  |  172 cyc/s  |  5795574 ns/cyc
  0 constraint hits
[3F[J                                                                                
  130 cycles  |  172 cyc/s  |  5795574 ns/cyc
  0 constraint hits
[3F[J                                                                                
  130 cycles  |  172 cyc/s  |  5795574 ns/cyc
  0 constraint hits
[3F[J                                                                                
  130 cycles  |  172 cyc/s  |  5795574 ns/cyc
  0 constraint hits
[3F[J                                                                                
  130 cycles  |  172 cyc/s  |  5795574 ns/cyc
  0 constraint hits
[3F[J                                                                                
  130 cycles  |  172 cyc/s  |  5795574 ns/cyc
  0 constraint hits
[3F[J                                                                                
  130 cycles  |  172 cyc/s  |  5795574 ns/cyc
  0 constraint hits
[3F[J                                                                                
  130 cycles  |  172 cyc/s  |  5795574 ns/cyc
  0 constraint hits
[3F[J                                                                                
  130 cycles  |  172 cyc/s  |  5795574 ns/cyc
  0 constraint hits
[3F[J                                                                                
  130 cycles  |  172 cyc/s  |  5795574 ns/cyc
  0 constraint hits
[3F[J                                                                                
  130 cycles  |  172 cyc/s  |  5795574 ns/cyc
  0 constraint hits
[3F[J                                                                                
  130 cycles  |  172 cyc/s  |  5795574 ns/cyc
  0 constraint hits
[3F[J                                                                                
  130 cycles  |  172 cyc/s  |  5795574 ns/cyc
  0 constraint hits
[3F[J                                                                                
  130 cycles  |  172 cyc/s  |  5795574 ns/cyc
  0 constraint hits
[3F[J                                                                                
  130 cycles  |  172 cyc/s  |  5795574 ns/cyc
  0 constraint hits
[3F[J                                                                                
  169 cycles  |  167 cyc/s  |  5975405 ns/cyc
  0 constraint hits
[3F[J                                                                                
  169 cycles  |  167 cyc/s  |  5975405 ns/cyc
  0 constraint hits
[3F[J                                                                                
  169 cycles  |  167 cyc/s  |  5975405 ns/cyc
  0 constraint hits
[3F[J                                                                                
  169 cycles  |  167 cyc/s  |  5975405 ns/cyc
  0 constraint hits
[3F[J                                                                                
  169 cycles  |  167 cyc/s  |  5975405 ns/cyc
  0 constraint hits
[3F[J                                                                                
  169 cycles  |  167 cyc/s  |  5975405 ns/cyc
  0 constraint hits
[3F[J                                                                                
  169 cycles  |  167 cyc/s  |  5975405 ns/cyc
  0 constraint hits
[3F[J                                                                                
  169 cycles  |  167 cyc/s  |  5975405 ns/cyc
  0 constraint hits
[3F[J                                                                                
  169 cycles  |  167 cyc/s  |  5975405 ns/cyc
  0 constraint hits
[3F[J                                                                                
  169 cycles  |  167 cyc/s  |  5975405 ns/cyc
  0 constraint hits
[3F[J                                                                                
  169 cycles  |  167 cyc/s  |  5975405 ns/cyc
  0 constraint hits
[3F[J                                                                                
  169 cycles  |  167 cyc/s  |  5975405 ns/cyc
  0 constraint hits
[3F[J                                                                                
  169 cycles  |  167 cyc/s  |  5975405 ns/cyc
  0 constraint hits
[3F[J                                                                                
  169 cycles  |  167 cyc/s  |  5975405 ns/cyc
  0 constraint hits
[3F[J                                                                                
  169 cycles  |  167 cyc/s  |  5975405 ns/cyc
  0 constraint hits
[3F[J                                                                                
  169 cycles  |  167 cyc/s  |  5975405 ns/cyc
  0 constraint hits
[3F[J                                                                                
  169 cycles  |  167 cyc/s  |  5975405 ns/cyc
  0 constraint hits
[3F[J                                                                                
  169 cycles  |  167 cyc/s  |  5975405 ns/cyc
  0 constraint hits
[3F[J                                                                                
  169 cycles  |  167 cyc/s  |  5975405 ns/cyc
  0 constraint hits
[3F[J                                                                                
  169 cycles  |  167 cyc/s  |  5975405 ns/cyc
  0 constraint hits
[3F[J                                                                                
  169 cycles  |  167 cyc/s  |  5975405 ns/cyc
  0 constraint hits
[3F[J                                                                                
  169 cycles  |  167 cyc/s  |  5975405 ns/cyc
  0 constraint hits
[3F[J                                                                                
  169 cycles  |  167 cyc/s  |  5975405 ns/cyc
  0 constraint hits
[3F[J                                                                                
  169 cycles  |  167 cyc/s  |  5975405 ns/cyc
  0 constraint hits
[3F[J                                                                                
  169 cycles  |  167 cyc/s  |  5975405 ns/cyc
  0 constraint hits
[3F[J                                                                                
  169 cycles  |  167 cyc/s  |  5975405 ns/cyc
  0 constraint hits
[3F[J                                                                                
  169 cycles  |  167 cyc/s  |  5975405 ns/cyc
  0 constraint hits
[3F[J                                                                                
  169 cycles  |  167 cyc/s  |  5975405 ns/cyc
  0 constraint hits
[3F[J                                                                                
  169 cycles  |  167 cyc/s  |  5975405 ns/cyc
  0 constraint hits
[3F[J                                                                                
  169 cycles  |  167 cyc/s  |  5975405 ns/cyc
  0 constraint hits
[3F[J                                                                                
  169 cycles  |  167 cyc/s  |  5975405 ns/cyc
  0 constraint hits
[3F[J                                                                                
  169 cycles  |  167 cyc/s  |  5975405 ns/cyc
  0 constraint hits
[3F[J                                                                                
  169 cycles  |  167 cyc/s  |  5975405 ns/cyc
  0 constraint hits
[3F[J                                                                                
  169 cycles  |  167 cyc/s  |  5975405 ns/cyc
  0 constraint hits
[3F[J                                                                                
  169 cycles  |  167 cyc/s  |  5975405 ns/cyc
  0 constraint hits
[3F[J                                                                                
  169 cycles  |  167 cyc/s  |  5975405 ns/cyc
  0 constraint hits
[3F[J                                                                                
  169 cycles  |  167 cyc/s  |  5975405 ns/cyc
  0 constraint hits
[3F[J                                                                                
  169 cycles  |  167 cyc/s  |  5975405 ns/cyc
  0 constraint hits
[3F[J                                                                                
  207 cycles  |  164 cyc/s  |  6093365 ns/cyc
  0 constraint hits
[3F[J                                                                                
  207 cycles  |  164 cyc/s  |  6093365 ns/cyc
  0 constraint hits
[3F[J                                                                                
  207 cycles  |  164 cyc/s  |  6093365 ns/cyc
  0 constraint hits
[3F[J                                                                                
  207 cycles  |  164 cyc/s  |  6093365 ns/cyc
  0 constraint hits
[3F[J                                                                                
  207 cycles  |  164 cyc/s  |  6093365 ns/cyc
  0 constraint hits
[3F[J                                                                                
  207 cycles  |  164 cyc/s  |  6093365 ns/cyc
  0 constraint hits
[3F[J                                                                                
  207 cycles  |  164 cyc/s  |  6093365 ns/cyc
  0 constraint hits
[3F[J                                                                                
  207 cycles  |  164 cyc/s  |  6093365 ns/cyc
  0 constraint hits
[3F[J                                                                                
  207 cycles  |  164 cyc/s  |  6093365 ns/cyc
  0 constraint hits
[3F[J                                                                                
  207 cycles  |  164 cyc/s  |  6093365 ns/cyc
  0 constraint hits
[3F[J                                                                                
  207 cycles  |  164 cyc/s  |  6093365 ns/cyc
  0 constraint hits
[3F[J                                                                                
  207 cycles  |  164 cyc/s  |  6093365 ns/cyc
  0 constraint hits
[3F[J                                                                                
  207 cycles  |  164 cyc/s  |  6093365 ns/cyc
  0 constraint hits
[3F[J                                                                                
  207 cycles  |  164 cyc/s  |  6093365 ns/cyc
  0 constraint hits
[3F[J                                                                                
  207 cycles  |  164 cyc/s  |  6093365 ns/cyc
  0 constraint hits
[3F[J                                                                                
  207 cycles  |  164 cyc/s  |  6093365 ns/cyc
  0 constraint hits
[3F[J                                                                                
  207 cycles  |  164 cyc/s  |  6093365 ns/cyc
  0 constraint hits
[3F[J                                                                                
  207 cycles  |  164 cyc/s  |  6093365 ns/cyc
  0 constraint hits
[3F[J                                                                                
  207 cycles  |  164 cyc/s  |  6093365 ns/cyc
  0 constraint hits
[3F[J                                                                                
  207 cycles  |  164 cyc/s  |  6093365 ns/cyc
  0 constraint hits
[3F[J                                                                                
  207 cycles  |  164 cyc/s  |  6093365 ns/cyc
  0 constraint hits
[3F[J                                                                                
  207 cycles  |  164 cyc/s  |  6093365 ns/cyc
  0 constraint hits
[3F[J                                                                                
  207 cycles  |  164 cyc/s  |  6093365 ns/cyc
  0 constraint hits
[3F[J                                                                                
  207 cycles  |  164 cyc/s  |  6093365 ns/cyc
  0 constraint hits
[3F[J                                                                                
  207 cycles  |  164 cyc/s  |  6093365 ns/cyc
  0 constraint hits
[3F[J                                                                                
  207 cycles  |  164 cyc/s  |  6093365 ns/cyc
  0 constraint hits
[3F[J                                                                                
  207 cycles  |  164 cyc/s  |  6093365 ns/cyc
  0 constraint hits
[3F[J                                                                                
  207 cycles  |  164 cyc/s  |  6093365 ns/cyc
  0 constraint hits
[3F[J                                                                                
  207 cycles  |  164 cyc/s  |  6093365 ns/cyc
  0 constraint hits
[3F[J                                                                                
  207 cycles  |  164 cyc/s  |  6093365 ns/cyc
  0 constraint hits
[3F[J                                                                                
  207 cycles  |  164 cyc/s  |  6093365 ns/cyc
  0 constraint hits
[3F[J                                                                                
  207 cycles  |  164 cyc/s  |  6093365 ns/cyc
  0 constraint hits
[3F[J                                                                                
  207 cycles  |  164 cyc/s  |  6093365 ns/cyc
  0 constraint hits
[3F[J@@TIME_PROC_AVG COUNT:240 AVG_MS:6.171
@@TIME_THROUGHPUT COUNT:240 DURATION_S:1.481042 EVENTS_PER_S:162.048
                                                                                
  207 cycles  |  164 cyc/s  |  6093365 ns/cyc
  0 constraint hits
[3F[J                                                                                
  240 cycles  |  162 cyc/s  |  6168748 ns/cyc
  240 input events parsed in 0.000s  |  6168748 ns/event avg
  0 constraint hits total
  Breakdown:
   [#0@@MONITOR_END:2026-05-14T10:08:44.359017000Z
]: 0
   [#1]: 0
   [#2]: 0
   [#3]: 0
   [#4]: 0
   [#5]: 0
   [#6]: 0
   [#7]: 0
