@@MONITOR_START:2026-03-29T14:21:24.021439000Z
================================================================================
▌ 0 events
  0 trigger
================================================================================
▌ 0 events
  0 trigger
================================================================================
▌ 0 events
  0 trigger
================================================================================
▌ 0 events
  0 trigger
================================================================================
▌ 0 events
  0 trigger
================================================================================
▌ 0 events
  0 trigger
================================================================================
▌ 0 events
  0 trigger
================================================================================
▌ 0 events
  0 trigger
================================================================================
▌ 0 events
  0 trigger
================================================================================
▌ 0 events
  0 trigger
================================================================================
▌ 0 events
  0 trigger
================================================================================
▌ 0 events
  0 trigger
================================================================================
▌ 0 events
  0 trigger
================================================================================
▌ 0 events
  0 trigger
================================================================================
▌ 0 events
  0 trigger
================================================================================
▌ 0 events
  0 trigger
================================================================================
▌ 0 events
  0 trigger
================================================================================
▌ 0 events
  0 trigger
================================================================================
▌ 0 events
  0 trigger
================================================================================
▌ 0 events
  0 trigger
================================================================================
▌ 0 events
  0 trigger
================================================================================
▌ 0 events
  0 trigger
================================================================================
▌ 0 events
  0 trigger
================================================================================
▌ 0 events
  0 trigger
================================================================================
▌ 0 events
  0 trigger
================================================================================
▌ 0 events
  0 trigger
================================================================================
▀ 27 cycles, 104 cycles per second, 9613646 nsec per cycles
  0 trigger
================================================================================
▀ 27 cycles, 104 cycles per second, 9613646 nsec per cycles
  0 trigger
================================================================================
▀ 27 cycles, 104 cycles per second, 9613646 nsec per cycles
  0 trigger
================================================================================
▀ 27 cycles, 104 cycles per second, 9613646 nsec per cycles
  0 trigger
================================================================================
▀ 27 cycles, 104 cycles per second, 9613646 nsec per cycles
  0 trigger
================================================================================
▀ 27 cycles, 104 cycles per second, 9613646 nsec per cycles
  0 trigger
================================================================================
▀ 27 cycles, 104 cycles per second, 9613646 nsec per cycles
  0 trigger
================================================================================
▐ 34 cycles, 63 cycles per second, 15724827 nsec per cycles
  0 trigger
================================================================================
▐ 34 cycles, 63 cycles per second, 15724827 nsec per cycles
  0 trigger
================================================================================
▐ 34 cycles, 63 cycles per second, 15724827 nsec per cycles
  0 trigger
================================================================================
▐ 34 cycles, 63 cycles per second, 15724827 nsec per cycles
  0 trigger
================================================================================
▐ 34 cycles, 63 cycles per second, 15724827 nsec per cycles
  0 trigger
================================================================================
▄ 39 cycles, 48 cycles per second, 20504126 nsec per cycles
  0 trigger
================================================================================
▄ 39 cycles, 48 cycles per second, 20504126 nsec per cycles
  0 trigger
================================================================================
▄ 39 cycles, 48 cycles per second, 20504126 nsec per cycles
  0 trigger
================================================================================
▄ 39 cycles, 48 cycles per second, 20504126 nsec per cycles
  0 trigger
================================================================================
▌ 43 cycles, 40 cycles per second, 24624383 nsec per cycles
  0 trigger
================================================================================
▌ 43 cycles, 40 cycles per second, 24624383 nsec per cycles
  0 trigger
================================================================================
▌ 43 cycles, 40 cycles per second, 24624383 nsec per cycles
  0 trigger
================================================================================
▌ 43 cycles, 40 cycles per second, 24624383 nsec per cycles
  0 trigger
================================================================================
▀ 47 cycles, 34 cycles per second, 29134508 nsec per cycles
  0 trigger
================================================================================
▀ 47 cycles, 34 cycles per second, 29134508 nsec per cycles
  0 trigger
================================================================================
▀ 47 cycles, 34 cycles per second, 29134508 nsec per cycles
  0 trigger
================================================================================
▐ 50 cycles, 30 cycles per second, 32830779 nsec per cycles
  0 trigger
================================================================================
▐ 50 cycles, 30 cycles per second, 32830779 nsec per cycles
  0 trigger
================================================================================
▐ 50 cycles, 30 cycles per second, 32830779 nsec per cycles
  0 trigger
================================================================================
▐ 50 cycles, 30 cycles per second, 32830779 nsec per cycles
  0 trigger
================================================================================
▄ 53 cycles, 27 cycles per second, 36669760 nsec per cycles
  0 trigger
================================================================================
▄ 53 cycles, 27 cycles per second, 36669760 nsec per cycles
  0 trigger
================================================================================
▄ 53 cycles, 27 cycles per second, 36669760 nsec per cycles
  0 trigger
================================================================================
▄ 53 cycles, 27 cycles per second, 36669760 nsec per cycles
  0 trigger
================================================================================
▌ 56 cycles, 24 cycles per second, 40181373 nsec per cycles
  0 trigger
================================================================================
▌ 56 cycles, 24 cycles per second, 40181373 nsec per cycles
  0 trigger
================================================================================
▌ 56 cycles, 24 cycles per second, 40181373 nsec per cycles
  0 trigger
================================================================================
▌ 56 cycles, 24 cycles per second, 40181373 nsec per cycles
  0 trigger
================================================================================
▀ 58 cycles, 23 cycles per second, 42505174 nsec per cycles
  0 trigger
================================================================================
▀ 58 cycles, 23 cycles per second, 42505174 nsec per cycles
  0 trigger
================================================================================
▀ 58 cycles, 23 cycles per second, 42505174 nsec per cycles
  0 trigger
================================================================================
▀ 58 cycles, 23 cycles per second, 42505174 nsec per cycles
  0 trigger
================================================================================
▐ 62 cycles, 21 cycles per second, 46243221 nsec per cycles
  0 trigger
================================================================================
▐ 62 cycles, 21 cycles per second, 46243221 nsec per cycles
  0 trigger
================================================================================
▐ 62 cycles, 21 cycles per second, 46243221 nsec per cycles
  0 trigger
================================================================================
▄ 65 cycles, 20 cycles per second, 48371725 nsec per cycles
  0 trigger
================================================================================
▄ 65 cycles, 20 cycles per second, 48371725 nsec per cycles
  0 trigger
================================================================================
▄ 65 cycles, 20 cycles per second, 48371725 nsec per cycles
  0 trigger
================================================================================
▌ 68 cycles, 19 cycles per second, 50463906 nsec per cycles
  0 trigger
================================================================================
▌ 68 cycles, 19 cycles per second, 50463906 nsec per cycles
  0 trigger
================================================================================
▌ 68 cycles, 19 cycles per second, 50463906 nsec per cycles
  0 trigger
================================================================================
▀ 70 cycles, 19 cycles per second, 51725753 nsec per cycles
  0 trigger
================================================================================
▀ 70 cycles, 19 cycles per second, 51725753 nsec per cycles
  0 trigger
================================================================================
▀ 70 cycles, 19 cycles per second, 51725753 nsec per cycles
  0 trigger
================================================================================
▀ 70 cycles, 19 cycles per second, 51725753 nsec per cycles
  0 trigger
================================================================================
▀ 70 cycles, 19 cycles per second, 51725753 nsec per cycles
  0 trigger
================================================================================
▐ 74 cycles, 18 cycles per second, 54540430 nsec per cycles
  0 trigger
================================================================================
▐ 74 cycles, 18 cycles per second, 54540430 nsec per cycles
  0 trigger
================================================================================
▐ 74 cycles, 18 cycles per second, 54540430 nsec per cycles
  0 trigger
================================================================================
▄ 77 cycles, 17 cycles per second, 56116816 nsec per cycles
  0 trigger
================================================================================
▄ 77 cycles, 17 cycles per second, 56116816 nsec per cycles
  0 trigger
================================================================================
▄ 77 cycles, 17 cycles per second, 56116816 nsec per cycles
  0 trigger
================================================================================
▄ 77 cycles, 17 cycles per second, 56116816 nsec per cycles
  0 trigger
================================================================================
▄ 77 cycles, 17 cycles per second, 56116816 nsec per cycles
  0 trigger
================================================================================
▌ 80 cycles, 17 cycles per second, 58117529 nsec per cycles
  0 trigger
================================================================================
▌ 80 cycles, 17 cycles per second, 58117529 nsec per cycles
  0 trigger
================================================================================
▌ 80 cycles, 17 cycles per second, 58117529 nsec per cycles
  0 trigger
================================================================================
▀ 83 cycles, 16 cycles per second, 59405974 nsec per cycles
  0 trigger
================================================================================
▀ 83 cycles, 16 cycles per second, 59405974 nsec per cycles
  0 trigger
================================================================================
▀ 83 cycles, 16 cycles per second, 59405974 nsec per cycles
  0 trigger
================================================================================
▐ 86 cycles, 16 cycles per second, 60594633 nsec per cycles
  0 trigger
================================================================================
▐ 86 cycles, 16 cycles per second, 60594633 nsec per cycles
  0 trigger
================================================================================
▐ 86 cycles, 16 cycles per second, 60594633 nsec per cycles
  0 trigger
================================================================================
▄ 89 cycles, 16 cycles per second, 61761563 nsec per cycles
  0 trigger
================================================================================
▄ 89 cycles, 16 cycles per second, 61761563 nsec per cycles
  0 trigger
================================================================================
▄ 89 cycles, 16 cycles per second, 61761563 nsec per cycles
  0 trigger
================================================================================
▌ 92 cycles, 15 cycles per second, 62827825 nsec per cycles
  0 trigger
================================================================================
▌ 92 cycles, 15 cycles per second, 62827825 nsec per cycles
  0 trigger
================================================================================
▌ 92 cycles, 15 cycles per second, 62827825 nsec per cycles
  0 trigger
================================================================================
▀ 95 cycles, 15 cycles per second, 63807355 nsec per cycles
  0 trigger
================================================================================
▀ 95 cycles, 15 cycles per second, 63807355 nsec per cycles
  0 trigger
================================================================================
▀ 95 cycles, 15 cycles per second, 63807355 nsec per cycles
  0 trigger
================================================================================
▐ 97 cycles, 15 cycles per second, 64440692 nsec per cycles
  0 trigger
================================================================================
▐ 97 cycles, 15 cycles per second, 64440692 nsec per cycles
  0 trigger
================================================================================
▐ 97 cycles, 15 cycles per second, 64440692 nsec per cycles
  0 trigger
================================================================================
▐ 97 cycles, 15 cycles per second, 64440692 nsec per cycles
  0 trigger
================================================================================
▄ 101 cycles, 15 cycles per second, 65990551 nsec per cycles
  0 trigger
================================================================================
▄ 101 cycles, 15 cycles per second, 65990551 nsec per cycles
  0 trigger
================================================================================
▄ 101 cycles, 15 cycles per second, 65990551 nsec per cycles
  0 trigger
================================================================================
▌ 103 cycles, 15 cycles per second, 66516504 nsec per cycles
  0 trigger
================================================================================
▌ 103 cycles, 15 cycles per second, 66516504 nsec per cycles
  0 trigger
================================================================================
▌ 103 cycles, 15 cycles per second, 66516504 nsec per cycles
  0 trigger
================================================================================
▌ 103 cycles, 15 cycles per second, 66516504 nsec per cycles
  0 trigger
================================================================================
▀ 107 cycles, 14 cycles per second, 67776866 nsec per cycles
  0 trigger
================================================================================
▀ 107 cycles, 14 cycles per second, 67776866 nsec per cycles
  0 trigger
================================================================================
▀ 107 cycles, 14 cycles per second, 67776866 nsec per cycles
  0 trigger
================================================================================
▐ 110 cycles, 14 cycles per second, 68534076 nsec per cycles
  0 trigger
================================================================================
▐ 110 cycles, 14 cycles per second, 68534076 nsec per cycles
  0 trigger
================================================================================
▐ 110 cycles, 14 cycles per second, 68534076 nsec per cycles
  0 trigger
================================================================================
▄ 113 cycles, 14 cycles per second, 69216018 nsec per cycles
  0 trigger
================================================================================
▄ 113 cycles, 14 cycles per second, 69216018 nsec per cycles
  0 trigger
================================================================================
▄ 113 cycles, 14 cycles per second, 69216018 nsec per cycles
  0 trigger
================================================================================
▌ 116 cycles, 14 cycles per second, 69843190 nsec per cycles
  0 trigger
================================================================================
▌ 116 cycles, 14 cycles per second, 69843190 nsec per cycles
  0 trigger
================================================================================
▌ 116 cycles, 14 cycles per second, 69843190 nsec per cycles
  0 trigger
================================================================================
▌ 116 cycles, 14 cycles per second, 69843190 nsec per cycles
  0 trigger
================================================================================
▀ 119 cycles, 14 cycles per second, 70606744 nsec per cycles
  0 trigger
================================================================================
▀ 119 cycles, 14 cycles per second, 70606744 nsec per cycles
  0 trigger
================================================================================
▀ 119 cycles, 14 cycles per second, 70606744 nsec per cycles
  0 trigger
================================================================================
▀ 119 cycles, 14 cycles per second, 70606744 nsec per cycles
  0 trigger
================================================================================
▐ 122 cycles, 14 cycles per second, 71391330 nsec per cycles
  0 trigger
================================================================================
▐ 122 cycles, 14 cycles per second, 71391330 nsec per cycles
  0 trigger
================================================================================
▐ 122 cycles, 14 cycles per second, 71391330 nsec per cycles
  0 trigger
================================================================================
▄ 124 cycles, 13 cycles per second, 71724898 nsec per cycles
  0 trigger
================================================================================
▄ 124 cycles, 13 cycles per second, 71724898 nsec per cycles
  0 trigger
================================================================================
▄ 124 cycles, 13 cycles per second, 71724898 nsec per cycles
  0 trigger
================================================================================
▄ 124 cycles, 13 cycles per second, 71724898 nsec per cycles
  0 trigger
================================================================================
▌ 128 cycles, 13 cycles per second, 72531332 nsec per cycles
  0 trigger
================================================================================
▌ 128 cycles, 13 cycles per second, 72531332 nsec per cycles
  0 trigger
================================================================================
▌ 128 cycles, 13 cycles per second, 72531332 nsec per cycles
  0 trigger
================================================================================
▌ 128 cycles, 13 cycles per second, 72531332 nsec per cycles
  0 trigger
================================================================================
▀ 131 cycles, 13 cycles per second, 73209094 nsec per cycles
  0 trigger
================================================================================
▀ 131 cycles, 13 cycles per second, 73209094 nsec per cycles
  0 trigger
================================================================================
▀ 131 cycles, 13 cycles per second, 73209094 nsec per cycles
  0 trigger
================================================================================
▐ 134 cycles, 13 cycles per second, 73673580 nsec per cycles
  0 trigger
================================================================================
▐ 134 cycles, 13 cycles per second, 73673580 nsec per cycles
  0 trigger
================================================================================
▐ 134 cycles, 13 cycles per second, 73673580 nsec per cycles
  0 trigger
================================================================================
▄ 137 cycles, 13 cycles per second, 74100498 nsec per cycles
  0 trigger
================================================================================
▄ 137 cycles, 13 cycles per second, 74100498 nsec per cycles
  0 trigger
================================================================================
▄ 137 cycles, 13 cycles per second, 74100498 nsec per cycles
  0 trigger
================================================================================
▄ 137 cycles, 13 cycles per second, 74100498 nsec per cycles
  0 trigger
================================================================================
▌ 139 cycles, 13 cycles per second, 74527007 nsec per cycles
  0 trigger
================================================================================
▌ 139 cycles, 13 cycles per second, 74527007 nsec per cycles
  0 trigger
================================================================================
▌ 139 cycles, 13 cycles per second, 74527007 nsec per cycles
  0 trigger
================================================================================
▌ 139 cycles, 13 cycles per second, 74527007 nsec per cycles
  0 trigger
================================================================================
▀ 143 cycles, 13 cycles per second, 75157891 nsec per cycles
  0 trigger
================================================================================
▀ 143 cycles, 13 cycles per second, 75157891 nsec per cycles
  0 trigger
================================================================================
▀ 143 cycles, 13 cycles per second, 75157891 nsec per cycles
  0 trigger
================================================================================
▐ 146 cycles, 13 cycles per second, 75517638 nsec per cycles
  0 trigger
================================================================================
▐ 146 cycles, 13 cycles per second, 75517638 nsec per cycles
  0 trigger
================================================================================
▐ 146 cycles, 13 cycles per second, 75517638 nsec per cycles
  0 trigger
================================================================================
▄ 149 cycles, 13 cycles per second, 75895484 nsec per cycles
  0 trigger
================================================================================
▄ 149 cycles, 13 cycles per second, 75895484 nsec per cycles
  0 trigger
================================================================================
▄ 149 cycles, 13 cycles per second, 75895484 nsec per cycles
  0 trigger
================================================================================
▌ 151 cycles, 13 cycles per second, 76141249 nsec per cycles
  0 trigger
================================================================================
▌ 151 cycles, 13 cycles per second, 76141249 nsec per cycles
  0 trigger
================================================================================
▌ 151 cycles, 13 cycles per second, 76141249 nsec per cycles
  0 trigger
================================================================================
▌ 151 cycles, 13 cycles per second, 76141249 nsec per cycles
  0 trigger
================================================================================
▌ 151 cycles, 13 cycles per second, 76141249 nsec per cycles
  0 trigger
================================================================================
▀ 154 cycles, 13 cycles per second, 76782968 nsec per cycles
  0 trigger
================================================================================
▀ 154 cycles, 13 cycles per second, 76782968 nsec per cycles
  0 trigger
================================================================================
▀ 154 cycles, 13 cycles per second, 76782968 nsec per cycles
  0 trigger
================================================================================
▀ 154 cycles, 13 cycles per second, 76782968 nsec per cycles
  0 trigger
================================================================================
▀ 154 cycles, 13 cycles per second, 76782968 nsec per cycles
  0 trigger
================================================================================
▐ 158 cycles, 12 cycles per second, 77468297 nsec per cycles
  0 trigger
================================================================================
▐ 158 cycles, 12 cycles per second, 77468297 nsec per cycles
  0 trigger
================================================================================
▐ 158 cycles, 12 cycles per second, 77468297 nsec per cycles
  0 trigger
================================================================================
▄ 161 cycles, 12 cycles per second, 77798211 nsec per cycles
  0 trigger
================================================================================
▄ 161 cycles, 12 cycles per second, 77798211 nsec per cycles
  0 trigger
================================================================================
▄ 161 cycles, 12 cycles per second, 77798211 nsec per cycles
  0 trigger
================================================================================
▌ 164 cycles, 12 cycles per second, 78169239 nsec per cycles
  0 trigger
================================================================================
▌ 164 cycles, 12 cycles per second, 78169239 nsec per cycles
  0 trigger
================================================================================
▌ 164 cycles, 12 cycles per second, 78169239 nsec per cycles
  0 trigger
================================================================================
▀ 167 cycles, 12 cycles per second, 78425579 nsec per cycles
  0 trigger
================================================================================
▀ 167 cycles, 12 cycles per second, 78425579 nsec per cycles
  0 trigger
================================================================================
▀ 167 cycles, 12 cycles per second, 78425579 nsec per cycles
  0 trigger
================================================================================
▐ 170 cycles, 12 cycles per second, 78718637 nsec per cycles
  0 trigger
================================================================================
▐ 170 cycles, 12 cycles per second, 78718637 nsec per cycles
  0 trigger
================================================================================
▐ 170 cycles, 12 cycles per second, 78718637 nsec per cycles
  0 trigger
================================================================================
▄ 173 cycles, 12 cycles per second, 79002669 nsec per cycles
  0 trigger
================================================================================
▄ 173 cycles, 12 cycles per second, 79002669 nsec per cycles
  0 trigger
================================================================================
▄ 173 cycles, 12 cycles per second, 79002669 nsec per cycles
  0 trigger
================================================================================
▌ 176 cycles, 12 cycles per second, 79273639 nsec per cycles
  0 trigger
================================================================================
▌ 176 cycles, 12 cycles per second, 79273639 nsec per cycles
  0 trigger
================================================================================
▌ 176 cycles, 12 cycles per second, 79273639 nsec per cycles
  0 trigger
================================================================================
▌ 176 cycles, 12 cycles per second, 79273639 nsec per cycles
  0 trigger
================================================================================
▀ 178 cycles, 12 cycles per second, 79544714 nsec per cycles
  0 trigger
================================================================================
▀ 178 cycles, 12 cycles per second, 79544714 nsec per cycles
  0 trigger
================================================================================
▀ 178 cycles, 12 cycles per second, 79544714 nsec per cycles
  0 trigger
================================================================================
▀ 178 cycles, 12 cycles per second, 79544714 nsec per cycles
  0 trigger
================================================================================
▀ 178 cycles, 12 cycles per second, 79544714 nsec per cycles
  0 trigger
================================================================================
▐ 182 cycles, 12 cycles per second, 80121060 nsec per cycles
  0 trigger
================================================================================
▐ 182 cycles, 12 cycles per second, 80121060 nsec per cycles
  0 trigger
================================================================================
▐ 182 cycles, 12 cycles per second, 80121060 nsec per cycles
  0 trigger
================================================================================
▐ 182 cycles, 12 cycles per second, 80121060 nsec per cycles
  0 trigger
================================================================================
▄ 185 cycles, 12 cycles per second, 80459551 nsec per cycles
  0 trigger
================================================================================
▄ 185 cycles, 12 cycles per second, 80459551 nsec per cycles
  0 trigger
================================================================================
▄ 185 cycles, 12 cycles per second, 80459551 nsec per cycles
  0 trigger
================================================================================
▌ 188 cycles, 12 cycles per second, 80675082 nsec per cycles
  0 trigger
================================================================================
▌ 188 cycles, 12 cycles per second, 80675082 nsec per cycles
  0 trigger
================================================================================
▌ 188 cycles, 12 cycles per second, 80675082 nsec per cycles
  0 trigger
================================================================================
▀ 191 cycles, 12 cycles per second, 80885139 nsec per cycles
  0 trigger
================================================================================
▀ 191 cycles, 12 cycles per second, 80885139 nsec per cycles
  0 trigger
================================================================================
▀ 191 cycles, 12 cycles per second, 80885139 nsec per cycles
  0 trigger
================================================================================
▐ 194 cycles, 12 cycles per second, 81101300 nsec per cycles
  0 trigger
================================================================================
▐ 194 cycles, 12 cycles per second, 81101300 nsec per cycles
  0 trigger
================================================================================
▐ 194 cycles, 12 cycles per second, 81101300 nsec per cycles
  0 trigger
================================================================================
▄ 197 cycles, 12 cycles per second, 81297546 nsec per cycles
  0 trigger
================================================================================
▄ 197 cycles, 12 cycles per second, 81297546 nsec per cycles
  0 trigger
================================================================================
▄ 197 cycles, 12 cycles per second, 81297546 nsec per cycles
  0 trigger
================================================================================
▄ 197 cycles, 12 cycles per second, 81297546 nsec per cycles
  0 trigger
================================================================================
▌ 200 cycles, 12 cycles per second, 81581840 nsec per cycles
  0 trigger
================================================================================
▌ 200 cycles, 12 cycles per second, 81581840 nsec per cycles
  0 trigger
================================================================================
▌ 200 cycles, 12 cycles per second, 81581840 nsec per cycles
  0 trigger
================================================================================
▀ 203 cycles, 12 cycles per second, 81757893 nsec per cycles
  0 trigger
================================================================================
▀ 203 cycles, 12 cycles per second, 81757893 nsec per cycles
  0 trigger
================================================================================
▀ 203 cycles, 12 cycles per second, 81757893 nsec per cycles
  0 trigger
================================================================================
▐ 205 cycles, 12 cycles per second, 81863809 nsec per cycles
  0 trigger
================================================================================
▐ 205 cycles, 12 cycles per second, 81863809 nsec per cycles
  0 trigger
================================================================================
▐ 205 cycles, 12 cycles per second, 81863809 nsec per cycles
  0 trigger
================================================================================
▐ 205 cycles, 12 cycles per second, 81863809 nsec per cycles
  0 trigger
================================================================================
▄ 209 cycles, 12 cycles per second, 82319982 nsec per cycles
  0 trigger
================================================================================
▄ 209 cycles, 12 cycles per second, 82319982 nsec per cycles
  0 trigger
================================================================================
▄ 209 cycles, 12 cycles per second, 82319982 nsec per cycles
  0 trigger
================================================================================
▌ 212 cycles, 12 cycles per second, 82485597 nsec per cycles
  0 trigger
================================================================================
▌ 212 cycles, 12 cycles per second, 82485597 nsec per cycles
  0 trigger
================================================================================
▌ 212 cycles, 12 cycles per second, 82485597 nsec per cycles
  0 trigger
================================================================================
▀ 215 cycles, 12 cycles per second, 82643262 nsec per cycles
  0 trigger
================================================================================
▀ 215 cycles, 12 cycles per second, 82643262 nsec per cycles
  0 trigger
================================================================================
▀ 215 cycles, 12 cycles per second, 82643262 nsec per cycles
  0 trigger
================================================================================
▀ 215 cycles, 12 cycles per second, 82643262 nsec per cycles
  0 trigger
================================================================================
▐ 218 cycles, 12 cycles per second, 82900870 nsec per cycles
  0 trigger
================================================================================
▐ 218 cycles, 12 cycles per second, 82900870 nsec per cycles
  0 trigger
================================================================================
▐ 218 cycles, 12 cycles per second, 82900870 nsec per cycles
  0 trigger
================================================================================
▄ 221 cycles, 12 cycles per second, 83050180 nsec per cycles
  0 trigger
================================================================================
▄ 221 cycles, 12 cycles per second, 83050180 nsec per cycles
  0 trigger
================================================================================
▄ 221 cycles, 12 cycles per second, 83050180 nsec per cycles
  0 trigger
================================================================================
▌ 224 cycles, 12 cycles per second, 83202552 nsec per cycles
  0 trigger
================================================================================
▌ 224 cycles, 12 cycles per second, 83202552 nsec per cycles
  0 trigger
================================================================================
▌ 224 cycles, 12 cycles per second, 83202552 nsec per cycles
  0 trigger
================================================================================
▀ 227 cycles, 11 cycles per second, 83339573 nsec per cycles
  0 trigger
================================================================================
▀ 227 cycles, 11 cycles per second, 83339573 nsec per cycles
  0 trigger
================================================================================
▀ 227 cycles, 11 cycles per second, 83339573 nsec per cycles
  0 trigger
================================================================================
▀ 227 cycles, 11 cycles per second, 83339573 nsec per cycles
  0 trigger
================================================================================
▐ 230 cycles, 11 cycles per second, 83549978 nsec per cycles
  0 trigger
================================================================================
▐ 230 cycles, 11 cycles per second, 83549978 nsec per cycles
  0 trigger
================================================================================
▐ 230 cycles, 11 cycles per second, 83549978 nsec per cycles
  0 trigger
================================================================================
▐ 230 cycles, 11 cycles per second, 83549978 nsec per cycles
  0 trigger
================================================================================
▄ 232 cycles, 11 cycles per second, 83724476 nsec per cycles
  0 trigger
================================================================================
▄ 232 cycles, 11 cycles per second, 83724476 nsec per cycles
  0 trigger
================================================================================
▄ 232 cycles, 11 cycles per second, 83724476 nsec per cycles
  0 trigger
================================================================================
▄ 232 cycles, 11 cycles per second, 83724476 nsec per cycles
  0 trigger
================================================================================
▌ 236 cycles, 11 cycles per second, 83975260 nsec per cycles
  0 trigger
================================================================================
▌ 236 cycles, 11 cycles per second, 83975260 nsec per cycles
  0 trigger
================================================================================
▌ 236 cycles, 11 cycles per second, 83975260 nsec per cycles
  0 trigger
================================================================================
▌ 236 cycles, 11 cycles per second, 83975260 nsec per cycles
  0 trigger
================================================================================
▀ 239 cycles, 11 cycles per second, 84209323 nsec per cycles
  0 trigger
================================================================================
▀ 239 cycles, 11 cycles per second, 84209323 nsec per cycles
  0 trigger
================================================================================
▀ 239 cycles, 11 cycles per second, 84209323 nsec per cycles
  0 trigger
================================================================================
▐ 242 cycles, 11 cycles per second, 84345222 nsec per cycles
  0 trigger
================================================================================
▐ 242 cycles, 11 cycles per second, 84345222 nsec per cycles
  0 trigger
================================================================================
▐ 242 cycles, 11 cycles per second, 84345222 nsec per cycles
  0 trigger
================================================================================
▄ 245 cycles, 11 cycles per second, 84449778 nsec per cycles
  0 trigger
================================================================================
▄ 245 cycles, 11 cycles per second, 84449778 nsec per cycles
  0 trigger
================================================================================
▄ 245 cycles, 11 cycles per second, 84449778 nsec per cycles
  0 trigger
================================================================================
▄ 245 cycles, 11 cycles per second, 84449778 nsec per cycles
  0 trigger
================================================================================
▌ 248 cycles, 11 cycles per second, 84635202 nsec per cycles
  0 trigger
================================================================================
▌ 248 cycles, 11 cycles per second, 84635202 nsec per cycles
  0 trigger
================================================================================
▌ 248 cycles, 11 cycles per second, 84635202 nsec per cycles
  0 trigger
================================================================================
▀ 251 cycles, 11 cycles per second, 84753340 nsec per cycles
  0 trigger
================================================================================
▀ 251 cycles, 11 cycles per second, 84753340 nsec per cycles
  0 trigger
================================================================================
▀ 251 cycles, 11 cycles per second, 84753340 nsec per cycles
  0 trigger
================================================================================
▐ 254 cycles, 11 cycles per second, 84878523 nsec per cycles
  0 trigger
================================================================================
▐ 254 cycles, 11 cycles per second, 84878523 nsec per cycles
  0 trigger
================================================================================
▐ 254 cycles, 11 cycles per second, 84878523 nsec per cycles
  0 trigger
================================================================================
▐ 254 cycles, 11 cycles per second, 84878523 nsec per cycles
  0 trigger
================================================================================
▄ 257 cycles, 11 cycles per second, 85067181 nsec per cycles
  0 trigger
================================================================================
▄ 257 cycles, 11 cycles per second, 85067181 nsec per cycles
  0 trigger
================================================================================
▄ 257 cycles, 11 cycles per second, 85067181 nsec per cycles
  0 trigger
================================================================================
▄ 257 cycles, 11 cycles per second, 85067181 nsec per cycles
  0 trigger
================================================================================
▌ 259 cycles, 11 cycles per second, 85247146 nsec per cycles
  0 trigger
================================================================================
▌ 259 cycles, 11 cycles per second, 85247146 nsec per cycles
  0 trigger
================================================================================
▌ 259 cycles, 11 cycles per second, 85247146 nsec per cycles
  0 trigger
================================================================================
▌ 259 cycles, 11 cycles per second, 85247146 nsec per cycles
  0 trigger
================================================================================
▀ 263 cycles, 11 cycles per second, 85446154 nsec per cycles
  0 trigger
================================================================================
▀ 263 cycles, 11 cycles per second, 85446154 nsec per cycles
  0 trigger
================================================================================
▀ 263 cycles, 11 cycles per second, 85446154 nsec per cycles
  0 trigger
================================================================================
▐ 266 cycles, 11 cycles per second, 85518456 nsec per cycles
  0 trigger
================================================================================
▐ 266 cycles, 11 cycles per second, 85518456 nsec per cycles
  0 trigger
================================================================================
▐ 266 cycles, 11 cycles per second, 85518456 nsec per cycles
  0 trigger
================================================================================
▄ 269 cycles, 11 cycles per second, 85600325 nsec per cycles
  0 trigger
================================================================================
▄ 269 cycles, 11 cycles per second, 85600325 nsec per cycles
  0 trigger
================================================================================
▄ 269 cycles, 11 cycles per second, 85600325 nsec per cycles
  0 trigger
================================================================================
▌ 272 cycles, 11 cycles per second, 85700179 nsec per cycles
  0 trigger
================================================================================
▌ 272 cycles, 11 cycles per second, 85700179 nsec per cycles
  0 trigger
================================================================================
▌ 272 cycles, 11 cycles per second, 85700179 nsec per cycles
  0 trigger
================================================================================
▀ 275 cycles, 11 cycles per second, 85846374 nsec per cycles
  0 trigger
================================================================================
▀ 275 cycles, 11 cycles per second, 85846374 nsec per cycles
  0 trigger
================================================================================
▀ 275 cycles, 11 cycles per second, 85846374 nsec per cycles
  0 trigger
================================================================================
▀ 275 cycles, 11 cycles per second, 85846374 nsec per cycles
  0 trigger
================================================================================
▐ 278 cycles, 11 cycles per second, 86020168 nsec per cycles
  0 trigger
================================================================================
▐ 278 cycles, 11 cycles per second, 86020168 nsec per cycles
  0 trigger
================================================================================
▐ 278 cycles, 11 cycles per second, 86020168 nsec per cycles
  0 trigger
================================================================================
▄ 281 cycles, 11 cycles per second, 86124659 nsec per cycles
  0 trigger
================================================================================
▄ 281 cycles, 11 cycles per second, 86124659 nsec per cycles
  0 trigger
================================================================================
▄ 281 cycles, 11 cycles per second, 86124659 nsec per cycles
  0 trigger
================================================================================
▌ 284 cycles, 11 cycles per second, 86252386 nsec per cycles
  0 trigger
================================================================================
▌ 284 cycles, 11 cycles per second, 86252386 nsec per cycles
  0 trigger
================================================================================
▌ 284 cycles, 11 cycles per second, 86252386 nsec per cycles
  0 trigger
================================================================================
▌ 284 cycles, 11 cycles per second, 86252386 nsec per cycles
  0 trigger
================================================================================
▀ 287 cycles, 11 cycles per second, 86469392 nsec per cycles
  0 trigger
================================================================================
▀ 287 cycles, 11 cycles per second, 86469392 nsec per cycles
  0 trigger
================================================================================
▀ 287 cycles, 11 cycles per second, 86469392 nsec per cycles
  0 trigger
================================================================================
▀ 287 cycles, 11 cycles per second, 86469392 nsec per cycles
  0 trigger
================================================================================
▐ 290 cycles, 11 cycles per second, 86647477 nsec per cycles
  0 trigger
================================================================================
▐ 290 cycles, 11 cycles per second, 86647477 nsec per cycles
  0 trigger
================================================================================
▐ 290 cycles, 11 cycles per second, 86647477 nsec per cycles
  0 trigger
================================================================================
▄ 293 cycles, 11 cycles per second, 86737458 nsec per cycles
  0 trigger
================================================================================
▄ 293 cycles, 11 cycles per second, 86737458 nsec per cycles
  0 trigger
================================================================================
▄ 293 cycles, 11 cycles per second, 86737458 nsec per cycles
  0 trigger
================================================================================
▌ 295 cycles, 11 cycles per second, 86802094 nsec per cycles
  0 trigger
================================================================================
▌ 295 cycles, 11 cycles per second, 86802094 nsec per cycles
  0 trigger
================================================================================
▌ 295 cycles, 11 cycles per second, 86802094 nsec per cycles
  0 trigger
================================================================================
▌ 295 cycles, 11 cycles per second, 86802094 nsec per cycles
  0 trigger
================================================================================
▀ 299 cycles, 11 cycles per second, 87005351 nsec per cycles
  0 trigger
================================================================================
▀ 299 cycles, 11 cycles per second, 87005351 nsec per cycles
  0 trigger
================================================================================
▀ 299 cycles, 11 cycles per second, 87005351 nsec per cycles
  0 trigger
================================================================================
▐ 302 cycles, 11 cycles per second, 87080284 nsec per cycles
  0 trigger
================================================================================
▐ 302 cycles, 11 cycles per second, 87080284 nsec per cycles
  0 trigger
================================================================================
▐ 302 cycles, 11 cycles per second, 87080284 nsec per cycles
  0 trigger
================================================================================
▄ 305 cycles, 11 cycles per second, 87156689 nsec per cycles
  0 trigger
================================================================================
▄ 305 cycles, 11 cycles per second, 87156689 nsec per cycles
  0 trigger
================================================================================
▄ 305 cycles, 11 cycles per second, 87156689 nsec per cycles
  0 trigger
================================================================================
▌ 307 cycles, 11 cycles per second, 87204389 nsec per cycles
  0 trigger
================================================================================
▌ 307 cycles, 11 cycles per second, 87204389 nsec per cycles
  0 trigger
================================================================================
▌ 307 cycles, 11 cycles per second, 87204389 nsec per cycles
  0 trigger
================================================================================
▌ 307 cycles, 11 cycles per second, 87204389 nsec per cycles
  0 trigger
================================================================================
▀ 310 cycles, 11 cycles per second, 87343284 nsec per cycles
  0 trigger
================================================================================
▀ 310 cycles, 11 cycles per second, 87343284 nsec per cycles
  0 trigger
================================================================================
▀ 310 cycles, 11 cycles per second, 87343284 nsec per cycles
  0 trigger
================================================================================
▀ 310 cycles, 11 cycles per second, 87343284 nsec per cycles
  0 trigger
================================================================================
▐ 314 cycles, 11 cycles per second, 87527831 nsec per cycles
  0 trigger
================================================================================
▐ 314 cycles, 11 cycles per second, 87527831 nsec per cycles
  0 trigger
================================================================================
▐ 314 cycles, 11 cycles per second, 87527831 nsec per cycles
  0 trigger
================================================================================
▐ 314 cycles, 11 cycles per second, 87527831 nsec per cycles
  0 trigger
================================================================================
▐ 314 cycles, 11 cycles per second, 87527831 nsec per cycles
  0 trigger
================================================================================
▄ 317 cycles, 11 cycles per second, 87695458 nsec per cycles
  0 trigger
================================================================================
▄ 317 cycles, 11 cycles per second, 87695458 nsec per cycles
  0 trigger
================================================================================
▄ 317 cycles, 11 cycles per second, 87695458 nsec per cycles
  0 trigger
================================================================================
▌ 320 cycles, 11 cycles per second, 87762816 nsec per cycles
  0 trigger
================================================================================
▌ 320 cycles, 11 cycles per second, 87762816 nsec per cycles
  0 trigger
================================================================================
▌ 320 cycles, 11 cycles per second, 87762816 nsec per cycles
  0 trigger
================================================================================
▀ 323 cycles, 11 cycles per second, 87835126 nsec per cycles
  0 trigger
================================================================================
▀ 323 cycles, 11 cycles per second, 87835126 nsec per cycles
  0 trigger
================================================================================
▀ 323 cycles, 11 cycles per second, 87835126 nsec per cycles
  0 trigger
================================================================================
▐ 326 cycles, 11 cycles per second, 87900708 nsec per cycles
  0 trigger
================================================================================
▐ 326 cycles, 11 cycles per second, 87900708 nsec per cycles
  0 trigger
================================================================================
▐ 326 cycles, 11 cycles per second, 87900708 nsec per cycles
  0 trigger
================================================================================
▄ 329 cycles, 11 cycles per second, 87968260 nsec per cycles
  0 trigger
================================================================================
▄ 329 cycles, 11 cycles per second, 87968260 nsec per cycles
  0 trigger
================================================================================
▄ 329 cycles, 11 cycles per second, 87968260 nsec per cycles
  0 trigger
================================================================================
▌ 332 cycles, 11 cycles per second, 88020784 nsec per cycles
  0 trigger
================================================================================
▌ 332 cycles, 11 cycles per second, 88020784 nsec per cycles
  0 trigger
================================================================================
▌ 332 cycles, 11 cycles per second, 88020784 nsec per cycles
  0 trigger
================================================================================
▌ 332 cycles, 11 cycles per second, 88020784 nsec per cycles
  0 trigger
================================================================================
▀ 335 cycles, 11 cycles per second, 88154806 nsec per cycles
  0 trigger
================================================================================
▀ 335 cycles, 11 cycles per second, 88154806 nsec per cycles
  0 trigger
================================================================================
▀ 335 cycles, 11 cycles per second, 88154806 nsec per cycles
  0 trigger
================================================================================
▀ 335 cycles, 11 cycles per second, 88154806 nsec per cycles
  0 trigger
================================================================================
▐ 338 cycles, 11 cycles per second, 88263825 nsec per cycles
  0 trigger
================================================================================
▐ 338 cycles, 11 cycles per second, 88263825 nsec per cycles
  0 trigger
================================================================================
▐ 338 cycles, 11 cycles per second, 88263825 nsec per cycles
  0 trigger
================================================================================
▄ 341 cycles, 11 cycles per second, 88326439 nsec per cycles
  0 trigger
================================================================================
▄ 341 cycles, 11 cycles per second, 88326439 nsec per cycles
  0 trigger
================================================================================
▄ 341 cycles, 11 cycles per second, 88326439 nsec per cycles
  0 trigger
================================================================================
▄ 341 cycles, 11 cycles per second, 88326439 nsec per cycles
  0 trigger
================================================================================
▌ 344 cycles, 11 cycles per second, 88428541 nsec per cycles
  0 trigger
================================================================================
▌ 344 cycles, 11 cycles per second, 88428541 nsec per cycles
  0 trigger
================================================================================
▌ 344 cycles, 11 cycles per second, 88428541 nsec per cycles
  0 trigger
================================================================================
▀ 347 cycles, 11 cycles per second, 88481556 nsec per cycles
  0 trigger
================================================================================
▀ 347 cycles, 11 cycles per second, 88481556 nsec per cycles
  0 trigger
================================================================================
▀ 347 cycles, 11 cycles per second, 88481556 nsec per cycles
  0 trigger
================================================================================
▐ 350 cycles, 11 cycles per second, 88523366 nsec per cycles
  0 trigger
================================================================================
▐ 350 cycles, 11 cycles per second, 88523366 nsec per cycles
  0 trigger
================================================================================
▐ 350 cycles, 11 cycles per second, 88523366 nsec per cycles
  0 trigger
================================================================================
▄ 353 cycles, 11 cycles per second, 88566364 nsec per cycles
  0 trigger
================================================================================
▄ 353 cycles, 11 cycles per second, 88566364 nsec per cycles
  0 trigger
================================================================================
▄ 353 cycles, 11 cycles per second, 88566364 nsec per cycles
  0 trigger
================================================================================
▄ 353 cycles, 11 cycles per second, 88566364 nsec per cycles
  0 trigger
================================================================================
▌ 356 cycles, 11 cycles per second, 88667301 nsec per cycles
  0 trigger
================================================================================
▌ 356 cycles, 11 cycles per second, 88667301 nsec per cycles
  0 trigger
================================================================================
▌ 356 cycles, 11 cycles per second, 88667301 nsec per cycles
  0 trigger
================================================================================
▀ 359 cycles, 11 cycles per second, 88724547 nsec per cycles
  0 trigger
================================================================================
▀ 359 cycles, 11 cycles per second, 88724547 nsec per cycles
  0 trigger
================================================================================
▀ 359 cycles, 11 cycles per second, 88724547 nsec per cycles
  0 trigger
================================================================================
▀ 359 cycles, 11 cycles per second, 88724547 nsec per cycles
  0 trigger
================================================================================
▐ 362 cycles, 11 cycles per second, 88841225 nsec per cycles
  0 trigger
================================================================================
▐ 362 cycles, 11 cycles per second, 88841225 nsec per cycles
  0 trigger
================================================================================
▐ 362 cycles, 11 cycles per second, 88841225 nsec per cycles
  0 trigger
================================================================================
▄ 365 cycles, 11 cycles per second, 88890369 nsec per cycles
  0 trigger
================================================================================
▄ 365 cycles, 11 cycles per second, 88890369 nsec per cycles
  0 trigger
================================================================================
▄ 365 cycles, 11 cycles per second, 88890369 nsec per cycles
  0 trigger
================================================================================
▌ 368 cycles, 11 cycles per second, 88933042 nsec per cycles
  0 trigger
================================================================================
▌ 368 cycles, 11 cycles per second, 88933042 nsec per cycles
  0 trigger
================================================================================
▌ 368 cycles, 11 cycles per second, 88933042 nsec per cycles
  0 trigger
================================================================================
▌ 368 cycles, 11 cycles per second, 88933042 nsec per cycles
  0 trigger
================================================================================
▀ 371 cycles, 11 cycles per second, 89019712 nsec per cycles
  0 trigger
================================================================================
▀ 371 cycles, 11 cycles per second, 89019712 nsec per cycles
  0 trigger
================================================================================
▀ 371 cycles, 11 cycles per second, 89019712 nsec per cycles
  0 trigger
================================================================================
▐ 373 cycles, 11 cycles per second, 89042747 nsec per cycles
  0 trigger
================================================================================
▐ 373 cycles, 11 cycles per second, 89042747 nsec per cycles
  0 trigger
================================================================================
▐ 373 cycles, 11 cycles per second, 89042747 nsec per cycles
  0 trigger
================================================================================
▐ 373 cycles, 11 cycles per second, 89042747 nsec per cycles
  0 trigger
================================================================================
▐ 373 cycles, 11 cycles per second, 89042747 nsec per cycles
  0 trigger
================================================================================
▄ 377 cycles, 11 cycles per second, 89205392 nsec per cycles
  0 trigger
================================================================================
▄ 377 cycles, 11 cycles per second, 89205392 nsec per cycles
  0 trigger
================================================================================
▄ 377 cycles, 11 cycles per second, 89205392 nsec per cycles
  0 trigger
================================================================================
▌ 380 cycles, 11 cycles per second, 89253192 nsec per cycles
  0 trigger
================================================================================
▌ 380 cycles, 11 cycles per second, 89253192 nsec per cycles
  0 trigger
================================================================================
▌ 380 cycles, 11 cycles per second, 89253192 nsec per cycles
  0 trigger
================================================================================
▀ 383 cycles, 11 cycles per second, 89307914 nsec per cycles
  0 trigger
================================================================================
▀ 383 cycles, 11 cycles per second, 89307914 nsec per cycles
  0 trigger
================================================================================
▀ 383 cycles, 11 cycles per second, 89307914 nsec per cycles
  0 trigger
================================================================================
▐ 385 cycles, 11 cycles per second, 89332429 nsec per cycles
  0 trigger
================================================================================
▐ 385 cycles, 11 cycles per second, 89332429 nsec per cycles
  0 trigger
================================================================================
▐ 385 cycles, 11 cycles per second, 89332429 nsec per cycles
  0 trigger
================================================================================
▐ 385 cycles, 11 cycles per second, 89332429 nsec per cycles
  0 trigger
================================================================================
▄ 389 cycles, 11 cycles per second, 89430390 nsec per cycles
  0 trigger
================================================================================
▄ 389 cycles, 11 cycles per second, 89430390 nsec per cycles
  0 trigger
================================================================================
▄ 389 cycles, 11 cycles per second, 89430390 nsec per cycles
  0 trigger
================================================================================
▌ 392 cycles, 11 cycles per second, 89496244 nsec per cycles
  0 trigger
================================================================================
▌ 392 cycles, 11 cycles per second, 89496244 nsec per cycles
  0 trigger
================================================================================
▌ 392 cycles, 11 cycles per second, 89496244 nsec per cycles
  0 trigger
================================================================================
▀ 394 cycles, 11 cycles per second, 89521913 nsec per cycles
  0 trigger
================================================================================
▀ 394 cycles, 11 cycles per second, 89521913 nsec per cycles
  0 trigger
================================================================================
▀ 394 cycles, 11 cycles per second, 89521913 nsec per cycles
  0 trigger
================================================================================
▀ 394 cycles, 11 cycles per second, 89521913 nsec per cycles
  0 trigger
================================================================================
▀ 394 cycles, 11 cycles per second, 89521913 nsec per cycles
  0 trigger
================================================================================
▐ 398 cycles, 11 cycles per second, 89667171 nsec per cycles
  0 trigger
================================================================================
▐ 398 cycles, 11 cycles per second, 89667171 nsec per cycles
  0 trigger
================================================================================
▐ 398 cycles, 11 cycles per second, 89667171 nsec per cycles
  0 trigger
================================================================================
▄ 401 cycles, 11 cycles per second, 89704795 nsec per cycles
  0 trigger
================================================================================
▄ 401 cycles, 11 cycles per second, 89704795 nsec per cycles
  0 trigger
================================================================================
▄ 401 cycles, 11 cycles per second, 89704795 nsec per cycles
  0 trigger
================================================================================
▌ 404 cycles, 11 cycles per second, 89738556 nsec per cycles
  0 trigger
================================================================================
▌ 404 cycles, 11 cycles per second, 89738556 nsec per cycles
  0 trigger
================================================================================
▌ 404 cycles, 11 cycles per second, 89738556 nsec per cycles
  0 trigger
================================================================================
▀ 407 cycles, 11 cycles per second, 89789225 nsec per cycles
  0 trigger
================================================================================
▀ 407 cycles, 11 cycles per second, 89789225 nsec per cycles
  0 trigger
================================================================================
▀ 407 cycles, 11 cycles per second, 89789225 nsec per cycles
  0 trigger
================================================================================
▐ 410 cycles, 11 cycles per second, 89820851 nsec per cycles
  0 trigger
================================================================================
▐ 410 cycles, 11 cycles per second, 89820851 nsec per cycles
  0 trigger
================================================================================
▐ 410 cycles, 11 cycles per second, 89820851 nsec per cycles
  0 trigger
================================================================================
▄ 413 cycles, 11 cycles per second, 89845807 nsec per cycles
  0 trigger
================================================================================
▄ 413 cycles, 11 cycles per second, 89845807 nsec per cycles
  0 trigger
================================================================================
▄ 413 cycles, 11 cycles per second, 89845807 nsec per cycles
  0 trigger
================================================================================
▄ 413 cycles, 11 cycles per second, 89845807 nsec per cycles
  0 trigger
================================================================================
▄ 413 cycles, 11 cycles per second, 89845807 nsec per cycles
  0 trigger
================================================================================
▌ 416 cycles, 11 cycles per second, 89986516 nsec per cycles
  0 trigger
================================================================================
▌ 416 cycles, 11 cycles per second, 89986516 nsec per cycles
  0 trigger
================================================================================
▌ 416 cycles, 11 cycles per second, 89986516 nsec per cycles
  0 trigger
================================================================================
▀ 419 cycles, 11 cycles per second, 90019597 nsec per cycles
  0 trigger
================================================================================
▀ 419 cycles, 11 cycles per second, 90019597 nsec per cycles
  0 trigger
================================================================================
▀ 419 cycles, 11 cycles per second, 90019597 nsec per cycles
  0 trigger
================================================================================
▐ 422 cycles, 11 cycles per second, 90052498 nsec per cycles
  0 trigger
================================================================================
▐ 422 cycles, 11 cycles per second, 90052498 nsec per cycles
  0 trigger
================================================================================
▐ 422 cycles, 11 cycles per second, 90052498 nsec per cycles
  0 trigger
================================================================================
▄ 425 cycles, 11 cycles per second, 90084744 nsec per cycles
  0 trigger
================================================================================
▄ 425 cycles, 11 cycles per second, 90084744 nsec per cycles
  0 trigger
================================================================================
▄ 425 cycles, 11 cycles per second, 90084744 nsec per cycles
  0 trigger
================================================================================
▄ 425 cycles, 11 cycles per second, 90084744 nsec per cycles
  0 trigger
================================================================================
▌ 428 cycles, 11 cycles per second, 90159770 nsec per cycles
  0 trigger
================================================================================
▌ 428 cycles, 11 cycles per second, 90159770 nsec per cycles
  0 trigger
================================================================================
▌ 428 cycles, 11 cycles per second, 90159770 nsec per cycles
  0 trigger
================================================================================
▀ 431 cycles, 11 cycles per second, 90181621 nsec per cycles
  0 trigger
================================================================================
▀ 431 cycles, 11 cycles per second, 90181621 nsec per cycles
  0 trigger
================================================================================
▀ 431 cycles, 11 cycles per second, 90181621 nsec per cycles
  0 trigger
================================================================================
▐ 433 cycles, 11 cycles per second, 90199120 nsec per cycles
  0 trigger
================================================================================
▐ 433 cycles, 11 cycles per second, 90199120 nsec per cycles
  0 trigger
================================================================================
▐ 433 cycles, 11 cycles per second, 90199120 nsec per cycles
  0 trigger
================================================================================
▐ 433 cycles, 11 cycles per second, 90199120 nsec per cycles
  0 trigger
================================================================================
▄ 436 cycles, 11 cycles per second, 90269350 nsec per cycles
  0 trigger
================================================================================
▄ 436 cycles, 11 cycles per second, 90269350 nsec per cycles
  0 trigger
================================================================================
▄ 436 cycles, 11 cycles per second, 90269350 nsec per cycles
  0 trigger
================================================================================
▄ 436 cycles, 11 cycles per second, 90269350 nsec per cycles
  0 trigger
================================================================================
▌ 440 cycles, 11 cycles per second, 90375006 nsec per cycles
  0 trigger
================================================================================
▌ 440 cycles, 11 cycles per second, 90375006 nsec per cycles
  0 trigger
================================================================================
▌ 440 cycles, 11 cycles per second, 90375006 nsec per cycles
  0 trigger
================================================================================
▌ 440 cycles, 11 cycles per second, 90375006 nsec per cycles
  0 trigger
================================================================================
▀ 443 cycles, 11 cycles per second, 90454493 nsec per cycles
  0 trigger
================================================================================
▀ 443 cycles, 11 cycles per second, 90454493 nsec per cycles
  0 trigger
================================================================================
▀ 443 cycles, 11 cycles per second, 90454493 nsec per cycles
  0 trigger
================================================================================
▐ 446 cycles, 11 cycles per second, 90495160 nsec per cycles
  0 trigger
================================================================================
▐ 446 cycles, 11 cycles per second, 90495160 nsec per cycles
  0 trigger
================================================================================
▐ 446 cycles, 11 cycles per second, 90495160 nsec per cycles
  0 trigger
================================================================================
▄ 449 cycles, 11 cycles per second, 90517713 nsec per cycles
  0 trigger
================================================================================
▄ 449 cycles, 11 cycles per second, 90517713 nsec per cycles
  0 trigger
================================================================================
▄ 449 cycles, 11 cycles per second, 90517713 nsec per cycles
  0 trigger
================================================================================
▌ 452 cycles, 11 cycles per second, 90531012 nsec per cycles
  0 trigger
================================================================================
▌ 452 cycles, 11 cycles per second, 90531012 nsec per cycles
  0 trigger
================================================================================
▌ 452 cycles, 11 cycles per second, 90531012 nsec per cycles
  0 trigger
================================================================================
▌ 452 cycles, 11 cycles per second, 90531012 nsec per cycles
  0 trigger
================================================================================
▀ 455 cycles, 11 cycles per second, 90648915 nsec per cycles
  0 trigger
================================================================================
▀ 455 cycles, 11 cycles per second, 90648915 nsec per cycles
  0 trigger
================================================================================
▀ 455 cycles, 11 cycles per second, 90648915 nsec per cycles
  0 trigger
================================================================================
▐ 458 cycles, 11 cycles per second, 90682866 nsec per cycles
  0 trigger
================================================================================
▐ 458 cycles, 11 cycles per second, 90682866 nsec per cycles
  0 trigger
================================================================================
▐ 458 cycles, 11 cycles per second, 90682866 nsec per cycles
  0 trigger
================================================================================
▐ 458 cycles, 11 cycles per second, 90682866 nsec per cycles
  0 trigger
================================================================================
▄ 461 cycles, 11 cycles per second, 90745732 nsec per cycles
  0 trigger
================================================================================
▄ 461 cycles, 11 cycles per second, 90745732 nsec per cycles
  0 trigger
================================================================================
▄ 461 cycles, 11 cycles per second, 90745732 nsec per cycles
  0 trigger
================================================================================
▌ 464 cycles, 11 cycles per second, 90771353 nsec per cycles
  0 trigger
================================================================================
▌ 464 cycles, 11 cycles per second, 90771353 nsec per cycles
  0 trigger
================================================================================
▌ 464 cycles, 11 cycles per second, 90771353 nsec per cycles
  0 trigger
================================================================================
▀ 466 cycles, 11 cycles per second, 90787519 nsec per cycles
  0 trigger
================================================================================
▀ 466 cycles, 11 cycles per second, 90787519 nsec per cycles
  0 trigger
================================================================================
▀ 466 cycles, 11 cycles per second, 90787519 nsec per cycles
  0 trigger
================================================================================
▀ 466 cycles, 11 cycles per second, 90787519 nsec per cycles
  0 trigger
================================================================================
▐ 470 cycles, 11 cycles per second, 90880397 nsec per cycles
  0 trigger
================================================================================
▐ 470 cycles, 11 cycles per second, 90880397 nsec per cycles
  0 trigger
================================================================================
▐ 470 cycles, 11 cycles per second, 90880397 nsec per cycles
  0 trigger
================================================================================
▄ 472 cycles, 11 cycles per second, 90890573 nsec per cycles
  0 trigger
================================================================================
▄ 472 cycles, 11 cycles per second, 90890573 nsec per cycles
  0 trigger
================================================================================
▄ 472 cycles, 11 cycles per second, 90890573 nsec per cycles
  0 trigger
================================================================================
▄ 472 cycles, 11 cycles per second, 90890573 nsec per cycles
  0 trigger
================================================================================
▌ 476 cycles, 10 cycles per second, 90959849 nsec per cycles
  0 trigger
================================================================================
▌ 476 cycles, 10 cycles per second, 90959849 nsec per cycles
  0 trigger
================================================================================
▌ 476 cycles, 10 cycles per second, 90959849 nsec per cycles
  0 trigger
================================================================================
▀ 479 cycles, 10 cycles per second, 90979073 nsec per cycles
  0 trigger
================================================================================
▀ 479 cycles, 10 cycles per second, 90979073 nsec per cycles
  0 trigger
================================================================================
▀ 479 cycles, 10 cycles per second, 90979073 nsec per cycles
  0 trigger
================================================================================
▀ 479 cycles, 10 cycles per second, 90979073 nsec per cycles
  0 trigger
================================================================================
▐ 482 cycles, 10 cycles per second, 91032911 nsec per cycles
  0 trigger
================================================================================
▐ 482 cycles, 10 cycles per second, 91032911 nsec per cycles
  0 trigger
================================================================================
▐ 482 cycles, 10 cycles per second, 91032911 nsec per cycles
  0 trigger
================================================================================
▄ 485 cycles, 10 cycles per second, 91058800 nsec per cycles
  0 trigger
================================================================================
▄ 485 cycles, 10 cycles per second, 91058800 nsec per cycles
  0 trigger
================================================================================
▄ 485 cycles, 10 cycles per second, 91058800 nsec per cycles
  0 trigger
================================================================================
▌ 488 cycles, 10 cycles per second, 91084627 nsec per cycles
  0 trigger
================================================================================
▌ 488 cycles, 10 cycles per second, 91084627 nsec per cycles
  0 trigger
================================================================================
▌ 488 cycles, 10 cycles per second, 91084627 nsec per cycles
  0 trigger
================================================================================
▀ 491 cycles, 10 cycles per second, 91113101 nsec per cycles
  0 trigger
================================================================================
▀ 491 cycles, 10 cycles per second, 91113101 nsec per cycles
  0 trigger
================================================================================
▀ 491 cycles, 10 cycles per second, 91113101 nsec per cycles
  0 trigger
================================================================================
▀ 491 cycles, 10 cycles per second, 91113101 nsec per cycles
  0 trigger
================================================================================
▐ 494 cycles, 10 cycles per second, 91199241 nsec per cycles
  0 trigger
================================================================================
▐ 494 cycles, 10 cycles per second, 91199241 nsec per cycles
  0 trigger
================================================================================
▐ 494 cycles, 10 cycles per second, 91199241 nsec per cycles
  0 trigger
================================================================================
▄ 497 cycles, 10 cycles per second, 91221371 nsec per cycles
  0 trigger
================================================================================
▄ 497 cycles, 10 cycles per second, 91221371 nsec per cycles
  0 trigger
================================================================================
▄ 497 cycles, 10 cycles per second, 91221371 nsec per cycles
  0 trigger
================================================================================
▌ 499 cycles, 10 cycles per second, 91238225 nsec per cycles
  0 trigger
@TIME_PROC_AVG COUNT:500 AVG_MS:91.301
@@TIME_THROUGHPUT COUNT:500 DURATION_S:45.651974 EVENTS_PER_S:10.952
F================================================================================
▌ 499 cycles, 10 cycles per second, 91238225 nsec per cycles
  0 trigger
================================================================================
  500 cycles, 10 cycles per second, 91287666 nsec per cycles
  500 input events parsed in @@MONITOR_END:2026-03-29T14:22:09.673848000Z
0.001520119 secs; 91287666 nsec per event on average
  0 trigger in total
  Trigger details:
   [#0]: 0
   [#1]: 0
   [#2]: 0
   [#3]: 0
   [#4]: 0
   [#5]: 0
   [#6]: 0
   [#7]: 0
