@@MONITOR_START:2026-05-14T09:55:02.708427000Z
[3F[J                                                                                
  0 cycles
  0 constraint hits
[3F[J                                                                                
  0 cycles
  0 constraint hits
[3F[J                                                                                
  0 cycles
  0 constraint hits
[3F[J                                                                                
  0 cycles
  0 constraint hits
[3F[J                                                                                
  0 cycles
  0 constraint hits
[3F[J                                                                                
  0 cycles
  0 constraint hits
[3F[J                                                                                
  0 cycles
  0 constraint hits
[3F[J                                                                                
  0 cycles
  0 constraint hits
[3F[J                                                                                
  0 cycles
  0 constraint hits
[3F[J                                                                                
  0 cycles
  0 constraint hits
[3F[J                                                                                
  0 cycles
  0 constraint hits
[3F[J                                                                                
  0 cycles
  0 constraint hits
[3F[J                                                                                
  0 cycles
  0 constraint hits
[3F[J                                                                                
  0 cycles
  0 constraint hits
[3F[J                                                                                
  0 cycles
  0 constraint hits
[3F[J                                                                                
  0 cycles
  0 constraint hits
[3F[J                                                                                
  0 cycles
  0 constraint hits
[3F[J                                                                                
  0 cycles
  0 constraint hits
[3F[J                                                                                
  0 cycles
  0 constraint hits
[3F[J                                                                                
  0 cycles
  0 constraint hits
[3F[J                                                                                
  0 cycles
  0 constraint hits
[3F[J                                                                                
  0 cycles
  0 constraint hits
[3F[J                                                                                
  0 cycles
  0 constraint hits
[3F[J                                                                                
  0 cycles
  0 constraint hits
[3F[J                                                                                
  0 cycles
  0 constraint hits
[3F[J                                                                                
  0 cycles
  0 constraint hits
[3F[J                                                                                
  0 cycles
  0 constraint hits
[3F[J                                                                                
  0 cycles
  0 constraint hits
[3F[J                                                                                
  0 cycles
  0 constraint hits
[3F[J                                                                                
  0 cycles
  0 constraint hits
[3F[J                                                                                
  0 cycles
  0 constraint hits
[3F[J                                                                                
  0 cycles
  0 constraint hits
[3F[J                                                                                
  0 cycles
  0 constraint hits
[3F[J                                                                                
  0 cycles
  0 constraint hits
[3F[J                                                                                
  0 cycles
  0 constraint hits
[3F[J                                                                                
  0 cycles
  0 constraint hits
[3F[J                                                                                
  0 cycles
  0 constraint hits
[3F[J                                                                                
  0 cycles
  0 constraint hits
[3F[J                                                                                
  0 cycles
  0 constraint hits
[3F[J                                                                                
  0 cycles
  0 constraint hits
[3F[J                                                                                
  0 cycles
  0 constraint hits
[3F[J                                                                                
  0 cycles
  0 constraint hits
[3F[J                                                                                
  0 cycles
  0 constraint hits
[3F[J                                                                                
  0 cycles
  0 constraint hits
[3F[J                                                                                
  0 cycles
  0 constraint hits
[3F[J                                                                                
  46 cycles  |  180 cyc/s  |  5527878 ns/cyc
  0 constraint hits
[3F[J                                                                                
  46 cycles  |  180 cyc/s  |  5527878 ns/cyc
  0 constraint hits
[3F[J                                                                                
  46 cycles  |  180 cyc/s  |  5527878 ns/cyc
  0 constraint hits
[3F[J                                                                                
  46 cycles  |  180 cyc/s  |  5527878 ns/cyc
  0 constraint hits
[3F[J                                                                                
  46 cycles  |  180 cyc/s  |  5527878 ns/cyc
  0 constraint hits
[3F[J                                                                                
  46 cycles  |  180 cyc/s  |  5527878 ns/cyc
  0 constraint hits
[3F[J                                                                                
  46 cycles  |  180 cyc/s  |  5527878 ns/cyc
  0 constraint hits
[3F[J                                                                                
  46 cycles  |  180 cyc/s  |  5527878 ns/cyc
  0 constraint hits
[3F[J                                                                                
  46 cycles  |  180 cyc/s  |  5527878 ns/cyc
  0 constraint hits
[3F[J                                                                                
  46 cycles  |  180 cyc/s  |  5527878 ns/cyc
  0 constraint hits
[3F[J                                                                                
  46 cycles  |  180 cyc/s  |  5527878 ns/cyc
  0 constraint hits
[3F[J                                                                                
  46 cycles  |  180 cyc/s  |  5527878 ns/cyc
  0 constraint hits
[3F[J                                                                                
  46 cycles  |  180 cyc/s  |  5527878 ns/cyc
  0 constraint hits
[3F[J                                                                                
  46 cycles  |  180 cyc/s  |  5527878 ns/cyc
  0 constraint hits
[3F[J                                                                                
  46 cycles  |  180 cyc/s  |  5527878 ns/cyc
  0 constraint hits
[3F[J                                                                                
  46 cycles  |  180 cyc/s  |  5527878 ns/cyc
  0 constraint hits
[3F[J                                                                                
  46 cycles  |  180 cyc/s  |  5527878 ns/cyc
  0 constraint hits
[3F[J                                                                                
  46 cycles  |  180 cyc/s  |  5527878 ns/cyc
  0 constraint hits
[3F[J                                                                                
  46 cycles  |  180 cyc/s  |  5527878 ns/cyc
  0 constraint hits
[3F[J                                                                                
  46 cycles  |  180 cyc/s  |  5527878 ns/cyc
  0 constraint hits
[3F[J                                                                                
  46 cycles  |  180 cyc/s  |  5527878 ns/cyc
  0 constraint hits
[3F[J                                                                                
  46 cycles  |  180 cyc/s  |  5527878 ns/cyc
  0 constraint hits
[3F[J                                                                                
  46 cycles  |  180 cyc/s  |  5527878 ns/cyc
  0 constraint hits
[3F[J                                                                                
  46 cycles  |  180 cyc/s  |  5527878 ns/cyc
  0 constraint hits
[3F[J                                                                                
  46 cycles  |  180 cyc/s  |  5527878 ns/cyc
  0 constraint hits
[3F[J                                                                                
  46 cycles  |  180 cyc/s  |  5527878 ns/cyc
  0 constraint hits
[3F[J                                                                                
  46 cycles  |  180 cyc/s  |  5527878 ns/cyc
  0 constraint hits
[3F[J                                                                                
  46 cycles  |  180 cyc/s  |  5527878 ns/cyc
  0 constraint hits
[3F[J                                                                                
  46 cycles  |  180 cyc/s  |  5527878 ns/cyc
  0 constraint hits
[3F[J                                                                                
  46 cycles  |  180 cyc/s  |  5527878 ns/cyc
  0 constraint hits
[3F[J                                                                                
  46 cycles  |  180 cyc/s  |  5527878 ns/cyc
  0 constraint hits
[3F[J                                                                                
  77 cycles  |  152 cyc/s  |  6575740 ns/cyc
  0 constraint hits
[3F[J                                                                                
  77 cycles  |  152 cyc/s  |  6575740 ns/cyc
  0 constraint hits
[3F[J                                                                                
  77 cycles  |  152 cyc/s  |  6575740 ns/cyc
  0 constraint hits
[3F[J                                                                                
  77 cycles  |  152 cyc/s  |  6575740 ns/cyc
  0 constraint hits
[3F[J                                                                                
  77 cycles  |  152 cyc/s  |  6575740 ns/cyc
  0 constraint hits
[3F[J                                                                                
  77 cycles  |  152 cyc/s  |  6575740 ns/cyc
  0 constraint hits
[3F[J                                                                                
  77 cycles  |  152 cyc/s  |  6575740 ns/cyc
  0 constraint hits
[3F[J                                                                                
  77 cycles  |  152 cyc/s  |  6575740 ns/cyc
  0 constraint hits
[3F[J                                                                                
  77 cycles  |  152 cyc/s  |  6575740 ns/cyc
  0 constraint hits
[3F[J                                                                                
  77 cycles  |  152 cyc/s  |  6575740 ns/cyc
  0 constraint hits
[3F[J                                                                                
  77 cycles  |  152 cyc/s  |  6575740 ns/cyc
  0 constraint hits
[3F[J                                                                                
  77 cycles  |  152 cyc/s  |  6575740 ns/cyc
  0 constraint hits
[3F[J                                                                                
  77 cycles  |  152 cyc/s  |  6575740 ns/cyc
  0 constraint hits
[3F[J                                                                                
  77 cycles  |  152 cyc/s  |  6575740 ns/cyc
  0 constraint hits
[3F[J                                                                                
  77 cycles  |  152 cyc/s  |  6575740 ns/cyc
  0 constraint hits
[3F[J                                                                                
  77 cycles  |  152 cyc/s  |  6575740 ns/cyc
  0 constraint hits
[3F[J                                                                                
  77 cycles  |  152 cyc/s  |  6575740 ns/cyc
  0 constraint hits
[3F[J                                                                                
  77 cycles  |  152 cyc/s  |  6575740 ns/cyc
  0 constraint hits
[3F[J                                                                                
  77 cycles  |  152 cyc/s  |  6575740 ns/cyc
  0 constraint hits
[3F[J                                                                                
  77 cycles  |  152 cyc/s  |  6575740 ns/cyc
  0 constraint hits
[3F[J                                                                                
  77 cycles  |  152 cyc/s  |  6575740 ns/cyc
  0 constraint hits
[3F[J                                                                                
  77 cycles  |  152 cyc/s  |  6575740 ns/cyc
  0 constraint hits
[3F[J                                                                                
  77 cycles  |  152 cyc/s  |  6575740 ns/cyc
  0 constraint hits
[3F[J                                                                                
  77 cycles  |  152 cyc/s  |  6575740 ns/cyc
  0 constraint hits
[3F[J                                                                                
  77 cycles  |  152 cyc/s  |  6575740 ns/cyc
  0 constraint hits
[3F[J                                                                                
  77 cycles  |  152 cyc/s  |  6575740 ns/cyc
  0 constraint hits
[3F[J                                                                                
  77 cycles  |  152 cyc/s  |  6575740 ns/cyc
  0 constraint hits
[3F[J                                                                                
  77 cycles  |  152 cyc/s  |  6575740 ns/cyc
  0 constraint hits
[3F[J                                                                                
  77 cycles  |  152 cyc/s  |  6575740 ns/cyc
  0 constraint hits
[3F[J                                                                                
  77 cycles  |  152 cyc/s  |  6575740 ns/cyc
  0 constraint hits
[3F[J                                                                                
  77 cycles  |  152 cyc/s  |  6575740 ns/cyc
  0 constraint hits
[3F[J                                                                                
  108 cycles  |  141 cyc/s  |  7063768 ns/cyc
  0 constraint hits
[3F[J                                                                                
  108 cycles  |  141 cyc/s  |  7063768 ns/cyc
  0 constraint hits
[3F[J                                                                                
  108 cycles  |  141 cyc/s  |  7063768 ns/cyc
  0 constraint hits
[3F[J                                                                                
  108 cycles  |  141 cyc/s  |  7063768 ns/cyc
  0 constraint hits
[3F[J                                                                                
  108 cycles  |  141 cyc/s  |  7063768 ns/cyc
  0 constraint hits
[3F[J                                                                                
  108 cycles  |  141 cyc/s  |  7063768 ns/cyc
  0 constraint hits
[3F[J                                                                                
  108 cycles  |  141 cyc/s  |  7063768 ns/cyc
  0 constraint hits
[3F[J                                                                                
  108 cycles  |  141 cyc/s  |  7063768 ns/cyc
  0 constraint hits
[3F[J                                                                                
  108 cycles  |  141 cyc/s  |  7063768 ns/cyc
  0 constraint hits
[3F[J                                                                                
  108 cycles  |  141 cyc/s  |  7063768 ns/cyc
  0 constraint hits
[3F[J                                                                                
  108 cycles  |  141 cyc/s  |  7063768 ns/cyc
  0 constraint hits
[3F[J                                                                                
  108 cycles  |  141 cyc/s  |  7063768 ns/cyc
  0 constraint hits
[3F[J                                                                                
  108 cycles  |  141 cyc/s  |  7063768 ns/cyc
  0 constraint hits
[3F[J                                                                                
  108 cycles  |  141 cyc/s  |  7063768 ns/cyc
  0 constraint hits
[3F[J                                                                                
  108 cycles  |  141 cyc/s  |  7063768 ns/cyc
  0 constraint hits
[3F[J                                                                                
  108 cycles  |  141 cyc/s  |  7063768 ns/cyc
  0 constraint hits
[3F[J                                                                                
  108 cycles  |  141 cyc/s  |  7063768 ns/cyc
  0 constraint hits
[3F[J                                                                                
  108 cycles  |  141 cyc/s  |  7063768 ns/cyc
  0 constraint hits
[3F[J                                                                                
  108 cycles  |  141 cyc/s  |  7063768 ns/cyc
  0 constraint hits
[3F[J                                                                                
  108 cycles  |  141 cyc/s  |  7063768 ns/cyc
  0 constraint hits
[3F[J                                                                                
  108 cycles  |  141 cyc/s  |  7063768 ns/cyc
  0 constraint hits
[3F[J                                                                                
  108 cycles  |  141 cyc/s  |  7063768 ns/cyc
  0 constraint hits
[3F[J                                                                                
  108 cycles  |  141 cyc/s  |  7063768 ns/cyc
  0 constraint hits
[3F[J                                                                                
  108 cycles  |  141 cyc/s  |  7063768 ns/cyc
  0 constraint hits
[3F[J                                                                                
  108 cycles  |  141 cyc/s  |  7063768 ns/cyc
  0 constraint hits
[3F[J                                                                                
  108 cycles  |  141 cyc/s  |  7063768 ns/cyc
  0 constraint hits
[3F[J                                                                                
  108 cycles  |  141 cyc/s  |  7063768 ns/cyc
  0 constraint hits
[3F[J                                                                                
  108 cycles  |  141 cyc/s  |  7063768 ns/cyc
  0 constraint hits
[3F[J                                                                                
  108 cycles  |  141 cyc/s  |  7063768 ns/cyc
  0 constraint hits
[3F[J                                                                                
  108 cycles  |  141 cyc/s  |  7063768 ns/cyc
  0 constraint hits
[3F[J                                                                                
  108 cycles  |  141 cyc/s  |  7063768 ns/cyc
  0 constraint hits
[3F[J                                                                                
  139 cycles  |  136 cyc/s  |  7330734 ns/cyc
  0 constraint hits
[3F[J                                                                                
  139 cycles  |  136 cyc/s  |  7330734 ns/cyc
  0 constraint hits
[3F[J                                                                                
  139 cycles  |  136 cyc/s  |  7330734 ns/cyc
  0 constraint hits
[3F[J                                                                                
  139 cycles  |  136 cyc/s  |  7330734 ns/cyc
  0 constraint hits
[3F[J                                                                                
  139 cycles  |  136 cyc/s  |  7330734 ns/cyc
  0 constraint hits
[3F[J                                                                                
  139 cycles  |  136 cyc/s  |  7330734 ns/cyc
  0 constraint hits
[3F[J                                                                                
  139 cycles  |  136 cyc/s  |  7330734 ns/cyc
  0 constraint hits
[3F[J                                                                                
  139 cycles  |  136 cyc/s  |  7330734 ns/cyc
  0 constraint hits
[3F[J                                                                                
  139 cycles  |  136 cyc/s  |  7330734 ns/cyc
  0 constraint hits
[3F[J                                                                                
  139 cycles  |  136 cyc/s  |  7330734 ns/cyc
  0 constraint hits
[3F[J                                                                                
  139 cycles  |  136 cyc/s  |  7330734 ns/cyc
  0 constraint hits
[3F[J                                                                                
  139 cycles  |  136 cyc/s  |  7330734 ns/cyc
  0 constraint hits
[3F[J                                                                                
  139 cycles  |  136 cyc/s  |  7330734 ns/cyc
  0 constraint hits
[3F[J                                                                                
  139 cycles  |  136 cyc/s  |  7330734 ns/cyc
  0 constraint hits
[3F[J                                                                                
  139 cycles  |  136 cyc/s  |  7330734 ns/cyc
  0 constraint hits
[3F[J                                                                                
  139 cycles  |  136 cyc/s  |  7330734 ns/cyc
  0 constraint hits
[3F[J                                                                                
  139 cycles  |  136 cyc/s  |  7330734 ns/cyc
  0 constraint hits
[3F[J                                                                                
  139 cycles  |  136 cyc/s  |  7330734 ns/cyc
  0 constraint hits
[3F[J                                                                                
  139 cycles  |  136 cyc/s  |  7330734 ns/cyc
  0 constraint hits
[3F[J                                                                                
  139 cycles  |  136 cyc/s  |  7330734 ns/cyc
  0 constraint hits
[3F[J                                                                                
  139 cycles  |  136 cyc/s  |  7330734 ns/cyc
  0 constraint hits
[3F[J                                                                                
  139 cycles  |  136 cyc/s  |  7330734 ns/cyc
  0 constraint hits
[3F[J                                                                                
  139 cycles  |  136 cyc/s  |  7330734 ns/cyc
  0 constraint hits
[3F[J                                                                                
  139 cycles  |  136 cyc/s  |  7330734 ns/cyc
  0 constraint hits
[3F[J                                                                                
  139 cycles  |  136 cyc/s  |  7330734 ns/cyc
  0 constraint hits
[3F[J                                                                                
  139 cycles  |  136 cyc/s  |  7330734 ns/cyc
  0 constraint hits
[3F[J                                                                                
  139 cycles  |  136 cyc/s  |  7330734 ns/cyc
  0 constraint hits
[3F[J                                                                                
  139 cycles  |  136 cyc/s  |  7330734 ns/cyc
  0 constraint hits
[3F[J                                                                                
  139 cycles  |  136 cyc/s  |  7330734 ns/cyc
  0 constraint hits
[3F[J                                                                                
  139 cycles  |  136 cyc/s  |  7330734 ns/cyc
  0 constraint hits
[3F[J                                                                                
  139 cycles  |  136 cyc/s  |  7330734 ns/cyc
  0 constraint hits
[3F[J                                                                                
  170 cycles  |  133 cyc/s  |  7508234 ns/cyc
  0 constraint hits
[3F[J                                                                                
  170 cycles  |  133 cyc/s  |  7508234 ns/cyc
  0 constraint hits
[3F[J                                                                                
  170 cycles  |  133 cyc/s  |  7508234 ns/cyc
  0 constraint hits
[3F[J                                                                                
  170 cycles  |  133 cyc/s  |  7508234 ns/cyc
  0 constraint hits
[3F[J                                                                                
  170 cycles  |  133 cyc/s  |  7508234 ns/cyc
  0 constraint hits
[3F[J                                                                                
  170 cycles  |  133 cyc/s  |  7508234 ns/cyc
  0 constraint hits
[3F[J                                                                                
  170 cycles  |  133 cyc/s  |  7508234 ns/cyc
  0 constraint hits
[3F[J                                                                                
  170 cycles  |  133 cyc/s  |  7508234 ns/cyc
  0 constraint hits
[3F[J                                                                                
  170 cycles  |  133 cyc/s  |  7508234 ns/cyc
  0 constraint hits
[3F[J                                                                                
  170 cycles  |  133 cyc/s  |  7508234 ns/cyc
  0 constraint hits
[3F[J                                                                                
  170 cycles  |  133 cyc/s  |  7508234 ns/cyc
  0 constraint hits
[3F[J                                                                                
  170 cycles  |  133 cyc/s  |  7508234 ns/cyc
  0 constraint hits
[3F[J                                                                                
  170 cycles  |  133 cyc/s  |  7508234 ns/cyc
  0 constraint hits
[3F[J                                                                                
  170 cycles  |  133 cyc/s  |  7508234 ns/cyc
  0 constraint hits
[3F[J                                                                                
  170 cycles  |  133 cyc/s  |  7508234 ns/cyc
  0 constraint hits
[3F[J                                                                                
  170 cycles  |  133 cyc/s  |  7508234 ns/cyc
  0 constraint hits
[3F[J                                                                                
  170 cycles  |  133 cyc/s  |  7508234 ns/cyc
  0 constraint hits
[3F[J                                                                                
  170 cycles  |  133 cyc/s  |  7508234 ns/cyc
  0 constraint hits
[3F[J                                                                                
  170 cycles  |  133 cyc/s  |  7508234 ns/cyc
  0 constraint hits
[3F[J                                                                                
  170 cycles  |  133 cyc/s  |  7508234 ns/cyc
  0 constraint hits
[3F[J                                                                                
  170 cycles  |  133 cyc/s  |  7508234 ns/cyc
  0 constraint hits
[3F[J                                                                                
  170 cycles  |  133 cyc/s  |  7508234 ns/cyc
  0 constraint hits
[3F[J                                                                                
  170 cycles  |  133 cyc/s  |  7508234 ns/cyc
  0 constraint hits
[3F[J                                                                                
  170 cycles  |  133 cyc/s  |  7508234 ns/cyc
  0 constraint hits
[3F[J                                                                                
  170 cycles  |  133 cyc/s  |  7508234 ns/cyc
  0 constraint hits
[3F[J                                                                                
  170 cycles  |  133 cyc/s  |  7508234 ns/cyc
  0 constraint hits
[3F[J                                                                                
  170 cycles  |  133 cyc/s  |  7508234 ns/cyc
  0 constraint hits
[3F[J                                                                                
  170 cycles  |  133 cyc/s  |  7508234 ns/cyc
  0 constraint hits
[3F[J                                                                                
  170 cycles  |  133 cyc/s  |  7508234 ns/cyc
  0 constraint hits
[3F[J                                                                                
  170 cycles  |  133 cyc/s  |  7508234 ns/cyc
  0 constraint hits
[3F[J                                                                                
  170 cycles  |  133 cyc/s  |  7508234 ns/cyc
  0 constraint hits
[3F[J                                                                                
  201 cycles  |  131 cyc/s  |  7617013 ns/cyc
  0 constraint hits
[3F[J                                                                                
  201 cycles  |  131 cyc/s  |  7617013 ns/cyc
  0 constraint hits
[3F[J                                                                                
  201 cycles  |  131 cyc/s  |  7617013 ns/cyc
  0 constraint hits
[3F[J                                                                                
  201 cycles  |  131 cyc/s  |  7617013 ns/cyc
  0 constraint hits
[3F[J                                                                                
  201 cycles  |  131 cyc/s  |  7617013 ns/cyc
  0 constraint hits
[3F[J                                                                                
  201 cycles  |  131 cyc/s  |  7617013 ns/cyc
  0 constraint hits
[3F[J                                                                                
  201 cycles  |  131 cyc/s  |  7617013 ns/cyc
  0 constraint hits
[3F[J                                                                                
  201 cycles  |  131 cyc/s  |  7617013 ns/cyc
  0 constraint hits
[3F[J                                                                                
  201 cycles  |  131 cyc/s  |  7617013 ns/cyc
  0 constraint hits
[3F[J                                                                                
  201 cycles  |  131 cyc/s  |  7617013 ns/cyc
  0 constraint hits
[3F[J                                                                                
  201 cycles  |  131 cyc/s  |  7617013 ns/cyc
  0 constraint hits
[3F[J                                                                                
  201 cycles  |  131 cyc/s  |  7617013 ns/cyc
  0 constraint hits
[3F[J                                                                                
  201 cycles  |  131 cyc/s  |  7617013 ns/cyc
  0 constraint hits
[3F[J                                                                                
  201 cycles  |  131 cyc/s  |  7617013 ns/cyc
  0 constraint hits
[3F[J                                                                                
  201 cycles  |  131 cyc/s  |  7617013 ns/cyc
  0 constraint hits
[3F[J                                                                                
  201 cycles  |  131 cyc/s  |  7617013 ns/cyc
  0 constraint hits
[3F[J                                                                                
  201 cycles  |  131 cyc/s  |  7617013 ns/cyc
  0 constraint hits
[3F[J                                                                                
  201 cycles  |  131 cyc/s  |  7617013 ns/cyc
  0 constraint hits
[3F[J                                                                                
  201 cycles  |  131 cyc/s  |  7617013 ns/cyc
  0 constraint hits
[3F[J                                                                                
  201 cycles  |  131 cyc/s  |  7617013 ns/cyc
  0 constraint hits
[3F[J                                                                                
  201 cycles  |  131 cyc/s  |  7617013 ns/cyc
  0 constraint hits
[3F[J                                                                                
  201 cycles  |  131 cyc/s  |  7617013 ns/cyc
  0 constraint hits
[3F[J                                                                                
  201 cycles  |  131 cyc/s  |  7617013 ns/cyc
  0 constraint hits
[3F[J                                                                                
  201 cycles  |  131 cyc/s  |  7617013 ns/cyc
  0 constraint hits
[3F[J                                                                                
  201 cycles  |  131 cyc/s  |  7617013 ns/cyc
  0 constraint hits
[3F[J                                                                                
  201 cycles  |  131 cyc/s  |  7617013 ns/cyc
  0 constraint hits
[3F[J                                                                                
  201 cycles  |  131 cyc/s  |  7617013 ns/cyc
  0 constraint hits
[3F[J                                                                                
  201 cycles  |  131 cyc/s  |  7617013 ns/cyc
  0 constraint hits
[3F[J                                                                                
  201 cycles  |  131 cyc/s  |  7617013 ns/cyc
  0 constraint hits
[3F[J                                                                                
  201 cycles  |  131 cyc/s  |  7617013 ns/cyc
  0 constraint hits
[3F[J                                                                                
  201 cycles  |  131 cyc/s  |  7617013 ns/cyc
  0 constraint hits
[3F[J                                                                                
  232 cycles  |  129 cyc/s  |  7695288 ns/cyc
  0 constraint hits
[3F[J                                                                                
  232 cycles  |  129 cyc/s  |  7695288 ns/cyc
  0 constraint hits
[3F[J                                                                                
  232 cycles  |  129 cyc/s  |  7695288 ns/cyc
  0 constraint hits
[3F[J                                                                                
  232 cycles  |  129 cyc/s  |  7695288 ns/cyc
  0 constraint hits
[3F[J                                                                                
  232 cycles  |  129 cyc/s  |  7695288 ns/cyc
  0 constraint hits
[3F[J                                                                                
  232 cycles  |  129 cyc/s  |  7695288 ns/cyc
  0 constraint hits
[3F[J                                                                                
  232 cycles  |  129 cyc/s  |  7695288 ns/cyc
  0 constraint hits
[3F[J                                                                                
  232 cycles  |  129 cyc/s  |  7695288 ns/cyc
  0 constraint hits
[3F[J                                                                                
  232 cycles  |  129 cyc/s  |  7695288 ns/cyc
  0 constraint hits
[3F[J                                                                                
  232 cycles  |  129 cyc/s  |  7695288 ns/cyc
  0 constraint hits
[3F[J                                                                                
  232 cycles  |  129 cyc/s  |  7695288 ns/cyc
  0 constraint hits
[3F[J                                                                                
  232 cycles  |  129 cyc/s  |  7695288 ns/cyc
  0 constraint hits
[3F[J                                                                                
  232 cycles  |  129 cyc/s  |  7695288 ns/cyc
  0 constraint hits
[3F[J                                                                                
  232 cycles  |  129 cyc/s  |  7695288 ns/cyc
  0 constraint hits
[3F[J                                                                                
  232 cycles  |  129 cyc/s  |  7695288 ns/cyc
  0 constraint hits
[3F[J                                                                                
  232 cycles  |  129 cyc/s  |  7695288 ns/cyc
  0 constraint hits
[3F[J                                                                                
  232 cycles  |  129 cyc/s  |  7695288 ns/cyc
  0 constraint hits
[3F[J                                                                                
  232 cycles  |  129 cyc/s  |  7695288 ns/cyc
  0 constraint hits
[3F[J                                                                                
  232 cycles  |  129 cyc/s  |  7695288 ns/cyc
  0 constraint hits
[3F[J                                                                                
  232 cycles  |  129 cyc/s  |  7695288 ns/cyc
  0 constraint hits
[3F[J                                                                                
  232 cycles  |  129 cyc/s  |  7695288 ns/cyc
  0 constraint hits
[3F[J                                                                                
  232 cycles  |  129 cyc/s  |  7695288 ns/cyc
  0 constraint hits
[3F[J                                                                                
  232 cycles  |  129 cyc/s  |  7695288 ns/cyc
  0 constraint hits
[3F[J                                                                                
  232 cycles  |  129 cyc/s  |  7695288 ns/cyc
  0 constraint hits
[3F[J                                                                                
  232 cycles  |  129 cyc/s  |  7695288 ns/cyc
  0 constraint hits
[3F[J                                                                                
  232 cycles  |  129 cyc/s  |  7695288 ns/cyc
  0 constraint hits
[3F[J                                                                                
  232 cycles  |  129 cyc/s  |  7695288 ns/cyc
  0 constraint hits
[3F[J                                                                                
  232 cycles  |  129 cyc/s  |  7695288 ns/cyc
  0 constraint hits
[3F[J                                                                                
  232 cycles  |  129 cyc/s  |  7695288 ns/cyc
  0 constraint hits
[3F[J                                                                                
  232 cycles  |  129 cyc/s  |  7695288 ns/cyc
  0 constraint hits
[3F[J                                                                                
  232 cycles  |  129 cyc/s  |  7695288 ns/cyc
  0 constraint hits
[3F[J                                                                                
  263 cycles  |  128 cyc/s  |  7758223 ns/cyc
  0 constraint hits
[3F[J                                                                                
  263 cycles  |  128 cyc/s  |  7758223 ns/cyc
  0 constraint hits
[3F[J                                                                                
  263 cycles  |  128 cyc/s  |  7758223 ns/cyc
  0 constraint hits
[3F[J                                                                                
  263 cycles  |  128 cyc/s  |  7758223 ns/cyc
  0 constraint hits
[3F[J                                                                                
  263 cycles  |  128 cyc/s  |  7758223 ns/cyc
  0 constraint hits
[3F[J                                                                                
  263 cycles  |  128 cyc/s  |  7758223 ns/cyc
  0 constraint hits
[3F[J                                                                                
  263 cycles  |  128 cyc/s  |  7758223 ns/cyc
  0 constraint hits
[3F[J                                                                                
  263 cycles  |  128 cyc/s  |  7758223 ns/cyc
  0 constraint hits
[3F[J                                                                                
  263 cycles  |  128 cyc/s  |  7758223 ns/cyc
  0 constraint hits
[3F[J                                                                                
  263 cycles  |  128 cyc/s  |  7758223 ns/cyc
  0 constraint hits
[3F[J                                                                                
  263 cycles  |  128 cyc/s  |  7758223 ns/cyc
  0 constraint hits
[3F[J                                                                                
  263 cycles  |  128 cyc/s  |  7758223 ns/cyc
  0 constraint hits
[3F[J                                                                                
  263 cycles  |  128 cyc/s  |  7758223 ns/cyc
  0 constraint hits
[3F[J                                                                                
  263 cycles  |  128 cyc/s  |  7758223 ns/cyc
  0 constraint hits
[3F[J                                                                                
  263 cycles  |  128 cyc/s  |  7758223 ns/cyc
  0 constraint hits
[3F[J                                                                                
  263 cycles  |  128 cyc/s  |  7758223 ns/cyc
  0 constraint hits
[3F[J                                                                                
  263 cycles  |  128 cyc/s  |  7758223 ns/cyc
  0 constraint hits
[3F[J                                                                                
  263 cycles  |  128 cyc/s  |  7758223 ns/cyc
  0 constraint hits
[3F[J                                                                                
  263 cycles  |  128 cyc/s  |  7758223 ns/cyc
  0 constraint hits
[3F[J                                                                                
  263 cycles  |  128 cyc/s  |  7758223 ns/cyc
  0 constraint hits
[3F[J                                                                                
  263 cycles  |  128 cyc/s  |  7758223 ns/cyc
  0 constraint hits
[3F[J                                                                                
  263 cycles  |  128 cyc/s  |  7758223 ns/cyc
  0 constraint hits
[3F[J                                                                                
  263 cycles  |  128 cyc/s  |  7758223 ns/cyc
  0 constraint hits
[3F[J                                                                                
  263 cycles  |  128 cyc/s  |  7758223 ns/cyc
  0 constraint hits
[3F[J                                                                                
  263 cycles  |  128 cyc/s  |  7758223 ns/cyc
  0 constraint hits
[3F[J                                                                                
  263 cycles  |  128 cyc/s  |  7758223 ns/cyc
  0 constraint hits
[3F[J                                                                                
  263 cycles  |  128 cyc/s  |  7758223 ns/cyc
  0 constraint hits
[3F[J                                                                                
  263 cycles  |  128 cyc/s  |  7758223 ns/cyc
  0 constraint hits
[3F[J                                                                                
  263 cycles  |  128 cyc/s  |  7758223 ns/cyc
  0 constraint hits
[3F[J                                                                                
  263 cycles  |  128 cyc/s  |  7758223 ns/cyc
  0 constraint hits
[3F[J                                                                                
  263 cycles  |  128 cyc/s  |  7758223 ns/cyc
  0 constraint hits
[3F[J                                                                                
  294 cycles  |  127 cyc/s  |  7814797 ns/cyc
  0 constraint hits
[3F[J                                                                                
  294 cycles  |  127 cyc/s  |  7814797 ns/cyc
  0 constraint hits
[3F[J                                                                                
  294 cycles  |  127 cyc/s  |  7814797 ns/cyc
  0 constraint hits
[3F[J                                                                                
  294 cycles  |  127 cyc/s  |  7814797 ns/cyc
  0 constraint hits
[3F[J                                                                                
  294 cycles  |  127 cyc/s  |  7814797 ns/cyc
  0 constraint hits
[3F[J                                                                                
  294 cycles  |  127 cyc/s  |  7814797 ns/cyc
  0 constraint hits
[3F[J                                                                                
  294 cycles  |  127 cyc/s  |  7814797 ns/cyc
  0 constraint hits
[3F[J                                                                                
  294 cycles  |  127 cyc/s  |  7814797 ns/cyc
  0 constraint hits
[3F[J                                                                                
  294 cycles  |  127 cyc/s  |  7814797 ns/cyc
  0 constraint hits
[3F[J                                                                                
  294 cycles  |  127 cyc/s  |  7814797 ns/cyc
  0 constraint hits
[3F[J                                                                                
  294 cycles  |  127 cyc/s  |  7814797 ns/cyc
  0 constraint hits
[3F[J                                                                                
  294 cycles  |  127 cyc/s  |  7814797 ns/cyc
  0 constraint hits
[3F[J                                                                                
  294 cycles  |  127 cyc/s  |  7814797 ns/cyc
  0 constraint hits
[3F[J                                                                                
  294 cycles  |  127 cyc/s  |  7814797 ns/cyc
  0 constraint hits
[3F[J                                                                                
  294 cycles  |  127 cyc/s  |  7814797 ns/cyc
  0 constraint hits
[3F[J                                                                                
  294 cycles  |  127 cyc/s  |  7814797 ns/cyc
  0 constraint hits
[3F[J                                                                                
  294 cycles  |  127 cyc/s  |  7814797 ns/cyc
  0 constraint hits
[3F[J                                                                                
  294 cycles  |  127 cyc/s  |  7814797 ns/cyc
  0 constraint hits
[3F[J                                                                                
  294 cycles  |  127 cyc/s  |  7814797 ns/cyc
  0 constraint hits
[3F[J                                                                                
  294 cycles  |  127 cyc/s  |  7814797 ns/cyc
  0 constraint hits
[3F[J                                                                                
  294 cycles  |  127 cyc/s  |  7814797 ns/cyc
  0 constraint hits
[3F[J                                                                                
  294 cycles  |  127 cyc/s  |  7814797 ns/cyc
  0 constraint hits
[3F[J                                                                                
  294 cycles  |  127 cyc/s  |  7814797 ns/cyc
  0 constraint hits
[3F[J                                                                                
  294 cycles  |  127 cyc/s  |  7814797 ns/cyc
  0 constraint hits
[3F[J                                                                                
  294 cycles  |  127 cyc/s  |  7814797 ns/cyc
  0 constraint hits
[3F[J                                                                                
  294 cycles  |  127 cyc/s  |  7814797 ns/cyc
  0 constraint hits
[3F[J                                                                                
  294 cycles  |  127 cyc/s  |  7814797 ns/cyc
  0 constraint hits
[3F[J                                                                                
  294 cycles  |  127 cyc/s  |  7814797 ns/cyc
  0 constraint hits
[3F[J                                                                                
  294 cycles  |  127 cyc/s  |  7814797 ns/cyc
  0 constraint hits
[3F[J                                                                                
  294 cycles  |  127 cyc/s  |  7814797 ns/cyc
  0 constraint hits
[3F[J                                                                                
  294 cycles  |  127 cyc/s  |  7814797 ns/cyc
  0 constraint hits
[3F[J                                                                                
  325 cycles  |  127 cyc/s  |  7861463 ns/cyc
  0 constraint hits
[3F[J                                                                                
  325 cycles  |  127 cyc/s  |  7861463 ns/cyc
  0 constraint hits
[3F[J                                                                                
  325 cycles  |  127 cyc/s  |  7861463 ns/cyc
  0 constraint hits
[3F[J                                                                                
  325 cycles  |  127 cyc/s  |  7861463 ns/cyc
  0 constraint hits
[3F[J                                                                                
  325 cycles  |  127 cyc/s  |  7861463 ns/cyc
  0 constraint hits
[3F[J                                                                                
  325 cycles  |  127 cyc/s  |  7861463 ns/cyc
  0 constraint hits
[3F[J                                                                                
  325 cycles  |  127 cyc/s  |  7861463 ns/cyc
  0 constraint hits
[3F[J                                                                                
  325 cycles  |  127 cyc/s  |  7861463 ns/cyc
  0 constraint hits
[3F[J                                                                                
  325 cycles  |  127 cyc/s  |  7861463 ns/cyc
  0 constraint hits
[3F[J                                                                                
  325 cycles  |  127 cyc/s  |  7861463 ns/cyc
  0 constraint hits
[3F[J                                                                                
  325 cycles  |  127 cyc/s  |  7861463 ns/cyc
  0 constraint hits
[3F[J                                                                                
  325 cycles  |  127 cyc/s  |  7861463 ns/cyc
  0 constraint hits
[3F[J                                                                                
  325 cycles  |  127 cyc/s  |  7861463 ns/cyc
  0 constraint hits
[3F[J                                                                                
  325 cycles  |  127 cyc/s  |  7861463 ns/cyc
  0 constraint hits
[3F[J                                                                                
  325 cycles  |  127 cyc/s  |  7861463 ns/cyc
  0 constraint hits
[3F[J                                                                                
  325 cycles  |  127 cyc/s  |  7861463 ns/cyc
  0 constraint hits
[3F[J                                                                                
  325 cycles  |  127 cyc/s  |  7861463 ns/cyc
  0 constraint hits
[3F[J                                                                                
  325 cycles  |  127 cyc/s  |  7861463 ns/cyc
  0 constraint hits
[3F[J                                                                                
  325 cycles  |  127 cyc/s  |  7861463 ns/cyc
  0 constraint hits
[3F[J                                                                                
  325 cycles  |  127 cyc/s  |  7861463 ns/cyc
  0 constraint hits
[3F[J                                                                                
  325 cycles  |  127 cyc/s  |  7861463 ns/cyc
  0 constraint hits
[3F[J                                                                                
  325 cycles  |  127 cyc/s  |  7861463 ns/cyc
  0 constraint hits
[3F[J                                                                                
  325 cycles  |  127 cyc/s  |  7861463 ns/cyc
  0 constraint hits
[3F[J                                                                                
  325 cycles  |  127 cyc/s  |  7861463 ns/cyc
  0 constraint hits
[3F[J                                                                                
  325 cycles  |  127 cyc/s  |  7861463 ns/cyc
  0 constraint hits
[3F[J                                                                                
  325 cycles  |  127 cyc/s  |  7861463 ns/cyc
  0 constraint hits
[3F[J                                                                                
  325 cycles  |  127 cyc/s  |  7861463 ns/cyc
  0 constraint hits
[3F[J                                                                                
  325 cycles  |  127 cyc/s  |  7861463 ns/cyc
  0 constraint hits
[3F[J                                                                                
  325 cycles  |  127 cyc/s  |  7861463 ns/cyc
  0 constraint hits
[3F[J                                                                                
  325 cycles  |  127 cyc/s  |  7861463 ns/cyc
  0 constraint hits
[3F[J                                                                                
  325 cycles  |  127 cyc/s  |  7861463 ns/cyc
  0 constraint hits
[3F[J                                                                                
  356 cycles  |  126 cyc/s  |  7896768 ns/cyc
  0 constraint hits
[3F[J                                                                                
  356 cycles  |  126 cyc/s  |  7896768 ns/cyc
  0 constraint hits
[3F[J                                                                                
  356 cycles  |  126 cyc/s  |  7896768 ns/cyc
  0 constraint hits
[3F[J                                                                                
  356 cycles  |  126 cyc/s  |  7896768 ns/cyc
  0 constraint hits
[3F[J                                                                                
  356 cycles  |  126 cyc/s  |  7896768 ns/cyc
  0 constraint hits
[3F[J                                                                                
  356 cycles  |  126 cyc/s  |  7896768 ns/cyc
  0 constraint hits
[3F[J                                                                                
  356 cycles  |  126 cyc/s  |  7896768 ns/cyc
  0 constraint hits
[3F[J                                                                                
  356 cycles  |  126 cyc/s  |  7896768 ns/cyc
  0 constraint hits
[3F[J                                                                                
  356 cycles  |  126 cyc/s  |  7896768 ns/cyc
  0 constraint hits
[3F[J                                                                                
  356 cycles  |  126 cyc/s  |  7896768 ns/cyc
  0 constraint hits
[3F[J                                                                                
  356 cycles  |  126 cyc/s  |  7896768 ns/cyc
  0 constraint hits
[3F[J                                                                                
  356 cycles  |  126 cyc/s  |  7896768 ns/cyc
  0 constraint hits
[3F[J                                                                                
  356 cycles  |  126 cyc/s  |  7896768 ns/cyc
  0 constraint hits
[3F[J                                                                                
  356 cycles  |  126 cyc/s  |  7896768 ns/cyc
  0 constraint hits
[3F[J                                                                                
  356 cycles  |  126 cyc/s  |  7896768 ns/cyc
  0 constraint hits
[3F[J                                                                                
  356 cycles  |  126 cyc/s  |  7896768 ns/cyc
  0 constraint hits
[3F[J                                                                                
  356 cycles  |  126 cyc/s  |  7896768 ns/cyc
  0 constraint hits
[3F[J                                                                                
  356 cycles  |  126 cyc/s  |  7896768 ns/cyc
  0 constraint hits
[3F[J                                                                                
  356 cycles  |  126 cyc/s  |  7896768 ns/cyc
  0 constraint hits
[3F[J                                                                                
  356 cycles  |  126 cyc/s  |  7896768 ns/cyc
  0 constraint hits
[3F[J                                                                                
  356 cycles  |  126 cyc/s  |  7896768 ns/cyc
  0 constraint hits
[3F[J                                                                                
  356 cycles  |  126 cyc/s  |  7896768 ns/cyc
  0 constraint hits
[3F[J                                                                                
  356 cycles  |  126 cyc/s  |  7896768 ns/cyc
  0 constraint hits
[3F[J                                                                                
  356 cycles  |  126 cyc/s  |  7896768 ns/cyc
  0 constraint hits
[3F[J                                                                                
  356 cycles  |  126 cyc/s  |  7896768 ns/cyc
  0 constraint hits
[3F[J                                                                                
  356 cycles  |  126 cyc/s  |  7896768 ns/cyc
  0 constraint hits
[3F[J                                                                                
  356 cycles  |  126 cyc/s  |  7896768 ns/cyc
  0 constraint hits
[3F[J                                                                                
  356 cycles  |  126 cyc/s  |  7896768 ns/cyc
  0 constraint hits
[3F[J                                                                                
  356 cycles  |  126 cyc/s  |  7896768 ns/cyc
  0 constraint hits
[3F[J                                                                                
  356 cycles  |  126 cyc/s  |  7896768 ns/cyc
  0 constraint hits
[3F[J                                                                                
  356 cycles  |  126 cyc/s  |  7896768 ns/cyc
  0 constraint hits
[3F[J                                                                                
  387 cycles  |  126 cyc/s  |  7921303 ns/cyc
  0 constraint hits
[3F[J                                                                                
  387 cycles  |  126 cyc/s  |  7921303 ns/cyc
  0 constraint hits
[3F[J                                                                                
  387 cycles  |  126 cyc/s  |  7921303 ns/cyc
  0 constraint hits
[3F[J                                                                                
  387 cycles  |  126 cyc/s  |  7921303 ns/cyc
  0 constraint hits
[3F[J                                                                                
  387 cycles  |  126 cyc/s  |  7921303 ns/cyc
  0 constraint hits
[3F[J                                                                                
  387 cycles  |  126 cyc/s  |  7921303 ns/cyc
  0 constraint hits
[3F[J                                                                                
  387 cycles  |  126 cyc/s  |  7921303 ns/cyc
  0 constraint hits
[3F[J                                                                                
  387 cycles  |  126 cyc/s  |  7921303 ns/cyc
  0 constraint hits
[3F[J                                                                                
  387 cycles  |  126 cyc/s  |  7921303 ns/cyc
  0 constraint hits
[3F[J                                                                                
  387 cycles  |  126 cyc/s  |  7921303 ns/cyc
  0 constraint hits
[3F[J                                                                                
  387 cycles  |  126 cyc/s  |  7921303 ns/cyc
  0 constraint hits
[3F[J                                                                                
  387 cycles  |  126 cyc/s  |  7921303 ns/cyc
  0 constraint hits
[3F[J                                                                                
  387 cycles  |  126 cyc/s  |  7921303 ns/cyc
  0 constraint hits
[3F[J                                                                                
  387 cycles  |  126 cyc/s  |  7921303 ns/cyc
  0 constraint hits
[3F[J                                                                                
  387 cycles  |  126 cyc/s  |  7921303 ns/cyc
  0 constraint hits
[3F[J                                                                                
  387 cycles  |  126 cyc/s  |  7921303 ns/cyc
  0 constraint hits
[3F[J                                                                                
  387 cycles  |  126 cyc/s  |  7921303 ns/cyc
  0 constraint hits
[3F[J                                                                                
  387 cycles  |  126 cyc/s  |  7921303 ns/cyc
  0 constraint hits
[3F[J                                                                                
  387 cycles  |  126 cyc/s  |  7921303 ns/cyc
  0 constraint hits
[3F[J                                                                                
  387 cycles  |  126 cyc/s  |  7921303 ns/cyc
  0 constraint hits
[3F[J                                                                                
  387 cycles  |  126 cyc/s  |  7921303 ns/cyc
  0 constraint hits
[3F[J                                                                                
  387 cycles  |  126 cyc/s  |  7921303 ns/cyc
  0 constraint hits
[3F[J                                                                                
  387 cycles  |  126 cyc/s  |  7921303 ns/cyc
  0 constraint hits
[3F[J                                                                                
  387 cycles  |  126 cyc/s  |  7921303 ns/cyc
  0 constraint hits
[3F[J                                                                                
  387 cycles  |  126 cyc/s  |  7921303 ns/cyc
  0 constraint hits
[3F[J                                                                                
  387 cycles  |  126 cyc/s  |  7921303 ns/cyc
  0 constraint hits
[3F[J                                                                                
  387 cycles  |  126 cyc/s  |  7921303 ns/cyc
  0 constraint hits
[3F[J                                                                                
  387 cycles  |  126 cyc/s  |  7921303 ns/cyc
  0 constraint hits
[3F[J                                                                                
  387 cycles  |  126 cyc/s  |  7921303 ns/cyc
  0 constraint hits
[3F[J                                                                                
  387 cycles  |  126 cyc/s  |  7921303 ns/cyc
  0 constraint hits
[3F[J                                                                                
  417 cycles  |  125 cyc/s  |  7953844 ns/cyc
  0 constraint hits
[3F[J                                                                                
  417 cycles  |  125 cyc/s  |  7953844 ns/cyc
  0 constraint hits
[3F[J                                                                                
  417 cycles  |  125 cyc/s  |  7953844 ns/cyc
  0 constraint hits
[3F[J                                                                                
  417 cycles  |  125 cyc/s  |  7953844 ns/cyc
  0 constraint hits
[3F[J                                                                                
  417 cycles  |  125 cyc/s  |  7953844 ns/cyc
  0 constraint hits
[3F[J                                                                                
  417 cycles  |  125 cyc/s  |  7953844 ns/cyc
  0 constraint hits
[3F[J                                                                                
  417 cycles  |  125 cyc/s  |  7953844 ns/cyc
  0 constraint hits
[3F[J                                                                                
  417 cycles  |  125 cyc/s  |  7953844 ns/cyc
  0 constraint hits
[3F[J                                                                                
  417 cycles  |  125 cyc/s  |  7953844 ns/cyc
  0 constraint hits
[3F[J                                                                                
  417 cycles  |  125 cyc/s  |  7953844 ns/cyc
  0 constraint hits
[3F[J                                                                                
  417 cycles  |  125 cyc/s  |  7953844 ns/cyc
  0 constraint hits
[3F[J                                                                                
  417 cycles  |  125 cyc/s  |  7953844 ns/cyc
  0 constraint hits
[3F[J                                                                                
  417 cycles  |  125 cyc/s  |  7953844 ns/cyc
  0 constraint hits
[3F[J                                                                                
  417 cycles  |  125 cyc/s  |  7953844 ns/cyc
  0 constraint hits
[3F[J                                                                                
  417 cycles  |  125 cyc/s  |  7953844 ns/cyc
  0 constraint hits
[3F[J                                                                                
  417 cycles  |  125 cyc/s  |  7953844 ns/cyc
  0 constraint hits
[3F[J                                                                                
  417 cycles  |  125 cyc/s  |  7953844 ns/cyc
  0 constraint hits
[3F[J                                                                                
  417 cycles  |  125 cyc/s  |  7953844 ns/cyc
  0 constraint hits
[3F[J                                                                                
  417 cycles  |  125 cyc/s  |  7953844 ns/cyc
  0 constraint hits
[3F[J                                                                                
  417 cycles  |  125 cyc/s  |  7953844 ns/cyc
  0 constraint hits
[3F[J                                                                                
  417 cycles  |  125 cyc/s  |  7953844 ns/cyc
  0 constraint hits
[3F[J                                                                                
  417 cycles  |  125 cyc/s  |  7953844 ns/cyc
  0 constraint hits
[3F[J                                                                                
  417 cycles  |  125 cyc/s  |  7953844 ns/cyc
  0 constraint hits
[3F[J                                                                                
  417 cycles  |  125 cyc/s  |  7953844 ns/cyc
  0 constraint hits
[3F[J                                                                                
  417 cycles  |  125 cyc/s  |  7953844 ns/cyc
  0 constraint hits
[3F[J                                                                                
  417 cycles  |  125 cyc/s  |  7953844 ns/cyc
  0 constraint hits
[3F[J                                                                                
  417 cycles  |  125 cyc/s  |  7953844 ns/cyc
  0 constraint hits
[3F[J                                                                                
  417 cycles  |  125 cyc/s  |  7953844 ns/cyc
  0 constraint hits
[3F[J                                                                                
  417 cycles  |  125 cyc/s  |  7953844 ns/cyc
  0 constraint hits
[3F[J                                                                                
  417 cycles  |  125 cyc/s  |  7953844 ns/cyc
  0 constraint hits
[3F[J                                                                                
  417 cycles  |  125 cyc/s  |  7953844 ns/cyc
  0 constraint hits
[3F[J                                                                                
  448 cycles  |  125 cyc/s  |  7975040 ns/cyc
  0 constraint hits
[3F[J                                                                                
  448 cycles  |  125 cyc/s  |  7975040 ns/cyc
  0 constraint hits
[3F[J                                                                                
  448 cycles  |  125 cyc/s  |  7975040 ns/cyc
  0 constraint hits
[3F[J                                                                                
  448 cycles  |  125 cyc/s  |  7975040 ns/cyc
  0 constraint hits
[3F[J                                                                                
  448 cycles  |  125 cyc/s  |  7975040 ns/cyc
  0 constraint hits
[3F[J                                                                                
  448 cycles  |  125 cyc/s  |  7975040 ns/cyc
  0 constraint hits
[3F[J                                                                                
  448 cycles  |  125 cyc/s  |  7975040 ns/cyc
  0 constraint hits
[3F[J                                                                                
  448 cycles  |  125 cyc/s  |  7975040 ns/cyc
  0 constraint hits
[3F[J                                                                                
  448 cycles  |  125 cyc/s  |  7975040 ns/cyc
  0 constraint hits
[3F[J                                                                                
  448 cycles  |  125 cyc/s  |  7975040 ns/cyc
  0 constraint hits
[3F[J                                                                                
  448 cycles  |  125 cyc/s  |  7975040 ns/cyc
  0 constraint hits
[3F[J                                                                                
  448 cycles  |  125 cyc/s  |  7975040 ns/cyc
  0 constraint hits
[3F[J                                                                                
  448 cycles  |  125 cyc/s  |  7975040 ns/cyc
  0 constraint hits
[3F[J                                                                                
  448 cycles  |  125 cyc/s  |  7975040 ns/cyc
  0 constraint hits
[3F[J                                                                                
  448 cycles  |  125 cyc/s  |  7975040 ns/cyc
  0 constraint hits
[3F[J                                                                                
  448 cycles  |  125 cyc/s  |  7975040 ns/cyc
  0 constraint hits
[3F[J                                                                                
  448 cycles  |  125 cyc/s  |  7975040 ns/cyc
  0 constraint hits
[3F[J                                                                                
  448 cycles  |  125 cyc/s  |  7975040 ns/cyc
  0 constraint hits
[3F[J                                                                                
  448 cycles  |  125 cyc/s  |  7975040 ns/cyc
  0 constraint hits
[3F[J                                                                                
  448 cycles  |  125 cyc/s  |  7975040 ns/cyc
  0 constraint hits
[3F[J                                                                                
  448 cycles  |  125 cyc/s  |  7975040 ns/cyc
  0 constraint hits
[3F[J                                                                                
  448 cycles  |  125 cyc/s  |  7975040 ns/cyc
  0 constraint hits
[3F[J                                                                                
  448 cycles  |  125 cyc/s  |  7975040 ns/cyc
  0 constraint hits
[3F[J                                                                                
  448 cycles  |  125 cyc/s  |  7975040 ns/cyc
  0 constraint hits
[3F[J                                                                                
  448 cycles  |  125 cyc/s  |  7975040 ns/cyc
  0 constraint hits
[3F[J                                                                                
  448 cycles  |  125 cyc/s  |  7975040 ns/cyc
  0 constraint hits
[3F[J                                                                                
  448 cycles  |  125 cyc/s  |  7975040 ns/cyc
  0 constraint hits
[3F[J                                                                                
  448 cycles  |  125 cyc/s  |  7975040 ns/cyc
  0 constraint hits
[3F[J                                                                                
  448 cycles  |  125 cyc/s  |  7975040 ns/cyc
  0 constraint hits
[3F[J                                                                                
  448 cycles  |  125 cyc/s  |  7975040 ns/cyc
  0 constraint hits
[3F[J                                                                                
  448 cycles  |  125 cyc/s  |  7975040 ns/cyc
  0 constraint hits
[3F[J                                                                                
  479 cycles  |  125 cyc/s  |  7989279 ns/cyc
  0 constraint hits
[3F[J                                                                                
  479 cycles  |  125 cyc/s  |  7989279 ns/cyc
  0 constraint hits
[3F[J                                                                                
  479 cycles  |  125 cyc/s  |  7989279 ns/cyc
  0 constraint hits
[3F[J                                                                                
  479 cycles  |  125 cyc/s  |  7989279 ns/cyc
  0 constraint hits
[3F[J                                                                                
  479 cycles  |  125 cyc/s  |  7989279 ns/cyc
  0 constraint hits
[3F[J                                                                                
  479 cycles  |  125 cyc/s  |  7989279 ns/cyc
  0 constraint hits
[3F[J                                                                                
  479 cycles  |  125 cyc/s  |  7989279 ns/cyc
  0 constraint hits
[3F[J                                                                                
  479 cycles  |  125 cyc/s  |  7989279 ns/cyc
  0 constraint hits
[3F[J                                                                                
  479 cycles  |  125 cyc/s  |  7989279 ns/cyc
  0 constraint hits
[3F[J                                                                                
  479 cycles  |  125 cyc/s  |  7989279 ns/cyc
  0 constraint hits
[3F[J                                                                                
  479 cycles  |  125 cyc/s  |  7989279 ns/cyc
  0 constraint hits
[3F[J                                                                                
  479 cycles  |  125 cyc/s  |  7989279 ns/cyc
  0 constraint hits
[3F[J                                                                                
  479 cycles  |  125 cyc/s  |  7989279 ns/cyc
  0 constraint hits
[3F[J                                                                                
  479 cycles  |  125 cyc/s  |  7989279 ns/cyc
  0 constraint hits
[3F[J                                                                                
  479 cycles  |  125 cyc/s  |  7989279 ns/cyc
  0 constraint hits
[3F[J                                                                                
  479 cycles  |  125 cyc/s  |  7989279 ns/cyc
  0 constraint hits
[3F[J                                                                                
  479 cycles  |  125 cyc/s  |  7989279 ns/cyc
  0 constraint hits
[3F[J                                                                                
  479 cycles  |  125 cyc/s  |  7989279 ns/cyc
  0 constraint hits
[3F[J                                                                                
  479 cycles  |  125 cyc/s  |  7989279 ns/cyc
  0 constraint hits
[3F[J                                                                                
  479 cycles  |  125 cyc/s  |  7989279 ns/cyc
  0 constraint hits
[3F[J                                                                                
  479 cycles  |  125 cyc/s  |  7989279 ns/cyc
  0 constraint hits
[3F[J                                                                                
  479 cycles  |  125 cyc/s  |  7989279 ns/cyc
  0 constraint hits
[3F[J                                                                                
  479 cycles  |  125 cyc/s  |  7989279 ns/cyc
  0 constraint hits
[3F[J                                                                                
  479 cycles  |  125 cyc/s  |  7989279 ns/cyc
  0 constraint hits
[3F[J                                                                                
  479 cycles  |  125 cyc/s  |  7989279 ns/cyc
  0 constraint hits
[3F[J                                                                                
  479 cycles  |  125 cyc/s  |  7989279 ns/cyc
  0 constraint hits
[3F[J                                                                                
  479 cycles  |  125 cyc/s  |  7989279 ns/cyc
  0 constraint hits
[3F[J                                                                                
  479 cycles  |  125 cyc/s  |  7989279 ns/cyc
  0 constraint hits
[3F[J                                                                                
  479 cycles  |  125 cyc/s  |  7989279 ns/cyc
  0 constraint hits
[3F[J                                                                                
  479 cycles  |  125 cyc/s  |  7989279 ns/cyc
  0 constraint hits
[3F[J                                                                                
  479 cycles  |  125 cyc/s  |  7989279 ns/cyc
  0 constraint hits
[3F[J                                                                                
  510 cycles  |  124 cyc/s  |  8008948 ns/cyc
  0 constraint hits
[3F[J                                                                                
  510 cycles  |  124 cyc/s  |  8008948 ns/cyc
  0 constraint hits
[3F[J                                                                                
  510 cycles  |  124 cyc/s  |  8008948 ns/cyc
  0 constraint hits
[3F[J                                                                                
  510 cycles  |  124 cyc/s  |  8008948 ns/cyc
  0 constraint hits
[3F[J                                                                                
  510 cycles  |  124 cyc/s  |  8008948 ns/cyc
  0 constraint hits
[3F[J                                                                                
  510 cycles  |  124 cyc/s  |  8008948 ns/cyc
  0 constraint hits
[3F[J                                                                                
  510 cycles  |  124 cyc/s  |  8008948 ns/cyc
  0 constraint hits
[3F[J                                                                                
  510 cycles  |  124 cyc/s  |  8008948 ns/cyc
  0 constraint hits
[3F[J                                                                                
  510 cycles  |  124 cyc/s  |  8008948 ns/cyc
  0 constraint hits
[3F[J                                                                                
  510 cycles  |  124 cyc/s  |  8008948 ns/cyc
  0 constraint hits
[3F[J                                                                                
  510 cycles  |  124 cyc/s  |  8008948 ns/cyc
  0 constraint hits
[3F[J                                                                                
  510 cycles  |  124 cyc/s  |  8008948 ns/cyc
  0 constraint hits
[3F[J                                                                                
  510 cycles  |  124 cyc/s  |  8008948 ns/cyc
  0 constraint hits
[3F[J                                                                                
  510 cycles  |  124 cyc/s  |  8008948 ns/cyc
  0 constraint hits
[3F[J                                                                                
  510 cycles  |  124 cyc/s  |  8008948 ns/cyc
  0 constraint hits
[3F[J                                                                                
  510 cycles  |  124 cyc/s  |  8008948 ns/cyc
  0 constraint hits
[3F[J                                                                                
  510 cycles  |  124 cyc/s  |  8008948 ns/cyc
  0 constraint hits
[3F[J                                                                                
  510 cycles  |  124 cyc/s  |  8008948 ns/cyc
  0 constraint hits
[3F[J                                                                                
  510 cycles  |  124 cyc/s  |  8008948 ns/cyc
  0 constraint hits
[3F[J                                                                                
  510 cycles  |  124 cyc/s  |  8008948 ns/cyc
  0 constraint hits
[3F[J                                                                                
  510 cycles  |  124 cyc/s  |  8008948 ns/cyc
  0 constraint hits
[3F[J                                                                                
  510 cycles  |  124 cyc/s  |  8008948 ns/cyc
  0 constraint hits
[3F[J                                                                                
  510 cycles  |  124 cyc/s  |  8008948 ns/cyc
  0 constraint hits
[3F[J                                                                                
  510 cycles  |  124 cyc/s  |  8008948 ns/cyc
  0 constraint hits
[3F[J                                                                                
  510 cycles  |  124 cyc/s  |  8008948 ns/cyc
  0 constraint hits
[3F[J                                                                                
  510 cycles  |  124 cyc/s  |  8008948 ns/cyc
  0 constraint hits
[3F[J                                                                                
  510 cycles  |  124 cyc/s  |  8008948 ns/cyc
  0 constraint hits
[3F[J                                                                                
  510 cycles  |  124 cyc/s  |  8008948 ns/cyc
  0 constraint hits
[3F[J                                                                                
  510 cycles  |  124 cyc/s  |  8008948 ns/cyc
  0 constraint hits
[3F[J                                                                                
  510 cycles  |  124 cyc/s  |  8008948 ns/cyc
  0 constraint hits
[3F[J                                                                                
  510 cycles  |  124 cyc/s  |  8008948 ns/cyc
  0 constraint hits
[3F[J                                                                                
  541 cycles  |  124 cyc/s  |  8021725 ns/cyc
  0 constraint hits
[3F[J                                                                                
  541 cycles  |  124 cyc/s  |  8021725 ns/cyc
  0 constraint hits
[3F[J                                                                                
  541 cycles  |  124 cyc/s  |  8021725 ns/cyc
  0 constraint hits
[3F[J                                                                                
  541 cycles  |  124 cyc/s  |  8021725 ns/cyc
  0 constraint hits
[3F[J                                                                                
  541 cycles  |  124 cyc/s  |  8021725 ns/cyc
  0 constraint hits
[3F[J                                                                                
  541 cycles  |  124 cyc/s  |  8021725 ns/cyc
  0 constraint hits
[3F[J                                                                                
  541 cycles  |  124 cyc/s  |  8021725 ns/cyc
  0 constraint hits
[3F[J                                                                                
  541 cycles  |  124 cyc/s  |  8021725 ns/cyc
  0 constraint hits
[3F[J                                                                                
  541 cycles  |  124 cyc/s  |  8021725 ns/cyc
  0 constraint hits
[3F[J                                                                                
  541 cycles  |  124 cyc/s  |  8021725 ns/cyc
  0 constraint hits
[3F[J                                                                                
  541 cycles  |  124 cyc/s  |  8021725 ns/cyc
  0 constraint hits
[3F[J                                                                                
  541 cycles  |  124 cyc/s  |  8021725 ns/cyc
  0 constraint hits
[3F[J                                                                                
  541 cycles  |  124 cyc/s  |  8021725 ns/cyc
  0 constraint hits
[3F[J                                                                                
  541 cycles  |  124 cyc/s  |  8021725 ns/cyc
  0 constraint hits
[3F[J                                                                                
  541 cycles  |  124 cyc/s  |  8021725 ns/cyc
  0 constraint hits
[3F[J                                                                                
  541 cycles  |  124 cyc/s  |  8021725 ns/cyc
  0 constraint hits
[3F[J                                                                                
  541 cycles  |  124 cyc/s  |  8021725 ns/cyc
  0 constraint hits
[3F[J                                                                                
  541 cycles  |  124 cyc/s  |  8021725 ns/cyc
  0 constraint hits
[3F[J                                                                                
  541 cycles  |  124 cyc/s  |  8021725 ns/cyc
  0 constraint hits
[3F[J                                                                                
  541 cycles  |  124 cyc/s  |  8021725 ns/cyc
  0 constraint hits
[3F[J                                                                                
  541 cycles  |  124 cyc/s  |  8021725 ns/cyc
  0 constraint hits
[3F[J                                                                                
  541 cycles  |  124 cyc/s  |  8021725 ns/cyc
  0 constraint hits
[3F[J                                                                                
  541 cycles  |  124 cyc/s  |  8021725 ns/cyc
  0 constraint hits
[3F[J                                                                                
  541 cycles  |  124 cyc/s  |  8021725 ns/cyc
  0 constraint hits
[3F[J                                                                                
  541 cycles  |  124 cyc/s  |  8021725 ns/cyc
  0 constraint hits
[3F[J                                                                                
  541 cycles  |  124 cyc/s  |  8021725 ns/cyc
  0 constraint hits
[3F[J                                                                                
  541 cycles  |  124 cyc/s  |  8021725 ns/cyc
  0 constraint hits
[3F[J                                                                                
  541 cycles  |  124 cyc/s  |  8021725 ns/cyc
  0 constraint hits
[3F[J                                                                                
  541 cycles  |  124 cyc/s  |  8021725 ns/cyc
  0 constraint hits
[3F[J                                                                                
  541 cycles  |  124 cyc/s  |  8021725 ns/cyc
  0 constraint hits
[3F[J                                                                                
  571 cycles  |  124 cyc/s  |  8039117 ns/cyc
  0 constraint hits
[3F[J                                                                                
  571 cycles  |  124 cyc/s  |  8039117 ns/cyc
  0 constraint hits
[3F[J                                                                                
  571 cycles  |  124 cyc/s  |  8039117 ns/cyc
  0 constraint hits
[3F[J                                                                                
  571 cycles  |  124 cyc/s  |  8039117 ns/cyc
  0 constraint hits
[3F[J                                                                                
  571 cycles  |  124 cyc/s  |  8039117 ns/cyc
  0 constraint hits
[3F[J                                                                                
  571 cycles  |  124 cyc/s  |  8039117 ns/cyc
  0 constraint hits
[3F[J                                                                                
  571 cycles  |  124 cyc/s  |  8039117 ns/cyc
  0 constraint hits
[3F[J                                                                                
  571 cycles  |  124 cyc/s  |  8039117 ns/cyc
  0 constraint hits
[3F[J                                                                                
  571 cycles  |  124 cyc/s  |  8039117 ns/cyc
  0 constraint hits
[3F[J                                                                                
  571 cycles  |  124 cyc/s  |  8039117 ns/cyc
  0 constraint hits
[3F[J                                                                                
  571 cycles  |  124 cyc/s  |  8039117 ns/cyc
  0 constraint hits
[3F[J                                                                                
  571 cycles  |  124 cyc/s  |  8039117 ns/cyc
  0 constraint hits
[3F[J                                                                                
  571 cycles  |  124 cyc/s  |  8039117 ns/cyc
  0 constraint hits
[3F[J                                                                                
  571 cycles  |  124 cyc/s  |  8039117 ns/cyc
  0 constraint hits
[3F[J                                                                                
  571 cycles  |  124 cyc/s  |  8039117 ns/cyc
  0 constraint hits
[3F[J                                                                                
  571 cycles  |  124 cyc/s  |  8039117 ns/cyc
  0 constraint hits
[3F[J                                                                                
  571 cycles  |  124 cyc/s  |  8039117 ns/cyc
  0 constraint hits
[3F[J                                                                                
  571 cycles  |  124 cyc/s  |  8039117 ns/cyc
  0 constraint hits
[3F[J                                                                                
  571 cycles  |  124 cyc/s  |  8039117 ns/cyc
  0 constraint hits
[3F[J                                                                                
  571 cycles  |  124 cyc/s  |  8039117 ns/cyc
  0 constraint hits
[3F[J                                                                                
  571 cycles  |  124 cyc/s  |  8039117 ns/cyc
  0 constraint hits
[3F[J                                                                                
  571 cycles  |  124 cyc/s  |  8039117 ns/cyc
  0 constraint hits
[3F[J                                                                                
  571 cycles  |  124 cyc/s  |  8039117 ns/cyc
  0 constraint hits
[3F[J                                                                                
  571 cycles  |  124 cyc/s  |  8039117 ns/cyc
  0 constraint hits
[3F[J                                                                                
  571 cycles  |  124 cyc/s  |  8039117 ns/cyc
  0 constraint hits
[3F[J                                                                                
  571 cycles  |  124 cyc/s  |  8039117 ns/cyc
  0 constraint hits
[3F[J                                                                                
  571 cycles  |  124 cyc/s  |  8039117 ns/cyc
  0 constraint hits
[3F[J                                                                                
  571 cycles  |  124 cyc/s  |  8039117 ns/cyc
  0 constraint hits
[3F[J                                                                                
  571 cycles  |  124 cyc/s  |  8039117 ns/cyc
  0 constraint hits
[3F[J                                                                                
  571 cycles  |  124 cyc/s  |  8039117 ns/cyc
  0 constraint hits
[3F[J                                                                                
  601 cycles  |  124 cyc/s  |  8055151 ns/cyc
  0 constraint hits
[3F[J                                                                                
  601 cycles  |  124 cyc/s  |  8055151 ns/cyc
  0 constraint hits
[3F[J                                                                                
  601 cycles  |  124 cyc/s  |  8055151 ns/cyc
  0 constraint hits
[3F[J                                                                                
  601 cycles  |  124 cyc/s  |  8055151 ns/cyc
  0 constraint hits
[3F[J                                                                                
  601 cycles  |  124 cyc/s  |  8055151 ns/cyc
  0 constraint hits
[3F[J                                                                                
  601 cycles  |  124 cyc/s  |  8055151 ns/cyc
  0 constraint hits
[3F[J                                                                                
  601 cycles  |  124 cyc/s  |  8055151 ns/cyc
  0 constraint hits
[3F[J                                                                                
  601 cycles  |  124 cyc/s  |  8055151 ns/cyc
  0 constraint hits
[3F[J                                                                                
  601 cycles  |  124 cyc/s  |  8055151 ns/cyc
  0 constraint hits
[3F[J                                                                                
  601 cycles  |  124 cyc/s  |  8055151 ns/cyc
  0 constraint hits
[3F[J                                                                                
  601 cycles  |  124 cyc/s  |  8055151 ns/cyc
  0 constraint hits
[3F[J                                                                                
  601 cycles  |  124 cyc/s  |  8055151 ns/cyc
  0 constraint hits
[3F[J                                                                                
  601 cycles  |  124 cyc/s  |  8055151 ns/cyc
  0 constraint hits
[3F[J                                                                                
  601 cycles  |  124 cyc/s  |  8055151 ns/cyc
  0 constraint hits
[3F[J                                                                                
  601 cycles  |  124 cyc/s  |  8055151 ns/cyc
  0 constraint hits
[3F[J                                                                                
  601 cycles  |  124 cyc/s  |  8055151 ns/cyc
  0 constraint hits
[3F[J                                                                                
  601 cycles  |  124 cyc/s  |  8055151 ns/cyc
  0 constraint hits
[3F[J                                                                                
  601 cycles  |  124 cyc/s  |  8055151 ns/cyc
  0 constraint hits
[3F[J                                                                                
  601 cycles  |  124 cyc/s  |  8055151 ns/cyc
  0 constraint hits
[3F[J                                                                                
  601 cycles  |  124 cyc/s  |  8055151 ns/cyc
  0 constraint hits
[3F[J                                                                                
  601 cycles  |  124 cyc/s  |  8055151 ns/cyc
  0 constraint hits
[3F[J                                                                                
  601 cycles  |  124 cyc/s  |  8055151 ns/cyc
  0 constraint hits
[3F[J                                                                                
  601 cycles  |  124 cyc/s  |  8055151 ns/cyc
  0 constraint hits
[3F[J                                                                                
  601 cycles  |  124 cyc/s  |  8055151 ns/cyc
  0 constraint hits
[3F[J                                                                                
  601 cycles  |  124 cyc/s  |  8055151 ns/cyc
  0 constraint hits
[3F[J                                                                                
  601 cycles  |  124 cyc/s  |  8055151 ns/cyc
  0 constraint hits
[3F[J                                                                                
  601 cycles  |  124 cyc/s  |  8055151 ns/cyc
  0 constraint hits
[3F[J                                                                                
  601 cycles  |  124 cyc/s  |  8055151 ns/cyc
  0 constraint hits
[3F[J                                                                                
  601 cycles  |  124 cyc/s  |  8055151 ns/cyc
  0 constraint hits
[3F[J                                                                                
  601 cycles  |  124 cyc/s  |  8055151 ns/cyc
  0 constraint hits
[3F[J                                                                                
  601 cycles  |  124 cyc/s  |  8055151 ns/cyc
  0 constraint hits
[3F[J                                                                                
  632 cycles  |  124 cyc/s  |  8063034 ns/cyc
  0 constraint hits
[3F[J                                                                                
  632 cycles  |  124 cyc/s  |  8063034 ns/cyc
  0 constraint hits
[3F[J                                                                                
  632 cycles  |  124 cyc/s  |  8063034 ns/cyc
  0 constraint hits
[3F[J                                                                                
  632 cycles  |  124 cyc/s  |  8063034 ns/cyc
  0 constraint hits
[3F[J                                                                                
  632 cycles  |  124 cyc/s  |  8063034 ns/cyc
  0 constraint hits
[3F[J                                                                                
  632 cycles  |  124 cyc/s  |  8063034 ns/cyc
  0 constraint hits
[3F[J                                                                                
  632 cycles  |  124 cyc/s  |  8063034 ns/cyc
  0 constraint hits
[3F[J                                                                                
  632 cycles  |  124 cyc/s  |  8063034 ns/cyc
  0 constraint hits
[3F[J@@TIME_PROC_AVG COUNT:640 AVG_MS:8.067
@@TIME_THROUGHPUT COUNT:640 DURATION_S:5.162827 EVENTS_PER_S:123.963
                                                                                
  632 cycles  |  124 cyc/s  |  8063034 ns/cyc
  0 constraint hits
[3F[J                                                                                
  640 cycles  |  124 cyc/s  |  8064472 ns/cyc
  640 input events parsed in 0.000s  |  8064472 ns/event avg
@@MONITOR_END:2026-05-14T09:55:07.871485000Z
  0 constraint hits total
  Breakdown:
   [#0]: 0
   [#1]: 0
   [#2]: 0
   [#3]: 0
   [#4]: 0
   [#5]: 0
   [#6]: 0
   [#7]: 0
   [#8]: 0
   [#9]: 0
