@@MONITOR_START:2026-05-14T09:56:52.697820000Z
[3F[J                                                                                
  0 cycles
  0 constraint hits
[3F[J                                                                                
  0 cycles
  0 constraint hits
[3F[J                                                                                
  0 cycles
  0 constraint hits
[3F[J                                                                                
  0 cycles
  0 constraint hits
[3F[J                                                                                
  0 cycles
  0 constraint hits
[3F[J                                                                                
  0 cycles
  0 constraint hits
[3F[J                                                                                
  0 cycles
  0 constraint hits
[3F[J                                                                                
  0 cycles
  0 constraint hits
[3F[J                                                                                
  0 cycles
  0 constraint hits
[3F[J                                                                                
  0 cycles
  0 constraint hits
[3F[J                                                                                
  0 cycles
  0 constraint hits
[3F[J                                                                                
  0 cycles
  0 constraint hits
[3F[J                                                                                
  0 cycles
  0 constraint hits
[3F[J                                                                                
  0 cycles
  0 constraint hits
[3F[J                                                                                
  0 cycles
  0 constraint hits
[3F[J                                                                                
  0 cycles
  0 constraint hits
[3F[J                                                                                
  0 cycles
  0 constraint hits
[3F[J                                                                                
  0 cycles
  0 constraint hits
[3F[J                                                                                
  0 cycles
  0 constraint hits
[3F[J                                                                                
  0 cycles
  0 constraint hits
[3F[J                                                                                
  0 cycles
  0 constraint hits
[3F[J                                                                                
  0 cycles
  0 constraint hits
[3F[J                                                                                
  0 cycles
  0 constraint hits
[3F[J                                                                                
  0 cycles
  0 constraint hits
[3F[J                                                                                
  0 cycles
  0 constraint hits
[3F[J                                                                                
  0 cycles
  0 constraint hits
[3F[J                                                                                
  0 cycles
  0 constraint hits
[3F[J                                                                                
  0 cycles
  0 constraint hits
[3F[J                                                                                
  0 cycles
  0 constraint hits
[3F[J                                                                                
  0 cycles
  0 constraint hits
[3F[J                                                                                
  0 cycles
  0 constraint hits
[3F[J                                                                                
  0 cycles
  0 constraint hits
[3F[J                                                                                
  0 cycles
  0 constraint hits
[3F[J                                                                                
  34 cycles  |  134 cyc/s  |  7437748 ns/cyc
  0 constraint hits
[3F[J                                                                                
  34 cycles  |  134 cyc/s  |  7437748 ns/cyc
  0 constraint hits
[3F[J                                                                                
  34 cycles  |  134 cyc/s  |  7437748 ns/cyc
  0 constraint hits
[3F[J                                                                                
  34 cycles  |  134 cyc/s  |  7437748 ns/cyc
  0 constraint hits
[3F[J                                                                                
  34 cycles  |  134 cyc/s  |  7437748 ns/cyc
  0 constraint hits
[3F[J                                                                                
  34 cycles  |  134 cyc/s  |  7437748 ns/cyc
  0 constraint hits
[3F[J                                                                                
  34 cycles  |  134 cyc/s  |  7437748 ns/cyc
  0 constraint hits
[3F[J                                                                                
  34 cycles  |  134 cyc/s  |  7437748 ns/cyc
  0 constraint hits
[3F[J                                                                                
  34 cycles  |  134 cyc/s  |  7437748 ns/cyc
  0 constraint hits
[3F[J                                                                                
  34 cycles  |  134 cyc/s  |  7437748 ns/cyc
  0 constraint hits
[3F[J                                                                                
  34 cycles  |  134 cyc/s  |  7437748 ns/cyc
  0 constraint hits
[3F[J                                                                                
  34 cycles  |  134 cyc/s  |  7437748 ns/cyc
  0 constraint hits
[3F[J                                                                                
  34 cycles  |  134 cyc/s  |  7437748 ns/cyc
  0 constraint hits
[3F[J                                                                                
  34 cycles  |  134 cyc/s  |  7437748 ns/cyc
  0 constraint hits
[3F[J                                                                                
  34 cycles  |  134 cyc/s  |  7437748 ns/cyc
  0 constraint hits
[3F[J                                                                                
  34 cycles  |  134 cyc/s  |  7437748 ns/cyc
  0 constraint hits
[3F[J                                                                                
  34 cycles  |  134 cyc/s  |  7437748 ns/cyc
  0 constraint hits
[3F[J                                                                                
  34 cycles  |  134 cyc/s  |  7437748 ns/cyc
  0 constraint hits
[3F[J                                                                                
  34 cycles  |  134 cyc/s  |  7437748 ns/cyc
  0 constraint hits
[3F[J                                                                                
  34 cycles  |  134 cyc/s  |  7437748 ns/cyc
  0 constraint hits
[3F[J                                                                                
  54 cycles  |  105 cyc/s  |  9483746 ns/cyc
  0 constraint hits
[3F[J                                                                                
  54 cycles  |  105 cyc/s  |  9483746 ns/cyc
  0 constraint hits
[3F[J                                                                                
  54 cycles  |  105 cyc/s  |  9483746 ns/cyc
  0 constraint hits
[3F[J                                                                                
  54 cycles  |  105 cyc/s  |  9483746 ns/cyc
  0 constraint hits
[3F[J                                                                                
  54 cycles  |  105 cyc/s  |  9483746 ns/cyc
  0 constraint hits
[3F[J                                                                                
  54 cycles  |  105 cyc/s  |  9483746 ns/cyc
  0 constraint hits
[3F[J                                                                                
  54 cycles  |  105 cyc/s  |  9483746 ns/cyc
  0 constraint hits
[3F[J                                                                                
  54 cycles  |  105 cyc/s  |  9483746 ns/cyc
  0 constraint hits
[3F[J                                                                                
  54 cycles  |  105 cyc/s  |  9483746 ns/cyc
  0 constraint hits
[3F[J                                                                                
  54 cycles  |  105 cyc/s  |  9483746 ns/cyc
  0 constraint hits
[3F[J                                                                                
  54 cycles  |  105 cyc/s  |  9483746 ns/cyc
  0 constraint hits
[3F[J                                                                                
  54 cycles  |  105 cyc/s  |  9483746 ns/cyc
  0 constraint hits
[3F[J                                                                                
  54 cycles  |  105 cyc/s  |  9483746 ns/cyc
  0 constraint hits
[3F[J                                                                                
  54 cycles  |  105 cyc/s  |  9483746 ns/cyc
  0 constraint hits
[3F[J                                                                                
  54 cycles  |  105 cyc/s  |  9483746 ns/cyc
  0 constraint hits
[3F[J                                                                                
  54 cycles  |  105 cyc/s  |  9483746 ns/cyc
  0 constraint hits
[3F[J                                                                                
  54 cycles  |  105 cyc/s  |  9483746 ns/cyc
  0 constraint hits
[3F[J                                                                                
  54 cycles  |  105 cyc/s  |  9483746 ns/cyc
  0 constraint hits
[3F[J                                                                                
  54 cycles  |  105 cyc/s  |  9483746 ns/cyc
  0 constraint hits
[3F[J                                                                                
  73 cycles  |  95 cyc/s  |  10439267 ns/cyc
  0 constraint hits
[3F[J                                                                                
  73 cycles  |  95 cyc/s  |  10439267 ns/cyc
  0 constraint hits
[3F[J                                                                                
  73 cycles  |  95 cyc/s  |  10439267 ns/cyc
  0 constraint hits
[3F[J                                                                                
  73 cycles  |  95 cyc/s  |  10439267 ns/cyc
  0 constraint hits
[3F[J                                                                                
  73 cycles  |  95 cyc/s  |  10439267 ns/cyc
  0 constraint hits
[3F[J                                                                                
  73 cycles  |  95 cyc/s  |  10439267 ns/cyc
  0 constraint hits
[3F[J                                                                                
  73 cycles  |  95 cyc/s  |  10439267 ns/cyc
  0 constraint hits
[3F[J                                                                                
  73 cycles  |  95 cyc/s  |  10439267 ns/cyc
  0 constraint hits
[3F[J                                                                                
  73 cycles  |  95 cyc/s  |  10439267 ns/cyc
  0 constraint hits
[3F[J                                                                                
  73 cycles  |  95 cyc/s  |  10439267 ns/cyc
  0 constraint hits
[3F[J                                                                                
  73 cycles  |  95 cyc/s  |  10439267 ns/cyc
  0 constraint hits
[3F[J                                                                                
  73 cycles  |  95 cyc/s  |  10439267 ns/cyc
  0 constraint hits
[3F[J                                                                                
  73 cycles  |  95 cyc/s  |  10439267 ns/cyc
  0 constraint hits
[3F[J                                                                                
  73 cycles  |  95 cyc/s  |  10439267 ns/cyc
  0 constraint hits
[3F[J                                                                                
  73 cycles  |  95 cyc/s  |  10439267 ns/cyc
  0 constraint hits
[3F[J                                                                                
  73 cycles  |  95 cyc/s  |  10439267 ns/cyc
  0 constraint hits
[3F[J                                                                                
  73 cycles  |  95 cyc/s  |  10439267 ns/cyc
  0 constraint hits
[3F[J                                                                                
  73 cycles  |  95 cyc/s  |  10439267 ns/cyc
  0 constraint hits
[3F[J                                                                                
  73 cycles  |  95 cyc/s  |  10439267 ns/cyc
  0 constraint hits
[3F[J                                                                                
  73 cycles  |  95 cyc/s  |  10439267 ns/cyc
  0 constraint hits
[3F[J                                                                                
  93 cycles  |  90 cyc/s  |  11021202 ns/cyc
  0 constraint hits
[3F[J                                                                                
  93 cycles  |  90 cyc/s  |  11021202 ns/cyc
  0 constraint hits
[3F[J                                                                                
  93 cycles  |  90 cyc/s  |  11021202 ns/cyc
  0 constraint hits
[3F[J                                                                                
  93 cycles  |  90 cyc/s  |  11021202 ns/cyc
  0 constraint hits
[3F[J                                                                                
  93 cycles  |  90 cyc/s  |  11021202 ns/cyc
  0 constraint hits
[3F[J                                                                                
  93 cycles  |  90 cyc/s  |  11021202 ns/cyc
  0 constraint hits
[3F[J                                                                                
  93 cycles  |  90 cyc/s  |  11021202 ns/cyc
  0 constraint hits
[3F[J                                                                                
  93 cycles  |  90 cyc/s  |  11021202 ns/cyc
  0 constraint hits
[3F[J                                                                                
  93 cycles  |  90 cyc/s  |  11021202 ns/cyc
  0 constraint hits
[3F[J                                                                                
  93 cycles  |  90 cyc/s  |  11021202 ns/cyc
  0 constraint hits
[3F[J                                                                                
  93 cycles  |  90 cyc/s  |  11021202 ns/cyc
  0 constraint hits
[3F[J                                                                                
  93 cycles  |  90 cyc/s  |  11021202 ns/cyc
  0 constraint hits
[3F[J                                                                                
  93 cycles  |  90 cyc/s  |  11021202 ns/cyc
  0 constraint hits
[3F[J                                                                                
  93 cycles  |  90 cyc/s  |  11021202 ns/cyc
  0 constraint hits
[3F[J                                                                                
  93 cycles  |  90 cyc/s  |  11021202 ns/cyc
  0 constraint hits
[3F[J                                                                                
  93 cycles  |  90 cyc/s  |  11021202 ns/cyc
  0 constraint hits
[3F[J                                                                                
  93 cycles  |  90 cyc/s  |  11021202 ns/cyc
  0 constraint hits
[3F[J                                                                                
  93 cycles  |  90 cyc/s  |  11021202 ns/cyc
  0 constraint hits
[3F[J                                                                                
  93 cycles  |  90 cyc/s  |  11021202 ns/cyc
  0 constraint hits
[3F[J                                                                                
  112 cycles  |  87 cyc/s  |  11395668 ns/cyc
  0 constraint hits
[3F[J                                                                                
  112 cycles  |  87 cyc/s  |  11395668 ns/cyc
  0 constraint hits
[3F[J                                                                                
  112 cycles  |  87 cyc/s  |  11395668 ns/cyc
  0 constraint hits
[3F[J                                                                                
  112 cycles  |  87 cyc/s  |  11395668 ns/cyc
  0 constraint hits
[3F[J                                                                                
  112 cycles  |  87 cyc/s  |  11395668 ns/cyc
  0 constraint hits
[3F[J                                                                                
  112 cycles  |  87 cyc/s  |  11395668 ns/cyc
  0 constraint hits
[3F[J                                                                                
  112 cycles  |  87 cyc/s  |  11395668 ns/cyc
  0 constraint hits
[3F[J                                                                                
  112 cycles  |  87 cyc/s  |  11395668 ns/cyc
  0 constraint hits
[3F[J                                                                                
  112 cycles  |  87 cyc/s  |  11395668 ns/cyc
  0 constraint hits
[3F[J                                                                                
  112 cycles  |  87 cyc/s  |  11395668 ns/cyc
  0 constraint hits
[3F[J                                                                                
  112 cycles  |  87 cyc/s  |  11395668 ns/cyc
  0 constraint hits
[3F[J                                                                                
  112 cycles  |  87 cyc/s  |  11395668 ns/cyc
  0 constraint hits
[3F[J                                                                                
  112 cycles  |  87 cyc/s  |  11395668 ns/cyc
  0 constraint hits
[3F[J                                                                                
  112 cycles  |  87 cyc/s  |  11395668 ns/cyc
  0 constraint hits
[3F[J                                                                                
  112 cycles  |  87 cyc/s  |  11395668 ns/cyc
  0 constraint hits
[3F[J                                                                                
  112 cycles  |  87 cyc/s  |  11395668 ns/cyc
  0 constraint hits
[3F[J                                                                                
  112 cycles  |  87 cyc/s  |  11395668 ns/cyc
  0 constraint hits
[3F[J                                                                                
  112 cycles  |  87 cyc/s  |  11395668 ns/cyc
  0 constraint hits
[3F[J                                                                                
  112 cycles  |  87 cyc/s  |  11395668 ns/cyc
  0 constraint hits
[3F[J                                                                                
  112 cycles  |  87 cyc/s  |  11395668 ns/cyc
  0 constraint hits
[3F[J                                                                                
  132 cycles  |  85 cyc/s  |  11656290 ns/cyc
  0 constraint hits
[3F[J                                                                                
  132 cycles  |  85 cyc/s  |  11656290 ns/cyc
  0 constraint hits
[3F[J                                                                                
  132 cycles  |  85 cyc/s  |  11656290 ns/cyc
  0 constraint hits
[3F[J                                                                                
  132 cycles  |  85 cyc/s  |  11656290 ns/cyc
  0 constraint hits
[3F[J                                                                                
  132 cycles  |  85 cyc/s  |  11656290 ns/cyc
  0 constraint hits
[3F[J                                                                                
  132 cycles  |  85 cyc/s  |  11656290 ns/cyc
  0 constraint hits
[3F[J                                                                                
  132 cycles  |  85 cyc/s  |  11656290 ns/cyc
  0 constraint hits
[3F[J                                                                                
  132 cycles  |  85 cyc/s  |  11656290 ns/cyc
  0 constraint hits
[3F[J                                                                                
  132 cycles  |  85 cyc/s  |  11656290 ns/cyc
  0 constraint hits
[3F[J                                                                                
  132 cycles  |  85 cyc/s  |  11656290 ns/cyc
  0 constraint hits
[3F[J                                                                                
  132 cycles  |  85 cyc/s  |  11656290 ns/cyc
  0 constraint hits
[3F[J                                                                                
  132 cycles  |  85 cyc/s  |  11656290 ns/cyc
  0 constraint hits
[3F[J                                                                                
  132 cycles  |  85 cyc/s  |  11656290 ns/cyc
  0 constraint hits
[3F[J                                                                                
  132 cycles  |  85 cyc/s  |  11656290 ns/cyc
  0 constraint hits
[3F[J                                                                                
  132 cycles  |  85 cyc/s  |  11656290 ns/cyc
  0 constraint hits
[3F[J                                                                                
  132 cycles  |  85 cyc/s  |  11656290 ns/cyc
  0 constraint hits
[3F[J                                                                                
  132 cycles  |  85 cyc/s  |  11656290 ns/cyc
  0 constraint hits
[3F[J                                                                                
  132 cycles  |  85 cyc/s  |  11656290 ns/cyc
  0 constraint hits
[3F[J                                                                                
  132 cycles  |  85 cyc/s  |  11656290 ns/cyc
  0 constraint hits
[3F[J                                                                                
  132 cycles  |  85 cyc/s  |  11656290 ns/cyc
  0 constraint hits
[3F[J                                                                                
  152 cycles  |  84 cyc/s  |  11848478 ns/cyc
  0 constraint hits
[3F[J                                                                                
  152 cycles  |  84 cyc/s  |  11848478 ns/cyc
  0 constraint hits
[3F[J                                                                                
  152 cycles  |  84 cyc/s  |  11848478 ns/cyc
  0 constraint hits
[3F[J                                                                                
  152 cycles  |  84 cyc/s  |  11848478 ns/cyc
  0 constraint hits
[3F[J                                                                                
  152 cycles  |  84 cyc/s  |  11848478 ns/cyc
  0 constraint hits
[3F[J                                                                                
  152 cycles  |  84 cyc/s  |  11848478 ns/cyc
  0 constraint hits
[3F[J                                                                                
  152 cycles  |  84 cyc/s  |  11848478 ns/cyc
  0 constraint hits
[3F[J                                                                                
  152 cycles  |  84 cyc/s  |  11848478 ns/cyc
  0 constraint hits
[3F[J                                                                                
  152 cycles  |  84 cyc/s  |  11848478 ns/cyc
  0 constraint hits
[3F[J                                                                                
  152 cycles  |  84 cyc/s  |  11848478 ns/cyc
  0 constraint hits
[3F[J                                                                                
  152 cycles  |  84 cyc/s  |  11848478 ns/cyc
  0 constraint hits
[3F[J                                                                                
  152 cycles  |  84 cyc/s  |  11848478 ns/cyc
  0 constraint hits
[3F[J                                                                                
  152 cycles  |  84 cyc/s  |  11848478 ns/cyc
  0 constraint hits
[3F[J                                                                                
  152 cycles  |  84 cyc/s  |  11848478 ns/cyc
  0 constraint hits
[3F[J                                                                                
  152 cycles  |  84 cyc/s  |  11848478 ns/cyc
  0 constraint hits
[3F[J                                                                                
  152 cycles  |  84 cyc/s  |  11848478 ns/cyc
  0 constraint hits
[3F[J                                                                                
  152 cycles  |  84 cyc/s  |  11848478 ns/cyc
  0 constraint hits
[3F[J                                                                                
  152 cycles  |  84 cyc/s  |  11848478 ns/cyc
  0 constraint hits
[3F[J                                                                                
  152 cycles  |  84 cyc/s  |  11848478 ns/cyc
  0 constraint hits
[3F[J                                                                                
  152 cycles  |  84 cyc/s  |  11848478 ns/cyc
  0 constraint hits
[3F[J                                                                                
  172 cycles  |  83 cyc/s  |  11990517 ns/cyc
  0 constraint hits
[3F[J                                                                                
  172 cycles  |  83 cyc/s  |  11990517 ns/cyc
  0 constraint hits
[3F[J                                                                                
  172 cycles  |  83 cyc/s  |  11990517 ns/cyc
  0 constraint hits
[3F[J                                                                                
  172 cycles  |  83 cyc/s  |  11990517 ns/cyc
  0 constraint hits
[3F[J                                                                                
  172 cycles  |  83 cyc/s  |  11990517 ns/cyc
  0 constraint hits
[3F[J                                                                                
  172 cycles  |  83 cyc/s  |  11990517 ns/cyc
  0 constraint hits
[3F[J                                                                                
  172 cycles  |  83 cyc/s  |  11990517 ns/cyc
  0 constraint hits
[3F[J                                                                                
  172 cycles  |  83 cyc/s  |  11990517 ns/cyc
  0 constraint hits
[3F[J                                                                                
  172 cycles  |  83 cyc/s  |  11990517 ns/cyc
  0 constraint hits
[3F[J                                                                                
  172 cycles  |  83 cyc/s  |  11990517 ns/cyc
  0 constraint hits
[3F[J                                                                                
  172 cycles  |  83 cyc/s  |  11990517 ns/cyc
  0 constraint hits
[3F[J                                                                                
  172 cycles  |  83 cyc/s  |  11990517 ns/cyc
  0 constraint hits
[3F[J                                                                                
  172 cycles  |  83 cyc/s  |  11990517 ns/cyc
  0 constraint hits
[3F[J                                                                                
  172 cycles  |  83 cyc/s  |  11990517 ns/cyc
  0 constraint hits
[3F[J                                                                                
  172 cycles  |  83 cyc/s  |  11990517 ns/cyc
  0 constraint hits
[3F[J                                                                                
  172 cycles  |  83 cyc/s  |  11990517 ns/cyc
  0 constraint hits
[3F[J                                                                                
  172 cycles  |  83 cyc/s  |  11990517 ns/cyc
  0 constraint hits
[3F[J                                                                                
  172 cycles  |  83 cyc/s  |  11990517 ns/cyc
  0 constraint hits
[3F[J                                                                                
  172 cycles  |  83 cyc/s  |  11990517 ns/cyc
  0 constraint hits
[3F[J                                                                                
  172 cycles  |  83 cyc/s  |  11990517 ns/cyc
  0 constraint hits
[3F[J                                                                                
  192 cycles  |  82 cyc/s  |  12089717 ns/cyc
  0 constraint hits
[3F[J                                                                                
  192 cycles  |  82 cyc/s  |  12089717 ns/cyc
  0 constraint hits
[3F[J                                                                                
  192 cycles  |  82 cyc/s  |  12089717 ns/cyc
  0 constraint hits
[3F[J                                                                                
  192 cycles  |  82 cyc/s  |  12089717 ns/cyc
  0 constraint hits
[3F[J                                                                                
  192 cycles  |  82 cyc/s  |  12089717 ns/cyc
  0 constraint hits
[3F[J                                                                                
  192 cycles  |  82 cyc/s  |  12089717 ns/cyc
  0 constraint hits
[3F[J                                                                                
  192 cycles  |  82 cyc/s  |  12089717 ns/cyc
  0 constraint hits
[3F[J                                                                                
  192 cycles  |  82 cyc/s  |  12089717 ns/cyc
  0 constraint hits
[3F[J                                                                                
  192 cycles  |  82 cyc/s  |  12089717 ns/cyc
  0 constraint hits
[3F[J                                                                                
  192 cycles  |  82 cyc/s  |  12089717 ns/cyc
  0 constraint hits
[3F[J                                                                                
  192 cycles  |  82 cyc/s  |  12089717 ns/cyc
  0 constraint hits
[3F[J                                                                                
  192 cycles  |  82 cyc/s  |  12089717 ns/cyc
  0 constraint hits
[3F[J                                                                                
  192 cycles  |  82 cyc/s  |  12089717 ns/cyc
  0 constraint hits
[3F[J                                                                                
  192 cycles  |  82 cyc/s  |  12089717 ns/cyc
  0 constraint hits
[3F[J                                                                                
  192 cycles  |  82 cyc/s  |  12089717 ns/cyc
  0 constraint hits
[3F[J                                                                                
  192 cycles  |  82 cyc/s  |  12089717 ns/cyc
  0 constraint hits
[3F[J                                                                                
  192 cycles  |  82 cyc/s  |  12089717 ns/cyc
  0 constraint hits
[3F[J                                                                                
  192 cycles  |  82 cyc/s  |  12089717 ns/cyc
  0 constraint hits
[3F[J                                                                                
  192 cycles  |  82 cyc/s  |  12089717 ns/cyc
  0 constraint hits
[3F[J                                                                                
  192 cycles  |  82 cyc/s  |  12089717 ns/cyc
  0 constraint hits
[3F[J                                                                                
  212 cycles  |  82 cyc/s  |  12164385 ns/cyc
  0 constraint hits
[3F[J                                                                                
  212 cycles  |  82 cyc/s  |  12164385 ns/cyc
  0 constraint hits
[3F[J                                                                                
  212 cycles  |  82 cyc/s  |  12164385 ns/cyc
  0 constraint hits
[3F[J                                                                                
  212 cycles  |  82 cyc/s  |  12164385 ns/cyc
  0 constraint hits
[3F[J                                                                                
  212 cycles  |  82 cyc/s  |  12164385 ns/cyc
  0 constraint hits
[3F[J                                                                                
  212 cycles  |  82 cyc/s  |  12164385 ns/cyc
  0 constraint hits
[3F[J                                                                                
  212 cycles  |  82 cyc/s  |  12164385 ns/cyc
  0 constraint hits
[3F[J                                                                                
  212 cycles  |  82 cyc/s  |  12164385 ns/cyc
  0 constraint hits
[3F[J                                                                                
  212 cycles  |  82 cyc/s  |  12164385 ns/cyc
  0 constraint hits
[3F[J                                                                                
  212 cycles  |  82 cyc/s  |  12164385 ns/cyc
  0 constraint hits
[3F[J                                                                                
  212 cycles  |  82 cyc/s  |  12164385 ns/cyc
  0 constraint hits
[3F[J                                                                                
  212 cycles  |  82 cyc/s  |  12164385 ns/cyc
  0 constraint hits
[3F[J                                                                                
  212 cycles  |  82 cyc/s  |  12164385 ns/cyc
  0 constraint hits
[3F[J                                                                                
  212 cycles  |  82 cyc/s  |  12164385 ns/cyc
  0 constraint hits
[3F[J                                                                                
  212 cycles  |  82 cyc/s  |  12164385 ns/cyc
  0 constraint hits
[3F[J                                                                                
  212 cycles  |  82 cyc/s  |  12164385 ns/cyc
  0 constraint hits
[3F[J                                                                                
  212 cycles  |  82 cyc/s  |  12164385 ns/cyc
  0 constraint hits
[3F[J                                                                                
  212 cycles  |  82 cyc/s  |  12164385 ns/cyc
  0 constraint hits
[3F[J                                                                                
  212 cycles  |  82 cyc/s  |  12164385 ns/cyc
  0 constraint hits
[3F[J                                                                                
  212 cycles  |  82 cyc/s  |  12164385 ns/cyc
  0 constraint hits
[3F[J                                                                                
  232 cycles  |  81 cyc/s  |  12248551 ns/cyc
  0 constraint hits
[3F[J                                                                                
  232 cycles  |  81 cyc/s  |  12248551 ns/cyc
  0 constraint hits
[3F[J                                                                                
  232 cycles  |  81 cyc/s  |  12248551 ns/cyc
  0 constraint hits
[3F[J                                                                                
  232 cycles  |  81 cyc/s  |  12248551 ns/cyc
  0 constraint hits
[3F[J                                                                                
  232 cycles  |  81 cyc/s  |  12248551 ns/cyc
  0 constraint hits
[3F[J                                                                                
  232 cycles  |  81 cyc/s  |  12248551 ns/cyc
  0 constraint hits
[3F[J                                                                                
  232 cycles  |  81 cyc/s  |  12248551 ns/cyc
  0 constraint hits
[3F[J                                                                                
  232 cycles  |  81 cyc/s  |  12248551 ns/cyc
  0 constraint hits
[3F[J                                                                                
  232 cycles  |  81 cyc/s  |  12248551 ns/cyc
  0 constraint hits
[3F[J                                                                                
  232 cycles  |  81 cyc/s  |  12248551 ns/cyc
  0 constraint hits
[3F[J                                                                                
  232 cycles  |  81 cyc/s  |  12248551 ns/cyc
  0 constraint hits
[3F[J                                                                                
  232 cycles  |  81 cyc/s  |  12248551 ns/cyc
  0 constraint hits
[3F[J                                                                                
  232 cycles  |  81 cyc/s  |  12248551 ns/cyc
  0 constraint hits
[3F[J                                                                                
  232 cycles  |  81 cyc/s  |  12248551 ns/cyc
  0 constraint hits
[3F[J                                                                                
  232 cycles  |  81 cyc/s  |  12248551 ns/cyc
  0 constraint hits
[3F[J                                                                                
  232 cycles  |  81 cyc/s  |  12248551 ns/cyc
  0 constraint hits
[3F[J                                                                                
  232 cycles  |  81 cyc/s  |  12248551 ns/cyc
  0 constraint hits
[3F[J                                                                                
  232 cycles  |  81 cyc/s  |  12248551 ns/cyc
  0 constraint hits
[3F[J                                                                                
  232 cycles  |  81 cyc/s  |  12248551 ns/cyc
  0 constraint hits
[3F[J                                                                                
  232 cycles  |  81 cyc/s  |  12248551 ns/cyc
  0 constraint hits
[3F[J                                                                                
  252 cycles  |  81 cyc/s  |  12316926 ns/cyc
  0 constraint hits
[3F[J                                                                                
  252 cycles  |  81 cyc/s  |  12316926 ns/cyc
  0 constraint hits
[3F[J                                                                                
  252 cycles  |  81 cyc/s  |  12316926 ns/cyc
  0 constraint hits
[3F[J                                                                                
  252 cycles  |  81 cyc/s  |  12316926 ns/cyc
  0 constraint hits
[3F[J                                                                                
  252 cycles  |  81 cyc/s  |  12316926 ns/cyc
  0 constraint hits
[3F[J                                                                                
  252 cycles  |  81 cyc/s  |  12316926 ns/cyc
  0 constraint hits
[3F[J                                                                                
  252 cycles  |  81 cyc/s  |  12316926 ns/cyc
  0 constraint hits
[3F[J                                                                                
  252 cycles  |  81 cyc/s  |  12316926 ns/cyc
  0 constraint hits
[3F[J                                                                                
  252 cycles  |  81 cyc/s  |  12316926 ns/cyc
  0 constraint hits
[3F[J                                                                                
  252 cycles  |  81 cyc/s  |  12316926 ns/cyc
  0 constraint hits
[3F[J                                                                                
  252 cycles  |  81 cyc/s  |  12316926 ns/cyc
  0 constraint hits
[3F[J                                                                                
  252 cycles  |  81 cyc/s  |  12316926 ns/cyc
  0 constraint hits
[3F[J                                                                                
  252 cycles  |  81 cyc/s  |  12316926 ns/cyc
  0 constraint hits
[3F[J                                                                                
  252 cycles  |  81 cyc/s  |  12316926 ns/cyc
  0 constraint hits
[3F[J                                                                                
  252 cycles  |  81 cyc/s  |  12316926 ns/cyc
  0 constraint hits
[3F[J                                                                                
  252 cycles  |  81 cyc/s  |  12316926 ns/cyc
  0 constraint hits
[3F[J                                                                                
  252 cycles  |  81 cyc/s  |  12316926 ns/cyc
  0 constraint hits
[3F[J                                                                                
  252 cycles  |  81 cyc/s  |  12316926 ns/cyc
  0 constraint hits
[3F[J                                                                                
  252 cycles  |  81 cyc/s  |  12316926 ns/cyc
  0 constraint hits
[3F[J                                                                                
  252 cycles  |  81 cyc/s  |  12316926 ns/cyc
  0 constraint hits
[3F[J                                                                                
  272 cycles  |  80 cyc/s  |  12369075 ns/cyc
  0 constraint hits
[3F[J                                                                                
  272 cycles  |  80 cyc/s  |  12369075 ns/cyc
  0 constraint hits
[3F[J                                                                                
  272 cycles  |  80 cyc/s  |  12369075 ns/cyc
  0 constraint hits
[3F[J                                                                                
  272 cycles  |  80 cyc/s  |  12369075 ns/cyc
  0 constraint hits
[3F[J                                                                                
  272 cycles  |  80 cyc/s  |  12369075 ns/cyc
  0 constraint hits
[3F[J                                                                                
  272 cycles  |  80 cyc/s  |  12369075 ns/cyc
  0 constraint hits
[3F[J                                                                                
  272 cycles  |  80 cyc/s  |  12369075 ns/cyc
  0 constraint hits
[3F[J                                                                                
  272 cycles  |  80 cyc/s  |  12369075 ns/cyc
  0 constraint hits
[3F[J                                                                                
  272 cycles  |  80 cyc/s  |  12369075 ns/cyc
  0 constraint hits
[3F[J                                                                                
  272 cycles  |  80 cyc/s  |  12369075 ns/cyc
  0 constraint hits
[3F[J                                                                                
  272 cycles  |  80 cyc/s  |  12369075 ns/cyc
  0 constraint hits
[3F[J                                                                                
  272 cycles  |  80 cyc/s  |  12369075 ns/cyc
  0 constraint hits
[3F[J                                                                                
  272 cycles  |  80 cyc/s  |  12369075 ns/cyc
  0 constraint hits
[3F[J                                                                                
  272 cycles  |  80 cyc/s  |  12369075 ns/cyc
  0 constraint hits
[3F[J                                                                                
  272 cycles  |  80 cyc/s  |  12369075 ns/cyc
  0 constraint hits
[3F[J                                                                                
  272 cycles  |  80 cyc/s  |  12369075 ns/cyc
  0 constraint hits
[3F[J                                                                                
  272 cycles  |  80 cyc/s  |  12369075 ns/cyc
  0 constraint hits
[3F[J                                                                                
  272 cycles  |  80 cyc/s  |  12369075 ns/cyc
  0 constraint hits
[3F[J                                                                                
  272 cycles  |  80 cyc/s  |  12369075 ns/cyc
  0 constraint hits
[3F[J                                                                                
  272 cycles  |  80 cyc/s  |  12369075 ns/cyc
  0 constraint hits
[3F[J                                                                                
  292 cycles  |  80 cyc/s  |  12410811 ns/cyc
  0 constraint hits
[3F[J                                                                                
  292 cycles  |  80 cyc/s  |  12410811 ns/cyc
  0 constraint hits
[3F[J                                                                                
  292 cycles  |  80 cyc/s  |  12410811 ns/cyc
  0 constraint hits
[3F[J                                                                                
  292 cycles  |  80 cyc/s  |  12410811 ns/cyc
  0 constraint hits
[3F[J                                                                                
  292 cycles  |  80 cyc/s  |  12410811 ns/cyc
  0 constraint hits
[3F[J                                                                                
  292 cycles  |  80 cyc/s  |  12410811 ns/cyc
  0 constraint hits
[3F[J                                                                                
  292 cycles  |  80 cyc/s  |  12410811 ns/cyc
  0 constraint hits
[3F[J                                                                                
  292 cycles  |  80 cyc/s  |  12410811 ns/cyc
  0 constraint hits
[3F[J                                                                                
  292 cycles  |  80 cyc/s  |  12410811 ns/cyc
  0 constraint hits
[3F[J                                                                                
  292 cycles  |  80 cyc/s  |  12410811 ns/cyc
  0 constraint hits
[3F[J                                                                                
  292 cycles  |  80 cyc/s  |  12410811 ns/cyc
  0 constraint hits
[3F[J                                                                                
  292 cycles  |  80 cyc/s  |  12410811 ns/cyc
  0 constraint hits
[3F[J                                                                                
  292 cycles  |  80 cyc/s  |  12410811 ns/cyc
  0 constraint hits
[3F[J                                                                                
  292 cycles  |  80 cyc/s  |  12410811 ns/cyc
  0 constraint hits
[3F[J                                                                                
  292 cycles  |  80 cyc/s  |  12410811 ns/cyc
  0 constraint hits
[3F[J                                                                                
  292 cycles  |  80 cyc/s  |  12410811 ns/cyc
  0 constraint hits
[3F[J                                                                                
  292 cycles  |  80 cyc/s  |  12410811 ns/cyc
  0 constraint hits
[3F[J                                                                                
  292 cycles  |  80 cyc/s  |  12410811 ns/cyc
  0 constraint hits
[3F[J                                                                                
  292 cycles  |  80 cyc/s  |  12410811 ns/cyc
  0 constraint hits
[3F[J                                                                                
  292 cycles  |  80 cyc/s  |  12410811 ns/cyc
  0 constraint hits
[3F[J                                                                                
  312 cycles  |  80 cyc/s  |  12453850 ns/cyc
  0 constraint hits
[3F[J                                                                                
  312 cycles  |  80 cyc/s  |  12453850 ns/cyc
  0 constraint hits
[3F[J                                                                                
  312 cycles  |  80 cyc/s  |  12453850 ns/cyc
  0 constraint hits
[3F[J                                                                                
  312 cycles  |  80 cyc/s  |  12453850 ns/cyc
  0 constraint hits
[3F[J                                                                                
  312 cycles  |  80 cyc/s  |  12453850 ns/cyc
  0 constraint hits
[3F[J                                                                                
  312 cycles  |  80 cyc/s  |  12453850 ns/cyc
  0 constraint hits
[3F[J                                                                                
  312 cycles  |  80 cyc/s  |  12453850 ns/cyc
  0 constraint hits
[3F[J                                                                                
  312 cycles  |  80 cyc/s  |  12453850 ns/cyc
  0 constraint hits
[3F[J                                                                                
  312 cycles  |  80 cyc/s  |  12453850 ns/cyc
  0 constraint hits
[3F[J                                                                                
  312 cycles  |  80 cyc/s  |  12453850 ns/cyc
  0 constraint hits
[3F[J                                                                                
  312 cycles  |  80 cyc/s  |  12453850 ns/cyc
  0 constraint hits
[3F[J                                                                                
  312 cycles  |  80 cyc/s  |  12453850 ns/cyc
  0 constraint hits
[3F[J                                                                                
  312 cycles  |  80 cyc/s  |  12453850 ns/cyc
  0 constraint hits
[3F[J                                                                                
  312 cycles  |  80 cyc/s  |  12453850 ns/cyc
  0 constraint hits
[3F[J                                                                                
  312 cycles  |  80 cyc/s  |  12453850 ns/cyc
  0 constraint hits
[3F[J                                                                                
  312 cycles  |  80 cyc/s  |  12453850 ns/cyc
  0 constraint hits
[3F[J                                                                                
  312 cycles  |  80 cyc/s  |  12453850 ns/cyc
  0 constraint hits
[3F[J                                                                                
  312 cycles  |  80 cyc/s  |  12453850 ns/cyc
  0 constraint hits
[3F[J                                                                                
  312 cycles  |  80 cyc/s  |  12453850 ns/cyc
  0 constraint hits
[3F[J                                                                                
  331 cycles  |  80 cyc/s  |  12496900 ns/cyc
  0 constraint hits
[3F[J                                                                                
  331 cycles  |  80 cyc/s  |  12496900 ns/cyc
  0 constraint hits
[3F[J                                                                                
  331 cycles  |  80 cyc/s  |  12496900 ns/cyc
  0 constraint hits
[3F[J                                                                                
  331 cycles  |  80 cyc/s  |  12496900 ns/cyc
  0 constraint hits
[3F[J                                                                                
  331 cycles  |  80 cyc/s  |  12496900 ns/cyc
  0 constraint hits
[3F[J                                                                                
  331 cycles  |  80 cyc/s  |  12496900 ns/cyc
  0 constraint hits
[3F[J                                                                                
  331 cycles  |  80 cyc/s  |  12496900 ns/cyc
  0 constraint hits
[3F[J                                                                                
  331 cycles  |  80 cyc/s  |  12496900 ns/cyc
  0 constraint hits
[3F[J                                                                                
  331 cycles  |  80 cyc/s  |  12496900 ns/cyc
  0 constraint hits
[3F[J                                                                                
  331 cycles  |  80 cyc/s  |  12496900 ns/cyc
  0 constraint hits
[3F[J                                                                                
  331 cycles  |  80 cyc/s  |  12496900 ns/cyc
  0 constraint hits
[3F[J                                                                                
  331 cycles  |  80 cyc/s  |  12496900 ns/cyc
  0 constraint hits
[3F[J                                                                                
  331 cycles  |  80 cyc/s  |  12496900 ns/cyc
  0 constraint hits
[3F[J                                                                                
  331 cycles  |  80 cyc/s  |  12496900 ns/cyc
  0 constraint hits
[3F[J                                                                                
  331 cycles  |  80 cyc/s  |  12496900 ns/cyc
  0 constraint hits
[3F[J                                                                                
  331 cycles  |  80 cyc/s  |  12496900 ns/cyc
  0 constraint hits
[3F[J                                                                                
  331 cycles  |  80 cyc/s  |  12496900 ns/cyc
  0 constraint hits
[3F[J                                                                                
  331 cycles  |  80 cyc/s  |  12496900 ns/cyc
  0 constraint hits
[3F[J                                                                                
  331 cycles  |  80 cyc/s  |  12496900 ns/cyc
  0 constraint hits
[3F[J                                                                                
  350 cycles  |  79 cyc/s  |  12536636 ns/cyc
  0 constraint hits
[3F[J                                                                                
  350 cycles  |  79 cyc/s  |  12536636 ns/cyc
  0 constraint hits
[3F[J                                                                                
  350 cycles  |  79 cyc/s  |  12536636 ns/cyc
  0 constraint hits
[3F[J                                                                                
  350 cycles  |  79 cyc/s  |  12536636 ns/cyc
  0 constraint hits
[3F[J                                                                                
  350 cycles  |  79 cyc/s  |  12536636 ns/cyc
  0 constraint hits
[3F[J                                                                                
  350 cycles  |  79 cyc/s  |  12536636 ns/cyc
  0 constraint hits
[3F[J                                                                                
  350 cycles  |  79 cyc/s  |  12536636 ns/cyc
  0 constraint hits
[3F[J                                                                                
  350 cycles  |  79 cyc/s  |  12536636 ns/cyc
  0 constraint hits
[3F[J                                                                                
  350 cycles  |  79 cyc/s  |  12536636 ns/cyc
  0 constraint hits
[3F[J                                                                                
  350 cycles  |  79 cyc/s  |  12536636 ns/cyc
  0 constraint hits
[3F[J                                                                                
  350 cycles  |  79 cyc/s  |  12536636 ns/cyc
  0 constraint hits
[3F[J                                                                                
  350 cycles  |  79 cyc/s  |  12536636 ns/cyc
  0 constraint hits
[3F[J                                                                                
  350 cycles  |  79 cyc/s  |  12536636 ns/cyc
  0 constraint hits
[3F[J                                                                                
  350 cycles  |  79 cyc/s  |  12536636 ns/cyc
  0 constraint hits
[3F[J                                                                                
  350 cycles  |  79 cyc/s  |  12536636 ns/cyc
  0 constraint hits
[3F[J                                                                                
  350 cycles  |  79 cyc/s  |  12536636 ns/cyc
  0 constraint hits
[3F[J                                                                                
  350 cycles  |  79 cyc/s  |  12536636 ns/cyc
  0 constraint hits
[3F[J                                                                                
  350 cycles  |  79 cyc/s  |  12536636 ns/cyc
  0 constraint hits
[3F[J                                                                                
  350 cycles  |  79 cyc/s  |  12536636 ns/cyc
  0 constraint hits
[3F[J                                                                                
  369 cycles  |  79 cyc/s  |  12570980 ns/cyc
  0 constraint hits
[3F[J                                                                                
  369 cycles  |  79 cyc/s  |  12570980 ns/cyc
  0 constraint hits
[3F[J                                                                                
  369 cycles  |  79 cyc/s  |  12570980 ns/cyc
  0 constraint hits
[3F[J                                                                                
  369 cycles  |  79 cyc/s  |  12570980 ns/cyc
  0 constraint hits
[3F[J                                                                                
  369 cycles  |  79 cyc/s  |  12570980 ns/cyc
  0 constraint hits
[3F[J                                                                                
  369 cycles  |  79 cyc/s  |  12570980 ns/cyc
  0 constraint hits
[3F[J                                                                                
  369 cycles  |  79 cyc/s  |  12570980 ns/cyc
  0 constraint hits
[3F[J                                                                                
  369 cycles  |  79 cyc/s  |  12570980 ns/cyc
  0 constraint hits
[3F[J                                                                                
  369 cycles  |  79 cyc/s  |  12570980 ns/cyc
  0 constraint hits
[3F[J                                                                                
  369 cycles  |  79 cyc/s  |  12570980 ns/cyc
  0 constraint hits
[3F[J                                                                                
  369 cycles  |  79 cyc/s  |  12570980 ns/cyc
  0 constraint hits
[3F[J                                                                                
  369 cycles  |  79 cyc/s  |  12570980 ns/cyc
  0 constraint hits
[3F[J                                                                                
  369 cycles  |  79 cyc/s  |  12570980 ns/cyc
  0 constraint hits
[3F[J                                                                                
  369 cycles  |  79 cyc/s  |  12570980 ns/cyc
  0 constraint hits
[3F[J                                                                                
  369 cycles  |  79 cyc/s  |  12570980 ns/cyc
  0 constraint hits
[3F[J                                                                                
  369 cycles  |  79 cyc/s  |  12570980 ns/cyc
  0 constraint hits
[3F[J                                                                                
  369 cycles  |  79 cyc/s  |  12570980 ns/cyc
  0 constraint hits
[3F[J                                                                                
  369 cycles  |  79 cyc/s  |  12570980 ns/cyc
  0 constraint hits
[3F[J                                                                                
  369 cycles  |  79 cyc/s  |  12570980 ns/cyc
  0 constraint hits
[3F[J                                                                                
  369 cycles  |  79 cyc/s  |  12570980 ns/cyc
  0 constraint hits
[3F[J                                                                                
  389 cycles  |  79 cyc/s  |  12593819 ns/cyc
  0 constraint hits
[3F[J                                                                                
  389 cycles  |  79 cyc/s  |  12593819 ns/cyc
  0 constraint hits
[3F[J                                                                                
  389 cycles  |  79 cyc/s  |  12593819 ns/cyc
  0 constraint hits
[3F[J                                                                                
  389 cycles  |  79 cyc/s  |  12593819 ns/cyc
  0 constraint hits
[3F[J                                                                                
  389 cycles  |  79 cyc/s  |  12593819 ns/cyc
  0 constraint hits
[3F[J                                                                                
  389 cycles  |  79 cyc/s  |  12593819 ns/cyc
  0 constraint hits
[3F[J                                                                                
  389 cycles  |  79 cyc/s  |  12593819 ns/cyc
  0 constraint hits
[3F[J                                                                                
  389 cycles  |  79 cyc/s  |  12593819 ns/cyc
  0 constraint hits
[3F[J                                                                                
  389 cycles  |  79 cyc/s  |  12593819 ns/cyc
  0 constraint hits
[3F[J                                                                                
  389 cycles  |  79 cyc/s  |  12593819 ns/cyc
  0 constraint hits
[3F[J                                                                                
  389 cycles  |  79 cyc/s  |  12593819 ns/cyc
  0 constraint hits
[3F[J                                                                                
  389 cycles  |  79 cyc/s  |  12593819 ns/cyc
  0 constraint hits
[3F[J                                                                                
  389 cycles  |  79 cyc/s  |  12593819 ns/cyc
  0 constraint hits
[3F[J                                                                                
  389 cycles  |  79 cyc/s  |  12593819 ns/cyc
  0 constraint hits
[3F[J                                                                                
  389 cycles  |  79 cyc/s  |  12593819 ns/cyc
  0 constraint hits
[3F[J                                                                                
  389 cycles  |  79 cyc/s  |  12593819 ns/cyc
  0 constraint hits
[3F[J                                                                                
  389 cycles  |  79 cyc/s  |  12593819 ns/cyc
  0 constraint hits
[3F[J                                                                                
  389 cycles  |  79 cyc/s  |  12593819 ns/cyc
  0 constraint hits
[3F[J                                                                                
  389 cycles  |  79 cyc/s  |  12593819 ns/cyc
  0 constraint hits
[3F[J                                                                                
  389 cycles  |  79 cyc/s  |  12593819 ns/cyc
  0 constraint hits
[3F[J                                                                                
  409 cycles  |  79 cyc/s  |  12616155 ns/cyc
  0 constraint hits
[3F[J                                                                                
  409 cycles  |  79 cyc/s  |  12616155 ns/cyc
  0 constraint hits
[3F[J                                                                                
  409 cycles  |  79 cyc/s  |  12616155 ns/cyc
  0 constraint hits
[3F[J                                                                                
  409 cycles  |  79 cyc/s  |  12616155 ns/cyc
  0 constraint hits
[3F[J                                                                                
  409 cycles  |  79 cyc/s  |  12616155 ns/cyc
  0 constraint hits
[3F[J                                                                                
  409 cycles  |  79 cyc/s  |  12616155 ns/cyc
  0 constraint hits
[3F[J                                                                                
  409 cycles  |  79 cyc/s  |  12616155 ns/cyc
  0 constraint hits
[3F[J                                                                                
  409 cycles  |  79 cyc/s  |  12616155 ns/cyc
  0 constraint hits
[3F[J                                                                                
  409 cycles  |  79 cyc/s  |  12616155 ns/cyc
  0 constraint hits
[3F[J                                                                                
  409 cycles  |  79 cyc/s  |  12616155 ns/cyc
  0 constraint hits
[3F[J                                                                                
  409 cycles  |  79 cyc/s  |  12616155 ns/cyc
  0 constraint hits
[3F[J                                                                                
  409 cycles  |  79 cyc/s  |  12616155 ns/cyc
  0 constraint hits
[3F[J                                                                                
  409 cycles  |  79 cyc/s  |  12616155 ns/cyc
  0 constraint hits
[3F[J                                                                                
  409 cycles  |  79 cyc/s  |  12616155 ns/cyc
  0 constraint hits
[3F[J                                                                                
  409 cycles  |  79 cyc/s  |  12616155 ns/cyc
  0 constraint hits
[3F[J                                                                                
  409 cycles  |  79 cyc/s  |  12616155 ns/cyc
  0 constraint hits
[3F[J                                                                                
  409 cycles  |  79 cyc/s  |  12616155 ns/cyc
  0 constraint hits
[3F[J                                                                                
  409 cycles  |  79 cyc/s  |  12616155 ns/cyc
  0 constraint hits
[3F[J                                                                                
  409 cycles  |  79 cyc/s  |  12616155 ns/cyc
  0 constraint hits
[3F[J                                                                                
  409 cycles  |  79 cyc/s  |  12616155 ns/cyc
  0 constraint hits
[3F[J                                                                                
  429 cycles  |  79 cyc/s  |  12638840 ns/cyc
  0 constraint hits
[3F[J                                                                                
  429 cycles  |  79 cyc/s  |  12638840 ns/cyc
  0 constraint hits
[3F[J                                                                                
  429 cycles  |  79 cyc/s  |  12638840 ns/cyc
  0 constraint hits
[3F[J                                                                                
  429 cycles  |  79 cyc/s  |  12638840 ns/cyc
  0 constraint hits
[3F[J                                                                                
  429 cycles  |  79 cyc/s  |  12638840 ns/cyc
  0 constraint hits
[3F[J                                                                                
  429 cycles  |  79 cyc/s  |  12638840 ns/cyc
  0 constraint hits
[3F[J                                                                                
  429 cycles  |  79 cyc/s  |  12638840 ns/cyc
  0 constraint hits
[3F[J                                                                                
  429 cycles  |  79 cyc/s  |  12638840 ns/cyc
  0 constraint hits
[3F[J                                                                                
  429 cycles  |  79 cyc/s  |  12638840 ns/cyc
  0 constraint hits
[3F[J                                                                                
  429 cycles  |  79 cyc/s  |  12638840 ns/cyc
  0 constraint hits
[3F[J                                                                                
  429 cycles  |  79 cyc/s  |  12638840 ns/cyc
  0 constraint hits
[3F[J                                                                                
  429 cycles  |  79 cyc/s  |  12638840 ns/cyc
  0 constraint hits
[3F[J                                                                                
  429 cycles  |  79 cyc/s  |  12638840 ns/cyc
  0 constraint hits
[3F[J                                                                                
  429 cycles  |  79 cyc/s  |  12638840 ns/cyc
  0 constraint hits
[3F[J                                                                                
  429 cycles  |  79 cyc/s  |  12638840 ns/cyc
  0 constraint hits
[3F[J                                                                                
  429 cycles  |  79 cyc/s  |  12638840 ns/cyc
  0 constraint hits
[3F[J                                                                                
  429 cycles  |  79 cyc/s  |  12638840 ns/cyc
  0 constraint hits
[3F[J                                                                                
  429 cycles  |  79 cyc/s  |  12638840 ns/cyc
  0 constraint hits
[3F[J                                                                                
  429 cycles  |  79 cyc/s  |  12638840 ns/cyc
  0 constraint hits
[3F[J                                                                                
  429 cycles  |  79 cyc/s  |  12638840 ns/cyc
  0 constraint hits
[3F[J                                                                                
  449 cycles  |  78 cyc/s  |  12660732 ns/cyc
  0 constraint hits
[3F[J                                                                                
  449 cycles  |  78 cyc/s  |  12660732 ns/cyc
  0 constraint hits
[3F[J                                                                                
  449 cycles  |  78 cyc/s  |  12660732 ns/cyc
  0 constraint hits
[3F[J                                                                                
  449 cycles  |  78 cyc/s  |  12660732 ns/cyc
  0 constraint hits
[3F[J                                                                                
  449 cycles  |  78 cyc/s  |  12660732 ns/cyc
  0 constraint hits
[3F[J                                                                                
  449 cycles  |  78 cyc/s  |  12660732 ns/cyc
  0 constraint hits
[3F[J                                                                                
  449 cycles  |  78 cyc/s  |  12660732 ns/cyc
  0 constraint hits
[3F[J                                                                                
  449 cycles  |  78 cyc/s  |  12660732 ns/cyc
  0 constraint hits
[3F[J                                                                                
  449 cycles  |  78 cyc/s  |  12660732 ns/cyc
  0 constraint hits
[3F[J                                                                                
  449 cycles  |  78 cyc/s  |  12660732 ns/cyc
  0 constraint hits
[3F[J                                                                                
  449 cycles  |  78 cyc/s  |  12660732 ns/cyc
  0 constraint hits
[3F[J                                                                                
  449 cycles  |  78 cyc/s  |  12660732 ns/cyc
  0 constraint hits
[3F[J                                                                                
  449 cycles  |  78 cyc/s  |  12660732 ns/cyc
  0 constraint hits
[3F[J                                                                                
  449 cycles  |  78 cyc/s  |  12660732 ns/cyc
  0 constraint hits
[3F[J                                                                                
  449 cycles  |  78 cyc/s  |  12660732 ns/cyc
  0 constraint hits
[3F[J                                                                                
  449 cycles  |  78 cyc/s  |  12660732 ns/cyc
  0 constraint hits
[3F[J                                                                                
  449 cycles  |  78 cyc/s  |  12660732 ns/cyc
  0 constraint hits
[3F[J                                                                                
  449 cycles  |  78 cyc/s  |  12660732 ns/cyc
  0 constraint hits
[3F[J                                                                                
  449 cycles  |  78 cyc/s  |  12660732 ns/cyc
  0 constraint hits
[3F[J                                                                                
  449 cycles  |  78 cyc/s  |  12660732 ns/cyc
  0 constraint hits
[3F[J                                                                                
  469 cycles  |  78 cyc/s  |  12673156 ns/cyc
  0 constraint hits
[3F[J                                                                                
  469 cycles  |  78 cyc/s  |  12673156 ns/cyc
  0 constraint hits
[3F[J                                                                                
  469 cycles  |  78 cyc/s  |  12673156 ns/cyc
  0 constraint hits
[3F[J                                                                                
  469 cycles  |  78 cyc/s  |  12673156 ns/cyc
  0 constraint hits
[3F[J                                                                                
  469 cycles  |  78 cyc/s  |  12673156 ns/cyc
  0 constraint hits
[3F[J                                                                                
  469 cycles  |  78 cyc/s  |  12673156 ns/cyc
  0 constraint hits
[3F[J                                                                                
  469 cycles  |  78 cyc/s  |  12673156 ns/cyc
  0 constraint hits
[3F[J                                                                                
  469 cycles  |  78 cyc/s  |  12673156 ns/cyc
  0 constraint hits
[3F[J                                                                                
  469 cycles  |  78 cyc/s  |  12673156 ns/cyc
  0 constraint hits
[3F[J                                                                                
  469 cycles  |  78 cyc/s  |  12673156 ns/cyc
  0 constraint hits
[3F[J                                                                                
  469 cycles  |  78 cyc/s  |  12673156 ns/cyc
  0 constraint hits
[3F[J                                                                                
  469 cycles  |  78 cyc/s  |  12673156 ns/cyc
  0 constraint hits
[3F[J                                                                                
  469 cycles  |  78 cyc/s  |  12673156 ns/cyc
  0 constraint hits
[3F[J                                                                                
  469 cycles  |  78 cyc/s  |  12673156 ns/cyc
  0 constraint hits
[3F[J                                                                                
  469 cycles  |  78 cyc/s  |  12673156 ns/cyc
  0 constraint hits
[3F[J                                                                                
  469 cycles  |  78 cyc/s  |  12673156 ns/cyc
  0 constraint hits
[3F[J                                                                                
  469 cycles  |  78 cyc/s  |  12673156 ns/cyc
  0 constraint hits
[3F[J                                                                                
  469 cycles  |  78 cyc/s  |  12673156 ns/cyc
  0 constraint hits
[3F[J                                                                                
  469 cycles  |  78 cyc/s  |  12673156 ns/cyc
  0 constraint hits
[3F[J                                                                                
  469 cycles  |  78 cyc/s  |  12673156 ns/cyc
  0 constraint hits
[3F[J                                                                                
  489 cycles  |  78 cyc/s  |  12691924 ns/cyc
  0 constraint hits
[3F[J                                                                                
  489 cycles  |  78 cyc/s  |  12691924 ns/cyc
  0 constraint hits
[3F[J                                                                                
  489 cycles  |  78 cyc/s  |  12691924 ns/cyc
  0 constraint hits
[3F[J                                                                                
  489 cycles  |  78 cyc/s  |  12691924 ns/cyc
  0 constraint hits
[3F[J                                                                                
  489 cycles  |  78 cyc/s  |  12691924 ns/cyc
  0 constraint hits
[3F[J                                                                                
  489 cycles  |  78 cyc/s  |  12691924 ns/cyc
  0 constraint hits
[3F[J                                                                                
  489 cycles  |  78 cyc/s  |  12691924 ns/cyc
  0 constraint hits
[3F[J                                                                                
  489 cycles  |  78 cyc/s  |  12691924 ns/cyc
  0 constraint hits
[3F[J                                                                                
  489 cycles  |  78 cyc/s  |  12691924 ns/cyc
  0 constraint hits
[3F[J                                                                                
  489 cycles  |  78 cyc/s  |  12691924 ns/cyc
  0 constraint hits
[3F[J                                                                                
  489 cycles  |  78 cyc/s  |  12691924 ns/cyc
  0 constraint hits
[3F[J                                                                                
  489 cycles  |  78 cyc/s  |  12691924 ns/cyc
  0 constraint hits
[3F[J                                                                                
  489 cycles  |  78 cyc/s  |  12691924 ns/cyc
  0 constraint hits
[3F[J                                                                                
  489 cycles  |  78 cyc/s  |  12691924 ns/cyc
  0 constraint hits
[3F[J                                                                                
  489 cycles  |  78 cyc/s  |  12691924 ns/cyc
  0 constraint hits
[3F[J                                                                                
  489 cycles  |  78 cyc/s  |  12691924 ns/cyc
  0 constraint hits
[3F[J                                                                                
  489 cycles  |  78 cyc/s  |  12691924 ns/cyc
  0 constraint hits
[3F[J                                                                                
  489 cycles  |  78 cyc/s  |  12691924 ns/cyc
  0 constraint hits
[3F[J                                                                                
  489 cycles  |  78 cyc/s  |  12691924 ns/cyc
  0 constraint hits
[3F[J                                                                                
  489 cycles  |  78 cyc/s  |  12691924 ns/cyc
  0 constraint hits
[3F[J                                                                                
  509 cycles  |  78 cyc/s  |  12709989 ns/cyc
  0 constraint hits
[3F[J                                                                                
  509 cycles  |  78 cyc/s  |  12709989 ns/cyc
  0 constraint hits
[3F[J                                                                                
  509 cycles  |  78 cyc/s  |  12709989 ns/cyc
  0 constraint hits
[3F[J                                                                                
  509 cycles  |  78 cyc/s  |  12709989 ns/cyc
  0 constraint hits
[3F[J                                                                                
  509 cycles  |  78 cyc/s  |  12709989 ns/cyc
  0 constraint hits
[3F[J                                                                                
  509 cycles  |  78 cyc/s  |  12709989 ns/cyc
  0 constraint hits
[3F[J                                                                                
  509 cycles  |  78 cyc/s  |  12709989 ns/cyc
  0 constraint hits
[3F[J                                                                                
  509 cycles  |  78 cyc/s  |  12709989 ns/cyc
  0 constraint hits
[3F[J                                                                                
  509 cycles  |  78 cyc/s  |  12709989 ns/cyc
  0 constraint hits
[3F[J                                                                                
  509 cycles  |  78 cyc/s  |  12709989 ns/cyc
  0 constraint hits
[3F[J                                                                                
  509 cycles  |  78 cyc/s  |  12709989 ns/cyc
  0 constraint hits
[3F[J                                                                                
  509 cycles  |  78 cyc/s  |  12709989 ns/cyc
  0 constraint hits
[3F[J                                                                                
  509 cycles  |  78 cyc/s  |  12709989 ns/cyc
  0 constraint hits
[3F[J                                                                                
  509 cycles  |  78 cyc/s  |  12709989 ns/cyc
  0 constraint hits
[3F[J                                                                                
  509 cycles  |  78 cyc/s  |  12709989 ns/cyc
  0 constraint hits
[3F[J                                                                                
  509 cycles  |  78 cyc/s  |  12709989 ns/cyc
  0 constraint hits
[3F[J                                                                                
  509 cycles  |  78 cyc/s  |  12709989 ns/cyc
  0 constraint hits
[3F[J                                                                                
  509 cycles  |  78 cyc/s  |  12709989 ns/cyc
  0 constraint hits
[3F[J                                                                                
  509 cycles  |  78 cyc/s  |  12709989 ns/cyc
  0 constraint hits
[3F[J                                                                                
  509 cycles  |  78 cyc/s  |  12709989 ns/cyc
  0 constraint hits
[3F[J                                                                                
  529 cycles  |  78 cyc/s  |  12725816 ns/cyc
  0 constraint hits
[3F[J                                                                                
  529 cycles  |  78 cyc/s  |  12725816 ns/cyc
  0 constraint hits
[3F[J                                                                                
  529 cycles  |  78 cyc/s  |  12725816 ns/cyc
  0 constraint hits
[3F[J                                                                                
  529 cycles  |  78 cyc/s  |  12725816 ns/cyc
  0 constraint hits
[3F[J                                                                                
  529 cycles  |  78 cyc/s  |  12725816 ns/cyc
  0 constraint hits
[3F[J                                                                                
  529 cycles  |  78 cyc/s  |  12725816 ns/cyc
  0 constraint hits
[3F[J                                                                                
  529 cycles  |  78 cyc/s  |  12725816 ns/cyc
  0 constraint hits
[3F[J                                                                                
  529 cycles  |  78 cyc/s  |  12725816 ns/cyc
  0 constraint hits
[3F[J                                                                                
  529 cycles  |  78 cyc/s  |  12725816 ns/cyc
  0 constraint hits
[3F[J                                                                                
  529 cycles  |  78 cyc/s  |  12725816 ns/cyc
  0 constraint hits
[3F[J                                                                                
  529 cycles  |  78 cyc/s  |  12725816 ns/cyc
  0 constraint hits
[3F[J                                                                                
  529 cycles  |  78 cyc/s  |  12725816 ns/cyc
  0 constraint hits
[3F[J                                                                                
  529 cycles  |  78 cyc/s  |  12725816 ns/cyc
  0 constraint hits
[3F[J                                                                                
  529 cycles  |  78 cyc/s  |  12725816 ns/cyc
  0 constraint hits
[3F[J                                                                                
  529 cycles  |  78 cyc/s  |  12725816 ns/cyc
  0 constraint hits
[3F[J                                                                                
  529 cycles  |  78 cyc/s  |  12725816 ns/cyc
  0 constraint hits
[3F[J                                                                                
  529 cycles  |  78 cyc/s  |  12725816 ns/cyc
  0 constraint hits
[3F[J                                                                                
  529 cycles  |  78 cyc/s  |  12725816 ns/cyc
  0 constraint hits
[3F[J                                                                                
  529 cycles  |  78 cyc/s  |  12725816 ns/cyc
  0 constraint hits
[3F[J                                                                                
  529 cycles  |  78 cyc/s  |  12725816 ns/cyc
  0 constraint hits
[3F[J                                                                                
  549 cycles  |  78 cyc/s  |  12738392 ns/cyc
  0 constraint hits
[3F[J                                                                                
  549 cycles  |  78 cyc/s  |  12738392 ns/cyc
  0 constraint hits
[3F[J                                                                                
  549 cycles  |  78 cyc/s  |  12738392 ns/cyc
  0 constraint hits
[3F[J                                                                                
  549 cycles  |  78 cyc/s  |  12738392 ns/cyc
  0 constraint hits
[3F[J                                                                                
  549 cycles  |  78 cyc/s  |  12738392 ns/cyc
  0 constraint hits
[3F[J                                                                                
  549 cycles  |  78 cyc/s  |  12738392 ns/cyc
  0 constraint hits
[3F[J                                                                                
  549 cycles  |  78 cyc/s  |  12738392 ns/cyc
  0 constraint hits
[3F[J                                                                                
  549 cycles  |  78 cyc/s  |  12738392 ns/cyc
  0 constraint hits
[3F[J                                                                                
  549 cycles  |  78 cyc/s  |  12738392 ns/cyc
  0 constraint hits
[3F[J                                                                                
  549 cycles  |  78 cyc/s  |  12738392 ns/cyc
  0 constraint hits
[3F[J                                                                                
  549 cycles  |  78 cyc/s  |  12738392 ns/cyc
  0 constraint hits
[3F[J                                                                                
  549 cycles  |  78 cyc/s  |  12738392 ns/cyc
  0 constraint hits
[3F[J                                                                                
  549 cycles  |  78 cyc/s  |  12738392 ns/cyc
  0 constraint hits
[3F[J                                                                                
  549 cycles  |  78 cyc/s  |  12738392 ns/cyc
  0 constraint hits
[3F[J                                                                                
  549 cycles  |  78 cyc/s  |  12738392 ns/cyc
  0 constraint hits
[3F[J                                                                                
  549 cycles  |  78 cyc/s  |  12738392 ns/cyc
  0 constraint hits
[3F[J                                                                                
  549 cycles  |  78 cyc/s  |  12738392 ns/cyc
  0 constraint hits
[3F[J                                                                                
  549 cycles  |  78 cyc/s  |  12738392 ns/cyc
  0 constraint hits
[3F[J                                                                                
  549 cycles  |  78 cyc/s  |  12738392 ns/cyc
  0 constraint hits
[3F[J                                                                                
  549 cycles  |  78 cyc/s  |  12738392 ns/cyc
  0 constraint hits
[3F[J                                                                                
  569 cycles  |  78 cyc/s  |  12750466 ns/cyc
  0 constraint hits
[3F[J                                                                                
  569 cycles  |  78 cyc/s  |  12750466 ns/cyc
  0 constraint hits
[3F[J                                                                                
  569 cycles  |  78 cyc/s  |  12750466 ns/cyc
  0 constraint hits
[3F[J                                                                                
  569 cycles  |  78 cyc/s  |  12750466 ns/cyc
  0 constraint hits
[3F[J                                                                                
  569 cycles  |  78 cyc/s  |  12750466 ns/cyc
  0 constraint hits
[3F[J                                                                                
  569 cycles  |  78 cyc/s  |  12750466 ns/cyc
  0 constraint hits
[3F[J                                                                                
  569 cycles  |  78 cyc/s  |  12750466 ns/cyc
  0 constraint hits
[3F[J                                                                                
  569 cycles  |  78 cyc/s  |  12750466 ns/cyc
  0 constraint hits
[3F[J                                                                                
  569 cycles  |  78 cyc/s  |  12750466 ns/cyc
  0 constraint hits
[3F[J                                                                                
  569 cycles  |  78 cyc/s  |  12750466 ns/cyc
  0 constraint hits
[3F[J                                                                                
  569 cycles  |  78 cyc/s  |  12750466 ns/cyc
  0 constraint hits
[3F[J                                                                                
  569 cycles  |  78 cyc/s  |  12750466 ns/cyc
  0 constraint hits
[3F[J                                                                                
  569 cycles  |  78 cyc/s  |  12750466 ns/cyc
  0 constraint hits
[3F[J                                                                                
  569 cycles  |  78 cyc/s  |  12750466 ns/cyc
  0 constraint hits
[3F[J                                                                                
  569 cycles  |  78 cyc/s  |  12750466 ns/cyc
  0 constraint hits
[3F[J                                                                                
  569 cycles  |  78 cyc/s  |  12750466 ns/cyc
  0 constraint hits
[3F[J                                                                                
  569 cycles  |  78 cyc/s  |  12750466 ns/cyc
  0 constraint hits
[3F[J                                                                                
  569 cycles  |  78 cyc/s  |  12750466 ns/cyc
  0 constraint hits
[3F[J                                                                                
  569 cycles  |  78 cyc/s  |  12750466 ns/cyc
  0 constraint hits
[3F[J                                                                                
  588 cycles  |  78 cyc/s  |  12765741 ns/cyc
  0 constraint hits
[3F[J                                                                                
  588 cycles  |  78 cyc/s  |  12765741 ns/cyc
  0 constraint hits
[3F[J                                                                                
  588 cycles  |  78 cyc/s  |  12765741 ns/cyc
  0 constraint hits
[3F[J                                                                                
  588 cycles  |  78 cyc/s  |  12765741 ns/cyc
  0 constraint hits
[3F[J                                                                                
  588 cycles  |  78 cyc/s  |  12765741 ns/cyc
  0 constraint hits
[3F[J                                                                                
  588 cycles  |  78 cyc/s  |  12765741 ns/cyc
  0 constraint hits
[3F[J                                                                                
  588 cycles  |  78 cyc/s  |  12765741 ns/cyc
  0 constraint hits
[3F[J                                                                                
  588 cycles  |  78 cyc/s  |  12765741 ns/cyc
  0 constraint hits
[3F[J                                                                                
  588 cycles  |  78 cyc/s  |  12765741 ns/cyc
  0 constraint hits
[3F[J                                                                                
  588 cycles  |  78 cyc/s  |  12765741 ns/cyc
  0 constraint hits
[3F[J                                                                                
  588 cycles  |  78 cyc/s  |  12765741 ns/cyc
  0 constraint hits
[3F[J                                                                                
  588 cycles  |  78 cyc/s  |  12765741 ns/cyc
  0 constraint hits
[3F[J                                                                                
  588 cycles  |  78 cyc/s  |  12765741 ns/cyc
  0 constraint hits
[3F[J                                                                                
  588 cycles  |  78 cyc/s  |  12765741 ns/cyc
  0 constraint hits
[3F[J                                                                                
  588 cycles  |  78 cyc/s  |  12765741 ns/cyc
  0 constraint hits
[3F[J                                                                                
  588 cycles  |  78 cyc/s  |  12765741 ns/cyc
  0 constraint hits
[3F[J                                                                                
  588 cycles  |  78 cyc/s  |  12765741 ns/cyc
  0 constraint hits
[3F[J                                                                                
  588 cycles  |  78 cyc/s  |  12765741 ns/cyc
  0 constraint hits
[3F[J                                                                                
  588 cycles  |  78 cyc/s  |  12765741 ns/cyc
  0 constraint hits
[3F[J                                                                                
  607 cycles  |  78 cyc/s  |  12778564 ns/cyc
  0 constraint hits
[3F[J                                                                                
  607 cycles  |  78 cyc/s  |  12778564 ns/cyc
  0 constraint hits
[3F[J                                                                                
  607 cycles  |  78 cyc/s  |  12778564 ns/cyc
  0 constraint hits
[3F[J                                                                                
  607 cycles  |  78 cyc/s  |  12778564 ns/cyc
  0 constraint hits
[3F[J                                                                                
  607 cycles  |  78 cyc/s  |  12778564 ns/cyc
  0 constraint hits
[3F[J                                                                                
  607 cycles  |  78 cyc/s  |  12778564 ns/cyc
  0 constraint hits
[3F[J                                                                                
  607 cycles  |  78 cyc/s  |  12778564 ns/cyc
  0 constraint hits
[3F[J                                                                                
  607 cycles  |  78 cyc/s  |  12778564 ns/cyc
  0 constraint hits
[3F[J                                                                                
  607 cycles  |  78 cyc/s  |  12778564 ns/cyc
  0 constraint hits
[3F[J                                                                                
  607 cycles  |  78 cyc/s  |  12778564 ns/cyc
  0 constraint hits
[3F[J                                                                                
  607 cycles  |  78 cyc/s  |  12778564 ns/cyc
  0 constraint hits
[3F[J                                                                                
  607 cycles  |  78 cyc/s  |  12778564 ns/cyc
  0 constraint hits
[3F[J                                                                                
  607 cycles  |  78 cyc/s  |  12778564 ns/cyc
  0 constraint hits
[3F[J                                                                                
  607 cycles  |  78 cyc/s  |  12778564 ns/cyc
  0 constraint hits
[3F[J                                                                                
  607 cycles  |  78 cyc/s  |  12778564 ns/cyc
  0 constraint hits
[3F[J                                                                                
  607 cycles  |  78 cyc/s  |  12778564 ns/cyc
  0 constraint hits
[3F[J                                                                                
  607 cycles  |  78 cyc/s  |  12778564 ns/cyc
  0 constraint hits
[3F[J                                                                                
  607 cycles  |  78 cyc/s  |  12778564 ns/cyc
  0 constraint hits
[3F[J                                                                                
  607 cycles  |  78 cyc/s  |  12778564 ns/cyc
  0 constraint hits
[3F[J                                                                                
  626 cycles  |  78 cyc/s  |  12790759 ns/cyc
  0 constraint hits
[3F[J                                                                                
  626 cycles  |  78 cyc/s  |  12790759 ns/cyc
  0 constraint hits
[3F[J                                                                                
  626 cycles  |  78 cyc/s  |  12790759 ns/cyc
  0 constraint hits
[3F[J                                                                                
  626 cycles  |  78 cyc/s  |  12790759 ns/cyc
  0 constraint hits
[3F[J                                                                                
  626 cycles  |  78 cyc/s  |  12790759 ns/cyc
  0 constraint hits
[3F[J                                                                                
  626 cycles  |  78 cyc/s  |  12790759 ns/cyc
  0 constraint hits
[3F[J                                                                                
  626 cycles  |  78 cyc/s  |  12790759 ns/cyc
  0 constraint hits
[3F[J                                                                                
  626 cycles  |  78 cyc/s  |  12790759 ns/cyc
  0 constraint hits
[3F[J                                                                                
  626 cycles  |  78 cyc/s  |  12790759 ns/cyc
  0 constraint hits
[3F[J                                                                                
  626 cycles  |  78 cyc/s  |  12790759 ns/cyc
  0 constraint hits
[3F[J                                                                                
  626 cycles  |  78 cyc/s  |  12790759 ns/cyc
  0 constraint hits
[3F[J                                                                                
  626 cycles  |  78 cyc/s  |  12790759 ns/cyc
  0 constraint hits
[3F[J                                                                                
  626 cycles  |  78 cyc/s  |  12790759 ns/cyc
  0 constraint hits
[3F[J                                                                                
  626 cycles  |  78 cyc/s  |  12790759 ns/cyc
  0 constraint hits
[3F[J@@TIME_PROC_AVG COUNT:640 AVG_MS:12.802
@@TIME_THROUGHPUT COUNT:640 DURATION_S:8.193417 EVENTS_PER_S:78.111
                                                                                
  626 cycles  |  78 cyc/s  |  12790759 ns/cyc
  0 constraint hits
[3F[J                                                                                
  640 cycles  |  78 cyc/s  |  12799940 ns/cyc
  640 input events parsed in 0.000s  |  12799940 ns/event avg
  0 constraint hits total
  Breakdown:
   [#0]: 0
   [#1]: 0
   [#2]: 0
@@MONITOR_END:2026-05-14T09:57:00.891512000Z
   [#3]: 0
   [#4]: 0
   [#5]: 0
   [#6]: 0
   [#7]: 0
   [#8]: 0
   [#9]: 0
   [#10]: 0
   [#11]: 0
   [#12]: 0
   [#13]: 0
   [#14]: 0
   [#15]: 0
