@@MONITOR_START:2026-05-14T10:09:30.888981000Z
[3F[J                                                                                
  0 cycles
  0 constraint hits
[3F[J                                                                                
  0 cycles
  0 constraint hits
[3F[J                                                                                
  0 cycles
  0 constraint hits
[3F[J                                                                                
  0 cycles
  0 constraint hits
[3F[J                                                                                
  0 cycles
  0 constraint hits
[3F[J                                                                                
  0 cycles
  0 constraint hits
[3F[J                                                                                
  0 cycles
  0 constraint hits
[3F[J                                                                                
  0 cycles
  0 constraint hits
[3F[J                                                                                
  0 cycles
  0 constraint hits
[3F[J                                                                                
  0 cycles
  0 constraint hits
[3F[J                                                                                
  0 cycles
  0 constraint hits
[3F[J                                                                                
  0 cycles
  0 constraint hits
[3F[J                                                                                
  0 cycles
  0 constraint hits
[3F[J                                                                                
  0 cycles
  0 constraint hits
[3F[J                                                                                
  0 cycles
  0 constraint hits
[3F[J                                                                                
  0 cycles
  0 constraint hits
[3F[J                                                                                
  0 cycles
  0 constraint hits
[3F[J                                                                                
  0 cycles
  0 constraint hits
[3F[J                                                                                
  0 cycles
  0 constraint hits
[3F[J                                                                                
  0 cycles
  0 constraint hits
[3F[J                                                                                
  0 cycles
  0 constraint hits
[3F[J                                                                                
  0 cycles
  0 constraint hits
[3F[J                                                                                
  0 cycles
  0 constraint hits
[3F[J                                                                                
  0 cycles
  0 constraint hits
[3F[J                                                                                
  0 cycles
  0 constraint hits
[3F[J                                                                                
  0 cycles
  0 constraint hits
[3F[J                                                                                
  0 cycles
  0 constraint hits
[3F[J                                                                                
  0 cycles
  0 constraint hits
[3F[J                                                                                
  0 cycles
  0 constraint hits
[3F[J                                                                                
  0 cycles
  0 constraint hits
[3F[J                                                                                
  0 cycles
  0 constraint hits
[3F[J                                                                                
  0 cycles
  0 constraint hits
[3F[J                                                                                
  0 cycles
  0 constraint hits
[3F[J                                                                                
  0 cycles
  0 constraint hits
[3F[J                                                                                
  0 cycles
  0 constraint hits
[3F[J                                                                                
  0 cycles
  0 constraint hits
[3F[J                                                                                
  0 cycles
  0 constraint hits
[3F[J                                                                                
  0 cycles
  0 constraint hits
[3F[J                                                                                
  0 cycles
  0 constraint hits
[3F[J                                                                                
  0 cycles
  0 constraint hits
[3F[J                                                                                
  41 cycles  |  161 cyc/s  |  6205162 ns/cyc
  0 constraint hits
[3F[J                                                                                
  41 cycles  |  161 cyc/s  |  6205162 ns/cyc
  0 constraint hits
[3F[J                                                                                
  41 cycles  |  161 cyc/s  |  6205162 ns/cyc
  0 constraint hits
[3F[J                                                                                
  41 cycles  |  161 cyc/s  |  6205162 ns/cyc
  0 constraint hits
[3F[J                                                                                
  41 cycles  |  161 cyc/s  |  6205162 ns/cyc
  0 constraint hits
[3F[J                                                                                
  41 cycles  |  161 cyc/s  |  6205162 ns/cyc
  0 constraint hits
[3F[J                                                                                
  41 cycles  |  161 cyc/s  |  6205162 ns/cyc
  0 constraint hits
[3F[J                                                                                
  41 cycles  |  161 cyc/s  |  6205162 ns/cyc
  0 constraint hits
[3F[J                                                                                
  41 cycles  |  161 cyc/s  |  6205162 ns/cyc
  0 constraint hits
[3F[J                                                                                
  41 cycles  |  161 cyc/s  |  6205162 ns/cyc
  0 constraint hits
[3F[J                                                                                
  41 cycles  |  161 cyc/s  |  6205162 ns/cyc
  0 constraint hits
[3F[J                                                                                
  41 cycles  |  161 cyc/s  |  6205162 ns/cyc
  0 constraint hits
[3F[J                                                                                
  41 cycles  |  161 cyc/s  |  6205162 ns/cyc
  0 constraint hits
[3F[J                                                                                
  41 cycles  |  161 cyc/s  |  6205162 ns/cyc
  0 constraint hits
[3F[J                                                                                
  41 cycles  |  161 cyc/s  |  6205162 ns/cyc
  0 constraint hits
[3F[J                                                                                
  41 cycles  |  161 cyc/s  |  6205162 ns/cyc
  0 constraint hits
[3F[J                                                                                
  41 cycles  |  161 cyc/s  |  6205162 ns/cyc
  0 constraint hits
[3F[J                                                                                
  41 cycles  |  161 cyc/s  |  6205162 ns/cyc
  0 constraint hits
[3F[J                                                                                
  41 cycles  |  161 cyc/s  |  6205162 ns/cyc
  0 constraint hits
[3F[J                                                                                
  41 cycles  |  161 cyc/s  |  6205162 ns/cyc
  0 constraint hits
[3F[J                                                                                
  41 cycles  |  161 cyc/s  |  6205162 ns/cyc
  0 constraint hits
[3F[J                                                                                
  41 cycles  |  161 cyc/s  |  6205162 ns/cyc
  0 constraint hits
[3F[J                                                                                
  63 cycles  |  122 cyc/s  |  8131226 ns/cyc
  0 constraint hits
[3F[J                                                                                
  63 cycles  |  122 cyc/s  |  8131226 ns/cyc
  0 constraint hits
[3F[J                                                                                
  63 cycles  |  122 cyc/s  |  8131226 ns/cyc
  0 constraint hits
[3F[J                                                                                
  63 cycles  |  122 cyc/s  |  8131226 ns/cyc
  0 constraint hits
[3F[J                                                                                
  63 cycles  |  122 cyc/s  |  8131226 ns/cyc
  0 constraint hits
[3F[J                                                                                
  63 cycles  |  122 cyc/s  |  8131226 ns/cyc
  0 constraint hits
[3F[J                                                                                
  63 cycles  |  122 cyc/s  |  8131226 ns/cyc
  0 constraint hits
[3F[J                                                                                
  63 cycles  |  122 cyc/s  |  8131226 ns/cyc
  0 constraint hits
[3F[J                                                                                
  63 cycles  |  122 cyc/s  |  8131226 ns/cyc
  0 constraint hits
[3F[J                                                                                
  63 cycles  |  122 cyc/s  |  8131226 ns/cyc
  0 constraint hits
[3F[J                                                                                
  63 cycles  |  122 cyc/s  |  8131226 ns/cyc
  0 constraint hits
[3F[J                                                                                
  63 cycles  |  122 cyc/s  |  8131226 ns/cyc
  0 constraint hits
[3F[J                                                                                
  63 cycles  |  122 cyc/s  |  8131226 ns/cyc
  0 constraint hits
[3F[J                                                                                
  63 cycles  |  122 cyc/s  |  8131226 ns/cyc
  0 constraint hits
[3F[J                                                                                
  63 cycles  |  122 cyc/s  |  8131226 ns/cyc
  0 constraint hits
[3F[J                                                                                
  63 cycles  |  122 cyc/s  |  8131226 ns/cyc
  0 constraint hits
[3F[J                                                                                
  63 cycles  |  122 cyc/s  |  8131226 ns/cyc
  0 constraint hits
[3F[J                                                                                
  63 cycles  |  122 cyc/s  |  8131226 ns/cyc
  0 constraint hits
[3F[J                                                                                
  63 cycles  |  122 cyc/s  |  8131226 ns/cyc
  0 constraint hits
[3F[J                                                                                
  63 cycles  |  122 cyc/s  |  8131226 ns/cyc
  0 constraint hits
[3F[J                                                                                
  63 cycles  |  122 cyc/s  |  8131226 ns/cyc
  0 constraint hits
[3F[J                                                                                
  63 cycles  |  122 cyc/s  |  8131226 ns/cyc
  0 constraint hits
[3F[J                                                                                
  85 cycles  |  110 cyc/s  |  9077513 ns/cyc
  0 constraint hits
[3F[J                                                                                
  85 cycles  |  110 cyc/s  |  9077513 ns/cyc
  0 constraint hits
[3F[J                                                                                
  85 cycles  |  110 cyc/s  |  9077513 ns/cyc
  0 constraint hits
[3F[J                                                                                
  85 cycles  |  110 cyc/s  |  9077513 ns/cyc
  0 constraint hits
[3F[J                                                                                
  85 cycles  |  110 cyc/s  |  9077513 ns/cyc
  0 constraint hits
[3F[J                                                                                
  85 cycles  |  110 cyc/s  |  9077513 ns/cyc
  0 constraint hits
[3F[J                                                                                
  85 cycles  |  110 cyc/s  |  9077513 ns/cyc
  0 constraint hits
[3F[J                                                                                
  85 cycles  |  110 cyc/s  |  9077513 ns/cyc
  0 constraint hits
[3F[J                                                                                
  85 cycles  |  110 cyc/s  |  9077513 ns/cyc
  0 constraint hits
[3F[J                                                                                
  85 cycles  |  110 cyc/s  |  9077513 ns/cyc
  0 constraint hits
[3F[J                                                                                
  85 cycles  |  110 cyc/s  |  9077513 ns/cyc
  0 constraint hits
[3F[J                                                                                
  85 cycles  |  110 cyc/s  |  9077513 ns/cyc
  0 constraint hits
[3F[J                                                                                
  85 cycles  |  110 cyc/s  |  9077513 ns/cyc
  0 constraint hits
[3F[J                                                                                
  85 cycles  |  110 cyc/s  |  9077513 ns/cyc
  0 constraint hits
[3F[J                                                                                
  85 cycles  |  110 cyc/s  |  9077513 ns/cyc
  0 constraint hits
[3F[J                                                                                
  85 cycles  |  110 cyc/s  |  9077513 ns/cyc
  0 constraint hits
[3F[J                                                                                
  85 cycles  |  110 cyc/s  |  9077513 ns/cyc
  0 constraint hits
[3F[J                                                                                
  85 cycles  |  110 cyc/s  |  9077513 ns/cyc
  0 constraint hits
[3F[J                                                                                
  85 cycles  |  110 cyc/s  |  9077513 ns/cyc
  0 constraint hits
[3F[J                                                                                
  85 cycles  |  110 cyc/s  |  9077513 ns/cyc
  0 constraint hits
[3F[J                                                                                
  85 cycles  |  110 cyc/s  |  9077513 ns/cyc
  0 constraint hits
[3F[J                                                                                
  85 cycles  |  110 cyc/s  |  9077513 ns/cyc
  0 constraint hits
[3F[J                                                                                
  107 cycles  |  103 cyc/s  |  9645749 ns/cyc
  0 constraint hits
[3F[J                                                                                
  107 cycles  |  103 cyc/s  |  9645749 ns/cyc
  0 constraint hits
[3F[J                                                                                
  107 cycles  |  103 cyc/s  |  9645749 ns/cyc
  0 constraint hits
[3F[J                                                                                
  107 cycles  |  103 cyc/s  |  9645749 ns/cyc
  0 constraint hits
[3F[J                                                                                
  107 cycles  |  103 cyc/s  |  9645749 ns/cyc
  0 constraint hits
[3F[J                                                                                
  107 cycles  |  103 cyc/s  |  9645749 ns/cyc
  0 constraint hits
[3F[J                                                                                
  107 cycles  |  103 cyc/s  |  9645749 ns/cyc
  0 constraint hits
[3F[J                                                                                
  107 cycles  |  103 cyc/s  |  9645749 ns/cyc
  0 constraint hits
[3F[J                                                                                
  107 cycles  |  103 cyc/s  |  9645749 ns/cyc
  0 constraint hits
[3F[J                                                                                
  107 cycles  |  103 cyc/s  |  9645749 ns/cyc
  0 constraint hits
[3F[J                                                                                
  107 cycles  |  103 cyc/s  |  9645749 ns/cyc
  0 constraint hits
[3F[J                                                                                
  107 cycles  |  103 cyc/s  |  9645749 ns/cyc
  0 constraint hits
[3F[J                                                                                
  107 cycles  |  103 cyc/s  |  9645749 ns/cyc
  0 constraint hits
[3F[J                                                                                
  107 cycles  |  103 cyc/s  |  9645749 ns/cyc
  0 constraint hits
[3F[J                                                                                
  107 cycles  |  103 cyc/s  |  9645749 ns/cyc
  0 constraint hits
[3F[J                                                                                
  107 cycles  |  103 cyc/s  |  9645749 ns/cyc
  0 constraint hits
[3F[J                                                                                
  107 cycles  |  103 cyc/s  |  9645749 ns/cyc
  0 constraint hits
[3F[J                                                                                
  107 cycles  |  103 cyc/s  |  9645749 ns/cyc
  0 constraint hits
[3F[J                                                                                
  107 cycles  |  103 cyc/s  |  9645749 ns/cyc
  0 constraint hits
[3F[J                                                                                
  107 cycles  |  103 cyc/s  |  9645749 ns/cyc
  0 constraint hits
[3F[J                                                                                
  107 cycles  |  103 cyc/s  |  9645749 ns/cyc
  0 constraint hits
[3F[J                                                                                
  107 cycles  |  103 cyc/s  |  9645749 ns/cyc
  0 constraint hits
[3F[J                                                                                
  129 cycles  |  100 cyc/s  |  9995852 ns/cyc
  0 constraint hits
[3F[J                                                                                
  129 cycles  |  100 cyc/s  |  9995852 ns/cyc
  0 constraint hits
[3F[J                                                                                
  129 cycles  |  100 cyc/s  |  9995852 ns/cyc
  0 constraint hits
[3F[J                                                                                
  129 cycles  |  100 cyc/s  |  9995852 ns/cyc
  0 constraint hits
[3F[J                                                                                
  129 cycles  |  100 cyc/s  |  9995852 ns/cyc
  0 constraint hits
[3F[J                                                                                
  129 cycles  |  100 cyc/s  |  9995852 ns/cyc
  0 constraint hits
[3F[J                                                                                
  129 cycles  |  100 cyc/s  |  9995852 ns/cyc
  0 constraint hits
[3F[J                                                                                
  129 cycles  |  100 cyc/s  |  9995852 ns/cyc
  0 constraint hits
[3F[J                                                                                
  129 cycles  |  100 cyc/s  |  9995852 ns/cyc
  0 constraint hits
[3F[J                                                                                
  129 cycles  |  100 cyc/s  |  9995852 ns/cyc
  0 constraint hits
[3F[J                                                                                
  129 cycles  |  100 cyc/s  |  9995852 ns/cyc
  0 constraint hits
[3F[J                                                                                
  129 cycles  |  100 cyc/s  |  9995852 ns/cyc
  0 constraint hits
[3F[J                                                                                
  129 cycles  |  100 cyc/s  |  9995852 ns/cyc
  0 constraint hits
[3F[J                                                                                
  129 cycles  |  100 cyc/s  |  9995852 ns/cyc
  0 constraint hits
[3F[J                                                                                
  129 cycles  |  100 cyc/s  |  9995852 ns/cyc
  0 constraint hits
[3F[J                                                                                
  129 cycles  |  100 cyc/s  |  9995852 ns/cyc
  0 constraint hits
[3F[J                                                                                
  129 cycles  |  100 cyc/s  |  9995852 ns/cyc
  0 constraint hits
[3F[J                                                                                
  129 cycles  |  100 cyc/s  |  9995852 ns/cyc
  0 constraint hits
[3F[J                                                                                
  129 cycles  |  100 cyc/s  |  9995852 ns/cyc
  0 constraint hits
[3F[J                                                                                
  129 cycles  |  100 cyc/s  |  9995852 ns/cyc
  0 constraint hits
[3F[J                                                                                
  129 cycles  |  100 cyc/s  |  9995852 ns/cyc
  0 constraint hits
[3F[J                                                                                
  150 cycles  |  97 cyc/s  |  10263967 ns/cyc
  0 constraint hits
[3F[J                                                                                
  150 cycles  |  97 cyc/s  |  10263967 ns/cyc
  0 constraint hits
[3F[J                                                                                
  150 cycles  |  97 cyc/s  |  10263967 ns/cyc
  0 constraint hits
[3F[J                                                                                
  150 cycles  |  97 cyc/s  |  10263967 ns/cyc
  0 constraint hits
[3F[J                                                                                
  150 cycles  |  97 cyc/s  |  10263967 ns/cyc
  0 constraint hits
[3F[J                                                                                
  150 cycles  |  97 cyc/s  |  10263967 ns/cyc
  0 constraint hits
[3F[J                                                                                
  150 cycles  |  97 cyc/s  |  10263967 ns/cyc
  0 constraint hits
[3F[J                                                                                
  150 cycles  |  97 cyc/s  |  10263967 ns/cyc
  0 constraint hits
[3F[J                                                                                
  150 cycles  |  97 cyc/s  |  10263967 ns/cyc
  0 constraint hits
[3F[J                                                                                
  150 cycles  |  97 cyc/s  |  10263967 ns/cyc
  0 constraint hits
[3F[J                                                                                
  150 cycles  |  97 cyc/s  |  10263967 ns/cyc
  0 constraint hits
[3F[J                                                                                
  150 cycles  |  97 cyc/s  |  10263967 ns/cyc
  0 constraint hits
[3F[J                                                                                
  150 cycles  |  97 cyc/s  |  10263967 ns/cyc
  0 constraint hits
[3F[J                                                                                
  150 cycles  |  97 cyc/s  |  10263967 ns/cyc
  0 constraint hits
[3F[J                                                                                
  150 cycles  |  97 cyc/s  |  10263967 ns/cyc
  0 constraint hits
[3F[J                                                                                
  150 cycles  |  97 cyc/s  |  10263967 ns/cyc
  0 constraint hits
[3F[J                                                                                
  150 cycles  |  97 cyc/s  |  10263967 ns/cyc
  0 constraint hits
[3F[J                                                                                
  150 cycles  |  97 cyc/s  |  10263967 ns/cyc
  0 constraint hits
[3F[J                                                                                
  150 cycles  |  97 cyc/s  |  10263967 ns/cyc
  0 constraint hits
[3F[J                                                                                
  150 cycles  |  97 cyc/s  |  10263967 ns/cyc
  0 constraint hits
[3F[J                                                                                
  150 cycles  |  97 cyc/s  |  10263967 ns/cyc
  0 constraint hits
[3F[J                                                                                
  171 cycles  |  95 cyc/s  |  10465829 ns/cyc
  0 constraint hits
[3F[J                                                                                
  171 cycles  |  95 cyc/s  |  10465829 ns/cyc
  0 constraint hits
[3F[J                                                                                
  171 cycles  |  95 cyc/s  |  10465829 ns/cyc
  0 constraint hits
[3F[J                                                                                
  171 cycles  |  95 cyc/s  |  10465829 ns/cyc
  0 constraint hits
[3F[J                                                                                
  171 cycles  |  95 cyc/s  |  10465829 ns/cyc
  0 constraint hits
[3F[J                                                                                
  171 cycles  |  95 cyc/s  |  10465829 ns/cyc
  0 constraint hits
[3F[J                                                                                
  171 cycles  |  95 cyc/s  |  10465829 ns/cyc
  0 constraint hits
[3F[J                                                                                
  171 cycles  |  95 cyc/s  |  10465829 ns/cyc
  0 constraint hits
[3F[J                                                                                
  171 cycles  |  95 cyc/s  |  10465829 ns/cyc
  0 constraint hits
[3F[J                                                                                
  171 cycles  |  95 cyc/s  |  10465829 ns/cyc
  0 constraint hits
[3F[J                                                                                
  171 cycles  |  95 cyc/s  |  10465829 ns/cyc
  0 constraint hits
[3F[J                                                                                
  171 cycles  |  95 cyc/s  |  10465829 ns/cyc
  0 constraint hits
[3F[J                                                                                
  171 cycles  |  95 cyc/s  |  10465829 ns/cyc
  0 constraint hits
[3F[J                                                                                
  171 cycles  |  95 cyc/s  |  10465829 ns/cyc
  0 constraint hits
[3F[J                                                                                
  171 cycles  |  95 cyc/s  |  10465829 ns/cyc
  0 constraint hits
[3F[J                                                                                
  171 cycles  |  95 cyc/s  |  10465829 ns/cyc
  0 constraint hits
[3F[J                                                                                
  171 cycles  |  95 cyc/s  |  10465829 ns/cyc
  0 constraint hits
[3F[J                                                                                
  171 cycles  |  95 cyc/s  |  10465829 ns/cyc
  0 constraint hits
[3F[J                                                                                
  171 cycles  |  95 cyc/s  |  10465829 ns/cyc
  0 constraint hits
[3F[J                                                                                
  171 cycles  |  95 cyc/s  |  10465829 ns/cyc
  0 constraint hits
[3F[J                                                                                
  171 cycles  |  95 cyc/s  |  10465829 ns/cyc
  0 constraint hits
[3F[J                                                                                
  171 cycles  |  95 cyc/s  |  10465829 ns/cyc
  0 constraint hits
[3F[J                                                                                
  193 cycles  |  94 cyc/s  |  10616827 ns/cyc
  0 constraint hits
[3F[J                                                                                
  193 cycles  |  94 cyc/s  |  10616827 ns/cyc
  0 constraint hits
[3F[J                                                                                
  193 cycles  |  94 cyc/s  |  10616827 ns/cyc
  0 constraint hits
[3F[J                                                                                
  193 cycles  |  94 cyc/s  |  10616827 ns/cyc
  0 constraint hits
[3F[J                                                                                
  193 cycles  |  94 cyc/s  |  10616827 ns/cyc
  0 constraint hits
[3F[J                                                                                
  193 cycles  |  94 cyc/s  |  10616827 ns/cyc
  0 constraint hits
[3F[J                                                                                
  193 cycles  |  94 cyc/s  |  10616827 ns/cyc
  0 constraint hits
[3F[J                                                                                
  193 cycles  |  94 cyc/s  |  10616827 ns/cyc
  0 constraint hits
[3F[J                                                                                
  193 cycles  |  94 cyc/s  |  10616827 ns/cyc
  0 constraint hits
[3F[J                                                                                
  193 cycles  |  94 cyc/s  |  10616827 ns/cyc
  0 constraint hits
[3F[J                                                                                
  193 cycles  |  94 cyc/s  |  10616827 ns/cyc
  0 constraint hits
[3F[J                                                                                
  193 cycles  |  94 cyc/s  |  10616827 ns/cyc
  0 constraint hits
[3F[J                                                                                
  193 cycles  |  94 cyc/s  |  10616827 ns/cyc
  0 constraint hits
[3F[J                                                                                
  193 cycles  |  94 cyc/s  |  10616827 ns/cyc
  0 constraint hits
[3F[J                                                                                
  193 cycles  |  94 cyc/s  |  10616827 ns/cyc
  0 constraint hits
[3F[J                                                                                
  193 cycles  |  94 cyc/s  |  10616827 ns/cyc
  0 constraint hits
[3F[J                                                                                
  193 cycles  |  94 cyc/s  |  10616827 ns/cyc
  0 constraint hits
[3F[J                                                                                
  193 cycles  |  94 cyc/s  |  10616827 ns/cyc
  0 constraint hits
[3F[J                                                                                
  193 cycles  |  94 cyc/s  |  10616827 ns/cyc
  0 constraint hits
[3F[J                                                                                
  193 cycles  |  94 cyc/s  |  10616827 ns/cyc
  0 constraint hits
[3F[J                                                                                
  193 cycles  |  94 cyc/s  |  10616827 ns/cyc
  0 constraint hits
[3F[J                                                                                
  193 cycles  |  94 cyc/s  |  10616827 ns/cyc
  0 constraint hits
[3F[J                                                                                
  215 cycles  |  93 cyc/s  |  10742190 ns/cyc
  0 constraint hits
[3F[J                                                                                
  215 cycles  |  93 cyc/s  |  10742190 ns/cyc
  0 constraint hits
[3F[J                                                                                
  215 cycles  |  93 cyc/s  |  10742190 ns/cyc
  0 constraint hits
[3F[J                                                                                
  215 cycles  |  93 cyc/s  |  10742190 ns/cyc
  0 constraint hits
[3F[J                                                                                
  215 cycles  |  93 cyc/s  |  10742190 ns/cyc
  0 constraint hits
[3F[J                                                                                
  215 cycles  |  93 cyc/s  |  10742190 ns/cyc
  0 constraint hits
[3F[J                                                                                
  215 cycles  |  93 cyc/s  |  10742190 ns/cyc
  0 constraint hits
[3F[J                                                                                
  215 cycles  |  93 cyc/s  |  10742190 ns/cyc
  0 constraint hits
[3F[J                                                                                
  215 cycles  |  93 cyc/s  |  10742190 ns/cyc
  0 constraint hits
[3F[J                                                                                
  215 cycles  |  93 cyc/s  |  10742190 ns/cyc
  0 constraint hits
[3F[J                                                                                
  215 cycles  |  93 cyc/s  |  10742190 ns/cyc
  0 constraint hits
[3F[J                                                                                
  215 cycles  |  93 cyc/s  |  10742190 ns/cyc
  0 constraint hits
[3F[J                                                                                
  215 cycles  |  93 cyc/s  |  10742190 ns/cyc
  0 constraint hits
[3F[J                                                                                
  215 cycles  |  93 cyc/s  |  10742190 ns/cyc
  0 constraint hits
[3F[J                                                                                
  215 cycles  |  93 cyc/s  |  10742190 ns/cyc
  0 constraint hits
[3F[J                                                                                
  215 cycles  |  93 cyc/s  |  10742190 ns/cyc
  0 constraint hits
[3F[J                                                                                
  215 cycles  |  93 cyc/s  |  10742190 ns/cyc
  0 constraint hits
[3F[J                                                                                
  215 cycles  |  93 cyc/s  |  10742190 ns/cyc
  0 constraint hits
[3F[J                                                                                
  215 cycles  |  93 cyc/s  |  10742190 ns/cyc
  0 constraint hits
[3F[J                                                                                
  215 cycles  |  93 cyc/s  |  10742190 ns/cyc
  0 constraint hits
[3F[J                                                                                
  215 cycles  |  93 cyc/s  |  10742190 ns/cyc
  0 constraint hits
[3F[J                                                                                
  215 cycles  |  93 cyc/s  |  10742190 ns/cyc
  0 constraint hits
[3F[J                                                                                
  237 cycles  |  92 cyc/s  |  10840970 ns/cyc
  0 constraint hits
[3F[J                                                                                
  237 cycles  |  92 cyc/s  |  10840970 ns/cyc
  0 constraint hits
[3F[J                                                                                
  237 cycles  |  92 cyc/s  |  10840970 ns/cyc
  0 constraint hits
[3F[J@@TIME_PROC_AVG COUNT:240 AVG_MS:10.855
@@TIME_THROUGHPUT COUNT:240 DURATION_S:2.605268 EVENTS_PER_S:92.121
                                                                                
  237 cycles  |  92 cyc/s  |  10840970 ns/cyc
  0 constraint hits
[3F[J                                                                                
  240 cycles  |  92 cyc/s  |  10853015 ns/cyc
  240 input events parsed in 0.000s  |  10853015 ns/event avg
  0 constraint hits total
  Breakdown:
   [#0]: 0
   [#1]: 0
@@MONITOR_END:2026-05-14T10:09:33.494473000Z
   [#2]: 0
   [#3]: 0
   [#4]: 0
   [#5]: 0
   [#6]: 0
   [#7]: 0
