@@MONITOR_START:2026-05-14T10:09:16.908373000Z
                                                                                
  0 cycles
  0 constraint hits
                                                                                
  0 cycles
  0 constraint hits
                                                                                
  0 cycles
  0 constraint hits
                                                                                
  0 cycles
  0 constraint hits
                                                                                
  0 cycles
  0 constraint hits
                                                                                
  0 cycles
  0 constraint hits
                                                                                
  0 cycles
  0 constraint hits
                                                                                
  0 cycles
  0 constraint hits
                                                                                
  0 cycles
  0 constraint hits
                                                                                
  0 cycles
  0 constraint hits
                                                                                
  0 cycles
  0 constraint hits
                                                                                
  0 cycles
  0 constraint hits
                                                                                
  0 cycles
  0 constraint hits
                                                                                
  0 cycles
  0 constraint hits
                                                                                
  0 cycles
  0 constraint hits
                                                                                
  0 cycles
  0 constraint hits
                                                                                
  0 cycles
  0 constraint hits
                                                                                
  0 cycles
  0 constraint hits
                                                                                
  0 cycles
  0 constraint hits
                                                                                
  0 cycles
  0 constraint hits
                                                                                
  0 cycles
  0 constraint hits
                                                                                
  0 cycles
  0 constraint hits
                                                                                
  0 cycles
  0 constraint hits
                                                                                
  0 cycles
  0 constraint hits
                                                                                
  0 cycles
  0 constraint hits
                                                                                
  0 cycles
  0 constraint hits
                                                                                
  0 cycles
  0 constraint hits
                                                                                
  0 cycles
  0 constraint hits
                                                                                
  0 cycles
  0 constraint hits
                                                                                
  0 cycles
  0 constraint hits
                                                                                
  0 cycles
  0 constraint hits
                                                                                
  0 cycles
  0 constraint hits
                                                                                
  0 cycles
  0 constraint hits
                                                                                
  0 cycles
  0 constraint hits
                                                                                
  0 cycles
  0 constraint hits
                                                                                
  0 cycles
  0 constraint hits
                                                                                
  0 cycles
  0 constraint hits
                                                                                
  0 cycles
  0 constraint hits
                                                                                
  0 cycles
  0 constraint hits
                                                                                
  0 cycles
  0 constraint hits
                                                                                
  0 cycles
  0 constraint hits
                                                                                
  0 cycles
  0 constraint hits
                                                                                
  0 cycles
  0 constraint hits
                                                                                
  0 cycles
  0 constraint hits
                                                                                
  0 cycles
  0 constraint hits
                                                                                
  0 cycles
  0 constraint hits
                                                                                
  0 cycles
  0 constraint hits
                                                                                
  0 cycles
  0 constraint hits
                                                                                
  0 cycles
  0 constraint hits
                                                                                
  0 cycles
  0 constraint hits
                                                                                
  0 cycles
  0 constraint hits
                                                                                
  0 cycles
  0 constraint hits
                                                                                
  0 cycles
  0 constraint hits
                                                                                
  0 cycles
  0 constraint hits
                                                                                
  0 cycles
  0 constraint hits
                                                                                
  0 cycles
  0 constraint hits
                                                                                
  0 cycles
  0 constraint hits
                                                                                
  0 cycles
  0 constraint hits
                                                                                
  0 cycles
  0 constraint hits
                                                                                
  0 cycles
  0 constraint hits
                                                                                
  0 cycles
  0 constraint hits
                                                                                
  0 cycles
  0 constraint hits
                                                                                
  63 cycles  |  249 cyc/s  |  4012655 ns/cyc
  0 constraint hits
                                                                                
  63 cycles  |  249 cyc/s  |  4012655 ns/cyc
  0 constraint hits
                                                                                
  63 cycles  |  249 cyc/s  |  4012655 ns/cyc
  0 constraint hits
                                                                                
  63 cycles  |  249 cyc/s  |  4012655 ns/cyc
  0 constraint hits
                                                                                
  63 cycles  |  249 cyc/s  |  4012655 ns/cyc
  0 constraint hits
                                                                                
  63 cycles  |  249 cyc/s  |  4012655 ns/cyc
  0 constraint hits
                                                                                
  63 cycles  |  249 cyc/s  |  4012655 ns/cyc
  0 constraint hits
                                                                                
  63 cycles  |  249 cyc/s  |  4012655 ns/cyc
  0 constraint hits
                                                                                
  63 cycles  |  249 cyc/s  |  4012655 ns/cyc
  0 constraint hits
                                                                                
  63 cycles  |  249 cyc/s  |  4012655 ns/cyc
  0 constraint hits
                                                                                
  63 cycles  |  249 cyc/s  |  4012655 ns/cyc
  0 constraint hits
                                                                                
  63 cycles  |  249 cyc/s  |  4012655 ns/cyc
  0 constraint hits
                                                                                
  63 cycles  |  249 cyc/s  |  4012655 ns/cyc
  0 constraint hits
                                                                                
  63 cycles  |  249 cyc/s  |  4012655 ns/cyc
  0 constraint hits
                                                                                
  63 cycles  |  249 cyc/s  |  4012655 ns/cyc
  0 constraint hits
                                                                                
  63 cycles  |  249 cyc/s  |  4012655 ns/cyc
  0 constraint hits
                                                                                
  63 cycles  |  249 cyc/s  |  4012655 ns/cyc
  0 constraint hits
                                                                                
  63 cycles  |  249 cyc/s  |  4012655 ns/cyc
  0 constraint hits
                                                                                
  63 cycles  |  249 cyc/s  |  4012655 ns/cyc
  0 constraint hits
                                                                                
  63 cycles  |  249 cyc/s  |  4012655 ns/cyc
  0 constraint hits
                                                                                
  63 cycles  |  249 cyc/s  |  4012655 ns/cyc
  0 constraint hits
                                                                                
  63 cycles  |  249 cyc/s  |  4012655 ns/cyc
  0 constraint hits
                                                                                
  63 cycles  |  249 cyc/s  |  4012655 ns/cyc
  0 constraint hits
                                                                                
  63 cycles  |  249 cyc/s  |  4012655 ns/cyc
  0 constraint hits
                                                                                
  63 cycles  |  249 cyc/s  |  4012655 ns/cyc
  0 constraint hits
                                                                                
  63 cycles  |  249 cyc/s  |  4012655 ns/cyc
  0 constraint hits
                                                                                
  63 cycles  |  249 cyc/s  |  4012655 ns/cyc
  0 constraint hits
                                                                                
  63 cycles  |  249 cyc/s  |  4012655 ns/cyc
  0 constraint hits
                                                                                
  63 cycles  |  249 cyc/s  |  4012655 ns/cyc
  0 constraint hits
                                                                                
  63 cycles  |  249 cyc/s  |  4012655 ns/cyc
  0 constraint hits
                                                                                
  63 cycles  |  249 cyc/s  |  4012655 ns/cyc
  0 constraint hits
                                                                                
  63 cycles  |  249 cyc/s  |  4012655 ns/cyc
  0 constraint hits
                                                                                
  63 cycles  |  249 cyc/s  |  4012655 ns/cyc
  0 constraint hits
                                                                                
  63 cycles  |  249 cyc/s  |  4012655 ns/cyc
  0 constraint hits
                                                                                
  63 cycles  |  249 cyc/s  |  4012655 ns/cyc
  0 constraint hits
                                                                                
  63 cycles  |  249 cyc/s  |  4012655 ns/cyc
  0 constraint hits
                                                                                
  63 cycles  |  249 cyc/s  |  4012655 ns/cyc
  0 constraint hits
                                                                                
  63 cycles  |  249 cyc/s  |  4012655 ns/cyc
  0 constraint hits
                                                                                
  63 cycles  |  249 cyc/s  |  4012655 ns/cyc
  0 constraint hits
                                                                                
  63 cycles  |  249 cyc/s  |  4012655 ns/cyc
  0 constraint hits
                                                                                
  63 cycles  |  249 cyc/s  |  4012655 ns/cyc
  0 constraint hits
                                                                                
  63 cycles  |  249 cyc/s  |  4012655 ns/cyc
  0 constraint hits
                                                                                
  63 cycles  |  249 cyc/s  |  4012655 ns/cyc
  0 constraint hits
                                                                                
  106 cycles  |  209 cyc/s  |  4780117 ns/cyc
  0 constraint hits
                                                                                
  106 cycles  |  209 cyc/s  |  4780117 ns/cyc
  0 constraint hits
                                                                                
  106 cycles  |  209 cyc/s  |  4780117 ns/cyc
  0 constraint hits
                                                                                
  106 cycles  |  209 cyc/s  |  4780117 ns/cyc
  0 constraint hits
                                                                                
  106 cycles  |  209 cyc/s  |  4780117 ns/cyc
  0 constraint hits
                                                                                
  106 cycles  |  209 cyc/s  |  4780117 ns/cyc
  0 constraint hits
                                                                                
  106 cycles  |  209 cyc/s  |  4780117 ns/cyc
  0 constraint hits
                                                                                
  106 cycles  |  209 cyc/s  |  4780117 ns/cyc
  0 constraint hits
                                                                                
  106 cycles  |  209 cyc/s  |  4780117 ns/cyc
  0 constraint hits
                                                                                
  106 cycles  |  209 cyc/s  |  4780117 ns/cyc
  0 constraint hits
                                                                                
  106 cycles  |  209 cyc/s  |  4780117 ns/cyc
  0 constraint hits
                                                                                
  106 cycles  |  209 cyc/s  |  4780117 ns/cyc
  0 constraint hits
                                                                                
  106 cycles  |  209 cyc/s  |  4780117 ns/cyc
  0 constraint hits
                                                                                
  106 cycles  |  209 cyc/s  |  4780117 ns/cyc
  0 constraint hits
                                                                                
  106 cycles  |  209 cyc/s  |  4780117 ns/cyc
  0 constraint hits
                                                                                
  106 cycles  |  209 cyc/s  |  4780117 ns/cyc
  0 constraint hits
                                                                                
  106 cycles  |  209 cyc/s  |  4780117 ns/cyc
  0 constraint hits
                                                                                
  106 cycles  |  209 cyc/s  |  4780117 ns/cyc
  0 constraint hits
                                                                                
  106 cycles  |  209 cyc/s  |  4780117 ns/cyc
  0 constraint hits
                                                                                
  106 cycles  |  209 cyc/s  |  4780117 ns/cyc
  0 constraint hits
                                                                                
  106 cycles  |  209 cyc/s  |  4780117 ns/cyc
  0 constraint hits
                                                                                
  106 cycles  |  209 cyc/s  |  4780117 ns/cyc
  0 constraint hits
                                                                                
  106 cycles  |  209 cyc/s  |  4780117 ns/cyc
  0 constraint hits
                                                                                
  106 cycles  |  209 cyc/s  |  4780117 ns/cyc
  0 constraint hits
                                                                                
  106 cycles  |  209 cyc/s  |  4780117 ns/cyc
  0 constraint hits
                                                                                
  106 cycles  |  209 cyc/s  |  4780117 ns/cyc
  0 constraint hits
                                                                                
  106 cycles  |  209 cyc/s  |  4780117 ns/cyc
  0 constraint hits
                                                                                
  106 cycles  |  209 cyc/s  |  4780117 ns/cyc
  0 constraint hits
                                                                                
  106 cycles  |  209 cyc/s  |  4780117 ns/cyc
  0 constraint hits
                                                                                
  106 cycles  |  209 cyc/s  |  4780117 ns/cyc
  0 constraint hits
                                                                                
  106 cycles  |  209 cyc/s  |  4780117 ns/cyc
  0 constraint hits
                                                                                
  106 cycles  |  209 cyc/s  |  4780117 ns/cyc
  0 constraint hits
                                                                                
  106 cycles  |  209 cyc/s  |  4780117 ns/cyc
  0 constraint hits
                                                                                
  106 cycles  |  209 cyc/s  |  4780117 ns/cyc
  0 constraint hits
                                                                                
  106 cycles  |  209 cyc/s  |  4780117 ns/cyc
  0 constraint hits
                                                                                
  106 cycles  |  209 cyc/s  |  4780117 ns/cyc
  0 constraint hits
                                                                                
  106 cycles  |  209 cyc/s  |  4780117 ns/cyc
  0 constraint hits
                                                                                
  106 cycles  |  209 cyc/s  |  4780117 ns/cyc
  0 constraint hits
                                                                                
  106 cycles  |  209 cyc/s  |  4780117 ns/cyc
  0 constraint hits
                                                                                
  106 cycles  |  209 cyc/s  |  4780117 ns/cyc
  0 constraint hits
                                                                                
  106 cycles  |  209 cyc/s  |  4780117 ns/cyc
  0 constraint hits
                                                                                
  106 cycles  |  209 cyc/s  |  4780117 ns/cyc
  0 constraint hits
                                                                                
  148 cycles  |  195 cyc/s  |  5117382 ns/cyc
  0 constraint hits
                                                                                
  148 cycles  |  195 cyc/s  |  5117382 ns/cyc
  0 constraint hits
                                                                                
  148 cycles  |  195 cyc/s  |  5117382 ns/cyc
  0 constraint hits
                                                                                
  148 cycles  |  195 cyc/s  |  5117382 ns/cyc
  0 constraint hits
                                                                                
  148 cycles  |  195 cyc/s  |  5117382 ns/cyc
  0 constraint hits
                                                                                
  148 cycles  |  195 cyc/s  |  5117382 ns/cyc
  0 constraint hits
                                                                                
  148 cycles  |  195 cyc/s  |  5117382 ns/cyc
  0 constraint hits
                                                                                
  148 cycles  |  195 cyc/s  |  5117382 ns/cyc
  0 constraint hits
                                                                                
  148 cycles  |  195 cyc/s  |  5117382 ns/cyc
  0 constraint hits
                                                                                
  148 cycles  |  195 cyc/s  |  5117382 ns/cyc
  0 constraint hits
                                                                                
  148 cycles  |  195 cyc/s  |  5117382 ns/cyc
  0 constraint hits
                                                                                
  148 cycles  |  195 cyc/s  |  5117382 ns/cyc
  0 constraint hits
                                                                                
  148 cycles  |  195 cyc/s  |  5117382 ns/cyc
  0 constraint hits
                                                                                
  148 cycles  |  195 cyc/s  |  5117382 ns/cyc
  0 constraint hits
                                                                                
  148 cycles  |  195 cyc/s  |  5117382 ns/cyc
  0 constraint hits
                                                                                
  148 cycles  |  195 cyc/s  |  5117382 ns/cyc
  0 constraint hits
                                                                                
  148 cycles  |  195 cyc/s  |  5117382 ns/cyc
  0 constraint hits
                                                                                
  148 cycles  |  195 cyc/s  |  5117382 ns/cyc
  0 constraint hits
                                                                                
  148 cycles  |  195 cyc/s  |  5117382 ns/cyc
  0 constraint hits
                                                                                
  148 cycles  |  195 cyc/s  |  5117382 ns/cyc
  0 constraint hits
                                                                                
  148 cycles  |  195 cyc/s  |  5117382 ns/cyc
  0 constraint hits
                                                                                
  148 cycles  |  195 cyc/s  |  5117382 ns/cyc
  0 constraint hits
                                                                                
  148 cycles  |  195 cyc/s  |  5117382 ns/cyc
  0 constraint hits
                                                                                
  148 cycles  |  195 cyc/s  |  5117382 ns/cyc
  0 constraint hits
                                                                                
  148 cycles  |  195 cyc/s  |  5117382 ns/cyc
  0 constraint hits
                                                                                
  148 cycles  |  195 cyc/s  |  5117382 ns/cyc
  0 constraint hits
                                                                                
  148 cycles  |  195 cyc/s  |  5117382 ns/cyc
  0 constraint hits
                                                                                
  148 cycles  |  195 cyc/s  |  5117382 ns/cyc
  0 constraint hits
                                                                                
  148 cycles  |  195 cyc/s  |  5117382 ns/cyc
  0 constraint hits
                                                                                
  148 cycles  |  195 cyc/s  |  5117382 ns/cyc
  0 constraint hits
                                                                                
  148 cycles  |  195 cyc/s  |  5117382 ns/cyc
  0 constraint hits
                                                                                
  148 cycles  |  195 cyc/s  |  5117382 ns/cyc
  0 constraint hits
                                                                                
  148 cycles  |  195 cyc/s  |  5117382 ns/cyc
  0 constraint hits
                                                                                
  148 cycles  |  195 cyc/s  |  5117382 ns/cyc
  0 constraint hits
                                                                                
  148 cycles  |  195 cyc/s  |  5117382 ns/cyc
  0 constraint hits
                                                                                
  148 cycles  |  195 cyc/s  |  5117382 ns/cyc
  0 constraint hits
                                                                                
  148 cycles  |  195 cyc/s  |  5117382 ns/cyc
  0 constraint hits
                                                                                
  148 cycles  |  195 cyc/s  |  5117382 ns/cyc
  0 constraint hits
                                                                                
  148 cycles  |  195 cyc/s  |  5117382 ns/cyc
  0 constraint hits
                                                                                
  148 cycles  |  195 cyc/s  |  5117382 ns/cyc
  0 constraint hits
                                                                                
  148 cycles  |  195 cyc/s  |  5117382 ns/cyc
  0 constraint hits
                                                                                
  148 cycles  |  195 cyc/s  |  5117382 ns/cyc
  0 constraint hits
                                                                                
  148 cycles  |  195 cyc/s  |  5117382 ns/cyc
  0 constraint hits
                                                                                
  191 cycles  |  188 cyc/s  |  5293664 ns/cyc
  0 constraint hits
                                                                                
  191 cycles  |  188 cyc/s  |  5293664 ns/cyc
  0 constraint hits
                                                                                
  191 cycles  |  188 cyc/s  |  5293664 ns/cyc
  0 constraint hits
                                                                                
  191 cycles  |  188 cyc/s  |  5293664 ns/cyc
  0 constraint hits
                                                                                
  191 cycles  |  188 cyc/s  |  5293664 ns/cyc
  0 constraint hits
                                                                                
  191 cycles  |  188 cyc/s  |  5293664 ns/cyc
  0 constraint hits
                                                                                
  191 cycles  |  188 cyc/s  |  5293664 ns/cyc
  0 constraint hits
                                                                                
  191 cycles  |  188 cyc/s  |  5293664 ns/cyc
  0 constraint hits
                                                                                
  191 cycles  |  188 cyc/s  |  5293664 ns/cyc
  0 constraint hits
                                                                                
  191 cycles  |  188 cyc/s  |  5293664 ns/cyc
  0 constraint hits
                                                                                
  191 cycles  |  188 cyc/s  |  5293664 ns/cyc
  0 constraint hits
                                                                                
  191 cycles  |  188 cyc/s  |  5293664 ns/cyc
  0 constraint hits
                                                                                
  191 cycles  |  188 cyc/s  |  5293664 ns/cyc
  0 constraint hits
                                                                                
  191 cycles  |  188 cyc/s  |  5293664 ns/cyc
  0 constraint hits
                                                                                
  191 cycles  |  188 cyc/s  |  5293664 ns/cyc
  0 constraint hits
                                                                                
  191 cycles  |  188 cyc/s  |  5293664 ns/cyc
  0 constraint hits
                                                                                
  191 cycles  |  188 cyc/s  |  5293664 ns/cyc
  0 constraint hits
                                                                                
  191 cycles  |  188 cyc/s  |  5293664 ns/cyc
  0 constraint hits
                                                                                
  191 cycles  |  188 cyc/s  |  5293664 ns/cyc
  0 constraint hits
                                                                                
  191 cycles  |  188 cyc/s  |  5293664 ns/cyc
  0 constraint hits
                                                                                
  191 cycles  |  188 cyc/s  |  5293664 ns/cyc
  0 constraint hits
                                                                                
  191 cycles  |  188 cyc/s  |  5293664 ns/cyc
  0 constraint hits
                                                                                
  191 cycles  |  188 cyc/s  |  5293664 ns/cyc
  0 constraint hits
                                                                                
  191 cycles  |  188 cyc/s  |  5293664 ns/cyc
  0 constraint hits
                                                                                
  191 cycles  |  188 cyc/s  |  5293664 ns/cyc
  0 constraint hits
                                                                                
  191 cycles  |  188 cyc/s  |  5293664 ns/cyc
  0 constraint hits
                                                                                
  191 cycles  |  188 cyc/s  |  5293664 ns/cyc
  0 constraint hits
                                                                                
  191 cycles  |  188 cyc/s  |  5293664 ns/cyc
  0 constraint hits
                                                                                
  191 cycles  |  188 cyc/s  |  5293664 ns/cyc
  0 constraint hits
                                                                                
  191 cycles  |  188 cyc/s  |  5293664 ns/cyc
  0 constraint hits
                                                                                
  191 cycles  |  188 cyc/s  |  5293664 ns/cyc
  0 constraint hits
                                                                                
  191 cycles  |  188 cyc/s  |  5293664 ns/cyc
  0 constraint hits
                                                                                
  191 cycles  |  188 cyc/s  |  5293664 ns/cyc
  0 constraint hits
                                                                                
  191 cycles  |  188 cyc/s  |  5293664 ns/cyc
  0 constraint hits
                                                                                
  191 cycles  |  188 cyc/s  |  5293664 ns/cyc
  0 constraint hits
                                                                                
  191 cycles  |  188 cyc/s  |  5293664 ns/cyc
  0 constraint hits
                                                                                
  191 cycles  |  188 cyc/s  |  5293664 ns/cyc
  0 constraint hits
                                                                                
  191 cycles  |  188 cyc/s  |  5293664 ns/cyc
  0 constraint hits
                                                                                
  191 cycles  |  188 cyc/s  |  5293664 ns/cyc
  0 constraint hits
                                                                                
  191 cycles  |  188 cyc/s  |  5293664 ns/cyc
  0 constraint hits
                                                                                
  191 cycles  |  188 cyc/s  |  5293664 ns/cyc
  0 constraint hits
                                                                                
  191 cycles  |  188 cyc/s  |  5293664 ns/cyc
  0 constraint hits
                                                                                
  233 cycles  |  184 cyc/s  |  5418931 ns/cyc
  0 constraint hits
                                                                                
  233 cycles  |  184 cyc/s  |  5418931 ns/cyc
  0 constraint hits
                                                                                
  233 cycles  |  184 cyc/s  |  5418931 ns/cyc
  0 constraint hits
                                                                                
  233 cycles  |  184 cyc/s  |  5418931 ns/cyc
  0 constraint hits
                                                                                
  233 cycles  |  184 cyc/s  |  5418931 ns/cyc
  0 constraint hits
                                                                                
  233 cycles  |  184 cyc/s  |  5418931 ns/cyc
  0 constraint hits
                                                                                
  233 cycles  |  184 cyc/s  |  5418931 ns/cyc
  0 constraint hits
@@TIME_PROC_AVG COUNT:240 AVG_MS:5.437
@@TIME_THROUGHPUT COUNT:240 DURATION_S:1.304943 EVENTS_PER_S:183.916
                                                                                
  233 cycles  |  184 cyc/s  |  5418931 ns/cyc
  0 constraint hits
                                                                                
  240 cycles  |  183 cyc/s  |  5435283 ns/cyc
  240 input events parsed in 0.000s  |  5435283 ns/event avg
  0 constraint hits total
  Breakdown:
   [#0@@MONITOR_END:2026-05-14T10:09:18.213495000Z
]: 0
   [#1]: 0
   [#2]: 0
   [#3]: 0
