@@MONITOR_START:2026-05-14T09:59:46.094473000Z
                                                                                
  0 cycles
  0 constraint hits
                                                                                
  0 cycles
  0 constraint hits
                                                                                
  0 cycles
  0 constraint hits
                                                                                
  0 cycles
  0 constraint hits
                                                                                
  0 cycles
  0 constraint hits
                                                                                
  0 cycles
  0 constraint hits
                                                                                
  0 cycles
  0 constraint hits
                                                                                
  0 cycles
  0 constraint hits
                                                                                
  0 cycles
  0 constraint hits
                                                                                
  0 cycles
  0 constraint hits
                                                                                
  0 cycles
  0 constraint hits
                                                                                
  0 cycles
  0 constraint hits
                                                                                
  0 cycles
  0 constraint hits
                                                                                
  0 cycles
  0 constraint hits
                                                                                
  0 cycles
  0 constraint hits
                                                                                
  0 cycles
  0 constraint hits
                                                                                
  0 cycles
  0 constraint hits
                                                                                
  0 cycles
  0 constraint hits
                                                                                
  0 cycles
  0 constraint hits
                                                                                
  0 cycles
  0 constraint hits
                                                                                
  0 cycles
  0 constraint hits
                                                                                
  0 cycles
  0 constraint hits
                                                                                
  0 cycles
  0 constraint hits
                                                                                
  0 cycles
  0 constraint hits
                                                                                
  0 cycles
  0 constraint hits
                                                                                
  0 cycles
  0 constraint hits
                                                                                
  0 cycles
  0 constraint hits
                                                                                
  28 cycles  |  106 cyc/s  |  9427430 ns/cyc
  0 constraint hits
                                                                                
  28 cycles  |  106 cyc/s  |  9427430 ns/cyc
  0 constraint hits
                                                                                
  28 cycles  |  106 cyc/s  |  9427430 ns/cyc
  0 constraint hits
                                                                                
  28 cycles  |  106 cyc/s  |  9427430 ns/cyc
  0 constraint hits
                                                                                
  28 cycles  |  106 cyc/s  |  9427430 ns/cyc
  0 constraint hits
                                                                                
  28 cycles  |  106 cyc/s  |  9427430 ns/cyc
  0 constraint hits
                                                                                
  28 cycles  |  106 cyc/s  |  9427430 ns/cyc
  0 constraint hits
                                                                                
  28 cycles  |  106 cyc/s  |  9427430 ns/cyc
  0 constraint hits
                                                                                
  28 cycles  |  106 cyc/s  |  9427430 ns/cyc
  0 constraint hits
                                                                                
  28 cycles  |  106 cyc/s  |  9427430 ns/cyc
  0 constraint hits
                                                                                
  28 cycles  |  106 cyc/s  |  9427430 ns/cyc
  0 constraint hits
                                                                                
  28 cycles  |  106 cyc/s  |  9427430 ns/cyc
  0 constraint hits
                                                                                
  28 cycles  |  106 cyc/s  |  9427430 ns/cyc
  0 constraint hits
                                                                                
  41 cycles  |  79 cyc/s  |  12592715 ns/cyc
  0 constraint hits
                                                                                
  41 cycles  |  79 cyc/s  |  12592715 ns/cyc
  0 constraint hits
                                                                                
  41 cycles  |  79 cyc/s  |  12592715 ns/cyc
  0 constraint hits
                                                                                
  41 cycles  |  79 cyc/s  |  12592715 ns/cyc
  0 constraint hits
                                                                                
  41 cycles  |  79 cyc/s  |  12592715 ns/cyc
  0 constraint hits
                                                                                
  41 cycles  |  79 cyc/s  |  12592715 ns/cyc
  0 constraint hits
                                                                                
  41 cycles  |  79 cyc/s  |  12592715 ns/cyc
  0 constraint hits
                                                                                
  41 cycles  |  79 cyc/s  |  12592715 ns/cyc
  0 constraint hits
                                                                                
  41 cycles  |  79 cyc/s  |  12592715 ns/cyc
  0 constraint hits
                                                                                
  41 cycles  |  79 cyc/s  |  12592715 ns/cyc
  0 constraint hits
                                                                                
  41 cycles  |  79 cyc/s  |  12592715 ns/cyc
  0 constraint hits
                                                                                
  41 cycles  |  79 cyc/s  |  12592715 ns/cyc
  0 constraint hits
                                                                                
  41 cycles  |  79 cyc/s  |  12592715 ns/cyc
  0 constraint hits
                                                                                
  54 cycles  |  70 cyc/s  |  14250479 ns/cyc
  0 constraint hits
                                                                                
  54 cycles  |  70 cyc/s  |  14250479 ns/cyc
  0 constraint hits
                                                                                
  54 cycles  |  70 cyc/s  |  14250479 ns/cyc
  0 constraint hits
                                                                                
  54 cycles  |  70 cyc/s  |  14250479 ns/cyc
  0 constraint hits
                                                                                
  54 cycles  |  70 cyc/s  |  14250479 ns/cyc
  0 constraint hits
                                                                                
  54 cycles  |  70 cyc/s  |  14250479 ns/cyc
  0 constraint hits
                                                                                
  54 cycles  |  70 cyc/s  |  14250479 ns/cyc
  0 constraint hits
                                                                                
  54 cycles  |  70 cyc/s  |  14250479 ns/cyc
  0 constraint hits
                                                                                
  54 cycles  |  70 cyc/s  |  14250479 ns/cyc
  0 constraint hits
                                                                                
  54 cycles  |  70 cyc/s  |  14250479 ns/cyc
  0 constraint hits
                                                                                
  54 cycles  |  70 cyc/s  |  14250479 ns/cyc
  0 constraint hits
                                                                                
  54 cycles  |  70 cyc/s  |  14250479 ns/cyc
  0 constraint hits
                                                                                
  54 cycles  |  70 cyc/s  |  14250479 ns/cyc
  0 constraint hits
                                                                                
  67 cycles  |  65 cyc/s  |  15223692 ns/cyc
  0 constraint hits
                                                                                
  67 cycles  |  65 cyc/s  |  15223692 ns/cyc
  0 constraint hits
                                                                                
  67 cycles  |  65 cyc/s  |  15223692 ns/cyc
  0 constraint hits
                                                                                
  67 cycles  |  65 cyc/s  |  15223692 ns/cyc
  0 constraint hits
                                                                                
  67 cycles  |  65 cyc/s  |  15223692 ns/cyc
  0 constraint hits
                                                                                
  67 cycles  |  65 cyc/s  |  15223692 ns/cyc
  0 constraint hits
                                                                                
  67 cycles  |  65 cyc/s  |  15223692 ns/cyc
  0 constraint hits
                                                                                
  67 cycles  |  65 cyc/s  |  15223692 ns/cyc
  0 constraint hits
                                                                                
  67 cycles  |  65 cyc/s  |  15223692 ns/cyc
  0 constraint hits
                                                                                
  67 cycles  |  65 cyc/s  |  15223692 ns/cyc
  0 constraint hits
                                                                                
  67 cycles  |  65 cyc/s  |  15223692 ns/cyc
  0 constraint hits
                                                                                
  67 cycles  |  65 cyc/s  |  15223692 ns/cyc
  0 constraint hits
                                                                                
  67 cycles  |  65 cyc/s  |  15223692 ns/cyc
  0 constraint hits
                                                                                
  80 cycles  |  62 cyc/s  |  15881807 ns/cyc
  0 constraint hits
                                                                                
  80 cycles  |  62 cyc/s  |  15881807 ns/cyc
  0 constraint hits
                                                                                
  80 cycles  |  62 cyc/s  |  15881807 ns/cyc
  0 constraint hits
                                                                                
  80 cycles  |  62 cyc/s  |  15881807 ns/cyc
  0 constraint hits
                                                                                
  80 cycles  |  62 cyc/s  |  15881807 ns/cyc
  0 constraint hits
                                                                                
  80 cycles  |  62 cyc/s  |  15881807 ns/cyc
  0 constraint hits
                                                                                
  80 cycles  |  62 cyc/s  |  15881807 ns/cyc
  0 constraint hits
                                                                                
  80 cycles  |  62 cyc/s  |  15881807 ns/cyc
  0 constraint hits
                                                                                
  80 cycles  |  62 cyc/s  |  15881807 ns/cyc
  0 constraint hits
                                                                                
  80 cycles  |  62 cyc/s  |  15881807 ns/cyc
  0 constraint hits
                                                                                
  80 cycles  |  62 cyc/s  |  15881807 ns/cyc
  0 constraint hits
                                                                                
  80 cycles  |  62 cyc/s  |  15881807 ns/cyc
  0 constraint hits
                                                                                
  80 cycles  |  62 cyc/s  |  15881807 ns/cyc
  0 constraint hits
                                                                                
  93 cycles  |  60 cyc/s  |  16399581 ns/cyc
  0 constraint hits
                                                                                
  93 cycles  |  60 cyc/s  |  16399581 ns/cyc
  0 constraint hits
                                                                                
  93 cycles  |  60 cyc/s  |  16399581 ns/cyc
  0 constraint hits
                                                                                
  93 cycles  |  60 cyc/s  |  16399581 ns/cyc
  0 constraint hits
                                                                                
  93 cycles  |  60 cyc/s  |  16399581 ns/cyc
  0 constraint hits
                                                                                
  93 cycles  |  60 cyc/s  |  16399581 ns/cyc
  0 constraint hits
                                                                                
  93 cycles  |  60 cyc/s  |  16399581 ns/cyc
  0 constraint hits
                                                                                
  93 cycles  |  60 cyc/s  |  16399581 ns/cyc
  0 constraint hits
                                                                                
  93 cycles  |  60 cyc/s  |  16399581 ns/cyc
  0 constraint hits
                                                                                
  93 cycles  |  60 cyc/s  |  16399581 ns/cyc
  0 constraint hits
                                                                                
  93 cycles  |  60 cyc/s  |  16399581 ns/cyc
  0 constraint hits
                                                                                
  93 cycles  |  60 cyc/s  |  16399581 ns/cyc
  0 constraint hits
                                                                                
  93 cycles  |  60 cyc/s  |  16399581 ns/cyc
  0 constraint hits
                                                                                
  106 cycles  |  59 cyc/s  |  16786571 ns/cyc
  0 constraint hits
                                                                                
  106 cycles  |  59 cyc/s  |  16786571 ns/cyc
  0 constraint hits
                                                                                
  106 cycles  |  59 cyc/s  |  16786571 ns/cyc
  0 constraint hits
                                                                                
  106 cycles  |  59 cyc/s  |  16786571 ns/cyc
  0 constraint hits
                                                                                
  106 cycles  |  59 cyc/s  |  16786571 ns/cyc
  0 constraint hits
                                                                                
  106 cycles  |  59 cyc/s  |  16786571 ns/cyc
  0 constraint hits
                                                                                
  106 cycles  |  59 cyc/s  |  16786571 ns/cyc
  0 constraint hits
                                                                                
  106 cycles  |  59 cyc/s  |  16786571 ns/cyc
  0 constraint hits
                                                                                
  106 cycles  |  59 cyc/s  |  16786571 ns/cyc
  0 constraint hits
                                                                                
  106 cycles  |  59 cyc/s  |  16786571 ns/cyc
  0 constraint hits
                                                                                
  106 cycles  |  59 cyc/s  |  16786571 ns/cyc
  0 constraint hits
                                                                                
  106 cycles  |  59 cyc/s  |  16786571 ns/cyc
  0 constraint hits
                                                                                
  106 cycles  |  59 cyc/s  |  16786571 ns/cyc
  0 constraint hits
                                                                                
  119 cycles  |  58 cyc/s  |  17072560 ns/cyc
  0 constraint hits
                                                                                
  119 cycles  |  58 cyc/s  |  17072560 ns/cyc
  0 constraint hits
                                                                                
  119 cycles  |  58 cyc/s  |  17072560 ns/cyc
  0 constraint hits
                                                                                
  119 cycles  |  58 cyc/s  |  17072560 ns/cyc
  0 constraint hits
                                                                                
  119 cycles  |  58 cyc/s  |  17072560 ns/cyc
  0 constraint hits
                                                                                
  119 cycles  |  58 cyc/s  |  17072560 ns/cyc
  0 constraint hits
                                                                                
  119 cycles  |  58 cyc/s  |  17072560 ns/cyc
  0 constraint hits
                                                                                
  119 cycles  |  58 cyc/s  |  17072560 ns/cyc
  0 constraint hits
                                                                                
  119 cycles  |  58 cyc/s  |  17072560 ns/cyc
  0 constraint hits
                                                                                
  119 cycles  |  58 cyc/s  |  17072560 ns/cyc
  0 constraint hits
                                                                                
  119 cycles  |  58 cyc/s  |  17072560 ns/cyc
  0 constraint hits
                                                                                
  119 cycles  |  58 cyc/s  |  17072560 ns/cyc
  0 constraint hits
                                                                                
  119 cycles  |  58 cyc/s  |  17072560 ns/cyc
  0 constraint hits
                                                                                
  132 cycles  |  57 cyc/s  |  17298808 ns/cyc
  0 constraint hits
                                                                                
  132 cycles  |  57 cyc/s  |  17298808 ns/cyc
  0 constraint hits
                                                                                
  132 cycles  |  57 cyc/s  |  17298808 ns/cyc
  0 constraint hits
                                                                                
  132 cycles  |  57 cyc/s  |  17298808 ns/cyc
  0 constraint hits
                                                                                
  132 cycles  |  57 cyc/s  |  17298808 ns/cyc
  0 constraint hits
                                                                                
  132 cycles  |  57 cyc/s  |  17298808 ns/cyc
  0 constraint hits
                                                                                
  132 cycles  |  57 cyc/s  |  17298808 ns/cyc
  0 constraint hits
                                                                                
  132 cycles  |  57 cyc/s  |  17298808 ns/cyc
  0 constraint hits
                                                                                
  132 cycles  |  57 cyc/s  |  17298808 ns/cyc
  0 constraint hits
                                                                                
  132 cycles  |  57 cyc/s  |  17298808 ns/cyc
  0 constraint hits
                                                                                
  132 cycles  |  57 cyc/s  |  17298808 ns/cyc
  0 constraint hits
                                                                                
  132 cycles  |  57 cyc/s  |  17298808 ns/cyc
  0 constraint hits
                                                                                
  132 cycles  |  57 cyc/s  |  17298808 ns/cyc
  0 constraint hits
                                                                                
  145 cycles  |  57 cyc/s  |  17487635 ns/cyc
  0 constraint hits
                                                                                
  145 cycles  |  57 cyc/s  |  17487635 ns/cyc
  0 constraint hits
                                                                                
  145 cycles  |  57 cyc/s  |  17487635 ns/cyc
  0 constraint hits
                                                                                
  145 cycles  |  57 cyc/s  |  17487635 ns/cyc
  0 constraint hits
                                                                                
  145 cycles  |  57 cyc/s  |  17487635 ns/cyc
  0 constraint hits
                                                                                
  145 cycles  |  57 cyc/s  |  17487635 ns/cyc
  0 constraint hits
                                                                                
  145 cycles  |  57 cyc/s  |  17487635 ns/cyc
  0 constraint hits
                                                                                
  145 cycles  |  57 cyc/s  |  17487635 ns/cyc
  0 constraint hits
                                                                                
  145 cycles  |  57 cyc/s  |  17487635 ns/cyc
  0 constraint hits
                                                                                
  145 cycles  |  57 cyc/s  |  17487635 ns/cyc
  0 constraint hits
                                                                                
  145 cycles  |  57 cyc/s  |  17487635 ns/cyc
  0 constraint hits
                                                                                
  145 cycles  |  57 cyc/s  |  17487635 ns/cyc
  0 constraint hits
                                                                                
  145 cycles  |  57 cyc/s  |  17487635 ns/cyc
  0 constraint hits
                                                                                
  158 cycles  |  56 cyc/s  |  17663614 ns/cyc
  0 constraint hits
                                                                                
  158 cycles  |  56 cyc/s  |  17663614 ns/cyc
  0 constraint hits
                                                                                
  158 cycles  |  56 cyc/s  |  17663614 ns/cyc
  0 constraint hits
                                                                                
  158 cycles  |  56 cyc/s  |  17663614 ns/cyc
  0 constraint hits
                                                                                
  158 cycles  |  56 cyc/s  |  17663614 ns/cyc
  0 constraint hits
                                                                                
  158 cycles  |  56 cyc/s  |  17663614 ns/cyc
  0 constraint hits
                                                                                
  158 cycles  |  56 cyc/s  |  17663614 ns/cyc
  0 constraint hits
                                                                                
  158 cycles  |  56 cyc/s  |  17663614 ns/cyc
  0 constraint hits
                                                                                
  158 cycles  |  56 cyc/s  |  17663614 ns/cyc
  0 constraint hits
                                                                                
  158 cycles  |  56 cyc/s  |  17663614 ns/cyc
  0 constraint hits
                                                                                
  158 cycles  |  56 cyc/s  |  17663614 ns/cyc
  0 constraint hits
                                                                                
  158 cycles  |  56 cyc/s  |  17663614 ns/cyc
  0 constraint hits
                                                                                
  158 cycles  |  56 cyc/s  |  17663614 ns/cyc
  0 constraint hits
                                                                                
  171 cycles  |  56 cyc/s  |  17805595 ns/cyc
  0 constraint hits
                                                                                
  171 cycles  |  56 cyc/s  |  17805595 ns/cyc
  0 constraint hits
                                                                                
  171 cycles  |  56 cyc/s  |  17805595 ns/cyc
  0 constraint hits
                                                                                
  171 cycles  |  56 cyc/s  |  17805595 ns/cyc
  0 constraint hits
                                                                                
  171 cycles  |  56 cyc/s  |  17805595 ns/cyc
  0 constraint hits
                                                                                
  171 cycles  |  56 cyc/s  |  17805595 ns/cyc
  0 constraint hits
                                                                                
  171 cycles  |  56 cyc/s  |  17805595 ns/cyc
  0 constraint hits
                                                                                
  171 cycles  |  56 cyc/s  |  17805595 ns/cyc
  0 constraint hits
                                                                                
  171 cycles  |  56 cyc/s  |  17805595 ns/cyc
  0 constraint hits
                                                                                
  171 cycles  |  56 cyc/s  |  17805595 ns/cyc
  0 constraint hits
                                                                                
  171 cycles  |  56 cyc/s  |  17805595 ns/cyc
  0 constraint hits
                                                                                
  171 cycles  |  56 cyc/s  |  17805595 ns/cyc
  0 constraint hits
                                                                                
  171 cycles  |  56 cyc/s  |  17805595 ns/cyc
  0 constraint hits
                                                                                
  184 cycles  |  55 cyc/s  |  17924077 ns/cyc
  0 constraint hits
                                                                                
  184 cycles  |  55 cyc/s  |  17924077 ns/cyc
  0 constraint hits
                                                                                
  184 cycles  |  55 cyc/s  |  17924077 ns/cyc
  0 constraint hits
                                                                                
  184 cycles  |  55 cyc/s  |  17924077 ns/cyc
  0 constraint hits
                                                                                
  184 cycles  |  55 cyc/s  |  17924077 ns/cyc
  0 constraint hits
                                                                                
  184 cycles  |  55 cyc/s  |  17924077 ns/cyc
  0 constraint hits
                                                                                
  184 cycles  |  55 cyc/s  |  17924077 ns/cyc
  0 constraint hits
                                                                                
  184 cycles  |  55 cyc/s  |  17924077 ns/cyc
  0 constraint hits
                                                                                
  184 cycles  |  55 cyc/s  |  17924077 ns/cyc
  0 constraint hits
                                                                                
  184 cycles  |  55 cyc/s  |  17924077 ns/cyc
  0 constraint hits
                                                                                
  184 cycles  |  55 cyc/s  |  17924077 ns/cyc
  0 constraint hits
                                                                                
  184 cycles  |  55 cyc/s  |  17924077 ns/cyc
  0 constraint hits
                                                                                
  184 cycles  |  55 cyc/s  |  17924077 ns/cyc
  0 constraint hits
                                                                                
  197 cycles  |  55 cyc/s  |  18012993 ns/cyc
  0 constraint hits
                                                                                
  197 cycles  |  55 cyc/s  |  18012993 ns/cyc
  0 constraint hits
                                                                                
  197 cycles  |  55 cyc/s  |  18012993 ns/cyc
  0 constraint hits
                                                                                
  197 cycles  |  55 cyc/s  |  18012993 ns/cyc
  0 constraint hits
                                                                                
  197 cycles  |  55 cyc/s  |  18012993 ns/cyc
  0 constraint hits
                                                                                
  197 cycles  |  55 cyc/s  |  18012993 ns/cyc
  0 constraint hits
                                                                                
  197 cycles  |  55 cyc/s  |  18012993 ns/cyc
  0 constraint hits
                                                                                
  197 cycles  |  55 cyc/s  |  18012993 ns/cyc
  0 constraint hits
                                                                                
  197 cycles  |  55 cyc/s  |  18012993 ns/cyc
  0 constraint hits
                                                                                
  197 cycles  |  55 cyc/s  |  18012993 ns/cyc
  0 constraint hits
                                                                                
  197 cycles  |  55 cyc/s  |  18012993 ns/cyc
  0 constraint hits
                                                                                
  197 cycles  |  55 cyc/s  |  18012993 ns/cyc
  0 constraint hits
                                                                                
  197 cycles  |  55 cyc/s  |  18012993 ns/cyc
  0 constraint hits
                                                                                
  210 cycles  |  55 cyc/s  |  18108570 ns/cyc
  0 constraint hits
                                                                                
  210 cycles  |  55 cyc/s  |  18108570 ns/cyc
  0 constraint hits
                                                                                
  210 cycles  |  55 cyc/s  |  18108570 ns/cyc
  0 constraint hits
                                                                                
  210 cycles  |  55 cyc/s  |  18108570 ns/cyc
  0 constraint hits
                                                                                
  210 cycles  |  55 cyc/s  |  18108570 ns/cyc
  0 constraint hits
                                                                                
  210 cycles  |  55 cyc/s  |  18108570 ns/cyc
  0 constraint hits
                                                                                
  210 cycles  |  55 cyc/s  |  18108570 ns/cyc
  0 constraint hits
                                                                                
  210 cycles  |  55 cyc/s  |  18108570 ns/cyc
  0 constraint hits
                                                                                
  210 cycles  |  55 cyc/s  |  18108570 ns/cyc
  0 constraint hits
                                                                                
  210 cycles  |  55 cyc/s  |  18108570 ns/cyc
  0 constraint hits
                                                                                
  210 cycles  |  55 cyc/s  |  18108570 ns/cyc
  0 constraint hits
                                                                                
  210 cycles  |  55 cyc/s  |  18108570 ns/cyc
  0 constraint hits
                                                                                
  210 cycles  |  55 cyc/s  |  18108570 ns/cyc
  0 constraint hits
                                                                                
  223 cycles  |  54 cyc/s  |  18192940 ns/cyc
  0 constraint hits
                                                                                
  223 cycles  |  54 cyc/s  |  18192940 ns/cyc
  0 constraint hits
                                                                                
  223 cycles  |  54 cyc/s  |  18192940 ns/cyc
  0 constraint hits
                                                                                
  223 cycles  |  54 cyc/s  |  18192940 ns/cyc
  0 constraint hits
                                                                                
  223 cycles  |  54 cyc/s  |  18192940 ns/cyc
  0 constraint hits
                                                                                
  223 cycles  |  54 cyc/s  |  18192940 ns/cyc
  0 constraint hits
                                                                                
  223 cycles  |  54 cyc/s  |  18192940 ns/cyc
  0 constraint hits
                                                                                
  223 cycles  |  54 cyc/s  |  18192940 ns/cyc
  0 constraint hits
                                                                                
  223 cycles  |  54 cyc/s  |  18192940 ns/cyc
  0 constraint hits
                                                                                
  223 cycles  |  54 cyc/s  |  18192940 ns/cyc
  0 constraint hits
                                                                                
  223 cycles  |  54 cyc/s  |  18192940 ns/cyc
  0 constraint hits
                                                                                
  223 cycles  |  54 cyc/s  |  18192940 ns/cyc
  0 constraint hits
                                                                                
  223 cycles  |  54 cyc/s  |  18192940 ns/cyc
  0 constraint hits
                                                                                
  236 cycles  |  54 cyc/s  |  18261543 ns/cyc
  0 constraint hits
                                                                                
  236 cycles  |  54 cyc/s  |  18261543 ns/cyc
  0 constraint hits
                                                                                
  236 cycles  |  54 cyc/s  |  18261543 ns/cyc
  0 constraint hits
                                                                                
  236 cycles  |  54 cyc/s  |  18261543 ns/cyc
  0 constraint hits
                                                                                
  236 cycles  |  54 cyc/s  |  18261543 ns/cyc
  0 constraint hits
                                                                                
  236 cycles  |  54 cyc/s  |  18261543 ns/cyc
  0 constraint hits
                                                                                
  236 cycles  |  54 cyc/s  |  18261543 ns/cyc
  0 constraint hits
                                                                                
  236 cycles  |  54 cyc/s  |  18261543 ns/cyc
  0 constraint hits
                                                                                
  236 cycles  |  54 cyc/s  |  18261543 ns/cyc
  0 constraint hits
                                                                                
  236 cycles  |  54 cyc/s  |  18261543 ns/cyc
  0 constraint hits
                                                                                
  236 cycles  |  54 cyc/s  |  18261543 ns/cyc
  0 constraint hits
                                                                                
  236 cycles  |  54 cyc/s  |  18261543 ns/cyc
  0 constraint hits
                                                                                
  236 cycles  |  54 cyc/s  |  18261543 ns/cyc
  0 constraint hits
                                                                                
  249 cycles  |  54 cyc/s  |  18317793 ns/cyc
  0 constraint hits
                                                                                
  249 cycles  |  54 cyc/s  |  18317793 ns/cyc
  0 constraint hits
                                                                                
  249 cycles  |  54 cyc/s  |  18317793 ns/cyc
  0 constraint hits
                                                                                
  249 cycles  |  54 cyc/s  |  18317793 ns/cyc
  0 constraint hits
                                                                                
  249 cycles  |  54 cyc/s  |  18317793 ns/cyc
  0 constraint hits
                                                                                
  249 cycles  |  54 cyc/s  |  18317793 ns/cyc
  0 constraint hits
                                                                                
  249 cycles  |  54 cyc/s  |  18317793 ns/cyc
  0 constraint hits
                                                                                
  249 cycles  |  54 cyc/s  |  18317793 ns/cyc
  0 constraint hits
                                                                                
  249 cycles  |  54 cyc/s  |  18317793 ns/cyc
  0 constraint hits
                                                                                
  249 cycles  |  54 cyc/s  |  18317793 ns/cyc
  0 constraint hits
                                                                                
  249 cycles  |  54 cyc/s  |  18317793 ns/cyc
  0 constraint hits
                                                                                
  249 cycles  |  54 cyc/s  |  18317793 ns/cyc
  0 constraint hits
                                                                                
  249 cycles  |  54 cyc/s  |  18317793 ns/cyc
  0 constraint hits
                                                                                
  262 cycles  |  54 cyc/s  |  18376031 ns/cyc
  0 constraint hits
                                                                                
  262 cycles  |  54 cyc/s  |  18376031 ns/cyc
  0 constraint hits
                                                                                
  262 cycles  |  54 cyc/s  |  18376031 ns/cyc
  0 constraint hits
                                                                                
  262 cycles  |  54 cyc/s  |  18376031 ns/cyc
  0 constraint hits
                                                                                
  262 cycles  |  54 cyc/s  |  18376031 ns/cyc
  0 constraint hits
                                                                                
  262 cycles  |  54 cyc/s  |  18376031 ns/cyc
  0 constraint hits
                                                                                
  262 cycles  |  54 cyc/s  |  18376031 ns/cyc
  0 constraint hits
                                                                                
  262 cycles  |  54 cyc/s  |  18376031 ns/cyc
  0 constraint hits
                                                                                
  262 cycles  |  54 cyc/s  |  18376031 ns/cyc
  0 constraint hits
                                                                                
  262 cycles  |  54 cyc/s  |  18376031 ns/cyc
  0 constraint hits
                                                                                
  262 cycles  |  54 cyc/s  |  18376031 ns/cyc
  0 constraint hits
                                                                                
  262 cycles  |  54 cyc/s  |  18376031 ns/cyc
  0 constraint hits
                                                                                
  262 cycles  |  54 cyc/s  |  18376031 ns/cyc
  0 constraint hits
                                                                                
  275 cycles  |  54 cyc/s  |  18429648 ns/cyc
  0 constraint hits
                                                                                
  275 cycles  |  54 cyc/s  |  18429648 ns/cyc
  0 constraint hits
                                                                                
  275 cycles  |  54 cyc/s  |  18429648 ns/cyc
  0 constraint hits
                                                                                
  275 cycles  |  54 cyc/s  |  18429648 ns/cyc
  0 constraint hits
                                                                                
  275 cycles  |  54 cyc/s  |  18429648 ns/cyc
  0 constraint hits
                                                                                
  275 cycles  |  54 cyc/s  |  18429648 ns/cyc
  0 constraint hits
                                                                                
  275 cycles  |  54 cyc/s  |  18429648 ns/cyc
  0 constraint hits
                                                                                
  275 cycles  |  54 cyc/s  |  18429648 ns/cyc
  0 constraint hits
                                                                                
  275 cycles  |  54 cyc/s  |  18429648 ns/cyc
  0 constraint hits
                                                                                
  275 cycles  |  54 cyc/s  |  18429648 ns/cyc
  0 constraint hits
                                                                                
  275 cycles  |  54 cyc/s  |  18429648 ns/cyc
  0 constraint hits
                                                                                
  275 cycles  |  54 cyc/s  |  18429648 ns/cyc
  0 constraint hits
                                                                                
  275 cycles  |  54 cyc/s  |  18429648 ns/cyc
  0 constraint hits
                                                                                
  288 cycles  |  54 cyc/s  |  18484668 ns/cyc
  0 constraint hits
                                                                                
  288 cycles  |  54 cyc/s  |  18484668 ns/cyc
  0 constraint hits
                                                                                
  288 cycles  |  54 cyc/s  |  18484668 ns/cyc
  0 constraint hits
                                                                                
  288 cycles  |  54 cyc/s  |  18484668 ns/cyc
  0 constraint hits
                                                                                
  288 cycles  |  54 cyc/s  |  18484668 ns/cyc
  0 constraint hits
                                                                                
  288 cycles  |  54 cyc/s  |  18484668 ns/cyc
  0 constraint hits
                                                                                
  288 cycles  |  54 cyc/s  |  18484668 ns/cyc
  0 constraint hits
                                                                                
  288 cycles  |  54 cyc/s  |  18484668 ns/cyc
  0 constraint hits
                                                                                
  288 cycles  |  54 cyc/s  |  18484668 ns/cyc
  0 constraint hits
                                                                                
  288 cycles  |  54 cyc/s  |  18484668 ns/cyc
  0 constraint hits
                                                                                
  288 cycles  |  54 cyc/s  |  18484668 ns/cyc
  0 constraint hits
                                                                                
  288 cycles  |  54 cyc/s  |  18484668 ns/cyc
  0 constraint hits
                                                                                
  288 cycles  |  54 cyc/s  |  18484668 ns/cyc
  0 constraint hits
                                                                                
  301 cycles  |  53 cyc/s  |  18531684 ns/cyc
  0 constraint hits
                                                                                
  301 cycles  |  53 cyc/s  |  18531684 ns/cyc
  0 constraint hits
                                                                                
  301 cycles  |  53 cyc/s  |  18531684 ns/cyc
  0 constraint hits
                                                                                
  301 cycles  |  53 cyc/s  |  18531684 ns/cyc
  0 constraint hits
                                                                                
  301 cycles  |  53 cyc/s  |  18531684 ns/cyc
  0 constraint hits
                                                                                
  301 cycles  |  53 cyc/s  |  18531684 ns/cyc
  0 constraint hits
                                                                                
  301 cycles  |  53 cyc/s  |  18531684 ns/cyc
  0 constraint hits
                                                                                
  301 cycles  |  53 cyc/s  |  18531684 ns/cyc
  0 constraint hits
                                                                                
  301 cycles  |  53 cyc/s  |  18531684 ns/cyc
  0 constraint hits
                                                                                
  301 cycles  |  53 cyc/s  |  18531684 ns/cyc
  0 constraint hits
                                                                                
  301 cycles  |  53 cyc/s  |  18531684 ns/cyc
  0 constraint hits
                                                                                
  301 cycles  |  53 cyc/s  |  18531684 ns/cyc
  0 constraint hits
                                                                                
  301 cycles  |  53 cyc/s  |  18531684 ns/cyc
  0 constraint hits
                                                                                
  314 cycles  |  53 cyc/s  |  18570300 ns/cyc
  0 constraint hits
                                                                                
  314 cycles  |  53 cyc/s  |  18570300 ns/cyc
  0 constraint hits
                                                                                
  314 cycles  |  53 cyc/s  |  18570300 ns/cyc
  0 constraint hits
                                                                                
  314 cycles  |  53 cyc/s  |  18570300 ns/cyc
  0 constraint hits
                                                                                
  314 cycles  |  53 cyc/s  |  18570300 ns/cyc
  0 constraint hits
                                                                                
  314 cycles  |  53 cyc/s  |  18570300 ns/cyc
  0 constraint hits
                                                                                
  314 cycles  |  53 cyc/s  |  18570300 ns/cyc
  0 constraint hits
                                                                                
  314 cycles  |  53 cyc/s  |  18570300 ns/cyc
  0 constraint hits
                                                                                
  314 cycles  |  53 cyc/s  |  18570300 ns/cyc
  0 constraint hits
                                                                                
  314 cycles  |  53 cyc/s  |  18570300 ns/cyc
  0 constraint hits
                                                                                
  314 cycles  |  53 cyc/s  |  18570300 ns/cyc
  0 constraint hits
                                                                                
  314 cycles  |  53 cyc/s  |  18570300 ns/cyc
  0 constraint hits
                                                                                
  314 cycles  |  53 cyc/s  |  18570300 ns/cyc
  0 constraint hits
                                                                                
  327 cycles  |  53 cyc/s  |  18609092 ns/cyc
  0 constraint hits
                                                                                
  327 cycles  |  53 cyc/s  |  18609092 ns/cyc
  0 constraint hits
                                                                                
  327 cycles  |  53 cyc/s  |  18609092 ns/cyc
  0 constraint hits
                                                                                
  327 cycles  |  53 cyc/s  |  18609092 ns/cyc
  0 constraint hits
                                                                                
  327 cycles  |  53 cyc/s  |  18609092 ns/cyc
  0 constraint hits
                                                                                
  327 cycles  |  53 cyc/s  |  18609092 ns/cyc
  0 constraint hits
                                                                                
  327 cycles  |  53 cyc/s  |  18609092 ns/cyc
  0 constraint hits
                                                                                
  327 cycles  |  53 cyc/s  |  18609092 ns/cyc
  0 constraint hits
                                                                                
  327 cycles  |  53 cyc/s  |  18609092 ns/cyc
  0 constraint hits
                                                                                
  327 cycles  |  53 cyc/s  |  18609092 ns/cyc
  0 constraint hits
                                                                                
  327 cycles  |  53 cyc/s  |  18609092 ns/cyc
  0 constraint hits
                                                                                
  327 cycles  |  53 cyc/s  |  18609092 ns/cyc
  0 constraint hits
                                                                                
  327 cycles  |  53 cyc/s  |  18609092 ns/cyc
  0 constraint hits
                                                                                
  340 cycles  |  53 cyc/s  |  18644979 ns/cyc
  0 constraint hits
                                                                                
  340 cycles  |  53 cyc/s  |  18644979 ns/cyc
  0 constraint hits
                                                                                
  340 cycles  |  53 cyc/s  |  18644979 ns/cyc
  0 constraint hits
                                                                                
  340 cycles  |  53 cyc/s  |  18644979 ns/cyc
  0 constraint hits
                                                                                
  340 cycles  |  53 cyc/s  |  18644979 ns/cyc
  0 constraint hits
                                                                                
  340 cycles  |  53 cyc/s  |  18644979 ns/cyc
  0 constraint hits
                                                                                
  340 cycles  |  53 cyc/s  |  18644979 ns/cyc
  0 constraint hits
                                                                                
  340 cycles  |  53 cyc/s  |  18644979 ns/cyc
  0 constraint hits
                                                                                
  340 cycles  |  53 cyc/s  |  18644979 ns/cyc
  0 constraint hits
                                                                                
  340 cycles  |  53 cyc/s  |  18644979 ns/cyc
  0 constraint hits
                                                                                
  340 cycles  |  53 cyc/s  |  18644979 ns/cyc
  0 constraint hits
                                                                                
  340 cycles  |  53 cyc/s  |  18644979 ns/cyc
  0 constraint hits
                                                                                
  340 cycles  |  53 cyc/s  |  18644979 ns/cyc
  0 constraint hits
                                                                                
  353 cycles  |  53 cyc/s  |  18679722 ns/cyc
  0 constraint hits
                                                                                
  353 cycles  |  53 cyc/s  |  18679722 ns/cyc
  0 constraint hits
                                                                                
  353 cycles  |  53 cyc/s  |  18679722 ns/cyc
  0 constraint hits
                                                                                
  353 cycles  |  53 cyc/s  |  18679722 ns/cyc
  0 constraint hits
                                                                                
  353 cycles  |  53 cyc/s  |  18679722 ns/cyc
  0 constraint hits
                                                                                
  353 cycles  |  53 cyc/s  |  18679722 ns/cyc
  0 constraint hits
                                                                                
  353 cycles  |  53 cyc/s  |  18679722 ns/cyc
  0 constraint hits
                                                                                
  353 cycles  |  53 cyc/s  |  18679722 ns/cyc
  0 constraint hits
                                                                                
  353 cycles  |  53 cyc/s  |  18679722 ns/cyc
  0 constraint hits
                                                                                
  353 cycles  |  53 cyc/s  |  18679722 ns/cyc
  0 constraint hits
                                                                                
  353 cycles  |  53 cyc/s  |  18679722 ns/cyc
  0 constraint hits
                                                                                
  353 cycles  |  53 cyc/s  |  18679722 ns/cyc
  0 constraint hits
                                                                                
  353 cycles  |  53 cyc/s  |  18679722 ns/cyc
  0 constraint hits
                                                                                
  366 cycles  |  53 cyc/s  |  18711095 ns/cyc
  0 constraint hits
                                                                                
  366 cycles  |  53 cyc/s  |  18711095 ns/cyc
  0 constraint hits
                                                                                
  366 cycles  |  53 cyc/s  |  18711095 ns/cyc
  0 constraint hits
                                                                                
  366 cycles  |  53 cyc/s  |  18711095 ns/cyc
  0 constraint hits
                                                                                
  366 cycles  |  53 cyc/s  |  18711095 ns/cyc
  0 constraint hits
                                                                                
  366 cycles  |  53 cyc/s  |  18711095 ns/cyc
  0 constraint hits
                                                                                
  366 cycles  |  53 cyc/s  |  18711095 ns/cyc
  0 constraint hits
                                                                                
  366 cycles  |  53 cyc/s  |  18711095 ns/cyc
  0 constraint hits
                                                                                
  366 cycles  |  53 cyc/s  |  18711095 ns/cyc
  0 constraint hits
                                                                                
  366 cycles  |  53 cyc/s  |  18711095 ns/cyc
  0 constraint hits
                                                                                
  366 cycles  |  53 cyc/s  |  18711095 ns/cyc
  0 constraint hits
                                                                                
  366 cycles  |  53 cyc/s  |  18711095 ns/cyc
  0 constraint hits
                                                                                
  366 cycles  |  53 cyc/s  |  18711095 ns/cyc
  0 constraint hits
                                                                                
  379 cycles  |  53 cyc/s  |  18739918 ns/cyc
  0 constraint hits
                                                                                
  379 cycles  |  53 cyc/s  |  18739918 ns/cyc
  0 constraint hits
                                                                                
  379 cycles  |  53 cyc/s  |  18739918 ns/cyc
  0 constraint hits
                                                                                
  379 cycles  |  53 cyc/s  |  18739918 ns/cyc
  0 constraint hits
                                                                                
  379 cycles  |  53 cyc/s  |  18739918 ns/cyc
  0 constraint hits
                                                                                
  379 cycles  |  53 cyc/s  |  18739918 ns/cyc
  0 constraint hits
                                                                                
  379 cycles  |  53 cyc/s  |  18739918 ns/cyc
  0 constraint hits
                                                                                
  379 cycles  |  53 cyc/s  |  18739918 ns/cyc
  0 constraint hits
                                                                                
  379 cycles  |  53 cyc/s  |  18739918 ns/cyc
  0 constraint hits
                                                                                
  379 cycles  |  53 cyc/s  |  18739918 ns/cyc
  0 constraint hits
                                                                                
  379 cycles  |  53 cyc/s  |  18739918 ns/cyc
  0 constraint hits
                                                                                
  379 cycles  |  53 cyc/s  |  18739918 ns/cyc
  0 constraint hits
                                                                                
  379 cycles  |  53 cyc/s  |  18739918 ns/cyc
  0 constraint hits
                                                                                
  392 cycles  |  53 cyc/s  |  18762547 ns/cyc
  0 constraint hits
                                                                                
  392 cycles  |  53 cyc/s  |  18762547 ns/cyc
  0 constraint hits
                                                                                
  392 cycles  |  53 cyc/s  |  18762547 ns/cyc
  0 constraint hits
                                                                                
  392 cycles  |  53 cyc/s  |  18762547 ns/cyc
  0 constraint hits
                                                                                
  392 cycles  |  53 cyc/s  |  18762547 ns/cyc
  0 constraint hits
                                                                                
  392 cycles  |  53 cyc/s  |  18762547 ns/cyc
  0 constraint hits
                                                                                
  392 cycles  |  53 cyc/s  |  18762547 ns/cyc
  0 constraint hits
                                                                                
  392 cycles  |  53 cyc/s  |  18762547 ns/cyc
  0 constraint hits
                                                                                
  392 cycles  |  53 cyc/s  |  18762547 ns/cyc
  0 constraint hits
                                                                                
  392 cycles  |  53 cyc/s  |  18762547 ns/cyc
  0 constraint hits
                                                                                
  392 cycles  |  53 cyc/s  |  18762547 ns/cyc
  0 constraint hits
                                                                                
  392 cycles  |  53 cyc/s  |  18762547 ns/cyc
  0 constraint hits
                                                                                
  392 cycles  |  53 cyc/s  |  18762547 ns/cyc
  0 constraint hits
                                                                                
  405 cycles  |  53 cyc/s  |  18786156 ns/cyc
  0 constraint hits
                                                                                
  405 cycles  |  53 cyc/s  |  18786156 ns/cyc
  0 constraint hits
                                                                                
  405 cycles  |  53 cyc/s  |  18786156 ns/cyc
  0 constraint hits
                                                                                
  405 cycles  |  53 cyc/s  |  18786156 ns/cyc
  0 constraint hits
                                                                                
  405 cycles  |  53 cyc/s  |  18786156 ns/cyc
  0 constraint hits
                                                                                
  405 cycles  |  53 cyc/s  |  18786156 ns/cyc
  0 constraint hits
                                                                                
  405 cycles  |  53 cyc/s  |  18786156 ns/cyc
  0 constraint hits
                                                                                
  405 cycles  |  53 cyc/s  |  18786156 ns/cyc
  0 constraint hits
                                                                                
  405 cycles  |  53 cyc/s  |  18786156 ns/cyc
  0 constraint hits
                                                                                
  405 cycles  |  53 cyc/s  |  18786156 ns/cyc
  0 constraint hits
                                                                                
  405 cycles  |  53 cyc/s  |  18786156 ns/cyc
  0 constraint hits
                                                                                
  405 cycles  |  53 cyc/s  |  18786156 ns/cyc
  0 constraint hits
                                                                                
  405 cycles  |  53 cyc/s  |  18786156 ns/cyc
  0 constraint hits
                                                                                
  418 cycles  |  53 cyc/s  |  18809172 ns/cyc
  0 constraint hits
                                                                                
  418 cycles  |  53 cyc/s  |  18809172 ns/cyc
  0 constraint hits
                                                                                
  418 cycles  |  53 cyc/s  |  18809172 ns/cyc
  0 constraint hits
                                                                                
  418 cycles  |  53 cyc/s  |  18809172 ns/cyc
  0 constraint hits
                                                                                
  418 cycles  |  53 cyc/s  |  18809172 ns/cyc
  0 constraint hits
                                                                                
  418 cycles  |  53 cyc/s  |  18809172 ns/cyc
  0 constraint hits
                                                                                
  418 cycles  |  53 cyc/s  |  18809172 ns/cyc
  0 constraint hits
                                                                                
  418 cycles  |  53 cyc/s  |  18809172 ns/cyc
  0 constraint hits
                                                                                
  418 cycles  |  53 cyc/s  |  18809172 ns/cyc
  0 constraint hits
                                                                                
  418 cycles  |  53 cyc/s  |  18809172 ns/cyc
  0 constraint hits
                                                                                
  418 cycles  |  53 cyc/s  |  18809172 ns/cyc
  0 constraint hits
                                                                                
  418 cycles  |  53 cyc/s  |  18809172 ns/cyc
  0 constraint hits
                                                                                
  418 cycles  |  53 cyc/s  |  18809172 ns/cyc
  0 constraint hits
                                                                                
  431 cycles  |  53 cyc/s  |  18829937 ns/cyc
  0 constraint hits
                                                                                
  431 cycles  |  53 cyc/s  |  18829937 ns/cyc
  0 constraint hits
                                                                                
  431 cycles  |  53 cyc/s  |  18829937 ns/cyc
  0 constraint hits
                                                                                
  431 cycles  |  53 cyc/s  |  18829937 ns/cyc
  0 constraint hits
                                                                                
  431 cycles  |  53 cyc/s  |  18829937 ns/cyc
  0 constraint hits
                                                                                
  431 cycles  |  53 cyc/s  |  18829937 ns/cyc
  0 constraint hits
                                                                                
  431 cycles  |  53 cyc/s  |  18829937 ns/cyc
  0 constraint hits
                                                                                
  431 cycles  |  53 cyc/s  |  18829937 ns/cyc
  0 constraint hits
                                                                                
  431 cycles  |  53 cyc/s  |  18829937 ns/cyc
  0 constraint hits
                                                                                
  431 cycles  |  53 cyc/s  |  18829937 ns/cyc
  0 constraint hits
                                                                                
  431 cycles  |  53 cyc/s  |  18829937 ns/cyc
  0 constraint hits
                                                                                
  431 cycles  |  53 cyc/s  |  18829937 ns/cyc
  0 constraint hits
                                                                                
  431 cycles  |  53 cyc/s  |  18829937 ns/cyc
  0 constraint hits
                                                                                
  444 cycles  |  53 cyc/s  |  18848768 ns/cyc
  0 constraint hits
                                                                                
  444 cycles  |  53 cyc/s  |  18848768 ns/cyc
  0 constraint hits
                                                                                
  444 cycles  |  53 cyc/s  |  18848768 ns/cyc
  0 constraint hits
                                                                                
  444 cycles  |  53 cyc/s  |  18848768 ns/cyc
  0 constraint hits
                                                                                
  444 cycles  |  53 cyc/s  |  18848768 ns/cyc
  0 constraint hits
                                                                                
  444 cycles  |  53 cyc/s  |  18848768 ns/cyc
  0 constraint hits
                                                                                
  444 cycles  |  53 cyc/s  |  18848768 ns/cyc
  0 constraint hits
                                                                                
  444 cycles  |  53 cyc/s  |  18848768 ns/cyc
  0 constraint hits
                                                                                
  444 cycles  |  53 cyc/s  |  18848768 ns/cyc
  0 constraint hits
                                                                                
  444 cycles  |  53 cyc/s  |  18848768 ns/cyc
  0 constraint hits
                                                                                
  444 cycles  |  53 cyc/s  |  18848768 ns/cyc
  0 constraint hits
                                                                                
  444 cycles  |  53 cyc/s  |  18848768 ns/cyc
  0 constraint hits
                                                                                
  444 cycles  |  53 cyc/s  |  18848768 ns/cyc
  0 constraint hits
                                                                                
  457 cycles  |  52 cyc/s  |  18873986 ns/cyc
  0 constraint hits
                                                                                
  457 cycles  |  52 cyc/s  |  18873986 ns/cyc
  0 constraint hits
                                                                                
  457 cycles  |  52 cyc/s  |  18873986 ns/cyc
  0 constraint hits
                                                                                
  457 cycles  |  52 cyc/s  |  18873986 ns/cyc
  0 constraint hits
                                                                                
  457 cycles  |  52 cyc/s  |  18873986 ns/cyc
  0 constraint hits
                                                                                
  457 cycles  |  52 cyc/s  |  18873986 ns/cyc
  0 constraint hits
                                                                                
  457 cycles  |  52 cyc/s  |  18873986 ns/cyc
  0 constraint hits
                                                                                
  457 cycles  |  52 cyc/s  |  18873986 ns/cyc
  0 constraint hits
                                                                                
  457 cycles  |  52 cyc/s  |  18873986 ns/cyc
  0 constraint hits
                                                                                
  457 cycles  |  52 cyc/s  |  18873986 ns/cyc
  0 constraint hits
                                                                                
  457 cycles  |  52 cyc/s  |  18873986 ns/cyc
  0 constraint hits
                                                                                
  457 cycles  |  52 cyc/s  |  18873986 ns/cyc
  0 constraint hits
                                                                                
  457 cycles  |  52 cyc/s  |  18873986 ns/cyc
  0 constraint hits
                                                                                
  470 cycles  |  52 cyc/s  |  18895061 ns/cyc
  0 constraint hits
                                                                                
  470 cycles  |  52 cyc/s  |  18895061 ns/cyc
  0 constraint hits
                                                                                
  470 cycles  |  52 cyc/s  |  18895061 ns/cyc
  0 constraint hits
                                                                                
  470 cycles  |  52 cyc/s  |  18895061 ns/cyc
  0 constraint hits
                                                                                
  470 cycles  |  52 cyc/s  |  18895061 ns/cyc
  0 constraint hits
                                                                                
  470 cycles  |  52 cyc/s  |  18895061 ns/cyc
  0 constraint hits
                                                                                
  470 cycles  |  52 cyc/s  |  18895061 ns/cyc
  0 constraint hits
                                                                                
  470 cycles  |  52 cyc/s  |  18895061 ns/cyc
  0 constraint hits
                                                                                
  470 cycles  |  52 cyc/s  |  18895061 ns/cyc
  0 constraint hits
                                                                                
  470 cycles  |  52 cyc/s  |  18895061 ns/cyc
  0 constraint hits
                                                                                
  470 cycles  |  52 cyc/s  |  18895061 ns/cyc
  0 constraint hits
                                                                                
  470 cycles  |  52 cyc/s  |  18895061 ns/cyc
  0 constraint hits
                                                                                
  470 cycles  |  52 cyc/s  |  18895061 ns/cyc
  0 constraint hits
                                                                                
  483 cycles  |  52 cyc/s  |  18910860 ns/cyc
  0 constraint hits
                                                                                
  483 cycles  |  52 cyc/s  |  18910860 ns/cyc
  0 constraint hits
                                                                                
  483 cycles  |  52 cyc/s  |  18910860 ns/cyc
  0 constraint hits
                                                                                
  483 cycles  |  52 cyc/s  |  18910860 ns/cyc
  0 constraint hits
                                                                                
  483 cycles  |  52 cyc/s  |  18910860 ns/cyc
  0 constraint hits
                                                                                
  483 cycles  |  52 cyc/s  |  18910860 ns/cyc
  0 constraint hits
                                                                                
  483 cycles  |  52 cyc/s  |  18910860 ns/cyc
  0 constraint hits
                                                                                
  483 cycles  |  52 cyc/s  |  18910860 ns/cyc
  0 constraint hits
                                                                                
  483 cycles  |  52 cyc/s  |  18910860 ns/cyc
  0 constraint hits
                                                                                
  483 cycles  |  52 cyc/s  |  18910860 ns/cyc
  0 constraint hits
                                                                                
  483 cycles  |  52 cyc/s  |  18910860 ns/cyc
  0 constraint hits
                                                                                
  483 cycles  |  52 cyc/s  |  18910860 ns/cyc
  0 constraint hits
                                                                                
  483 cycles  |  52 cyc/s  |  18910860 ns/cyc
  0 constraint hits
                                                                                
  496 cycles  |  52 cyc/s  |  18927159 ns/cyc
  0 constraint hits
                                                                                
  496 cycles  |  52 cyc/s  |  18927159 ns/cyc
  0 constraint hits
                                                                                
  496 cycles  |  52 cyc/s  |  18927159 ns/cyc
  0 constraint hits
                                                                                
  496 cycles  |  52 cyc/s  |  18927159 ns/cyc
  0 constraint hits
                                                                                
  496 cycles  |  52 cyc/s  |  18927159 ns/cyc
  0 constraint hits
                                                                                
  496 cycles  |  52 cyc/s  |  18927159 ns/cyc
  0 constraint hits
                                                                                
  496 cycles  |  52 cyc/s  |  18927159 ns/cyc
  0 constraint hits
                                                                                
  496 cycles  |  52 cyc/s  |  18927159 ns/cyc
  0 constraint hits
                                                                                
  496 cycles  |  52 cyc/s  |  18927159 ns/cyc
  0 constraint hits
                                                                                
  496 cycles  |  52 cyc/s  |  18927159 ns/cyc
  0 constraint hits
                                                                                
  496 cycles  |  52 cyc/s  |  18927159 ns/cyc
  0 constraint hits
                                                                                
  496 cycles  |  52 cyc/s  |  18927159 ns/cyc
  0 constraint hits
                                                                                
  496 cycles  |  52 cyc/s  |  18927159 ns/cyc
  0 constraint hits
                                                                                
  509 cycles  |  52 cyc/s  |  18939837 ns/cyc
  0 constraint hits
                                                                                
  509 cycles  |  52 cyc/s  |  18939837 ns/cyc
  0 constraint hits
                                                                                
  509 cycles  |  52 cyc/s  |  18939837 ns/cyc
  0 constraint hits
                                                                                
  509 cycles  |  52 cyc/s  |  18939837 ns/cyc
  0 constraint hits
                                                                                
  509 cycles  |  52 cyc/s  |  18939837 ns/cyc
  0 constraint hits
                                                                                
  509 cycles  |  52 cyc/s  |  18939837 ns/cyc
  0 constraint hits
                                                                                
  509 cycles  |  52 cyc/s  |  18939837 ns/cyc
  0 constraint hits
                                                                                
  509 cycles  |  52 cyc/s  |  18939837 ns/cyc
  0 constraint hits
                                                                                
  509 cycles  |  52 cyc/s  |  18939837 ns/cyc
  0 constraint hits
                                                                                
  509 cycles  |  52 cyc/s  |  18939837 ns/cyc
  0 constraint hits
                                                                                
  509 cycles  |  52 cyc/s  |  18939837 ns/cyc
  0 constraint hits
                                                                                
  509 cycles  |  52 cyc/s  |  18939837 ns/cyc
  0 constraint hits
                                                                                
  509 cycles  |  52 cyc/s  |  18939837 ns/cyc
  0 constraint hits
                                                                                
  522 cycles  |  52 cyc/s  |  18953098 ns/cyc
  0 constraint hits
                                                                                
  522 cycles  |  52 cyc/s  |  18953098 ns/cyc
  0 constraint hits
                                                                                
  522 cycles  |  52 cyc/s  |  18953098 ns/cyc
  0 constraint hits
                                                                                
  522 cycles  |  52 cyc/s  |  18953098 ns/cyc
  0 constraint hits
                                                                                
  522 cycles  |  52 cyc/s  |  18953098 ns/cyc
  0 constraint hits
                                                                                
  522 cycles  |  52 cyc/s  |  18953098 ns/cyc
  0 constraint hits
                                                                                
  522 cycles  |  52 cyc/s  |  18953098 ns/cyc
  0 constraint hits
                                                                                
  522 cycles  |  52 cyc/s  |  18953098 ns/cyc
  0 constraint hits
                                                                                
  522 cycles  |  52 cyc/s  |  18953098 ns/cyc
  0 constraint hits
                                                                                
  522 cycles  |  52 cyc/s  |  18953098 ns/cyc
  0 constraint hits
                                                                                
  522 cycles  |  52 cyc/s  |  18953098 ns/cyc
  0 constraint hits
                                                                                
  522 cycles  |  52 cyc/s  |  18953098 ns/cyc
  0 constraint hits
                                                                                
  522 cycles  |  52 cyc/s  |  18953098 ns/cyc
  0 constraint hits
                                                                                
  535 cycles  |  52 cyc/s  |  18971494 ns/cyc
  0 constraint hits
                                                                                
  535 cycles  |  52 cyc/s  |  18971494 ns/cyc
  0 constraint hits
                                                                                
  535 cycles  |  52 cyc/s  |  18971494 ns/cyc
  0 constraint hits
                                                                                
  535 cycles  |  52 cyc/s  |  18971494 ns/cyc
  0 constraint hits
                                                                                
  535 cycles  |  52 cyc/s  |  18971494 ns/cyc
  0 constraint hits
                                                                                
  535 cycles  |  52 cyc/s  |  18971494 ns/cyc
  0 constraint hits
                                                                                
  535 cycles  |  52 cyc/s  |  18971494 ns/cyc
  0 constraint hits
                                                                                
  535 cycles  |  52 cyc/s  |  18971494 ns/cyc
  0 constraint hits
                                                                                
  535 cycles  |  52 cyc/s  |  18971494 ns/cyc
  0 constraint hits
                                                                                
  535 cycles  |  52 cyc/s  |  18971494 ns/cyc
  0 constraint hits
                                                                                
  535 cycles  |  52 cyc/s  |  18971494 ns/cyc
  0 constraint hits
                                                                                
  535 cycles  |  52 cyc/s  |  18971494 ns/cyc
  0 constraint hits
                                                                                
  535 cycles  |  52 cyc/s  |  18971494 ns/cyc
  0 constraint hits
                                                                                
  548 cycles  |  52 cyc/s  |  18987717 ns/cyc
  0 constraint hits
                                                                                
  548 cycles  |  52 cyc/s  |  18987717 ns/cyc
  0 constraint hits
                                                                                
  548 cycles  |  52 cyc/s  |  18987717 ns/cyc
  0 constraint hits
                                                                                
  548 cycles  |  52 cyc/s  |  18987717 ns/cyc
  0 constraint hits
                                                                                
  548 cycles  |  52 cyc/s  |  18987717 ns/cyc
  0 constraint hits
                                                                                
  548 cycles  |  52 cyc/s  |  18987717 ns/cyc
  0 constraint hits
                                                                                
  548 cycles  |  52 cyc/s  |  18987717 ns/cyc
  0 constraint hits
                                                                                
  548 cycles  |  52 cyc/s  |  18987717 ns/cyc
  0 constraint hits
                                                                                
  548 cycles  |  52 cyc/s  |  18987717 ns/cyc
  0 constraint hits
                                                                                
  548 cycles  |  52 cyc/s  |  18987717 ns/cyc
  0 constraint hits
                                                                                
  548 cycles  |  52 cyc/s  |  18987717 ns/cyc
  0 constraint hits
                                                                                
  548 cycles  |  52 cyc/s  |  18987717 ns/cyc
  0 constraint hits
                                                                                
  548 cycles  |  52 cyc/s  |  18987717 ns/cyc
  0 constraint hits
                                                                                
  561 cycles  |  52 cyc/s  |  19002867 ns/cyc
  0 constraint hits
                                                                                
  561 cycles  |  52 cyc/s  |  19002867 ns/cyc
  0 constraint hits
                                                                                
  561 cycles  |  52 cyc/s  |  19002867 ns/cyc
  0 constraint hits
                                                                                
  561 cycles  |  52 cyc/s  |  19002867 ns/cyc
  0 constraint hits
                                                                                
  561 cycles  |  52 cyc/s  |  19002867 ns/cyc
  0 constraint hits
                                                                                
  561 cycles  |  52 cyc/s  |  19002867 ns/cyc
  0 constraint hits
                                                                                
  561 cycles  |  52 cyc/s  |  19002867 ns/cyc
  0 constraint hits
                                                                                
  561 cycles  |  52 cyc/s  |  19002867 ns/cyc
  0 constraint hits
                                                                                
  561 cycles  |  52 cyc/s  |  19002867 ns/cyc
  0 constraint hits
                                                                                
  561 cycles  |  52 cyc/s  |  19002867 ns/cyc
  0 constraint hits
                                                                                
  561 cycles  |  52 cyc/s  |  19002867 ns/cyc
  0 constraint hits
                                                                                
  561 cycles  |  52 cyc/s  |  19002867 ns/cyc
  0 constraint hits
                                                                                
  561 cycles  |  52 cyc/s  |  19002867 ns/cyc
  0 constraint hits
                                                                                
  574 cycles  |  52 cyc/s  |  19017981 ns/cyc
  0 constraint hits
                                                                                
  574 cycles  |  52 cyc/s  |  19017981 ns/cyc
  0 constraint hits
                                                                                
  574 cycles  |  52 cyc/s  |  19017981 ns/cyc
  0 constraint hits
                                                                                
  574 cycles  |  52 cyc/s  |  19017981 ns/cyc
  0 constraint hits
                                                                                
  574 cycles  |  52 cyc/s  |  19017981 ns/cyc
  0 constraint hits
                                                                                
  574 cycles  |  52 cyc/s  |  19017981 ns/cyc
  0 constraint hits
                                                                                
  574 cycles  |  52 cyc/s  |  19017981 ns/cyc
  0 constraint hits
                                                                                
  574 cycles  |  52 cyc/s  |  19017981 ns/cyc
  0 constraint hits
                                                                                
  574 cycles  |  52 cyc/s  |  19017981 ns/cyc
  0 constraint hits
                                                                                
  574 cycles  |  52 cyc/s  |  19017981 ns/cyc
  0 constraint hits
                                                                                
  574 cycles  |  52 cyc/s  |  19017981 ns/cyc
  0 constraint hits
                                                                                
  574 cycles  |  52 cyc/s  |  19017981 ns/cyc
  0 constraint hits
                                                                                
  574 cycles  |  52 cyc/s  |  19017981 ns/cyc
  0 constraint hits
                                                                                
  587 cycles  |  52 cyc/s  |  19026195 ns/cyc
  0 constraint hits
                                                                                
  587 cycles  |  52 cyc/s  |  19026195 ns/cyc
  0 constraint hits
                                                                                
  587 cycles  |  52 cyc/s  |  19026195 ns/cyc
  0 constraint hits
                                                                                
  587 cycles  |  52 cyc/s  |  19026195 ns/cyc
  0 constraint hits
                                                                                
  587 cycles  |  52 cyc/s  |  19026195 ns/cyc
  0 constraint hits
                                                                                
  587 cycles  |  52 cyc/s  |  19026195 ns/cyc
  0 constraint hits
                                                                                
  587 cycles  |  52 cyc/s  |  19026195 ns/cyc
  0 constraint hits
                                                                                
  587 cycles  |  52 cyc/s  |  19026195 ns/cyc
  0 constraint hits
                                                                                
  587 cycles  |  52 cyc/s  |  19026195 ns/cyc
  0 constraint hits
                                                                                
  587 cycles  |  52 cyc/s  |  19026195 ns/cyc
  0 constraint hits
                                                                                
  587 cycles  |  52 cyc/s  |  19026195 ns/cyc
  0 constraint hits
                                                                                
  587 cycles  |  52 cyc/s  |  19026195 ns/cyc
  0 constraint hits
                                                                                
  587 cycles  |  52 cyc/s  |  19026195 ns/cyc
  0 constraint hits
                                                                                
  600 cycles  |  52 cyc/s  |  19040004 ns/cyc
  0 constraint hits
                                                                                
  600 cycles  |  52 cyc/s  |  19040004 ns/cyc
  0 constraint hits
                                                                                
  600 cycles  |  52 cyc/s  |  19040004 ns/cyc
  0 constraint hits
                                                                                
  600 cycles  |  52 cyc/s  |  19040004 ns/cyc
  0 constraint hits
                                                                                
  600 cycles  |  52 cyc/s  |  19040004 ns/cyc
  0 constraint hits
                                                                                
  600 cycles  |  52 cyc/s  |  19040004 ns/cyc
  0 constraint hits
                                                                                
  600 cycles  |  52 cyc/s  |  19040004 ns/cyc
  0 constraint hits
                                                                                
  600 cycles  |  52 cyc/s  |  19040004 ns/cyc
  0 constraint hits
                                                                                
  600 cycles  |  52 cyc/s  |  19040004 ns/cyc
  0 constraint hits
                                                                                
  600 cycles  |  52 cyc/s  |  19040004 ns/cyc
  0 constraint hits
                                                                                
  600 cycles  |  52 cyc/s  |  19040004 ns/cyc
  0 constraint hits
                                                                                
  600 cycles  |  52 cyc/s  |  19040004 ns/cyc
  0 constraint hits
                                                                                
  600 cycles  |  52 cyc/s  |  19040004 ns/cyc
  0 constraint hits
                                                                                
  613 cycles  |  52 cyc/s  |  19053000 ns/cyc
  0 constraint hits
                                                                                
  613 cycles  |  52 cyc/s  |  19053000 ns/cyc
  0 constraint hits
                                                                                
  613 cycles  |  52 cyc/s  |  19053000 ns/cyc
  0 constraint hits
                                                                                
  613 cycles  |  52 cyc/s  |  19053000 ns/cyc
  0 constraint hits
                                                                                
  613 cycles  |  52 cyc/s  |  19053000 ns/cyc
  0 constraint hits
                                                                                
  613 cycles  |  52 cyc/s  |  19053000 ns/cyc
  0 constraint hits
                                                                                
  613 cycles  |  52 cyc/s  |  19053000 ns/cyc
  0 constraint hits
                                                                                
  613 cycles  |  52 cyc/s  |  19053000 ns/cyc
  0 constraint hits
                                                                                
  613 cycles  |  52 cyc/s  |  19053000 ns/cyc
  0 constraint hits
                                                                                
  613 cycles  |  52 cyc/s  |  19053000 ns/cyc
  0 constraint hits
                                                                                
  613 cycles  |  52 cyc/s  |  19053000 ns/cyc
  0 constraint hits
                                                                                
  613 cycles  |  52 cyc/s  |  19053000 ns/cyc
  0 constraint hits
                                                                                
  613 cycles  |  52 cyc/s  |  19053000 ns/cyc
  0 constraint hits
                                                                                
  626 cycles  |  52 cyc/s  |  19062892 ns/cyc
  0 constraint hits
                                                                                
  626 cycles  |  52 cyc/s  |  19062892 ns/cyc
  0 constraint hits
                                                                                
  626 cycles  |  52 cyc/s  |  19062892 ns/cyc
  0 constraint hits
                                                                                
  626 cycles  |  52 cyc/s  |  19062892 ns/cyc
  0 constraint hits
                                                                                
  626 cycles  |  52 cyc/s  |  19062892 ns/cyc
  0 constraint hits
                                                                                
  626 cycles  |  52 cyc/s  |  19062892 ns/cyc
  0 constraint hits
                                                                                
  626 cycles  |  52 cyc/s  |  19062892 ns/cyc
  0 constraint hits
                                                                                
  626 cycles  |  52 cyc/s  |  19062892 ns/cyc
  0 constraint hits
                                                                                
  626 cycles  |  52 cyc/s  |  19062892 ns/cyc
  0 constraint hits
                                                                                
  626 cycles  |  52 cyc/s  |  19062892 ns/cyc
  0 constraint hits
                                                                                
  626 cycles  |  52 cyc/s  |  19062892 ns/cyc
  0 constraint hits
                                                                                
  626 cycles  |  52 cyc/s  |  19062892 ns/cyc
  0 constraint hits
                                                                                
  626 cycles  |  52 cyc/s  |  19062892 ns/cyc
  0 constraint hits
                                                                                
  639 cycles  |  52 cyc/s  |  19072600 ns/cyc
  0 constraint hits
@@TIME_PROC_AVG COUNT:640 AVG_MS:19.076
@@TIME_THROUGHPUT COUNT:640 DURATION_S:12.208943 EVENTS_PER_S:52.421
                                                                                
  639 cycles  |  52 cyc/s  |  19072600 ns/cyc
  0 constraint hits
                                                                                
  640 cycles  |  52 cyc/s  |  19073650 ns/cyc
  640 input events parsed in 0.000s  |  19073650 ns/event avg
  0 constraint hits total
  Breakdown:
   [#0]: 0@@MONITOR_END:2026-05-14T09:59:58.303767000Z

   [#1]: 0
   [#2]: 0
   [#3]: 0
   [#4]: 0
   [#5]: 0
   [#6]: 0
   [#7]: 0
   [#8]: 0
   [#9]: 0
   [#10]: 0
   [#11]: 0
   [#12]: 0
   [#13]: 0
   [#14]: 0
   [#15]: 0
   [#16]: 0
   [#17]: 0
   [#18]: 0
   [#19]: 0
   [#20]: 0
   [#21]: 0
   [#22]: 0
   [#23]: 0
