@@MONITOR_START:2026-05-14T10:10:42.368759000Z
                                                                                
  0 cycles
  0 constraint hits
                                                                                
  0 cycles
  0 constraint hits
                                                                                
  0 cycles
  0 constraint hits
                                                                                
  0 cycles
  0 constraint hits
                                                                                
  0 cycles
  0 constraint hits
                                                                                
  0 cycles
  0 constraint hits
                                                                                
  0 cycles
  0 constraint hits
                                                                                
  0 cycles
  0 constraint hits
                                                                                
  0 cycles
  0 constraint hits
                                                                                
  0 cycles
  0 constraint hits
                                                                                
  0 cycles
  0 constraint hits
                                                                                
  0 cycles
  0 constraint hits
                                                                                
  0 cycles
  0 constraint hits
                                                                                
  0 cycles
  0 constraint hits
                                                                                
  0 cycles
  0 constraint hits
                                                                                
  0 cycles
  0 constraint hits
                                                                                
  0 cycles
  0 constraint hits
                                                                                
  0 cycles
  0 constraint hits
                                                                                
  0 cycles
  0 constraint hits
                                                                                
  0 cycles
  0 constraint hits
                                                                                
  0 cycles
  0 constraint hits
                                                                                
  0 cycles
  0 constraint hits
                                                                                
  0 cycles
  0 constraint hits
                                                                                
  0 cycles
  0 constraint hits
                                                                                
  0 cycles
  0 constraint hits
                                                                                
  0 cycles
  0 constraint hits
                                                                                
  0 cycles
  0 constraint hits
                                                                                
  0 cycles
  0 constraint hits
                                                                                
  0 cycles
  0 constraint hits
                                                                                
  0 cycles
  0 constraint hits
                                                                                
  0 cycles
  0 constraint hits
                                                                                
  0 cycles
  0 constraint hits
                                                                                
  0 cycles
  0 constraint hits
                                                                                
  0 cycles
  0 constraint hits
                                                                                
  0 cycles
  0 constraint hits
                                                                                
  0 cycles
  0 constraint hits
                                                                                
  0 cycles
  0 constraint hits
                                                                                
  0 cycles
  0 constraint hits
                                                                                
  0 cycles
  0 constraint hits
                                                                                
  40 cycles  |  151 cyc/s  |  6618796 ns/cyc
  0 constraint hits
                                                                                
  40 cycles  |  151 cyc/s  |  6618796 ns/cyc
  0 constraint hits
                                                                                
  40 cycles  |  151 cyc/s  |  6618796 ns/cyc
  0 constraint hits
                                                                                
  40 cycles  |  151 cyc/s  |  6618796 ns/cyc
  0 constraint hits
                                                                                
  40 cycles  |  151 cyc/s  |  6618796 ns/cyc
  0 constraint hits
                                                                                
  40 cycles  |  151 cyc/s  |  6618796 ns/cyc
  0 constraint hits
                                                                                
  40 cycles  |  151 cyc/s  |  6618796 ns/cyc
  0 constraint hits
                                                                                
  40 cycles  |  151 cyc/s  |  6618796 ns/cyc
  0 constraint hits
                                                                                
  40 cycles  |  151 cyc/s  |  6618796 ns/cyc
  0 constraint hits
                                                                                
  40 cycles  |  151 cyc/s  |  6618796 ns/cyc
  0 constraint hits
                                                                                
  40 cycles  |  151 cyc/s  |  6618796 ns/cyc
  0 constraint hits
                                                                                
  40 cycles  |  151 cyc/s  |  6618796 ns/cyc
  0 constraint hits
                                                                                
  40 cycles  |  151 cyc/s  |  6618796 ns/cyc
  0 constraint hits
                                                                                
  40 cycles  |  151 cyc/s  |  6618796 ns/cyc
  0 constraint hits
                                                                                
  54 cycles  |  103 cyc/s  |  9647347 ns/cyc
  0 constraint hits
                                                                                
  54 cycles  |  103 cyc/s  |  9647347 ns/cyc
  0 constraint hits
                                                                                
  54 cycles  |  103 cyc/s  |  9647347 ns/cyc
  0 constraint hits
                                                                                
  54 cycles  |  103 cyc/s  |  9647347 ns/cyc
  0 constraint hits
                                                                                
  54 cycles  |  103 cyc/s  |  9647347 ns/cyc
  0 constraint hits
                                                                                
  54 cycles  |  103 cyc/s  |  9647347 ns/cyc
  0 constraint hits
                                                                                
  54 cycles  |  103 cyc/s  |  9647347 ns/cyc
  0 constraint hits
                                                                                
  54 cycles  |  103 cyc/s  |  9647347 ns/cyc
  0 constraint hits
                                                                                
  54 cycles  |  103 cyc/s  |  9647347 ns/cyc
  0 constraint hits
                                                                                
  54 cycles  |  103 cyc/s  |  9647347 ns/cyc
  0 constraint hits
                                                                                
  54 cycles  |  103 cyc/s  |  9647347 ns/cyc
  0 constraint hits
                                                                                
  54 cycles  |  103 cyc/s  |  9647347 ns/cyc
  0 constraint hits
                                                                                
  54 cycles  |  103 cyc/s  |  9647347 ns/cyc
  0 constraint hits
                                                                                
  54 cycles  |  103 cyc/s  |  9647347 ns/cyc
  0 constraint hits
                                                                                
  68 cycles  |  87 cyc/s  |  11411933 ns/cyc
  0 constraint hits
                                                                                
  68 cycles  |  87 cyc/s  |  11411933 ns/cyc
  0 constraint hits
                                                                                
  68 cycles  |  87 cyc/s  |  11411933 ns/cyc
  0 constraint hits
                                                                                
  68 cycles  |  87 cyc/s  |  11411933 ns/cyc
  0 constraint hits
                                                                                
  68 cycles  |  87 cyc/s  |  11411933 ns/cyc
  0 constraint hits
                                                                                
  68 cycles  |  87 cyc/s  |  11411933 ns/cyc
  0 constraint hits
                                                                                
  68 cycles  |  87 cyc/s  |  11411933 ns/cyc
  0 constraint hits
                                                                                
  68 cycles  |  87 cyc/s  |  11411933 ns/cyc
  0 constraint hits
                                                                                
  68 cycles  |  87 cyc/s  |  11411933 ns/cyc
  0 constraint hits
                                                                                
  68 cycles  |  87 cyc/s  |  11411933 ns/cyc
  0 constraint hits
                                                                                
  68 cycles  |  87 cyc/s  |  11411933 ns/cyc
  0 constraint hits
                                                                                
  68 cycles  |  87 cyc/s  |  11411933 ns/cyc
  0 constraint hits
                                                                                
  68 cycles  |  87 cyc/s  |  11411933 ns/cyc
  0 constraint hits
                                                                                
  68 cycles  |  87 cyc/s  |  11411933 ns/cyc
  0 constraint hits
                                                                                
  82 cycles  |  79 cyc/s  |  12557995 ns/cyc
  0 constraint hits
                                                                                
  82 cycles  |  79 cyc/s  |  12557995 ns/cyc
  0 constraint hits
                                                                                
  82 cycles  |  79 cyc/s  |  12557995 ns/cyc
  0 constraint hits
                                                                                
  82 cycles  |  79 cyc/s  |  12557995 ns/cyc
  0 constraint hits
                                                                                
  82 cycles  |  79 cyc/s  |  12557995 ns/cyc
  0 constraint hits
                                                                                
  82 cycles  |  79 cyc/s  |  12557995 ns/cyc
  0 constraint hits
                                                                                
  82 cycles  |  79 cyc/s  |  12557995 ns/cyc
  0 constraint hits
                                                                                
  82 cycles  |  79 cyc/s  |  12557995 ns/cyc
  0 constraint hits
                                                                                
  82 cycles  |  79 cyc/s  |  12557995 ns/cyc
  0 constraint hits
                                                                                
  82 cycles  |  79 cyc/s  |  12557995 ns/cyc
  0 constraint hits
                                                                                
  82 cycles  |  79 cyc/s  |  12557995 ns/cyc
  0 constraint hits
                                                                                
  82 cycles  |  79 cyc/s  |  12557995 ns/cyc
  0 constraint hits
                                                                                
  82 cycles  |  79 cyc/s  |  12557995 ns/cyc
  0 constraint hits
                                                                                
  82 cycles  |  79 cyc/s  |  12557995 ns/cyc
  0 constraint hits
                                                                                
  96 cycles  |  74 cyc/s  |  13393238 ns/cyc
  0 constraint hits
                                                                                
  96 cycles  |  74 cyc/s  |  13393238 ns/cyc
  0 constraint hits
                                                                                
  96 cycles  |  74 cyc/s  |  13393238 ns/cyc
  0 constraint hits
                                                                                
  96 cycles  |  74 cyc/s  |  13393238 ns/cyc
  0 constraint hits
                                                                                
  96 cycles  |  74 cyc/s  |  13393238 ns/cyc
  0 constraint hits
                                                                                
  96 cycles  |  74 cyc/s  |  13393238 ns/cyc
  0 constraint hits
                                                                                
  96 cycles  |  74 cyc/s  |  13393238 ns/cyc
  0 constraint hits
                                                                                
  96 cycles  |  74 cyc/s  |  13393238 ns/cyc
  0 constraint hits
                                                                                
  96 cycles  |  74 cyc/s  |  13393238 ns/cyc
  0 constraint hits
                                                                                
  96 cycles  |  74 cyc/s  |  13393238 ns/cyc
  0 constraint hits
                                                                                
  96 cycles  |  74 cyc/s  |  13393238 ns/cyc
  0 constraint hits
                                                                                
  96 cycles  |  74 cyc/s  |  13393238 ns/cyc
  0 constraint hits
                                                                                
  96 cycles  |  74 cyc/s  |  13393238 ns/cyc
  0 constraint hits
                                                                                
  96 cycles  |  74 cyc/s  |  13393238 ns/cyc
  0 constraint hits
                                                                                
  110 cycles  |  71 cyc/s  |  14028508 ns/cyc
  0 constraint hits
                                                                                
  110 cycles  |  71 cyc/s  |  14028508 ns/cyc
  0 constraint hits
                                                                                
  110 cycles  |  71 cyc/s  |  14028508 ns/cyc
  0 constraint hits
                                                                                
  110 cycles  |  71 cyc/s  |  14028508 ns/cyc
  0 constraint hits
                                                                                
  110 cycles  |  71 cyc/s  |  14028508 ns/cyc
  0 constraint hits
                                                                                
  110 cycles  |  71 cyc/s  |  14028508 ns/cyc
  0 constraint hits
                                                                                
  110 cycles  |  71 cyc/s  |  14028508 ns/cyc
  0 constraint hits
                                                                                
  110 cycles  |  71 cyc/s  |  14028508 ns/cyc
  0 constraint hits
                                                                                
  110 cycles  |  71 cyc/s  |  14028508 ns/cyc
  0 constraint hits
                                                                                
  110 cycles  |  71 cyc/s  |  14028508 ns/cyc
  0 constraint hits
                                                                                
  110 cycles  |  71 cyc/s  |  14028508 ns/cyc
  0 constraint hits
                                                                                
  110 cycles  |  71 cyc/s  |  14028508 ns/cyc
  0 constraint hits
                                                                                
  110 cycles  |  71 cyc/s  |  14028508 ns/cyc
  0 constraint hits
                                                                                
  110 cycles  |  71 cyc/s  |  14028508 ns/cyc
  0 constraint hits
                                                                                
  124 cycles  |  68 cyc/s  |  14518253 ns/cyc
  0 constraint hits
                                                                                
  124 cycles  |  68 cyc/s  |  14518253 ns/cyc
  0 constraint hits
                                                                                
  124 cycles  |  68 cyc/s  |  14518253 ns/cyc
  0 constraint hits
                                                                                
  124 cycles  |  68 cyc/s  |  14518253 ns/cyc
  0 constraint hits
                                                                                
  124 cycles  |  68 cyc/s  |  14518253 ns/cyc
  0 constraint hits
                                                                                
  124 cycles  |  68 cyc/s  |  14518253 ns/cyc
  0 constraint hits
                                                                                
  124 cycles  |  68 cyc/s  |  14518253 ns/cyc
  0 constraint hits
                                                                                
  124 cycles  |  68 cyc/s  |  14518253 ns/cyc
  0 constraint hits
                                                                                
  124 cycles  |  68 cyc/s  |  14518253 ns/cyc
  0 constraint hits
                                                                                
  124 cycles  |  68 cyc/s  |  14518253 ns/cyc
  0 constraint hits
                                                                                
  124 cycles  |  68 cyc/s  |  14518253 ns/cyc
  0 constraint hits
                                                                                
  124 cycles  |  68 cyc/s  |  14518253 ns/cyc
  0 constraint hits
                                                                                
  124 cycles  |  68 cyc/s  |  14518253 ns/cyc
  0 constraint hits
                                                                                
  124 cycles  |  68 cyc/s  |  14518253 ns/cyc
  0 constraint hits
                                                                                
  138 cycles  |  67 cyc/s  |  14880039 ns/cyc
  0 constraint hits
                                                                                
  138 cycles  |  67 cyc/s  |  14880039 ns/cyc
  0 constraint hits
                                                                                
  138 cycles  |  67 cyc/s  |  14880039 ns/cyc
  0 constraint hits
                                                                                
  138 cycles  |  67 cyc/s  |  14880039 ns/cyc
  0 constraint hits
                                                                                
  138 cycles  |  67 cyc/s  |  14880039 ns/cyc
  0 constraint hits
                                                                                
  138 cycles  |  67 cyc/s  |  14880039 ns/cyc
  0 constraint hits
                                                                                
  138 cycles  |  67 cyc/s  |  14880039 ns/cyc
  0 constraint hits
                                                                                
  138 cycles  |  67 cyc/s  |  14880039 ns/cyc
  0 constraint hits
                                                                                
  138 cycles  |  67 cyc/s  |  14880039 ns/cyc
  0 constraint hits
                                                                                
  138 cycles  |  67 cyc/s  |  14880039 ns/cyc
  0 constraint hits
                                                                                
  138 cycles  |  67 cyc/s  |  14880039 ns/cyc
  0 constraint hits
                                                                                
  138 cycles  |  67 cyc/s  |  14880039 ns/cyc
  0 constraint hits
                                                                                
  138 cycles  |  67 cyc/s  |  14880039 ns/cyc
  0 constraint hits
                                                                                
  138 cycles  |  67 cyc/s  |  14880039 ns/cyc
  0 constraint hits
                                                                                
  152 cycles  |  65 cyc/s  |  15173914 ns/cyc
  0 constraint hits
                                                                                
  152 cycles  |  65 cyc/s  |  15173914 ns/cyc
  0 constraint hits
                                                                                
  152 cycles  |  65 cyc/s  |  15173914 ns/cyc
  0 constraint hits
                                                                                
  152 cycles  |  65 cyc/s  |  15173914 ns/cyc
  0 constraint hits
                                                                                
  152 cycles  |  65 cyc/s  |  15173914 ns/cyc
  0 constraint hits
                                                                                
  152 cycles  |  65 cyc/s  |  15173914 ns/cyc
  0 constraint hits
                                                                                
  152 cycles  |  65 cyc/s  |  15173914 ns/cyc
  0 constraint hits
                                                                                
  152 cycles  |  65 cyc/s  |  15173914 ns/cyc
  0 constraint hits
                                                                                
  152 cycles  |  65 cyc/s  |  15173914 ns/cyc
  0 constraint hits
                                                                                
  152 cycles  |  65 cyc/s  |  15173914 ns/cyc
  0 constraint hits
                                                                                
  152 cycles  |  65 cyc/s  |  15173914 ns/cyc
  0 constraint hits
                                                                                
  152 cycles  |  65 cyc/s  |  15173914 ns/cyc
  0 constraint hits
                                                                                
  152 cycles  |  65 cyc/s  |  15173914 ns/cyc
  0 constraint hits
                                                                                
  152 cycles  |  65 cyc/s  |  15173914 ns/cyc
  0 constraint hits
                                                                                
  166 cycles  |  64 cyc/s  |  15437790 ns/cyc
  0 constraint hits
                                                                                
  166 cycles  |  64 cyc/s  |  15437790 ns/cyc
  0 constraint hits
                                                                                
  166 cycles  |  64 cyc/s  |  15437790 ns/cyc
  0 constraint hits
                                                                                
  166 cycles  |  64 cyc/s  |  15437790 ns/cyc
  0 constraint hits
                                                                                
  166 cycles  |  64 cyc/s  |  15437790 ns/cyc
  0 constraint hits
                                                                                
  166 cycles  |  64 cyc/s  |  15437790 ns/cyc
  0 constraint hits
                                                                                
  166 cycles  |  64 cyc/s  |  15437790 ns/cyc
  0 constraint hits
                                                                                
  166 cycles  |  64 cyc/s  |  15437790 ns/cyc
  0 constraint hits
                                                                                
  166 cycles  |  64 cyc/s  |  15437790 ns/cyc
  0 constraint hits
                                                                                
  166 cycles  |  64 cyc/s  |  15437790 ns/cyc
  0 constraint hits
                                                                                
  166 cycles  |  64 cyc/s  |  15437790 ns/cyc
  0 constraint hits
                                                                                
  166 cycles  |  64 cyc/s  |  15437790 ns/cyc
  0 constraint hits
                                                                                
  166 cycles  |  64 cyc/s  |  15437790 ns/cyc
  0 constraint hits
                                                                                
  166 cycles  |  64 cyc/s  |  15437790 ns/cyc
  0 constraint hits
                                                                                
  180 cycles  |  63 cyc/s  |  15679991 ns/cyc
  0 constraint hits
                                                                                
  180 cycles  |  63 cyc/s  |  15679991 ns/cyc
  0 constraint hits
                                                                                
  180 cycles  |  63 cyc/s  |  15679991 ns/cyc
  0 constraint hits
                                                                                
  180 cycles  |  63 cyc/s  |  15679991 ns/cyc
  0 constraint hits
                                                                                
  180 cycles  |  63 cyc/s  |  15679991 ns/cyc
  0 constraint hits
                                                                                
  180 cycles  |  63 cyc/s  |  15679991 ns/cyc
  0 constraint hits
                                                                                
  180 cycles  |  63 cyc/s  |  15679991 ns/cyc
  0 constraint hits
                                                                                
  180 cycles  |  63 cyc/s  |  15679991 ns/cyc
  0 constraint hits
                                                                                
  180 cycles  |  63 cyc/s  |  15679991 ns/cyc
  0 constraint hits
                                                                                
  180 cycles  |  63 cyc/s  |  15679991 ns/cyc
  0 constraint hits
                                                                                
  180 cycles  |  63 cyc/s  |  15679991 ns/cyc
  0 constraint hits
                                                                                
  180 cycles  |  63 cyc/s  |  15679991 ns/cyc
  0 constraint hits
                                                                                
  180 cycles  |  63 cyc/s  |  15679991 ns/cyc
  0 constraint hits
                                                                                
  180 cycles  |  63 cyc/s  |  15679991 ns/cyc
  0 constraint hits
                                                                                
  194 cycles  |  63 cyc/s  |  15867770 ns/cyc
  0 constraint hits
                                                                                
  194 cycles  |  63 cyc/s  |  15867770 ns/cyc
  0 constraint hits
                                                                                
  194 cycles  |  63 cyc/s  |  15867770 ns/cyc
  0 constraint hits
                                                                                
  194 cycles  |  63 cyc/s  |  15867770 ns/cyc
  0 constraint hits
                                                                                
  194 cycles  |  63 cyc/s  |  15867770 ns/cyc
  0 constraint hits
                                                                                
  194 cycles  |  63 cyc/s  |  15867770 ns/cyc
  0 constraint hits
                                                                                
  194 cycles  |  63 cyc/s  |  15867770 ns/cyc
  0 constraint hits
                                                                                
  194 cycles  |  63 cyc/s  |  15867770 ns/cyc
  0 constraint hits
                                                                                
  194 cycles  |  63 cyc/s  |  15867770 ns/cyc
  0 constraint hits
                                                                                
  194 cycles  |  63 cyc/s  |  15867770 ns/cyc
  0 constraint hits
                                                                                
  194 cycles  |  63 cyc/s  |  15867770 ns/cyc
  0 constraint hits
                                                                                
  194 cycles  |  63 cyc/s  |  15867770 ns/cyc
  0 constraint hits
                                                                                
  194 cycles  |  63 cyc/s  |  15867770 ns/cyc
  0 constraint hits
                                                                                
  194 cycles  |  63 cyc/s  |  15867770 ns/cyc
  0 constraint hits
                                                                                
  208 cycles  |  62 cyc/s  |  16020652 ns/cyc
  0 constraint hits
                                                                                
  208 cycles  |  62 cyc/s  |  16020652 ns/cyc
  0 constraint hits
                                                                                
  208 cycles  |  62 cyc/s  |  16020652 ns/cyc
  0 constraint hits
                                                                                
  208 cycles  |  62 cyc/s  |  16020652 ns/cyc
  0 constraint hits
                                                                                
  208 cycles  |  62 cyc/s  |  16020652 ns/cyc
  0 constraint hits
                                                                                
  208 cycles  |  62 cyc/s  |  16020652 ns/cyc
  0 constraint hits
                                                                                
  208 cycles  |  62 cyc/s  |  16020652 ns/cyc
  0 constraint hits
                                                                                
  208 cycles  |  62 cyc/s  |  16020652 ns/cyc
  0 constraint hits
                                                                                
  208 cycles  |  62 cyc/s  |  16020652 ns/cyc
  0 constraint hits
                                                                                
  208 cycles  |  62 cyc/s  |  16020652 ns/cyc
  0 constraint hits
                                                                                
  208 cycles  |  62 cyc/s  |  16020652 ns/cyc
  0 constraint hits
                                                                                
  208 cycles  |  62 cyc/s  |  16020652 ns/cyc
  0 constraint hits
                                                                                
  208 cycles  |  62 cyc/s  |  16020652 ns/cyc
  0 constraint hits
                                                                                
  208 cycles  |  62 cyc/s  |  16020652 ns/cyc
  0 constraint hits
                                                                                
  222 cycles  |  61 cyc/s  |  16164036 ns/cyc
  0 constraint hits
                                                                                
  222 cycles  |  61 cyc/s  |  16164036 ns/cyc
  0 constraint hits
                                                                                
  222 cycles  |  61 cyc/s  |  16164036 ns/cyc
  0 constraint hits
                                                                                
  222 cycles  |  61 cyc/s  |  16164036 ns/cyc
  0 constraint hits
                                                                                
  222 cycles  |  61 cyc/s  |  16164036 ns/cyc
  0 constraint hits
                                                                                
  222 cycles  |  61 cyc/s  |  16164036 ns/cyc
  0 constraint hits
                                                                                
  222 cycles  |  61 cyc/s  |  16164036 ns/cyc
  0 constraint hits
                                                                                
  222 cycles  |  61 cyc/s  |  16164036 ns/cyc
  0 constraint hits
                                                                                
  222 cycles  |  61 cyc/s  |  16164036 ns/cyc
  0 constraint hits
                                                                                
  222 cycles  |  61 cyc/s  |  16164036 ns/cyc
  0 constraint hits
                                                                                
  222 cycles  |  61 cyc/s  |  16164036 ns/cyc
  0 constraint hits
                                                                                
  222 cycles  |  61 cyc/s  |  16164036 ns/cyc
  0 constraint hits
                                                                                
  222 cycles  |  61 cyc/s  |  16164036 ns/cyc
  0 constraint hits
                                                                                
  222 cycles  |  61 cyc/s  |  16164036 ns/cyc
  0 constraint hits
                                                                                
  236 cycles  |  61 cyc/s  |  16283644 ns/cyc
  0 constraint hits
                                                                                
  236 cycles  |  61 cyc/s  |  16283644 ns/cyc
  0 constraint hits
                                                                                
  236 cycles  |  61 cyc/s  |  16283644 ns/cyc
  0 constraint hits
                                                                                
  236 cycles  |  61 cyc/s  |  16283644 ns/cyc
  0 constraint hits
@@TIME_PROC_AVG COUNT:240 AVG_MS:16.316
@@TIME_THROUGHPUT COUNT:240 DURATION_S:3.915989 EVENTS_PER_S:61.287
                                                                                
  236 cycles  |  61 cyc/s  |  16283644 ns/cyc
  0 constraint hits
                                                                                
  240 cycles  |  61 cyc/s  |  16314156 ns/cyc
  240 input events parsed in 0.000s  |  16314156 ns/event avg
  0 constraint hits total
  Breakdown:
   [#0]: 0
   [#1]: 0
   [#2@@MONITOR_END:2026-05-14T10:10:46.284963000Z
]: 0
   [#3]: 0
   [#4]: 0
   [#5]: 0
   [#6]: 0
   [#7]: 0
