[3F[J@@MONITOR_START:2026-05-14T09:55:35.026844000Z
                                                                                
  0 cycles
  0 constraint hits
[3F[J                                                                                
  0 cycles
  0 constraint hits
[3F[J                                                                                
  0 cycles
  0 constraint hits
[3F[J                                                                                
  0 cycles
  0 constraint hits
[3F[J                                                                                
  0 cycles
  0 constraint hits
[3F[J                                                                                
  0 cycles
  0 constraint hits
[3F[J                                                                                
  0 cycles
  0 constraint hits
[3F[J                                                                                
  0 cycles
  0 constraint hits
[3F[J                                                                                
  0 cycles
  0 constraint hits
[3F[J                                                                                
  0 cycles
  0 constraint hits
[3F[J                                                                                
  0 cycles
  0 constraint hits
[3F[J                                                                                
  0 cycles
  0 constraint hits
[3F[J                                                                                
  0 cycles
  0 constraint hits
[3F[J                                                                                
  0 cycles
  0 constraint hits
[3F[J                                                                                
  0 cycles
  0 constraint hits
[3F[J                                                                                
  0 cycles
  0 constraint hits
[3F[J                                                                                
  0 cycles
  0 constraint hits
[3F[J                                                                                
  0 cycles
  0 constraint hits
[3F[J                                                                                
  0 cycles
  0 constraint hits
[3F[J                                                                                
  0 cycles
  0 constraint hits
[3F[J                                                                                
  0 cycles
  0 constraint hits
[3F[J                                                                                
  0 cycles
  0 constraint hits
[3F[J                                                                                
  0 cycles
  0 constraint hits
[3F[J                                                                                
  0 cycles
  0 constraint hits
[3F[J                                                                                
  0 cycles
  0 constraint hits
[3F[J                                                                                
  0 cycles
  0 constraint hits
[3F[J                                                                                
  0 cycles
  0 constraint hits
[3F[J                                                                                
  0 cycles
  0 constraint hits
[3F[J                                                                                
  0 cycles
  0 constraint hits
[3F[J                                                                                
  0 cycles
  0 constraint hits
[3F[J                                                                                
  0 cycles
  0 constraint hits
[3F[J                                                                                
  0 cycles
  0 constraint hits
[3F[J                                                                                
  0 cycles
  0 constraint hits
[3F[J                                                                                
  0 cycles
  0 constraint hits
[3F[J                                                                                
  0 cycles
  0 constraint hits
[3F[J                                                                                
  0 cycles
  0 constraint hits
[3F[J                                                                                
  0 cycles
  0 constraint hits
[3F[J                                                                                
  0 cycles
  0 constraint hits
[3F[J                                                                                
  0 cycles
  0 constraint hits
[3F[J                                                                                
  0 cycles
  0 constraint hits
[3F[J                                                                                
  41 cycles  |  163 cyc/s  |  6133857 ns/cyc
  0 constraint hits
[3F[J                                                                                
  41 cycles  |  163 cyc/s  |  6133857 ns/cyc
  0 constraint hits
[3F[J                                                                                
  41 cycles  |  163 cyc/s  |  6133857 ns/cyc
  0 constraint hits
[3F[J                                                                                
  41 cycles  |  163 cyc/s  |  6133857 ns/cyc
  0 constraint hits
[3F[J                                                                                
  41 cycles  |  163 cyc/s  |  6133857 ns/cyc
  0 constraint hits
[3F[J                                                                                
  41 cycles  |  163 cyc/s  |  6133857 ns/cyc
  0 constraint hits
[3F[J                                                                                
  41 cycles  |  163 cyc/s  |  6133857 ns/cyc
  0 constraint hits
[3F[J                                                                                
  41 cycles  |  163 cyc/s  |  6133857 ns/cyc
  0 constraint hits
[3F[J                                                                                
  41 cycles  |  163 cyc/s  |  6133857 ns/cyc
  0 constraint hits
[3F[J                                                                                
  41 cycles  |  163 cyc/s  |  6133857 ns/cyc
  0 constraint hits
[3F[J                                                                                
  41 cycles  |  163 cyc/s  |  6133857 ns/cyc
  0 constraint hits
[3F[J                                                                                
  41 cycles  |  163 cyc/s  |  6133857 ns/cyc
  0 constraint hits
[3F[J                                                                                
  41 cycles  |  163 cyc/s  |  6133857 ns/cyc
  0 constraint hits
[3F[J                                                                                
  41 cycles  |  163 cyc/s  |  6133857 ns/cyc
  0 constraint hits
[3F[J                                                                                
  41 cycles  |  163 cyc/s  |  6133857 ns/cyc
  0 constraint hits
[3F[J                                                                                
  41 cycles  |  163 cyc/s  |  6133857 ns/cyc
  0 constraint hits
[3F[J                                                                                
  41 cycles  |  163 cyc/s  |  6133857 ns/cyc
  0 constraint hits
[3F[J                                                                                
  41 cycles  |  163 cyc/s  |  6133857 ns/cyc
  0 constraint hits
[3F[J                                                                                
  41 cycles  |  163 cyc/s  |  6133857 ns/cyc
  0 constraint hits
[3F[J                                                                                
  41 cycles  |  163 cyc/s  |  6133857 ns/cyc
  0 constraint hits
[3F[J                                                                                
  41 cycles  |  163 cyc/s  |  6133857 ns/cyc
  0 constraint hits
[3F[J                                                                                
  41 cycles  |  163 cyc/s  |  6133857 ns/cyc
  0 constraint hits
[3F[J                                                                                
  41 cycles  |  163 cyc/s  |  6133857 ns/cyc
  0 constraint hits
[3F[J                                                                                
  41 cycles  |  163 cyc/s  |  6133857 ns/cyc
  0 constraint hits
[3F[J                                                                                
  41 cycles  |  163 cyc/s  |  6133857 ns/cyc
  0 constraint hits
[3F[J                                                                                
  41 cycles  |  163 cyc/s  |  6133857 ns/cyc
  0 constraint hits
[3F[J                                                                                
  67 cycles  |  132 cyc/s  |  7561426 ns/cyc
  0 constraint hits
[3F[J                                                                                
  67 cycles  |  132 cyc/s  |  7561426 ns/cyc
  0 constraint hits
[3F[J                                                                                
  67 cycles  |  132 cyc/s  |  7561426 ns/cyc
  0 constraint hits
[3F[J                                                                                
  67 cycles  |  132 cyc/s  |  7561426 ns/cyc
  0 constraint hits
[3F[J                                                                                
  67 cycles  |  132 cyc/s  |  7561426 ns/cyc
  0 constraint hits
[3F[J                                                                                
  67 cycles  |  132 cyc/s  |  7561426 ns/cyc
  0 constraint hits
[3F[J                                                                                
  67 cycles  |  132 cyc/s  |  7561426 ns/cyc
  0 constraint hits
[3F[J                                                                                
  67 cycles  |  132 cyc/s  |  7561426 ns/cyc
  0 constraint hits
[3F[J                                                                                
  67 cycles  |  132 cyc/s  |  7561426 ns/cyc
  0 constraint hits
[3F[J                                                                                
  67 cycles  |  132 cyc/s  |  7561426 ns/cyc
  0 constraint hits
[3F[J                                                                                
  67 cycles  |  132 cyc/s  |  7561426 ns/cyc
  0 constraint hits
[3F[J                                                                                
  67 cycles  |  132 cyc/s  |  7561426 ns/cyc
  0 constraint hits
[3F[J                                                                                
  67 cycles  |  132 cyc/s  |  7561426 ns/cyc
  0 constraint hits
[3F[J                                                                                
  67 cycles  |  132 cyc/s  |  7561426 ns/cyc
  0 constraint hits
[3F[J                                                                                
  67 cycles  |  132 cyc/s  |  7561426 ns/cyc
  0 constraint hits
[3F[J                                                                                
  67 cycles  |  132 cyc/s  |  7561426 ns/cyc
  0 constraint hits
[3F[J                                                                                
  67 cycles  |  132 cyc/s  |  7561426 ns/cyc
  0 constraint hits
[3F[J                                                                                
  67 cycles  |  132 cyc/s  |  7561426 ns/cyc
  0 constraint hits
[3F[J                                                                                
  67 cycles  |  132 cyc/s  |  7561426 ns/cyc
  0 constraint hits
[3F[J                                                                                
  67 cycles  |  132 cyc/s  |  7561426 ns/cyc
  0 constraint hits
[3F[J                                                                                
  67 cycles  |  132 cyc/s  |  7561426 ns/cyc
  0 constraint hits
[3F[J                                                                                
  67 cycles  |  132 cyc/s  |  7561426 ns/cyc
  0 constraint hits
[3F[J                                                                                
  67 cycles  |  132 cyc/s  |  7561426 ns/cyc
  0 constraint hits
[3F[J                                                                                
  67 cycles  |  132 cyc/s  |  7561426 ns/cyc
  0 constraint hits
[3F[J                                                                                
  67 cycles  |  132 cyc/s  |  7561426 ns/cyc
  0 constraint hits
[3F[J                                                                                
  67 cycles  |  132 cyc/s  |  7561426 ns/cyc
  0 constraint hits
[3F[J                                                                                
  93 cycles  |  122 cyc/s  |  8163203 ns/cyc
  0 constraint hits
[3F[J                                                                                
  93 cycles  |  122 cyc/s  |  8163203 ns/cyc
  0 constraint hits
[3F[J                                                                                
  93 cycles  |  122 cyc/s  |  8163203 ns/cyc
  0 constraint hits
[3F[J                                                                                
  93 cycles  |  122 cyc/s  |  8163203 ns/cyc
  0 constraint hits
[3F[J                                                                                
  93 cycles  |  122 cyc/s  |  8163203 ns/cyc
  0 constraint hits
[3F[J                                                                                
  93 cycles  |  122 cyc/s  |  8163203 ns/cyc
  0 constraint hits
[3F[J                                                                                
  93 cycles  |  122 cyc/s  |  8163203 ns/cyc
  0 constraint hits
[3F[J                                                                                
  93 cycles  |  122 cyc/s  |  8163203 ns/cyc
  0 constraint hits
[3F[J                                                                                
  93 cycles  |  122 cyc/s  |  8163203 ns/cyc
  0 constraint hits
[3F[J                                                                                
  93 cycles  |  122 cyc/s  |  8163203 ns/cyc
  0 constraint hits
[3F[J                                                                                
  93 cycles  |  122 cyc/s  |  8163203 ns/cyc
  0 constraint hits
[3F[J                                                                                
  93 cycles  |  122 cyc/s  |  8163203 ns/cyc
  0 constraint hits
[3F[J                                                                                
  93 cycles  |  122 cyc/s  |  8163203 ns/cyc
  0 constraint hits
[3F[J                                                                                
  93 cycles  |  122 cyc/s  |  8163203 ns/cyc
  0 constraint hits
[3F[J                                                                                
  93 cycles  |  122 cyc/s  |  8163203 ns/cyc
  0 constraint hits
[3F[J                                                                                
  93 cycles  |  122 cyc/s  |  8163203 ns/cyc
  0 constraint hits
[3F[J                                                                                
  93 cycles  |  122 cyc/s  |  8163203 ns/cyc
  0 constraint hits
[3F[J                                                                                
  93 cycles  |  122 cyc/s  |  8163203 ns/cyc
  0 constraint hits
[3F[J                                                                                
  93 cycles  |  122 cyc/s  |  8163203 ns/cyc
  0 constraint hits
[3F[J                                                                                
  93 cycles  |  122 cyc/s  |  8163203 ns/cyc
  0 constraint hits
[3F[J                                                                                
  93 cycles  |  122 cyc/s  |  8163203 ns/cyc
  0 constraint hits
[3F[J                                                                                
  93 cycles  |  122 cyc/s  |  8163203 ns/cyc
  0 constraint hits
[3F[J                                                                                
  93 cycles  |  122 cyc/s  |  8163203 ns/cyc
  0 constraint hits
[3F[J                                                                                
  93 cycles  |  122 cyc/s  |  8163203 ns/cyc
  0 constraint hits
[3F[J                                                                                
  93 cycles  |  122 cyc/s  |  8163203 ns/cyc
  0 constraint hits
[3F[J                                                                                
  93 cycles  |  122 cyc/s  |  8163203 ns/cyc
  0 constraint hits
[3F[J                                                                                
  119 cycles  |  117 cyc/s  |  8525065 ns/cyc
  0 constraint hits
[3F[J                                                                                
  119 cycles  |  117 cyc/s  |  8525065 ns/cyc
  0 constraint hits
[3F[J                                                                                
  119 cycles  |  117 cyc/s  |  8525065 ns/cyc
  0 constraint hits
[3F[J                                                                                
  119 cycles  |  117 cyc/s  |  8525065 ns/cyc
  0 constraint hits
[3F[J                                                                                
  119 cycles  |  117 cyc/s  |  8525065 ns/cyc
  0 constraint hits
[3F[J                                                                                
  119 cycles  |  117 cyc/s  |  8525065 ns/cyc
  0 constraint hits
[3F[J                                                                                
  119 cycles  |  117 cyc/s  |  8525065 ns/cyc
  0 constraint hits
[3F[J                                                                                
  119 cycles  |  117 cyc/s  |  8525065 ns/cyc
  0 constraint hits
[3F[J                                                                                
  119 cycles  |  117 cyc/s  |  8525065 ns/cyc
  0 constraint hits
[3F[J                                                                                
  119 cycles  |  117 cyc/s  |  8525065 ns/cyc
  0 constraint hits
[3F[J                                                                                
  119 cycles  |  117 cyc/s  |  8525065 ns/cyc
  0 constraint hits
[3F[J                                                                                
  119 cycles  |  117 cyc/s  |  8525065 ns/cyc
  0 constraint hits
[3F[J                                                                                
  119 cycles  |  117 cyc/s  |  8525065 ns/cyc
  0 constraint hits
[3F[J                                                                                
  119 cycles  |  117 cyc/s  |  8525065 ns/cyc
  0 constraint hits
[3F[J                                                                                
  119 cycles  |  117 cyc/s  |  8525065 ns/cyc
  0 constraint hits
[3F[J                                                                                
  119 cycles  |  117 cyc/s  |  8525065 ns/cyc
  0 constraint hits
[3F[J                                                                                
  119 cycles  |  117 cyc/s  |  8525065 ns/cyc
  0 constraint hits
[3F[J                                                                                
  119 cycles  |  117 cyc/s  |  8525065 ns/cyc
  0 constraint hits
[3F[J                                                                                
  119 cycles  |  117 cyc/s  |  8525065 ns/cyc
  0 constraint hits
[3F[J                                                                                
  119 cycles  |  117 cyc/s  |  8525065 ns/cyc
  0 constraint hits
[3F[J                                                                                
  119 cycles  |  117 cyc/s  |  8525065 ns/cyc
  0 constraint hits
[3F[J                                                                                
  119 cycles  |  117 cyc/s  |  8525065 ns/cyc
  0 constraint hits
[3F[J                                                                                
  119 cycles  |  117 cyc/s  |  8525065 ns/cyc
  0 constraint hits
[3F[J                                                                                
  119 cycles  |  117 cyc/s  |  8525065 ns/cyc
  0 constraint hits
[3F[J                                                                                
  119 cycles  |  117 cyc/s  |  8525065 ns/cyc
  0 constraint hits
[3F[J                                                                                
  119 cycles  |  117 cyc/s  |  8525065 ns/cyc
  0 constraint hits
[3F[J                                                                                
  145 cycles  |  114 cyc/s  |  8764483 ns/cyc
  0 constraint hits
[3F[J                                                                                
  145 cycles  |  114 cyc/s  |  8764483 ns/cyc
  0 constraint hits
[3F[J                                                                                
  145 cycles  |  114 cyc/s  |  8764483 ns/cyc
  0 constraint hits
[3F[J                                                                                
  145 cycles  |  114 cyc/s  |  8764483 ns/cyc
  0 constraint hits
[3F[J                                                                                
  145 cycles  |  114 cyc/s  |  8764483 ns/cyc
  0 constraint hits
[3F[J                                                                                
  145 cycles  |  114 cyc/s  |  8764483 ns/cyc
  0 constraint hits
[3F[J                                                                                
  145 cycles  |  114 cyc/s  |  8764483 ns/cyc
  0 constraint hits
[3F[J                                                                                
  145 cycles  |  114 cyc/s  |  8764483 ns/cyc
  0 constraint hits
[3F[J                                                                                
  145 cycles  |  114 cyc/s  |  8764483 ns/cyc
  0 constraint hits
[3F[J                                                                                
  145 cycles  |  114 cyc/s  |  8764483 ns/cyc
  0 constraint hits
[3F[J                                                                                
  145 cycles  |  114 cyc/s  |  8764483 ns/cyc
  0 constraint hits
[3F[J                                                                                
  145 cycles  |  114 cyc/s  |  8764483 ns/cyc
  0 constraint hits
[3F[J                                                                                
  145 cycles  |  114 cyc/s  |  8764483 ns/cyc
  0 constraint hits
[3F[J                                                                                
  145 cycles  |  114 cyc/s  |  8764483 ns/cyc
  0 constraint hits
[3F[J                                                                                
  145 cycles  |  114 cyc/s  |  8764483 ns/cyc
  0 constraint hits
[3F[J                                                                                
  145 cycles  |  114 cyc/s  |  8764483 ns/cyc
  0 constraint hits
[3F[J                                                                                
  145 cycles  |  114 cyc/s  |  8764483 ns/cyc
  0 constraint hits
[3F[J                                                                                
  145 cycles  |  114 cyc/s  |  8764483 ns/cyc
  0 constraint hits
[3F[J                                                                                
  145 cycles  |  114 cyc/s  |  8764483 ns/cyc
  0 constraint hits
[3F[J                                                                                
  145 cycles  |  114 cyc/s  |  8764483 ns/cyc
  0 constraint hits
[3F[J                                                                                
  145 cycles  |  114 cyc/s  |  8764483 ns/cyc
  0 constraint hits
[3F[J                                                                                
  145 cycles  |  114 cyc/s  |  8764483 ns/cyc
  0 constraint hits
[3F[J                                                                                
  145 cycles  |  114 cyc/s  |  8764483 ns/cyc
  0 constraint hits
[3F[J                                                                                
  145 cycles  |  114 cyc/s  |  8764483 ns/cyc
  0 constraint hits
[3F[J                                                                                
  145 cycles  |  114 cyc/s  |  8764483 ns/cyc
  0 constraint hits
[3F[J                                                                                
  145 cycles  |  114 cyc/s  |  8764483 ns/cyc
  0 constraint hits
[3F[J                                                                                
  171 cycles  |  112 cyc/s  |  8928557 ns/cyc
  0 constraint hits
[3F[J                                                                                
  171 cycles  |  112 cyc/s  |  8928557 ns/cyc
  0 constraint hits
[3F[J                                                                                
  171 cycles  |  112 cyc/s  |  8928557 ns/cyc
  0 constraint hits
[3F[J                                                                                
  171 cycles  |  112 cyc/s  |  8928557 ns/cyc
  0 constraint hits
[3F[J                                                                                
  171 cycles  |  112 cyc/s  |  8928557 ns/cyc
  0 constraint hits
[3F[J                                                                                
  171 cycles  |  112 cyc/s  |  8928557 ns/cyc
  0 constraint hits
[3F[J                                                                                
  171 cycles  |  112 cyc/s  |  8928557 ns/cyc
  0 constraint hits
[3F[J                                                                                
  171 cycles  |  112 cyc/s  |  8928557 ns/cyc
  0 constraint hits
[3F[J                                                                                
  171 cycles  |  112 cyc/s  |  8928557 ns/cyc
  0 constraint hits
[3F[J                                                                                
  171 cycles  |  112 cyc/s  |  8928557 ns/cyc
  0 constraint hits
[3F[J                                                                                
  171 cycles  |  112 cyc/s  |  8928557 ns/cyc
  0 constraint hits
[3F[J                                                                                
  171 cycles  |  112 cyc/s  |  8928557 ns/cyc
  0 constraint hits
[3F[J                                                                                
  171 cycles  |  112 cyc/s  |  8928557 ns/cyc
  0 constraint hits
[3F[J                                                                                
  171 cycles  |  112 cyc/s  |  8928557 ns/cyc
  0 constraint hits
[3F[J                                                                                
  171 cycles  |  112 cyc/s  |  8928557 ns/cyc
  0 constraint hits
[3F[J                                                                                
  171 cycles  |  112 cyc/s  |  8928557 ns/cyc
  0 constraint hits
[3F[J                                                                                
  171 cycles  |  112 cyc/s  |  8928557 ns/cyc
  0 constraint hits
[3F[J                                                                                
  171 cycles  |  112 cyc/s  |  8928557 ns/cyc
  0 constraint hits
[3F[J                                                                                
  171 cycles  |  112 cyc/s  |  8928557 ns/cyc
  0 constraint hits
[3F[J                                                                                
  171 cycles  |  112 cyc/s  |  8928557 ns/cyc
  0 constraint hits
[3F[J                                                                                
  171 cycles  |  112 cyc/s  |  8928557 ns/cyc
  0 constraint hits
[3F[J                                                                                
  171 cycles  |  112 cyc/s  |  8928557 ns/cyc
  0 constraint hits
[3F[J                                                                                
  171 cycles  |  112 cyc/s  |  8928557 ns/cyc
  0 constraint hits
[3F[J                                                                                
  171 cycles  |  112 cyc/s  |  8928557 ns/cyc
  0 constraint hits
[3F[J                                                                                
  171 cycles  |  112 cyc/s  |  8928557 ns/cyc
  0 constraint hits
[3F[J                                                                                
  171 cycles  |  112 cyc/s  |  8928557 ns/cyc
  0 constraint hits
[3F[J                                                                                
  197 cycles  |  110 cyc/s  |  9044800 ns/cyc
  0 constraint hits
[3F[J                                                                                
  197 cycles  |  110 cyc/s  |  9044800 ns/cyc
  0 constraint hits
[3F[J                                                                                
  197 cycles  |  110 cyc/s  |  9044800 ns/cyc
  0 constraint hits
[3F[J                                                                                
  197 cycles  |  110 cyc/s  |  9044800 ns/cyc
  0 constraint hits
[3F[J                                                                                
  197 cycles  |  110 cyc/s  |  9044800 ns/cyc
  0 constraint hits
[3F[J                                                                                
  197 cycles  |  110 cyc/s  |  9044800 ns/cyc
  0 constraint hits
[3F[J                                                                                
  197 cycles  |  110 cyc/s  |  9044800 ns/cyc
  0 constraint hits
[3F[J                                                                                
  197 cycles  |  110 cyc/s  |  9044800 ns/cyc
  0 constraint hits
[3F[J                                                                                
  197 cycles  |  110 cyc/s  |  9044800 ns/cyc
  0 constraint hits
[3F[J                                                                                
  197 cycles  |  110 cyc/s  |  9044800 ns/cyc
  0 constraint hits
[3F[J                                                                                
  197 cycles  |  110 cyc/s  |  9044800 ns/cyc
  0 constraint hits
[3F[J                                                                                
  197 cycles  |  110 cyc/s  |  9044800 ns/cyc
  0 constraint hits
[3F[J                                                                                
  197 cycles  |  110 cyc/s  |  9044800 ns/cyc
  0 constraint hits
[3F[J                                                                                
  197 cycles  |  110 cyc/s  |  9044800 ns/cyc
  0 constraint hits
[3F[J                                                                                
  197 cycles  |  110 cyc/s  |  9044800 ns/cyc
  0 constraint hits
[3F[J                                                                                
  197 cycles  |  110 cyc/s  |  9044800 ns/cyc
  0 constraint hits
[3F[J                                                                                
  197 cycles  |  110 cyc/s  |  9044800 ns/cyc
  0 constraint hits
[3F[J                                                                                
  197 cycles  |  110 cyc/s  |  9044800 ns/cyc
  0 constraint hits
[3F[J                                                                                
  197 cycles  |  110 cyc/s  |  9044800 ns/cyc
  0 constraint hits
[3F[J                                                                                
  197 cycles  |  110 cyc/s  |  9044800 ns/cyc
  0 constraint hits
[3F[J                                                                                
  197 cycles  |  110 cyc/s  |  9044800 ns/cyc
  0 constraint hits
[3F[J                                                                                
  197 cycles  |  110 cyc/s  |  9044800 ns/cyc
  0 constraint hits
[3F[J                                                                                
  197 cycles  |  110 cyc/s  |  9044800 ns/cyc
  0 constraint hits
[3F[J                                                                                
  197 cycles  |  110 cyc/s  |  9044800 ns/cyc
  0 constraint hits
[3F[J                                                                                
  197 cycles  |  110 cyc/s  |  9044800 ns/cyc
  0 constraint hits
[3F[J                                                                                
  197 cycles  |  110 cyc/s  |  9044800 ns/cyc
  0 constraint hits
[3F[J                                                                                
  223 cycles  |  109 cyc/s  |  9141547 ns/cyc
  0 constraint hits
[3F[J                                                                                
  223 cycles  |  109 cyc/s  |  9141547 ns/cyc
  0 constraint hits
[3F[J                                                                                
  223 cycles  |  109 cyc/s  |  9141547 ns/cyc
  0 constraint hits
[3F[J                                                                                
  223 cycles  |  109 cyc/s  |  9141547 ns/cyc
  0 constraint hits
[3F[J                                                                                
  223 cycles  |  109 cyc/s  |  9141547 ns/cyc
  0 constraint hits
[3F[J                                                                                
  223 cycles  |  109 cyc/s  |  9141547 ns/cyc
  0 constraint hits
[3F[J                                                                                
  223 cycles  |  109 cyc/s  |  9141547 ns/cyc
  0 constraint hits
[3F[J                                                                                
  223 cycles  |  109 cyc/s  |  9141547 ns/cyc
  0 constraint hits
[3F[J                                                                                
  223 cycles  |  109 cyc/s  |  9141547 ns/cyc
  0 constraint hits
[3F[J                                                                                
  223 cycles  |  109 cyc/s  |  9141547 ns/cyc
  0 constraint hits
[3F[J                                                                                
  223 cycles  |  109 cyc/s  |  9141547 ns/cyc
  0 constraint hits
[3F[J                                                                                
  223 cycles  |  109 cyc/s  |  9141547 ns/cyc
  0 constraint hits
[3F[J                                                                                
  223 cycles  |  109 cyc/s  |  9141547 ns/cyc
  0 constraint hits
[3F[J                                                                                
  223 cycles  |  109 cyc/s  |  9141547 ns/cyc
  0 constraint hits
[3F[J                                                                                
  223 cycles  |  109 cyc/s  |  9141547 ns/cyc
  0 constraint hits
[3F[J                                                                                
  223 cycles  |  109 cyc/s  |  9141547 ns/cyc
  0 constraint hits
[3F[J                                                                                
  223 cycles  |  109 cyc/s  |  9141547 ns/cyc
  0 constraint hits
[3F[J                                                                                
  223 cycles  |  109 cyc/s  |  9141547 ns/cyc
  0 constraint hits
[3F[J                                                                                
  223 cycles  |  109 cyc/s  |  9141547 ns/cyc
  0 constraint hits
[3F[J                                                                                
  223 cycles  |  109 cyc/s  |  9141547 ns/cyc
  0 constraint hits
[3F[J                                                                                
  223 cycles  |  109 cyc/s  |  9141547 ns/cyc
  0 constraint hits
[3F[J                                                                                
  223 cycles  |  109 cyc/s  |  9141547 ns/cyc
  0 constraint hits
[3F[J                                                                                
  223 cycles  |  109 cyc/s  |  9141547 ns/cyc
  0 constraint hits
[3F[J                                                                                
  223 cycles  |  109 cyc/s  |  9141547 ns/cyc
  0 constraint hits
[3F[J                                                                                
  223 cycles  |  109 cyc/s  |  9141547 ns/cyc
  0 constraint hits
[3F[J                                                                                
  223 cycles  |  109 cyc/s  |  9141547 ns/cyc
  0 constraint hits
[3F[J                                                                                
  249 cycles  |  108 cyc/s  |  9218031 ns/cyc
  0 constraint hits
[3F[J                                                                                
  249 cycles  |  108 cyc/s  |  9218031 ns/cyc
  0 constraint hits
[3F[J                                                                                
  249 cycles  |  108 cyc/s  |  9218031 ns/cyc
  0 constraint hits
[3F[J                                                                                
  249 cycles  |  108 cyc/s  |  9218031 ns/cyc
  0 constraint hits
[3F[J                                                                                
  249 cycles  |  108 cyc/s  |  9218031 ns/cyc
  0 constraint hits
[3F[J                                                                                
  249 cycles  |  108 cyc/s  |  9218031 ns/cyc
  0 constraint hits
[3F[J                                                                                
  249 cycles  |  108 cyc/s  |  9218031 ns/cyc
  0 constraint hits
[3F[J                                                                                
  249 cycles  |  108 cyc/s  |  9218031 ns/cyc
  0 constraint hits
[3F[J                                                                                
  249 cycles  |  108 cyc/s  |  9218031 ns/cyc
  0 constraint hits
[3F[J                                                                                
  249 cycles  |  108 cyc/s  |  9218031 ns/cyc
  0 constraint hits
[3F[J                                                                                
  249 cycles  |  108 cyc/s  |  9218031 ns/cyc
  0 constraint hits
[3F[J                                                                                
  249 cycles  |  108 cyc/s  |  9218031 ns/cyc
  0 constraint hits
[3F[J                                                                                
  249 cycles  |  108 cyc/s  |  9218031 ns/cyc
  0 constraint hits
[3F[J                                                                                
  249 cycles  |  108 cyc/s  |  9218031 ns/cyc
  0 constraint hits
[3F[J                                                                                
  249 cycles  |  108 cyc/s  |  9218031 ns/cyc
  0 constraint hits
[3F[J                                                                                
  249 cycles  |  108 cyc/s  |  9218031 ns/cyc
  0 constraint hits
[3F[J                                                                                
  249 cycles  |  108 cyc/s  |  9218031 ns/cyc
  0 constraint hits
[3F[J                                                                                
  249 cycles  |  108 cyc/s  |  9218031 ns/cyc
  0 constraint hits
[3F[J                                                                                
  249 cycles  |  108 cyc/s  |  9218031 ns/cyc
  0 constraint hits
[3F[J                                                                                
  249 cycles  |  108 cyc/s  |  9218031 ns/cyc
  0 constraint hits
[3F[J                                                                                
  249 cycles  |  108 cyc/s  |  9218031 ns/cyc
  0 constraint hits
[3F[J                                                                                
  249 cycles  |  108 cyc/s  |  9218031 ns/cyc
  0 constraint hits
[3F[J                                                                                
  249 cycles  |  108 cyc/s  |  9218031 ns/cyc
  0 constraint hits
[3F[J                                                                                
  249 cycles  |  108 cyc/s  |  9218031 ns/cyc
  0 constraint hits
[3F[J                                                                                
  249 cycles  |  108 cyc/s  |  9218031 ns/cyc
  0 constraint hits
[3F[J                                                                                
  249 cycles  |  108 cyc/s  |  9218031 ns/cyc
  0 constraint hits
[3F[J                                                                                
  275 cycles  |  107 cyc/s  |  9276972 ns/cyc
  0 constraint hits
[3F[J                                                                                
  275 cycles  |  107 cyc/s  |  9276972 ns/cyc
  0 constraint hits
[3F[J                                                                                
  275 cycles  |  107 cyc/s  |  9276972 ns/cyc
  0 constraint hits
[3F[J                                                                                
  275 cycles  |  107 cyc/s  |  9276972 ns/cyc
  0 constraint hits
[3F[J                                                                                
  275 cycles  |  107 cyc/s  |  9276972 ns/cyc
  0 constraint hits
[3F[J                                                                                
  275 cycles  |  107 cyc/s  |  9276972 ns/cyc
  0 constraint hits
[3F[J                                                                                
  275 cycles  |  107 cyc/s  |  9276972 ns/cyc
  0 constraint hits
[3F[J                                                                                
  275 cycles  |  107 cyc/s  |  9276972 ns/cyc
  0 constraint hits
[3F[J                                                                                
  275 cycles  |  107 cyc/s  |  9276972 ns/cyc
  0 constraint hits
[3F[J                                                                                
  275 cycles  |  107 cyc/s  |  9276972 ns/cyc
  0 constraint hits
[3F[J                                                                                
  275 cycles  |  107 cyc/s  |  9276972 ns/cyc
  0 constraint hits
[3F[J                                                                                
  275 cycles  |  107 cyc/s  |  9276972 ns/cyc
  0 constraint hits
[3F[J                                                                                
  275 cycles  |  107 cyc/s  |  9276972 ns/cyc
  0 constraint hits
[3F[J                                                                                
  275 cycles  |  107 cyc/s  |  9276972 ns/cyc
  0 constraint hits
[3F[J                                                                                
  275 cycles  |  107 cyc/s  |  9276972 ns/cyc
  0 constraint hits
[3F[J                                                                                
  275 cycles  |  107 cyc/s  |  9276972 ns/cyc
  0 constraint hits
[3F[J                                                                                
  275 cycles  |  107 cyc/s  |  9276972 ns/cyc
  0 constraint hits
[3F[J                                                                                
  275 cycles  |  107 cyc/s  |  9276972 ns/cyc
  0 constraint hits
[3F[J                                                                                
  275 cycles  |  107 cyc/s  |  9276972 ns/cyc
  0 constraint hits
[3F[J                                                                                
  275 cycles  |  107 cyc/s  |  9276972 ns/cyc
  0 constraint hits
[3F[J                                                                                
  275 cycles  |  107 cyc/s  |  9276972 ns/cyc
  0 constraint hits
[3F[J                                                                                
  275 cycles  |  107 cyc/s  |  9276972 ns/cyc
  0 constraint hits
[3F[J                                                                                
  275 cycles  |  107 cyc/s  |  9276972 ns/cyc
  0 constraint hits
[3F[J                                                                                
  275 cycles  |  107 cyc/s  |  9276972 ns/cyc
  0 constraint hits
[3F[J                                                                                
  275 cycles  |  107 cyc/s  |  9276972 ns/cyc
  0 constraint hits
[3F[J                                                                                
  275 cycles  |  107 cyc/s  |  9276972 ns/cyc
  0 constraint hits
[3F[J                                                                                
  301 cycles  |  107 cyc/s  |  9326373 ns/cyc
  0 constraint hits
[3F[J                                                                                
  301 cycles  |  107 cyc/s  |  9326373 ns/cyc
  0 constraint hits
[3F[J                                                                                
  301 cycles  |  107 cyc/s  |  9326373 ns/cyc
  0 constraint hits
[3F[J                                                                                
  301 cycles  |  107 cyc/s  |  9326373 ns/cyc
  0 constraint hits
[3F[J                                                                                
  301 cycles  |  107 cyc/s  |  9326373 ns/cyc
  0 constraint hits
[3F[J                                                                                
  301 cycles  |  107 cyc/s  |  9326373 ns/cyc
  0 constraint hits
[3F[J                                                                                
  301 cycles  |  107 cyc/s  |  9326373 ns/cyc
  0 constraint hits
[3F[J                                                                                
  301 cycles  |  107 cyc/s  |  9326373 ns/cyc
  0 constraint hits
[3F[J                                                                                
  301 cycles  |  107 cyc/s  |  9326373 ns/cyc
  0 constraint hits
[3F[J                                                                                
  301 cycles  |  107 cyc/s  |  9326373 ns/cyc
  0 constraint hits
[3F[J                                                                                
  301 cycles  |  107 cyc/s  |  9326373 ns/cyc
  0 constraint hits
[3F[J                                                                                
  301 cycles  |  107 cyc/s  |  9326373 ns/cyc
  0 constraint hits
[3F[J                                                                                
  301 cycles  |  107 cyc/s  |  9326373 ns/cyc
  0 constraint hits
[3F[J                                                                                
  301 cycles  |  107 cyc/s  |  9326373 ns/cyc
  0 constraint hits
[3F[J                                                                                
  301 cycles  |  107 cyc/s  |  9326373 ns/cyc
  0 constraint hits
[3F[J                                                                                
  301 cycles  |  107 cyc/s  |  9326373 ns/cyc
  0 constraint hits
[3F[J                                                                                
  301 cycles  |  107 cyc/s  |  9326373 ns/cyc
  0 constraint hits
[3F[J                                                                                
  301 cycles  |  107 cyc/s  |  9326373 ns/cyc
  0 constraint hits
[3F[J                                                                                
  301 cycles  |  107 cyc/s  |  9326373 ns/cyc
  0 constraint hits
[3F[J                                                                                
  301 cycles  |  107 cyc/s  |  9326373 ns/cyc
  0 constraint hits
[3F[J                                                                                
  301 cycles  |  107 cyc/s  |  9326373 ns/cyc
  0 constraint hits
[3F[J                                                                                
  301 cycles  |  107 cyc/s  |  9326373 ns/cyc
  0 constraint hits
[3F[J                                                                                
  301 cycles  |  107 cyc/s  |  9326373 ns/cyc
  0 constraint hits
[3F[J                                                                                
  301 cycles  |  107 cyc/s  |  9326373 ns/cyc
  0 constraint hits
[3F[J                                                                                
  301 cycles  |  107 cyc/s  |  9326373 ns/cyc
  0 constraint hits
[3F[J                                                                                
  326 cycles  |  106 cyc/s  |  9395131 ns/cyc
  0 constraint hits
[3F[J                                                                                
  326 cycles  |  106 cyc/s  |  9395131 ns/cyc
  0 constraint hits
[3F[J                                                                                
  326 cycles  |  106 cyc/s  |  9395131 ns/cyc
  0 constraint hits
[3F[J                                                                                
  326 cycles  |  106 cyc/s  |  9395131 ns/cyc
  0 constraint hits
[3F[J                                                                                
  326 cycles  |  106 cyc/s  |  9395131 ns/cyc
  0 constraint hits
[3F[J                                                                                
  326 cycles  |  106 cyc/s  |  9395131 ns/cyc
  0 constraint hits
[3F[J                                                                                
  326 cycles  |  106 cyc/s  |  9395131 ns/cyc
  0 constraint hits
[3F[J                                                                                
  326 cycles  |  106 cyc/s  |  9395131 ns/cyc
  0 constraint hits
[3F[J                                                                                
  326 cycles  |  106 cyc/s  |  9395131 ns/cyc
  0 constraint hits
[3F[J                                                                                
  326 cycles  |  106 cyc/s  |  9395131 ns/cyc
  0 constraint hits
[3F[J                                                                                
  326 cycles  |  106 cyc/s  |  9395131 ns/cyc
  0 constraint hits
[3F[J                                                                                
  326 cycles  |  106 cyc/s  |  9395131 ns/cyc
  0 constraint hits
[3F[J                                                                                
  326 cycles  |  106 cyc/s  |  9395131 ns/cyc
  0 constraint hits
[3F[J                                                                                
  326 cycles  |  106 cyc/s  |  9395131 ns/cyc
  0 constraint hits
[3F[J                                                                                
  326 cycles  |  106 cyc/s  |  9395131 ns/cyc
  0 constraint hits
[3F[J                                                                                
  326 cycles  |  106 cyc/s  |  9395131 ns/cyc
  0 constraint hits
[3F[J                                                                                
  326 cycles  |  106 cyc/s  |  9395131 ns/cyc
  0 constraint hits
[3F[J                                                                                
  326 cycles  |  106 cyc/s  |  9395131 ns/cyc
  0 constraint hits
[3F[J                                                                                
  326 cycles  |  106 cyc/s  |  9395131 ns/cyc
  0 constraint hits
[3F[J                                                                                
  326 cycles  |  106 cyc/s  |  9395131 ns/cyc
  0 constraint hits
[3F[J                                                                                
  326 cycles  |  106 cyc/s  |  9395131 ns/cyc
  0 constraint hits
[3F[J                                                                                
  326 cycles  |  106 cyc/s  |  9395131 ns/cyc
  0 constraint hits
[3F[J                                                                                
  326 cycles  |  106 cyc/s  |  9395131 ns/cyc
  0 constraint hits
[3F[J                                                                                
  326 cycles  |  106 cyc/s  |  9395131 ns/cyc
  0 constraint hits
[3F[J                                                                                
  326 cycles  |  106 cyc/s  |  9395131 ns/cyc
  0 constraint hits
[3F[J                                                                                
  326 cycles  |  106 cyc/s  |  9395131 ns/cyc
  0 constraint hits
[3F[J                                                                                
  352 cycles  |  106 cyc/s  |  9424993 ns/cyc
  0 constraint hits
[3F[J                                                                                
  352 cycles  |  106 cyc/s  |  9424993 ns/cyc
  0 constraint hits
[3F[J                                                                                
  352 cycles  |  106 cyc/s  |  9424993 ns/cyc
  0 constraint hits
[3F[J                                                                                
  352 cycles  |  106 cyc/s  |  9424993 ns/cyc
  0 constraint hits
[3F[J                                                                                
  352 cycles  |  106 cyc/s  |  9424993 ns/cyc
  0 constraint hits
[3F[J                                                                                
  352 cycles  |  106 cyc/s  |  9424993 ns/cyc
  0 constraint hits
[3F[J                                                                                
  352 cycles  |  106 cyc/s  |  9424993 ns/cyc
  0 constraint hits
[3F[J                                                                                
  352 cycles  |  106 cyc/s  |  9424993 ns/cyc
  0 constraint hits
[3F[J                                                                                
  352 cycles  |  106 cyc/s  |  9424993 ns/cyc
  0 constraint hits
[3F[J                                                                                
  352 cycles  |  106 cyc/s  |  9424993 ns/cyc
  0 constraint hits
[3F[J                                                                                
  352 cycles  |  106 cyc/s  |  9424993 ns/cyc
  0 constraint hits
[3F[J                                                                                
  352 cycles  |  106 cyc/s  |  9424993 ns/cyc
  0 constraint hits
[3F[J                                                                                
  352 cycles  |  106 cyc/s  |  9424993 ns/cyc
  0 constraint hits
[3F[J                                                                                
  352 cycles  |  106 cyc/s  |  9424993 ns/cyc
  0 constraint hits
[3F[J                                                                                
  352 cycles  |  106 cyc/s  |  9424993 ns/cyc
  0 constraint hits
[3F[J                                                                                
  352 cycles  |  106 cyc/s  |  9424993 ns/cyc
  0 constraint hits
[3F[J                                                                                
  352 cycles  |  106 cyc/s  |  9424993 ns/cyc
  0 constraint hits
[3F[J                                                                                
  352 cycles  |  106 cyc/s  |  9424993 ns/cyc
  0 constraint hits
[3F[J                                                                                
  352 cycles  |  106 cyc/s  |  9424993 ns/cyc
  0 constraint hits
[3F[J                                                                                
  352 cycles  |  106 cyc/s  |  9424993 ns/cyc
  0 constraint hits
[3F[J                                                                                
  352 cycles  |  106 cyc/s  |  9424993 ns/cyc
  0 constraint hits
[3F[J                                                                                
  352 cycles  |  106 cyc/s  |  9424993 ns/cyc
  0 constraint hits
[3F[J                                                                                
  352 cycles  |  106 cyc/s  |  9424993 ns/cyc
  0 constraint hits
[3F[J                                                                                
  352 cycles  |  106 cyc/s  |  9424993 ns/cyc
  0 constraint hits
[3F[J                                                                                
  352 cycles  |  106 cyc/s  |  9424993 ns/cyc
  0 constraint hits
[3F[J                                                                                
  352 cycles  |  106 cyc/s  |  9424993 ns/cyc
  0 constraint hits
[3F[J                                                                                
  378 cycles  |  105 cyc/s  |  9449349 ns/cyc
  0 constraint hits
[3F[J                                                                                
  378 cycles  |  105 cyc/s  |  9449349 ns/cyc
  0 constraint hits
[3F[J                                                                                
  378 cycles  |  105 cyc/s  |  9449349 ns/cyc
  0 constraint hits
[3F[J                                                                                
  378 cycles  |  105 cyc/s  |  9449349 ns/cyc
  0 constraint hits
[3F[J                                                                                
  378 cycles  |  105 cyc/s  |  9449349 ns/cyc
  0 constraint hits
[3F[J                                                                                
  378 cycles  |  105 cyc/s  |  9449349 ns/cyc
  0 constraint hits
[3F[J                                                                                
  378 cycles  |  105 cyc/s  |  9449349 ns/cyc
  0 constraint hits
[3F[J                                                                                
  378 cycles  |  105 cyc/s  |  9449349 ns/cyc
  0 constraint hits
[3F[J                                                                                
  378 cycles  |  105 cyc/s  |  9449349 ns/cyc
  0 constraint hits
[3F[J                                                                                
  378 cycles  |  105 cyc/s  |  9449349 ns/cyc
  0 constraint hits
[3F[J                                                                                
  378 cycles  |  105 cyc/s  |  9449349 ns/cyc
  0 constraint hits
[3F[J                                                                                
  378 cycles  |  105 cyc/s  |  9449349 ns/cyc
  0 constraint hits
[3F[J                                                                                
  378 cycles  |  105 cyc/s  |  9449349 ns/cyc
  0 constraint hits
[3F[J                                                                                
  378 cycles  |  105 cyc/s  |  9449349 ns/cyc
  0 constraint hits
[3F[J                                                                                
  378 cycles  |  105 cyc/s  |  9449349 ns/cyc
  0 constraint hits
[3F[J                                                                                
  378 cycles  |  105 cyc/s  |  9449349 ns/cyc
  0 constraint hits
[3F[J                                                                                
  378 cycles  |  105 cyc/s  |  9449349 ns/cyc
  0 constraint hits
[3F[J                                                                                
  378 cycles  |  105 cyc/s  |  9449349 ns/cyc
  0 constraint hits
[3F[J                                                                                
  378 cycles  |  105 cyc/s  |  9449349 ns/cyc
  0 constraint hits
[3F[J                                                                                
  378 cycles  |  105 cyc/s  |  9449349 ns/cyc
  0 constraint hits
[3F[J                                                                                
  378 cycles  |  105 cyc/s  |  9449349 ns/cyc
  0 constraint hits
[3F[J                                                                                
  378 cycles  |  105 cyc/s  |  9449349 ns/cyc
  0 constraint hits
[3F[J                                                                                
  378 cycles  |  105 cyc/s  |  9449349 ns/cyc
  0 constraint hits
[3F[J                                                                                
  378 cycles  |  105 cyc/s  |  9449349 ns/cyc
  0 constraint hits
[3F[J                                                                                
  378 cycles  |  105 cyc/s  |  9449349 ns/cyc
  0 constraint hits
[3F[J                                                                                
  378 cycles  |  105 cyc/s  |  9449349 ns/cyc
  0 constraint hits
[3F[J                                                                                
  404 cycles  |  105 cyc/s  |  9477643 ns/cyc
  0 constraint hits
[3F[J                                                                                
  404 cycles  |  105 cyc/s  |  9477643 ns/cyc
  0 constraint hits
[3F[J                                                                                
  404 cycles  |  105 cyc/s  |  9477643 ns/cyc
  0 constraint hits
[3F[J                                                                                
  404 cycles  |  105 cyc/s  |  9477643 ns/cyc
  0 constraint hits
[3F[J                                                                                
  404 cycles  |  105 cyc/s  |  9477643 ns/cyc
  0 constraint hits
[3F[J                                                                                
  404 cycles  |  105 cyc/s  |  9477643 ns/cyc
  0 constraint hits
[3F[J                                                                                
  404 cycles  |  105 cyc/s  |  9477643 ns/cyc
  0 constraint hits
[3F[J                                                                                
  404 cycles  |  105 cyc/s  |  9477643 ns/cyc
  0 constraint hits
[3F[J                                                                                
  404 cycles  |  105 cyc/s  |  9477643 ns/cyc
  0 constraint hits
[3F[J                                                                                
  404 cycles  |  105 cyc/s  |  9477643 ns/cyc
  0 constraint hits
[3F[J                                                                                
  404 cycles  |  105 cyc/s  |  9477643 ns/cyc
  0 constraint hits
[3F[J                                                                                
  404 cycles  |  105 cyc/s  |  9477643 ns/cyc
  0 constraint hits
[3F[J                                                                                
  404 cycles  |  105 cyc/s  |  9477643 ns/cyc
  0 constraint hits
[3F[J                                                                                
  404 cycles  |  105 cyc/s  |  9477643 ns/cyc
  0 constraint hits
[3F[J                                                                                
  404 cycles  |  105 cyc/s  |  9477643 ns/cyc
  0 constraint hits
[3F[J                                                                                
  404 cycles  |  105 cyc/s  |  9477643 ns/cyc
  0 constraint hits
[3F[J                                                                                
  404 cycles  |  105 cyc/s  |  9477643 ns/cyc
  0 constraint hits
[3F[J                                                                                
  404 cycles  |  105 cyc/s  |  9477643 ns/cyc
  0 constraint hits
[3F[J                                                                                
  404 cycles  |  105 cyc/s  |  9477643 ns/cyc
  0 constraint hits
[3F[J                                                                                
  404 cycles  |  105 cyc/s  |  9477643 ns/cyc
  0 constraint hits
[3F[J                                                                                
  404 cycles  |  105 cyc/s  |  9477643 ns/cyc
  0 constraint hits
[3F[J                                                                                
  404 cycles  |  105 cyc/s  |  9477643 ns/cyc
  0 constraint hits
[3F[J                                                                                
  404 cycles  |  105 cyc/s  |  9477643 ns/cyc
  0 constraint hits
[3F[J                                                                                
  404 cycles  |  105 cyc/s  |  9477643 ns/cyc
  0 constraint hits
[3F[J                                                                                
  404 cycles  |  105 cyc/s  |  9477643 ns/cyc
  0 constraint hits
[3F[J                                                                                
  404 cycles  |  105 cyc/s  |  9477643 ns/cyc
  0 constraint hits
[3F[J                                                                                
  430 cycles  |  105 cyc/s  |  9500422 ns/cyc
  0 constraint hits
[3F[J                                                                                
  430 cycles  |  105 cyc/s  |  9500422 ns/cyc
  0 constraint hits
[3F[J                                                                                
  430 cycles  |  105 cyc/s  |  9500422 ns/cyc
  0 constraint hits
[3F[J                                                                                
  430 cycles  |  105 cyc/s  |  9500422 ns/cyc
  0 constraint hits
[3F[J                                                                                
  430 cycles  |  105 cyc/s  |  9500422 ns/cyc
  0 constraint hits
[3F[J                                                                                
  430 cycles  |  105 cyc/s  |  9500422 ns/cyc
  0 constraint hits
[3F[J                                                                                
  430 cycles  |  105 cyc/s  |  9500422 ns/cyc
  0 constraint hits
[3F[J                                                                                
  430 cycles  |  105 cyc/s  |  9500422 ns/cyc
  0 constraint hits
[3F[J                                                                                
  430 cycles  |  105 cyc/s  |  9500422 ns/cyc
  0 constraint hits
[3F[J                                                                                
  430 cycles  |  105 cyc/s  |  9500422 ns/cyc
  0 constraint hits
[3F[J                                                                                
  430 cycles  |  105 cyc/s  |  9500422 ns/cyc
  0 constraint hits
[3F[J                                                                                
  430 cycles  |  105 cyc/s  |  9500422 ns/cyc
  0 constraint hits
[3F[J                                                                                
  430 cycles  |  105 cyc/s  |  9500422 ns/cyc
  0 constraint hits
[3F[J                                                                                
  430 cycles  |  105 cyc/s  |  9500422 ns/cyc
  0 constraint hits
[3F[J                                                                                
  430 cycles  |  105 cyc/s  |  9500422 ns/cyc
  0 constraint hits
[3F[J                                                                                
  430 cycles  |  105 cyc/s  |  9500422 ns/cyc
  0 constraint hits
[3F[J                                                                                
  430 cycles  |  105 cyc/s  |  9500422 ns/cyc
  0 constraint hits
[3F[J                                                                                
  430 cycles  |  105 cyc/s  |  9500422 ns/cyc
  0 constraint hits
[3F[J                                                                                
  430 cycles  |  105 cyc/s  |  9500422 ns/cyc
  0 constraint hits
[3F[J                                                                                
  430 cycles  |  105 cyc/s  |  9500422 ns/cyc
  0 constraint hits
[3F[J                                                                                
  430 cycles  |  105 cyc/s  |  9500422 ns/cyc
  0 constraint hits
[3F[J                                                                                
  430 cycles  |  105 cyc/s  |  9500422 ns/cyc
  0 constraint hits
[3F[J                                                                                
  430 cycles  |  105 cyc/s  |  9500422 ns/cyc
  0 constraint hits
[3F[J                                                                                
  430 cycles  |  105 cyc/s  |  9500422 ns/cyc
  0 constraint hits
[3F[J                                                                                
  430 cycles  |  105 cyc/s  |  9500422 ns/cyc
  0 constraint hits
[3F[J                                                                                
  430 cycles  |  105 cyc/s  |  9500422 ns/cyc
  0 constraint hits
[3F[J                                                                                
  456 cycles  |  105 cyc/s  |  9520122 ns/cyc
  0 constraint hits
[3F[J                                                                                
  456 cycles  |  105 cyc/s  |  9520122 ns/cyc
  0 constraint hits
[3F[J                                                                                
  456 cycles  |  105 cyc/s  |  9520122 ns/cyc
  0 constraint hits
[3F[J                                                                                
  456 cycles  |  105 cyc/s  |  9520122 ns/cyc
  0 constraint hits
[3F[J                                                                                
  456 cycles  |  105 cyc/s  |  9520122 ns/cyc
  0 constraint hits
[3F[J                                                                                
  456 cycles  |  105 cyc/s  |  9520122 ns/cyc
  0 constraint hits
[3F[J                                                                                
  456 cycles  |  105 cyc/s  |  9520122 ns/cyc
  0 constraint hits
[3F[J                                                                                
  456 cycles  |  105 cyc/s  |  9520122 ns/cyc
  0 constraint hits
[3F[J                                                                                
  456 cycles  |  105 cyc/s  |  9520122 ns/cyc
  0 constraint hits
[3F[J                                                                                
  456 cycles  |  105 cyc/s  |  9520122 ns/cyc
  0 constraint hits
[3F[J                                                                                
  456 cycles  |  105 cyc/s  |  9520122 ns/cyc
  0 constraint hits
[3F[J                                                                                
  456 cycles  |  105 cyc/s  |  9520122 ns/cyc
  0 constraint hits
[3F[J                                                                                
  456 cycles  |  105 cyc/s  |  9520122 ns/cyc
  0 constraint hits
[3F[J                                                                                
  456 cycles  |  105 cyc/s  |  9520122 ns/cyc
  0 constraint hits
[3F[J                                                                                
  456 cycles  |  105 cyc/s  |  9520122 ns/cyc
  0 constraint hits
[3F[J                                                                                
  456 cycles  |  105 cyc/s  |  9520122 ns/cyc
  0 constraint hits
[3F[J                                                                                
  456 cycles  |  105 cyc/s  |  9520122 ns/cyc
  0 constraint hits
[3F[J                                                                                
  456 cycles  |  105 cyc/s  |  9520122 ns/cyc
  0 constraint hits
[3F[J                                                                                
  456 cycles  |  105 cyc/s  |  9520122 ns/cyc
  0 constraint hits
[3F[J                                                                                
  456 cycles  |  105 cyc/s  |  9520122 ns/cyc
  0 constraint hits
[3F[J                                                                                
  456 cycles  |  105 cyc/s  |  9520122 ns/cyc
  0 constraint hits
[3F[J                                                                                
  456 cycles  |  105 cyc/s  |  9520122 ns/cyc
  0 constraint hits
[3F[J                                                                                
  456 cycles  |  105 cyc/s  |  9520122 ns/cyc
  0 constraint hits
[3F[J                                                                                
  456 cycles  |  105 cyc/s  |  9520122 ns/cyc
  0 constraint hits
[3F[J                                                                                
  456 cycles  |  105 cyc/s  |  9520122 ns/cyc
  0 constraint hits
[3F[J                                                                                
  456 cycles  |  105 cyc/s  |  9520122 ns/cyc
  0 constraint hits
[3F[J                                                                                
  482 cycles  |  104 cyc/s  |  9534681 ns/cyc
  0 constraint hits
[3F[J                                                                                
  482 cycles  |  104 cyc/s  |  9534681 ns/cyc
  0 constraint hits
[3F[J                                                                                
  482 cycles  |  104 cyc/s  |  9534681 ns/cyc
  0 constraint hits
[3F[J                                                                                
  482 cycles  |  104 cyc/s  |  9534681 ns/cyc
  0 constraint hits
[3F[J                                                                                
  482 cycles  |  104 cyc/s  |  9534681 ns/cyc
  0 constraint hits
[3F[J                                                                                
  482 cycles  |  104 cyc/s  |  9534681 ns/cyc
  0 constraint hits
[3F[J                                                                                
  482 cycles  |  104 cyc/s  |  9534681 ns/cyc
  0 constraint hits
[3F[J                                                                                
  482 cycles  |  104 cyc/s  |  9534681 ns/cyc
  0 constraint hits
[3F[J                                                                                
  482 cycles  |  104 cyc/s  |  9534681 ns/cyc
  0 constraint hits
[3F[J                                                                                
  482 cycles  |  104 cyc/s  |  9534681 ns/cyc
  0 constraint hits
[3F[J                                                                                
  482 cycles  |  104 cyc/s  |  9534681 ns/cyc
  0 constraint hits
[3F[J                                                                                
  482 cycles  |  104 cyc/s  |  9534681 ns/cyc
  0 constraint hits
[3F[J                                                                                
  482 cycles  |  104 cyc/s  |  9534681 ns/cyc
  0 constraint hits
[3F[J                                                                                
  482 cycles  |  104 cyc/s  |  9534681 ns/cyc
  0 constraint hits
[3F[J                                                                                
  482 cycles  |  104 cyc/s  |  9534681 ns/cyc
  0 constraint hits
[3F[J                                                                                
  482 cycles  |  104 cyc/s  |  9534681 ns/cyc
  0 constraint hits
[3F[J                                                                                
  482 cycles  |  104 cyc/s  |  9534681 ns/cyc
  0 constraint hits
[3F[J                                                                                
  482 cycles  |  104 cyc/s  |  9534681 ns/cyc
  0 constraint hits
[3F[J                                                                                
  482 cycles  |  104 cyc/s  |  9534681 ns/cyc
  0 constraint hits
[3F[J                                                                                
  482 cycles  |  104 cyc/s  |  9534681 ns/cyc
  0 constraint hits
[3F[J                                                                                
  482 cycles  |  104 cyc/s  |  9534681 ns/cyc
  0 constraint hits
[3F[J                                                                                
  482 cycles  |  104 cyc/s  |  9534681 ns/cyc
  0 constraint hits
[3F[J                                                                                
  482 cycles  |  104 cyc/s  |  9534681 ns/cyc
  0 constraint hits
[3F[J                                                                                
  482 cycles  |  104 cyc/s  |  9534681 ns/cyc
  0 constraint hits
[3F[J                                                                                
  482 cycles  |  104 cyc/s  |  9534681 ns/cyc
  0 constraint hits
[3F[J                                                                                
  482 cycles  |  104 cyc/s  |  9534681 ns/cyc
  0 constraint hits
[3F[J                                                                                
  508 cycles  |  104 cyc/s  |  9549305 ns/cyc
  0 constraint hits
[3F[J                                                                                
  508 cycles  |  104 cyc/s  |  9549305 ns/cyc
  0 constraint hits
[3F[J                                                                                
  508 cycles  |  104 cyc/s  |  9549305 ns/cyc
  0 constraint hits
[3F[J                                                                                
  508 cycles  |  104 cyc/s  |  9549305 ns/cyc
  0 constraint hits
[3F[J                                                                                
  508 cycles  |  104 cyc/s  |  9549305 ns/cyc
  0 constraint hits
[3F[J                                                                                
  508 cycles  |  104 cyc/s  |  9549305 ns/cyc
  0 constraint hits
[3F[J                                                                                
  508 cycles  |  104 cyc/s  |  9549305 ns/cyc
  0 constraint hits
[3F[J                                                                                
  508 cycles  |  104 cyc/s  |  9549305 ns/cyc
  0 constraint hits
[3F[J                                                                                
  508 cycles  |  104 cyc/s  |  9549305 ns/cyc
  0 constraint hits
[3F[J                                                                                
  508 cycles  |  104 cyc/s  |  9549305 ns/cyc
  0 constraint hits
[3F[J                                                                                
  508 cycles  |  104 cyc/s  |  9549305 ns/cyc
  0 constraint hits
[3F[J                                                                                
  508 cycles  |  104 cyc/s  |  9549305 ns/cyc
  0 constraint hits
[3F[J                                                                                
  508 cycles  |  104 cyc/s  |  9549305 ns/cyc
  0 constraint hits
[3F[J                                                                                
  508 cycles  |  104 cyc/s  |  9549305 ns/cyc
  0 constraint hits
[3F[J                                                                                
  508 cycles  |  104 cyc/s  |  9549305 ns/cyc
  0 constraint hits
[3F[J                                                                                
  508 cycles  |  104 cyc/s  |  9549305 ns/cyc
  0 constraint hits
[3F[J                                                                                
  508 cycles  |  104 cyc/s  |  9549305 ns/cyc
  0 constraint hits
[3F[J                                                                                
  508 cycles  |  104 cyc/s  |  9549305 ns/cyc
  0 constraint hits
[3F[J                                                                                
  508 cycles  |  104 cyc/s  |  9549305 ns/cyc
  0 constraint hits
[3F[J                                                                                
  508 cycles  |  104 cyc/s  |  9549305 ns/cyc
  0 constraint hits
[3F[J                                                                                
  508 cycles  |  104 cyc/s  |  9549305 ns/cyc
  0 constraint hits
[3F[J                                                                                
  508 cycles  |  104 cyc/s  |  9549305 ns/cyc
  0 constraint hits
[3F[J                                                                                
  508 cycles  |  104 cyc/s  |  9549305 ns/cyc
  0 constraint hits
[3F[J                                                                                
  508 cycles  |  104 cyc/s  |  9549305 ns/cyc
  0 constraint hits
[3F[J                                                                                
  508 cycles  |  104 cyc/s  |  9549305 ns/cyc
  0 constraint hits
[3F[J                                                                                
  508 cycles  |  104 cyc/s  |  9549305 ns/cyc
  0 constraint hits
[3F[J                                                                                
  534 cycles  |  104 cyc/s  |  9565772 ns/cyc
  0 constraint hits
[3F[J                                                                                
  534 cycles  |  104 cyc/s  |  9565772 ns/cyc
  0 constraint hits
[3F[J                                                                                
  534 cycles  |  104 cyc/s  |  9565772 ns/cyc
  0 constraint hits
[3F[J                                                                                
  534 cycles  |  104 cyc/s  |  9565772 ns/cyc
  0 constraint hits
[3F[J                                                                                
  534 cycles  |  104 cyc/s  |  9565772 ns/cyc
  0 constraint hits
[3F[J                                                                                
  534 cycles  |  104 cyc/s  |  9565772 ns/cyc
  0 constraint hits
[3F[J                                                                                
  534 cycles  |  104 cyc/s  |  9565772 ns/cyc
  0 constraint hits
[3F[J                                                                                
  534 cycles  |  104 cyc/s  |  9565772 ns/cyc
  0 constraint hits
[3F[J                                                                                
  534 cycles  |  104 cyc/s  |  9565772 ns/cyc
  0 constraint hits
[3F[J                                                                                
  534 cycles  |  104 cyc/s  |  9565772 ns/cyc
  0 constraint hits
[3F[J                                                                                
  534 cycles  |  104 cyc/s  |  9565772 ns/cyc
  0 constraint hits
[3F[J                                                                                
  534 cycles  |  104 cyc/s  |  9565772 ns/cyc
  0 constraint hits
[3F[J                                                                                
  534 cycles  |  104 cyc/s  |  9565772 ns/cyc
  0 constraint hits
[3F[J                                                                                
  534 cycles  |  104 cyc/s  |  9565772 ns/cyc
  0 constraint hits
[3F[J                                                                                
  534 cycles  |  104 cyc/s  |  9565772 ns/cyc
  0 constraint hits
[3F[J                                                                                
  534 cycles  |  104 cyc/s  |  9565772 ns/cyc
  0 constraint hits
[3F[J                                                                                
  534 cycles  |  104 cyc/s  |  9565772 ns/cyc
  0 constraint hits
[3F[J                                                                                
  534 cycles  |  104 cyc/s  |  9565772 ns/cyc
  0 constraint hits
[3F[J                                                                                
  534 cycles  |  104 cyc/s  |  9565772 ns/cyc
  0 constraint hits
[3F[J                                                                                
  534 cycles  |  104 cyc/s  |  9565772 ns/cyc
  0 constraint hits
[3F[J                                                                                
  534 cycles  |  104 cyc/s  |  9565772 ns/cyc
  0 constraint hits
[3F[J                                                                                
  534 cycles  |  104 cyc/s  |  9565772 ns/cyc
  0 constraint hits
[3F[J                                                                                
  534 cycles  |  104 cyc/s  |  9565772 ns/cyc
  0 constraint hits
[3F[J                                                                                
  534 cycles  |  104 cyc/s  |  9565772 ns/cyc
  0 constraint hits
[3F[J                                                                                
  534 cycles  |  104 cyc/s  |  9565772 ns/cyc
  0 constraint hits
[3F[J                                                                                
  534 cycles  |  104 cyc/s  |  9565772 ns/cyc
  0 constraint hits
[3F[J                                                                                
  560 cycles  |  104 cyc/s  |  9576928 ns/cyc
  0 constraint hits
[3F[J                                                                                
  560 cycles  |  104 cyc/s  |  9576928 ns/cyc
  0 constraint hits
[3F[J                                                                                
  560 cycles  |  104 cyc/s  |  9576928 ns/cyc
  0 constraint hits
[3F[J                                                                                
  560 cycles  |  104 cyc/s  |  9576928 ns/cyc
  0 constraint hits
[3F[J                                                                                
  560 cycles  |  104 cyc/s  |  9576928 ns/cyc
  0 constraint hits
[3F[J                                                                                
  560 cycles  |  104 cyc/s  |  9576928 ns/cyc
  0 constraint hits
[3F[J                                                                                
  560 cycles  |  104 cyc/s  |  9576928 ns/cyc
  0 constraint hits
[3F[J                                                                                
  560 cycles  |  104 cyc/s  |  9576928 ns/cyc
  0 constraint hits
[3F[J                                                                                
  560 cycles  |  104 cyc/s  |  9576928 ns/cyc
  0 constraint hits
[3F[J                                                                                
  560 cycles  |  104 cyc/s  |  9576928 ns/cyc
  0 constraint hits
[3F[J                                                                                
  560 cycles  |  104 cyc/s  |  9576928 ns/cyc
  0 constraint hits
[3F[J                                                                                
  560 cycles  |  104 cyc/s  |  9576928 ns/cyc
  0 constraint hits
[3F[J                                                                                
  560 cycles  |  104 cyc/s  |  9576928 ns/cyc
  0 constraint hits
[3F[J                                                                                
  560 cycles  |  104 cyc/s  |  9576928 ns/cyc
  0 constraint hits
[3F[J                                                                                
  560 cycles  |  104 cyc/s  |  9576928 ns/cyc
  0 constraint hits
[3F[J                                                                                
  560 cycles  |  104 cyc/s  |  9576928 ns/cyc
  0 constraint hits
[3F[J                                                                                
  560 cycles  |  104 cyc/s  |  9576928 ns/cyc
  0 constraint hits
[3F[J                                                                                
  560 cycles  |  104 cyc/s  |  9576928 ns/cyc
  0 constraint hits
[3F[J                                                                                
  560 cycles  |  104 cyc/s  |  9576928 ns/cyc
  0 constraint hits
[3F[J                                                                                
  560 cycles  |  104 cyc/s  |  9576928 ns/cyc
  0 constraint hits
[3F[J                                                                                
  560 cycles  |  104 cyc/s  |  9576928 ns/cyc
  0 constraint hits
[3F[J                                                                                
  560 cycles  |  104 cyc/s  |  9576928 ns/cyc
  0 constraint hits
[3F[J                                                                                
  560 cycles  |  104 cyc/s  |  9576928 ns/cyc
  0 constraint hits
[3F[J                                                                                
  560 cycles  |  104 cyc/s  |  9576928 ns/cyc
  0 constraint hits
[3F[J                                                                                
  560 cycles  |  104 cyc/s  |  9576928 ns/cyc
  0 constraint hits
[3F[J                                                                                
  560 cycles  |  104 cyc/s  |  9576928 ns/cyc
  0 constraint hits
[3F[J                                                                                
  586 cycles  |  104 cyc/s  |  9590041 ns/cyc
  0 constraint hits
[3F[J                                                                                
  586 cycles  |  104 cyc/s  |  9590041 ns/cyc
  0 constraint hits
[3F[J                                                                                
  586 cycles  |  104 cyc/s  |  9590041 ns/cyc
  0 constraint hits
[3F[J                                                                                
  586 cycles  |  104 cyc/s  |  9590041 ns/cyc
  0 constraint hits
[3F[J                                                                                
  586 cycles  |  104 cyc/s  |  9590041 ns/cyc
  0 constraint hits
[3F[J                                                                                
  586 cycles  |  104 cyc/s  |  9590041 ns/cyc
  0 constraint hits
[3F[J                                                                                
  586 cycles  |  104 cyc/s  |  9590041 ns/cyc
  0 constraint hits
[3F[J                                                                                
  586 cycles  |  104 cyc/s  |  9590041 ns/cyc
  0 constraint hits
[3F[J                                                                                
  586 cycles  |  104 cyc/s  |  9590041 ns/cyc
  0 constraint hits
[3F[J                                                                                
  586 cycles  |  104 cyc/s  |  9590041 ns/cyc
  0 constraint hits
[3F[J                                                                                
  586 cycles  |  104 cyc/s  |  9590041 ns/cyc
  0 constraint hits
[3F[J                                                                                
  586 cycles  |  104 cyc/s  |  9590041 ns/cyc
  0 constraint hits
[3F[J                                                                                
  586 cycles  |  104 cyc/s  |  9590041 ns/cyc
  0 constraint hits
[3F[J                                                                                
  586 cycles  |  104 cyc/s  |  9590041 ns/cyc
  0 constraint hits
[3F[J                                                                                
  586 cycles  |  104 cyc/s  |  9590041 ns/cyc
  0 constraint hits
[3F[J                                                                                
  586 cycles  |  104 cyc/s  |  9590041 ns/cyc
  0 constraint hits
[3F[J                                                                                
  586 cycles  |  104 cyc/s  |  9590041 ns/cyc
  0 constraint hits
[3F[J                                                                                
  586 cycles  |  104 cyc/s  |  9590041 ns/cyc
  0 constraint hits
[3F[J                                                                                
  586 cycles  |  104 cyc/s  |  9590041 ns/cyc
  0 constraint hits
[3F[J                                                                                
  586 cycles  |  104 cyc/s  |  9590041 ns/cyc
  0 constraint hits
[3F[J                                                                                
  586 cycles  |  104 cyc/s  |  9590041 ns/cyc
  0 constraint hits
[3F[J                                                                                
  586 cycles  |  104 cyc/s  |  9590041 ns/cyc
  0 constraint hits
[3F[J                                                                                
  586 cycles  |  104 cyc/s  |  9590041 ns/cyc
  0 constraint hits
[3F[J                                                                                
  586 cycles  |  104 cyc/s  |  9590041 ns/cyc
  0 constraint hits
[3F[J                                                                                
  586 cycles  |  104 cyc/s  |  9590041 ns/cyc
  0 constraint hits
[3F[J                                                                                
  586 cycles  |  104 cyc/s  |  9590041 ns/cyc
  0 constraint hits
[3F[J                                                                                
  612 cycles  |  104 cyc/s  |  9598965 ns/cyc
  0 constraint hits
[3F[J                                                                                
  612 cycles  |  104 cyc/s  |  9598965 ns/cyc
  0 constraint hits
[3F[J                                                                                
  612 cycles  |  104 cyc/s  |  9598965 ns/cyc
  0 constraint hits
[3F[J                                                                                
  612 cycles  |  104 cyc/s  |  9598965 ns/cyc
  0 constraint hits
[3F[J                                                                                
  612 cycles  |  104 cyc/s  |  9598965 ns/cyc
  0 constraint hits
[3F[J                                                                                
  612 cycles  |  104 cyc/s  |  9598965 ns/cyc
  0 constraint hits
[3F[J                                                                                
  612 cycles  |  104 cyc/s  |  9598965 ns/cyc
  0 constraint hits
[3F[J                                                                                
  612 cycles  |  104 cyc/s  |  9598965 ns/cyc
  0 constraint hits
[3F[J                                                                                
  612 cycles  |  104 cyc/s  |  9598965 ns/cyc
  0 constraint hits
[3F[J                                                                                
  612 cycles  |  104 cyc/s  |  9598965 ns/cyc
  0 constraint hits
[3F[J                                                                                
  612 cycles  |  104 cyc/s  |  9598965 ns/cyc
  0 constraint hits
[3F[J                                                                                
  612 cycles  |  104 cyc/s  |  9598965 ns/cyc
  0 constraint hits
[3F[J                                                                                
  612 cycles  |  104 cyc/s  |  9598965 ns/cyc
  0 constraint hits
[3F[J                                                                                
  612 cycles  |  104 cyc/s  |  9598965 ns/cyc
  0 constraint hits
[3F[J                                                                                
  612 cycles  |  104 cyc/s  |  9598965 ns/cyc
  0 constraint hits
[3F[J                                                                                
  612 cycles  |  104 cyc/s  |  9598965 ns/cyc
  0 constraint hits
[3F[J                                                                                
  612 cycles  |  104 cyc/s  |  9598965 ns/cyc
  0 constraint hits
[3F[J                                                                                
  612 cycles  |  104 cyc/s  |  9598965 ns/cyc
  0 constraint hits
[3F[J                                                                                
  612 cycles  |  104 cyc/s  |  9598965 ns/cyc
  0 constraint hits
[3F[J                                                                                
  612 cycles  |  104 cyc/s  |  9598965 ns/cyc
  0 constraint hits
[3F[J                                                                                
  612 cycles  |  104 cyc/s  |  9598965 ns/cyc
  0 constraint hits
[3F[J                                                                                
  612 cycles  |  104 cyc/s  |  9598965 ns/cyc
  0 constraint hits
[3F[J                                                                                
  612 cycles  |  104 cyc/s  |  9598965 ns/cyc
  0 constraint hits
[3F[J                                                                                
  612 cycles  |  104 cyc/s  |  9598965 ns/cyc
  0 constraint hits
[3F[J                                                                                
  612 cycles  |  104 cyc/s  |  9598965 ns/cyc
  0 constraint hits
[3F[J                                                                                
  612 cycles  |  104 cyc/s  |  9598965 ns/cyc
  0 constraint hits
[3F[J                                                                                
  638 cycles  |  104 cyc/s  |  9607014 ns/cyc
  0 constraint hits
[3F[J                                                                                
  638 cycles  |  104 cyc/s  |  9607014 ns/cyc
  0 constraint hits
[3F[J@@TIME_PROC_AVG COUNT:640 AVG_MS:9.609
@@TIME_THROUGHPUT COUNT:640 DURATION_S:6.149722 EVENTS_PER_S:104.070
                                                                                
  638 cycles  |  104 cyc/s  |  9607014 ns/cyc
  0 constraint hits
[3F[J                                                                                
  640 cycles  |  104 cyc/s  |  9607681 ns/cyc
  640 input events parsed in 0.000s  |  9607681 ns/event avg
  0 constraint hits total
  Breakdown:
   [#0]: 0
   [#1]: 0
@@MONITOR_END:2026-05-14T09:55:41.176829000Z
   [#2]: 0
   [#3]: 0
   [#4]: 0
   [#5]: 0
   [#6]: 0
   [#7]: 0
   [#8]: 0
   [#9]: 0
   [#10]: 0
   [#11]: 0
