@@MONITOR_START:2026-05-14T10:10:56.300605000Z
[3F[J                                                                                
  0 cycles
  0 constraint hits
[3F[J                                                                                
  0 cycles
  0 constraint hits
[3F[J                                                                                
  0 cycles
  0 constraint hits
[3F[J                                                                                
  0 cycles
  0 constraint hits
[3F[J                                                                                
  0 cycles
  0 constraint hits
[3F[J                                                                                
  0 cycles
  0 constraint hits
[3F[J                                                                                
  0 cycles
  0 constraint hits
[3F[J                                                                                
  0 cycles
  0 constraint hits
[3F[J                                                                                
  0 cycles
  0 constraint hits
[3F[J                                                                                
  0 cycles
  0 constraint hits
[3F[J                                                                                
  0 cycles
  0 constraint hits
[3F[J                                                                                
  0 cycles
  0 constraint hits
[3F[J                                                                                
  0 cycles
  0 constraint hits
[3F[J                                                                                
  0 cycles
  0 constraint hits
[3F[J                                                                                
  0 cycles
  0 constraint hits
[3F[J                                                                                
  0 cycles
  0 constraint hits
[3F[J                                                                                
  0 cycles
  0 constraint hits
[3F[J                                                                                
  0 cycles
  0 constraint hits
[3F[J                                                                                
  0 cycles
  0 constraint hits
[3F[J                                                                                
  0 cycles
  0 constraint hits
[3F[J                                                                                
  0 cycles
  0 constraint hits
[3F[J                                                                                
  0 cycles
  0 constraint hits
[3F[J                                                                                
  0 cycles
  0 constraint hits
[3F[J                                                                                
  0 cycles
  0 constraint hits
[3F[J                                                                                
  0 cycles
  0 constraint hits
[3F[J                                                                                
  0 cycles
  0 constraint hits
[3F[J                                                                                
  0 cycles
  0 constraint hits
[3F[J                                                                                
  0 cycles
  0 constraint hits
[3F[J                                                                                
  0 cycles
  0 constraint hits
[3F[J                                                                                
  0 cycles
  0 constraint hits
[3F[J                                                                                
  0 cycles
  0 constraint hits
[3F[J                                                                                
  0 cycles
  0 constraint hits
[3F[J                                                                                
  0 cycles
  0 constraint hits
[3F[J                                                                                
  34 cycles  |  134 cyc/s  |  7417273 ns/cyc
  0 constraint hits
[3F[J                                                                                
  34 cycles  |  134 cyc/s  |  7417273 ns/cyc
  0 constraint hits
[3F[J                                                                                
  34 cycles  |  134 cyc/s  |  7417273 ns/cyc
  0 constraint hits
[3F[J                                                                                
  34 cycles  |  134 cyc/s  |  7417273 ns/cyc
  0 constraint hits
[3F[J                                                                                
  34 cycles  |  134 cyc/s  |  7417273 ns/cyc
  0 constraint hits
[3F[J                                                                                
  34 cycles  |  134 cyc/s  |  7417273 ns/cyc
  0 constraint hits
[3F[J                                                                                
  34 cycles  |  134 cyc/s  |  7417273 ns/cyc
  0 constraint hits
[3F[J                                                                                
  34 cycles  |  134 cyc/s  |  7417273 ns/cyc
  0 constraint hits
[3F[J                                                                                
  34 cycles  |  134 cyc/s  |  7417273 ns/cyc
  0 constraint hits
[3F[J                                                                                
  34 cycles  |  134 cyc/s  |  7417273 ns/cyc
  0 constraint hits
[3F[J                                                                                
  44 cycles  |  86 cyc/s  |  11531871 ns/cyc
  0 constraint hits
[3F[J                                                                                
  44 cycles  |  86 cyc/s  |  11531871 ns/cyc
  0 constraint hits
[3F[J                                                                                
  44 cycles  |  86 cyc/s  |  11531871 ns/cyc
  0 constraint hits
[3F[J                                                                                
  44 cycles  |  86 cyc/s  |  11531871 ns/cyc
  0 constraint hits
[3F[J                                                                                
  44 cycles  |  86 cyc/s  |  11531871 ns/cyc
  0 constraint hits
[3F[J                                                                                
  44 cycles  |  86 cyc/s  |  11531871 ns/cyc
  0 constraint hits
[3F[J                                                                                
  44 cycles  |  86 cyc/s  |  11531871 ns/cyc
  0 constraint hits
[3F[J                                                                                
  44 cycles  |  86 cyc/s  |  11531871 ns/cyc
  0 constraint hits
[3F[J                                                                                
  44 cycles  |  86 cyc/s  |  11531871 ns/cyc
  0 constraint hits
[3F[J                                                                                
  44 cycles  |  86 cyc/s  |  11531871 ns/cyc
  0 constraint hits
[3F[J                                                                                
  54 cycles  |  69 cyc/s  |  14487084 ns/cyc
  0 constraint hits
[3F[J                                                                                
  54 cycles  |  69 cyc/s  |  14487084 ns/cyc
  0 constraint hits
[3F[J                                                                                
  54 cycles  |  69 cyc/s  |  14487084 ns/cyc
  0 constraint hits
[3F[J                                                                                
  54 cycles  |  69 cyc/s  |  14487084 ns/cyc
  0 constraint hits
[3F[J                                                                                
  54 cycles  |  69 cyc/s  |  14487084 ns/cyc
  0 constraint hits
[3F[J                                                                                
  54 cycles  |  69 cyc/s  |  14487084 ns/cyc
  0 constraint hits
[3F[J                                                                                
  54 cycles  |  69 cyc/s  |  14487084 ns/cyc
  0 constraint hits
[3F[J                                                                                
  54 cycles  |  69 cyc/s  |  14487084 ns/cyc
  0 constraint hits
[3F[J                                                                                
  54 cycles  |  69 cyc/s  |  14487084 ns/cyc
  0 constraint hits
[3F[J                                                                                
  54 cycles  |  69 cyc/s  |  14487084 ns/cyc
  0 constraint hits
[3F[J                                                                                
  64 cycles  |  60 cyc/s  |  16531849 ns/cyc
  0 constraint hits
[3F[J                                                                                
  64 cycles  |  60 cyc/s  |  16531849 ns/cyc
  0 constraint hits
[3F[J                                                                                
  64 cycles  |  60 cyc/s  |  16531849 ns/cyc
  0 constraint hits
[3F[J                                                                                
  64 cycles  |  60 cyc/s  |  16531849 ns/cyc
  0 constraint hits
[3F[J                                                                                
  64 cycles  |  60 cyc/s  |  16531849 ns/cyc
  0 constraint hits
[3F[J                                                                                
  64 cycles  |  60 cyc/s  |  16531849 ns/cyc
  0 constraint hits
[3F[J                                                                                
  64 cycles  |  60 cyc/s  |  16531849 ns/cyc
  0 constraint hits
[3F[J                                                                                
  64 cycles  |  60 cyc/s  |  16531849 ns/cyc
  0 constraint hits
[3F[J                                                                                
  64 cycles  |  60 cyc/s  |  16531849 ns/cyc
  0 constraint hits
[3F[J                                                                                
  64 cycles  |  60 cyc/s  |  16531849 ns/cyc
  0 constraint hits
[3F[J                                                                                
  74 cycles  |  55 cyc/s  |  18044934 ns/cyc
  0 constraint hits
[3F[J                                                                                
  74 cycles  |  55 cyc/s  |  18044934 ns/cyc
  0 constraint hits
[3F[J                                                                                
  74 cycles  |  55 cyc/s  |  18044934 ns/cyc
  0 constraint hits
[3F[J                                                                                
  74 cycles  |  55 cyc/s  |  18044934 ns/cyc
  0 constraint hits
[3F[J                                                                                
  74 cycles  |  55 cyc/s  |  18044934 ns/cyc
  0 constraint hits
[3F[J                                                                                
  74 cycles  |  55 cyc/s  |  18044934 ns/cyc
  0 constraint hits
[3F[J                                                                                
  74 cycles  |  55 cyc/s  |  18044934 ns/cyc
  0 constraint hits
[3F[J                                                                                
  74 cycles  |  55 cyc/s  |  18044934 ns/cyc
  0 constraint hits
[3F[J                                                                                
  74 cycles  |  55 cyc/s  |  18044934 ns/cyc
  0 constraint hits
[3F[J                                                                                
  74 cycles  |  55 cyc/s  |  18044934 ns/cyc
  0 constraint hits
[3F[J                                                                                
  84 cycles  |  52 cyc/s  |  19148253 ns/cyc
  0 constraint hits
[3F[J                                                                                
  84 cycles  |  52 cyc/s  |  19148253 ns/cyc
  0 constraint hits
[3F[J                                                                                
  84 cycles  |  52 cyc/s  |  19148253 ns/cyc
  0 constraint hits
[3F[J                                                                                
  84 cycles  |  52 cyc/s  |  19148253 ns/cyc
  0 constraint hits
[3F[J                                                                                
  84 cycles  |  52 cyc/s  |  19148253 ns/cyc
  0 constraint hits
[3F[J                                                                                
  84 cycles  |  52 cyc/s  |  19148253 ns/cyc
  0 constraint hits
[3F[J                                                                                
  84 cycles  |  52 cyc/s  |  19148253 ns/cyc
  0 constraint hits
[3F[J                                                                                
  84 cycles  |  52 cyc/s  |  19148253 ns/cyc
  0 constraint hits
[3F[J                                                                                
  84 cycles  |  52 cyc/s  |  19148253 ns/cyc
  0 constraint hits
[3F[J                                                                                
  84 cycles  |  52 cyc/s  |  19148253 ns/cyc
  0 constraint hits
[3F[J                                                                                
  94 cycles  |  49 cyc/s  |  20034029 ns/cyc
  0 constraint hits
[3F[J                                                                                
  94 cycles  |  49 cyc/s  |  20034029 ns/cyc
  0 constraint hits
[3F[J                                                                                
  94 cycles  |  49 cyc/s  |  20034029 ns/cyc
  0 constraint hits
[3F[J                                                                                
  94 cycles  |  49 cyc/s  |  20034029 ns/cyc
  0 constraint hits
[3F[J                                                                                
  94 cycles  |  49 cyc/s  |  20034029 ns/cyc
  0 constraint hits
[3F[J                                                                                
  94 cycles  |  49 cyc/s  |  20034029 ns/cyc
  0 constraint hits
[3F[J                                                                                
  94 cycles  |  49 cyc/s  |  20034029 ns/cyc
  0 constraint hits
[3F[J                                                                                
  94 cycles  |  49 cyc/s  |  20034029 ns/cyc
  0 constraint hits
[3F[J                                                                                
  94 cycles  |  49 cyc/s  |  20034029 ns/cyc
  0 constraint hits
[3F[J                                                                                
  94 cycles  |  49 cyc/s  |  20034029 ns/cyc
  0 constraint hits
[3F[J                                                                                
  104 cycles  |  48 cyc/s  |  20747836 ns/cyc
  0 constraint hits
[3F[J                                                                                
  104 cycles  |  48 cyc/s  |  20747836 ns/cyc
  0 constraint hits
[3F[J                                                                                
  104 cycles  |  48 cyc/s  |  20747836 ns/cyc
  0 constraint hits
[3F[J                                                                                
  104 cycles  |  48 cyc/s  |  20747836 ns/cyc
  0 constraint hits
[3F[J                                                                                
  104 cycles  |  48 cyc/s  |  20747836 ns/cyc
  0 constraint hits
[3F[J                                                                                
  104 cycles  |  48 cyc/s  |  20747836 ns/cyc
  0 constraint hits
[3F[J                                                                                
  104 cycles  |  48 cyc/s  |  20747836 ns/cyc
  0 constraint hits
[3F[J                                                                                
  104 cycles  |  48 cyc/s  |  20747836 ns/cyc
  0 constraint hits
[3F[J                                                                                
  104 cycles  |  48 cyc/s  |  20747836 ns/cyc
  0 constraint hits
[3F[J                                                                                
  104 cycles  |  48 cyc/s  |  20747836 ns/cyc
  0 constraint hits
[3F[J                                                                                
  114 cycles  |  46 cyc/s  |  21333946 ns/cyc
  0 constraint hits
[3F[J                                                                                
  114 cycles  |  46 cyc/s  |  21333946 ns/cyc
  0 constraint hits
[3F[J                                                                                
  114 cycles  |  46 cyc/s  |  21333946 ns/cyc
  0 constraint hits
[3F[J                                                                                
  114 cycles  |  46 cyc/s  |  21333946 ns/cyc
  0 constraint hits
[3F[J                                                                                
  114 cycles  |  46 cyc/s  |  21333946 ns/cyc
  0 constraint hits
[3F[J                                                                                
  114 cycles  |  46 cyc/s  |  21333946 ns/cyc
  0 constraint hits
[3F[J                                                                                
  114 cycles  |  46 cyc/s  |  21333946 ns/cyc
  0 constraint hits
[3F[J                                                                                
  114 cycles  |  46 cyc/s  |  21333946 ns/cyc
  0 constraint hits
[3F[J                                                                                
  114 cycles  |  46 cyc/s  |  21333946 ns/cyc
  0 constraint hits
[3F[J                                                                                
  114 cycles  |  46 cyc/s  |  21333946 ns/cyc
  0 constraint hits
[3F[J                                                                                
  124 cycles  |  45 cyc/s  |  21831478 ns/cyc
  0 constraint hits
[3F[J                                                                                
  124 cycles  |  45 cyc/s  |  21831478 ns/cyc
  0 constraint hits
[3F[J                                                                                
  124 cycles  |  45 cyc/s  |  21831478 ns/cyc
  0 constraint hits
[3F[J                                                                                
  124 cycles  |  45 cyc/s  |  21831478 ns/cyc
  0 constraint hits
[3F[J                                                                                
  124 cycles  |  45 cyc/s  |  21831478 ns/cyc
  0 constraint hits
[3F[J                                                                                
  124 cycles  |  45 cyc/s  |  21831478 ns/cyc
  0 constraint hits
[3F[J                                                                                
  124 cycles  |  45 cyc/s  |  21831478 ns/cyc
  0 constraint hits
[3F[J                                                                                
  124 cycles  |  45 cyc/s  |  21831478 ns/cyc
  0 constraint hits
[3F[J                                                                                
  124 cycles  |  45 cyc/s  |  21831478 ns/cyc
  0 constraint hits
[3F[J                                                                                
  124 cycles  |  45 cyc/s  |  21831478 ns/cyc
  0 constraint hits
[3F[J                                                                                
  134 cycles  |  44 cyc/s  |  22249050 ns/cyc
  0 constraint hits
[3F[J                                                                                
  134 cycles  |  44 cyc/s  |  22249050 ns/cyc
  0 constraint hits
[3F[J                                                                                
  134 cycles  |  44 cyc/s  |  22249050 ns/cyc
  0 constraint hits
[3F[J                                                                                
  134 cycles  |  44 cyc/s  |  22249050 ns/cyc
  0 constraint hits
[3F[J                                                                                
  134 cycles  |  44 cyc/s  |  22249050 ns/cyc
  0 constraint hits
[3F[J                                                                                
  134 cycles  |  44 cyc/s  |  22249050 ns/cyc
  0 constraint hits
[3F[J                                                                                
  134 cycles  |  44 cyc/s  |  22249050 ns/cyc
  0 constraint hits
[3F[J                                                                                
  134 cycles  |  44 cyc/s  |  22249050 ns/cyc
  0 constraint hits
[3F[J                                                                                
  134 cycles  |  44 cyc/s  |  22249050 ns/cyc
  0 constraint hits
[3F[J                                                                                
  134 cycles  |  44 cyc/s  |  22249050 ns/cyc
  0 constraint hits
[3F[J                                                                                
  144 cycles  |  44 cyc/s  |  22586282 ns/cyc
  0 constraint hits
[3F[J                                                                                
  144 cycles  |  44 cyc/s  |  22586282 ns/cyc
  0 constraint hits
[3F[J                                                                                
  144 cycles  |  44 cyc/s  |  22586282 ns/cyc
  0 constraint hits
[3F[J                                                                                
  144 cycles  |  44 cyc/s  |  22586282 ns/cyc
  0 constraint hits
[3F[J                                                                                
  144 cycles  |  44 cyc/s  |  22586282 ns/cyc
  0 constraint hits
[3F[J                                                                                
  144 cycles  |  44 cyc/s  |  22586282 ns/cyc
  0 constraint hits
[3F[J                                                                                
  144 cycles  |  44 cyc/s  |  22586282 ns/cyc
  0 constraint hits
[3F[J                                                                                
  144 cycles  |  44 cyc/s  |  22586282 ns/cyc
  0 constraint hits
[3F[J                                                                                
  144 cycles  |  44 cyc/s  |  22586282 ns/cyc
  0 constraint hits
[3F[J                                                                                
  144 cycles  |  44 cyc/s  |  22586282 ns/cyc
  0 constraint hits
[3F[J                                                                                
  154 cycles  |  43 cyc/s  |  22891540 ns/cyc
  0 constraint hits
[3F[J                                                                                
  154 cycles  |  43 cyc/s  |  22891540 ns/cyc
  0 constraint hits
[3F[J                                                                                
  154 cycles  |  43 cyc/s  |  22891540 ns/cyc
  0 constraint hits
[3F[J                                                                                
  154 cycles  |  43 cyc/s  |  22891540 ns/cyc
  0 constraint hits
[3F[J                                                                                
  154 cycles  |  43 cyc/s  |  22891540 ns/cyc
  0 constraint hits
[3F[J                                                                                
  154 cycles  |  43 cyc/s  |  22891540 ns/cyc
  0 constraint hits
[3F[J                                                                                
  154 cycles  |  43 cyc/s  |  22891540 ns/cyc
  0 constraint hits
[3F[J                                                                                
  154 cycles  |  43 cyc/s  |  22891540 ns/cyc
  0 constraint hits
[3F[J                                                                                
  154 cycles  |  43 cyc/s  |  22891540 ns/cyc
  0 constraint hits
[3F[J                                                                                
  154 cycles  |  43 cyc/s  |  22891540 ns/cyc
  0 constraint hits
[3F[J                                                                                
  164 cycles  |  43 cyc/s  |  23170151 ns/cyc
  0 constraint hits
[3F[J                                                                                
  164 cycles  |  43 cyc/s  |  23170151 ns/cyc
  0 constraint hits
[3F[J                                                                                
  164 cycles  |  43 cyc/s  |  23170151 ns/cyc
  0 constraint hits
[3F[J                                                                                
  164 cycles  |  43 cyc/s  |  23170151 ns/cyc
  0 constraint hits
[3F[J                                                                                
  164 cycles  |  43 cyc/s  |  23170151 ns/cyc
  0 constraint hits
[3F[J                                                                                
  164 cycles  |  43 cyc/s  |  23170151 ns/cyc
  0 constraint hits
[3F[J                                                                                
  164 cycles  |  43 cyc/s  |  23170151 ns/cyc
  0 constraint hits
[3F[J                                                                                
  164 cycles  |  43 cyc/s  |  23170151 ns/cyc
  0 constraint hits
[3F[J                                                                                
  164 cycles  |  43 cyc/s  |  23170151 ns/cyc
  0 constraint hits
[3F[J                                                                                
  164 cycles  |  43 cyc/s  |  23170151 ns/cyc
  0 constraint hits
[3F[J                                                                                
  174 cycles  |  42 cyc/s  |  23403722 ns/cyc
  0 constraint hits
[3F[J                                                                                
  174 cycles  |  42 cyc/s  |  23403722 ns/cyc
  0 constraint hits
[3F[J                                                                                
  174 cycles  |  42 cyc/s  |  23403722 ns/cyc
  0 constraint hits
[3F[J                                                                                
  174 cycles  |  42 cyc/s  |  23403722 ns/cyc
  0 constraint hits
[3F[J                                                                                
  174 cycles  |  42 cyc/s  |  23403722 ns/cyc
  0 constraint hits
[3F[J                                                                                
  174 cycles  |  42 cyc/s  |  23403722 ns/cyc
  0 constraint hits
[3F[J                                                                                
  174 cycles  |  42 cyc/s  |  23403722 ns/cyc
  0 constraint hits
[3F[J                                                                                
  174 cycles  |  42 cyc/s  |  23403722 ns/cyc
  0 constraint hits
[3F[J                                                                                
  174 cycles  |  42 cyc/s  |  23403722 ns/cyc
  0 constraint hits
[3F[J                                                                                
  174 cycles  |  42 cyc/s  |  23403722 ns/cyc
  0 constraint hits
[3F[J                                                                                
  184 cycles  |  42 cyc/s  |  23620493 ns/cyc
  0 constraint hits
[3F[J                                                                                
  184 cycles  |  42 cyc/s  |  23620493 ns/cyc
  0 constraint hits
[3F[J                                                                                
  184 cycles  |  42 cyc/s  |  23620493 ns/cyc
  0 constraint hits
[3F[J                                                                                
  184 cycles  |  42 cyc/s  |  23620493 ns/cyc
  0 constraint hits
[3F[J                                                                                
  184 cycles  |  42 cyc/s  |  23620493 ns/cyc
  0 constraint hits
[3F[J                                                                                
  184 cycles  |  42 cyc/s  |  23620493 ns/cyc
  0 constraint hits
[3F[J                                                                                
  184 cycles  |  42 cyc/s  |  23620493 ns/cyc
  0 constraint hits
[3F[J                                                                                
  184 cycles  |  42 cyc/s  |  23620493 ns/cyc
  0 constraint hits
[3F[J                                                                                
  184 cycles  |  42 cyc/s  |  23620493 ns/cyc
  0 constraint hits
[3F[J                                                                                
  193 cycles  |  41 cyc/s  |  23816078 ns/cyc
  0 constraint hits
[3F[J                                                                                
  193 cycles  |  41 cyc/s  |  23816078 ns/cyc
  0 constraint hits
[3F[J                                                                                
  193 cycles  |  41 cyc/s  |  23816078 ns/cyc
  0 constraint hits
[3F[J                                                                                
  193 cycles  |  41 cyc/s  |  23816078 ns/cyc
  0 constraint hits
[3F[J                                                                                
  193 cycles  |  41 cyc/s  |  23816078 ns/cyc
  0 constraint hits
[3F[J                                                                                
  193 cycles  |  41 cyc/s  |  23816078 ns/cyc
  0 constraint hits
[3F[J                                                                                
  193 cycles  |  41 cyc/s  |  23816078 ns/cyc
  0 constraint hits
[3F[J                                                                                
  193 cycles  |  41 cyc/s  |  23816078 ns/cyc
  0 constraint hits
[3F[J                                                                                
  193 cycles  |  41 cyc/s  |  23816078 ns/cyc
  0 constraint hits
[3F[J                                                                                
  193 cycles  |  41 cyc/s  |  23816078 ns/cyc
  0 constraint hits
[3F[J                                                                                
  203 cycles  |  41 cyc/s  |  24002349 ns/cyc
  0 constraint hits
[3F[J                                                                                
  203 cycles  |  41 cyc/s  |  24002349 ns/cyc
  0 constraint hits
[3F[J                                                                                
  203 cycles  |  41 cyc/s  |  24002349 ns/cyc
  0 constraint hits
[3F[J                                                                                
  203 cycles  |  41 cyc/s  |  24002349 ns/cyc
  0 constraint hits
[3F[J                                                                                
  203 cycles  |  41 cyc/s  |  24002349 ns/cyc
  0 constraint hits
[3F[J                                                                                
  203 cycles  |  41 cyc/s  |  24002349 ns/cyc
  0 constraint hits
[3F[J                                                                                
  203 cycles  |  41 cyc/s  |  24002349 ns/cyc
  0 constraint hits
[3F[J                                                                                
  203 cycles  |  41 cyc/s  |  24002349 ns/cyc
  0 constraint hits
[3F[J                                                                                
  203 cycles  |  41 cyc/s  |  24002349 ns/cyc
  0 constraint hits
[3F[J                                                                                
  203 cycles  |  41 cyc/s  |  24002349 ns/cyc
  0 constraint hits
[3F[J                                                                                
  213 cycles  |  41 cyc/s  |  24162177 ns/cyc
  0 constraint hits
[3F[J                                                                                
  213 cycles  |  41 cyc/s  |  24162177 ns/cyc
  0 constraint hits
[3F[J                                                                                
  213 cycles  |  41 cyc/s  |  24162177 ns/cyc
  0 constraint hits
[3F[J                                                                                
  213 cycles  |  41 cyc/s  |  24162177 ns/cyc
  0 constraint hits
[3F[J                                                                                
  213 cycles  |  41 cyc/s  |  24162177 ns/cyc
  0 constraint hits
[3F[J                                                                                
  213 cycles  |  41 cyc/s  |  24162177 ns/cyc
  0 constraint hits
[3F[J                                                                                
  213 cycles  |  41 cyc/s  |  24162177 ns/cyc
  0 constraint hits
[3F[J                                                                                
  213 cycles  |  41 cyc/s  |  24162177 ns/cyc
  0 constraint hits
[3F[J                                                                                
  213 cycles  |  41 cyc/s  |  24162177 ns/cyc
  0 constraint hits
[3F[J                                                                                
  213 cycles  |  41 cyc/s  |  24162177 ns/cyc
  0 constraint hits
[3F[J                                                                                
  223 cycles  |  41 cyc/s  |  24311495 ns/cyc
  0 constraint hits
[3F[J                                                                                
  223 cycles  |  41 cyc/s  |  24311495 ns/cyc
  0 constraint hits
[3F[J                                                                                
  223 cycles  |  41 cyc/s  |  24311495 ns/cyc
  0 constraint hits
[3F[J                                                                                
  223 cycles  |  41 cyc/s  |  24311495 ns/cyc
  0 constraint hits
[3F[J                                                                                
  223 cycles  |  41 cyc/s  |  24311495 ns/cyc
  0 constraint hits
[3F[J                                                                                
  223 cycles  |  41 cyc/s  |  24311495 ns/cyc
  0 constraint hits
[3F[J                                                                                
  223 cycles  |  41 cyc/s  |  24311495 ns/cyc
  0 constraint hits
[3F[J                                                                                
  223 cycles  |  41 cyc/s  |  24311495 ns/cyc
  0 constraint hits
[3F[J                                                                                
  223 cycles  |  41 cyc/s  |  24311495 ns/cyc
  0 constraint hits
[3F[J                                                                                
  223 cycles  |  41 cyc/s  |  24311495 ns/cyc
  0 constraint hits
[3F[J                                                                                
  233 cycles  |  40 cyc/s  |  24448810 ns/cyc
  0 constraint hits
[3F[J                                                                                
  233 cycles  |  40 cyc/s  |  24448810 ns/cyc
  0 constraint hits
[3F[J                                                                                
  233 cycles  |  40 cyc/s  |  24448810 ns/cyc
  0 constraint hits
[3F[J                                                                                
  233 cycles  |  40 cyc/s  |  24448810 ns/cyc
  0 constraint hits
[3F[J                                                                                
  233 cycles  |  40 cyc/s  |  24448810 ns/cyc
  0 constraint hits
[3F[J                                                                                
  233 cycles  |  40 cyc/s  |  24448810 ns/cyc
  0 constraint hits
[3F[J                                                                                
  233 cycles  |  40 cyc/s  |  24448810 ns/cyc
  0 constraint hits
[3F[J@@TIME_PROC_AVG COUNT:240 AVG_MS:24.541
@@TIME_THROUGHPUT COUNT:240 DURATION_S:5.889755 EVENTS_PER_S:40.749
                                                                                
  233 cycles  |  40 cyc/s  |  24448810 ns/cyc
  0 constraint hits
[3F[J                                                                                
  240 cycles  |  40 cyc/s  |  24537488 ns/cyc
  240 input events parsed in 0.000s  |  24537488 ns/event avg
  0 constraint hits total
  Breakdown:
   [#0]: 0
   [#1]: 0
   [#2]: 0
   [#3@@MONITOR_END:2026-05-14T10:11:02.190599000Z
]: 0
   [#4]: 0
   [#5]: 0
   [#6]: 0
   [#7]: 0
   [#8]: 0
   [#9]: 0
   [#10]: 0
   [#11]: 0
