[3F[J@@MONITOR_START:2026-05-14T10:10:38.426010000Z
                                                                                
  0 cycles
  0 constraint hits
[3F[J                                                                                
  0 cycles
  0 constraint hits
[3F[J                                                                                
  0 cycles
  0 constraint hits
[3F[J                                                                                
  0 cycles
  0 constraint hits
[3F[J                                                                                
  0 cycles
  0 constraint hits
[3F[J                                                                                
  0 cycles
  0 constraint hits
[3F[J                                                                                
  0 cycles
  0 constraint hits
[3F[J                                                                                
  0 cycles
  0 constraint hits
[3F[J                                                                                
  0 cycles
  0 constraint hits
[3F[J                                                                                
  0 cycles
  0 constraint hits
[3F[J                                                                                
  0 cycles
  0 constraint hits
[3F[J                                                                                
  0 cycles
  0 constraint hits
[3F[J                                                                                
  0 cycles
  0 constraint hits
[3F[J                                                                                
  0 cycles
  0 constraint hits
[3F[J                                                                                
  0 cycles
  0 constraint hits
[3F[J                                                                                
  0 cycles
  0 constraint hits
[3F[J                                                                                
  0 cycles
  0 constraint hits
[3F[J                                                                                
  0 cycles
  0 constraint hits
[3F[J                                                                                
  0 cycles
  0 constraint hits
[3F[J                                                                                
  0 cycles
  0 constraint hits
[3F[J                                                                                
  0 cycles
  0 constraint hits
[3F[J                                                                                
  0 cycles
  0 constraint hits
[3F[J                                                                                
  0 cycles
  0 constraint hits
[3F[J                                                                                
  0 cycles
  0 constraint hits
[3F[J                                                                                
  0 cycles
  0 constraint hits
[3F[J                                                                                
  0 cycles
  0 constraint hits
[3F[J                                                                                
  0 cycles
  0 constraint hits
[3F[J                                                                                
  0 cycles
  0 constraint hits
[3F[J                                                                                
  0 cycles
  0 constraint hits
[3F[J                                                                                
  0 cycles
  0 constraint hits
[3F[J                                                                                
  0 cycles
  0 constraint hits
[3F[J                                                                                
  0 cycles
  0 constraint hits
[3F[J                                                                                
  0 cycles
  0 constraint hits
[3F[J                                                                                
  0 cycles
  0 constraint hits
[3F[J                                                                                
  0 cycles
  0 constraint hits
[3F[J                                                                                
  0 cycles
  0 constraint hits
[3F[J                                                                                
  0 cycles
  0 constraint hits
[3F[J                                                                                
  0 cycles
  0 constraint hits
[3F[J                                                                                
  0 cycles
  0 constraint hits
[3F[J                                                                                
  40 cycles  |  149 cyc/s  |  6706818 ns/cyc
  0 constraint hits
[3F[J                                                                                
  40 cycles  |  149 cyc/s  |  6706818 ns/cyc
  0 constraint hits
[3F[J                                                                                
  40 cycles  |  149 cyc/s  |  6706818 ns/cyc
  0 constraint hits
[3F[J                                                                                
  40 cycles  |  149 cyc/s  |  6706818 ns/cyc
  0 constraint hits
[3F[J                                                                                
  40 cycles  |  149 cyc/s  |  6706818 ns/cyc
  0 constraint hits
[3F[J                                                                                
  40 cycles  |  149 cyc/s  |  6706818 ns/cyc
  0 constraint hits
[3F[J                                                                                
  40 cycles  |  149 cyc/s  |  6706818 ns/cyc
  0 constraint hits
[3F[J                                                                                
  40 cycles  |  149 cyc/s  |  6706818 ns/cyc
  0 constraint hits
[3F[J                                                                                
  40 cycles  |  149 cyc/s  |  6706818 ns/cyc
  0 constraint hits
[3F[J                                                                                
  40 cycles  |  149 cyc/s  |  6706818 ns/cyc
  0 constraint hits
[3F[J                                                                                
  40 cycles  |  149 cyc/s  |  6706818 ns/cyc
  0 constraint hits
[3F[J                                                                                
  40 cycles  |  149 cyc/s  |  6706818 ns/cyc
  0 constraint hits
[3F[J                                                                                
  40 cycles  |  149 cyc/s  |  6706818 ns/cyc
  0 constraint hits
[3F[J                                                                                
  40 cycles  |  149 cyc/s  |  6706818 ns/cyc
  0 constraint hits
[3F[J                                                                                
  54 cycles  |  103 cyc/s  |  9621613 ns/cyc
  0 constraint hits
[3F[J                                                                                
  54 cycles  |  103 cyc/s  |  9621613 ns/cyc
  0 constraint hits
[3F[J                                                                                
  54 cycles  |  103 cyc/s  |  9621613 ns/cyc
  0 constraint hits
[3F[J                                                                                
  54 cycles  |  103 cyc/s  |  9621613 ns/cyc
  0 constraint hits
[3F[J                                                                                
  54 cycles  |  103 cyc/s  |  9621613 ns/cyc
  0 constraint hits
[3F[J                                                                                
  54 cycles  |  103 cyc/s  |  9621613 ns/cyc
  0 constraint hits
[3F[J                                                                                
  54 cycles  |  103 cyc/s  |  9621613 ns/cyc
  0 constraint hits
[3F[J                                                                                
  54 cycles  |  103 cyc/s  |  9621613 ns/cyc
  0 constraint hits
[3F[J                                                                                
  54 cycles  |  103 cyc/s  |  9621613 ns/cyc
  0 constraint hits
[3F[J                                                                                
  54 cycles  |  103 cyc/s  |  9621613 ns/cyc
  0 constraint hits
[3F[J                                                                                
  54 cycles  |  103 cyc/s  |  9621613 ns/cyc
  0 constraint hits
[3F[J                                                                                
  54 cycles  |  103 cyc/s  |  9621613 ns/cyc
  0 constraint hits
[3F[J                                                                                
  54 cycles  |  103 cyc/s  |  9621613 ns/cyc
  0 constraint hits
[3F[J                                                                                
  54 cycles  |  103 cyc/s  |  9621613 ns/cyc
  0 constraint hits
[3F[J                                                                                
  68 cycles  |  88 cyc/s  |  11326036 ns/cyc
  0 constraint hits
[3F[J                                                                                
  68 cycles  |  88 cyc/s  |  11326036 ns/cyc
  0 constraint hits
[3F[J                                                                                
  68 cycles  |  88 cyc/s  |  11326036 ns/cyc
  0 constraint hits
[3F[J                                                                                
  68 cycles  |  88 cyc/s  |  11326036 ns/cyc
  0 constraint hits
[3F[J                                                                                
  68 cycles  |  88 cyc/s  |  11326036 ns/cyc
  0 constraint hits
[3F[J                                                                                
  68 cycles  |  88 cyc/s  |  11326036 ns/cyc
  0 constraint hits
[3F[J                                                                                
  68 cycles  |  88 cyc/s  |  11326036 ns/cyc
  0 constraint hits
[3F[J                                                                                
  68 cycles  |  88 cyc/s  |  11326036 ns/cyc
  0 constraint hits
[3F[J                                                                                
  68 cycles  |  88 cyc/s  |  11326036 ns/cyc
  0 constraint hits
[3F[J                                                                                
  68 cycles  |  88 cyc/s  |  11326036 ns/cyc
  0 constraint hits
[3F[J                                                                                
  68 cycles  |  88 cyc/s  |  11326036 ns/cyc
  0 constraint hits
[3F[J                                                                                
  68 cycles  |  88 cyc/s  |  11326036 ns/cyc
  0 constraint hits
[3F[J                                                                                
  68 cycles  |  88 cyc/s  |  11326036 ns/cyc
  0 constraint hits
[3F[J                                                                                
  68 cycles  |  88 cyc/s  |  11326036 ns/cyc
  0 constraint hits
[3F[J                                                                                
  82 cycles  |  80 cyc/s  |  12470405 ns/cyc
  0 constraint hits
[3F[J                                                                                
  82 cycles  |  80 cyc/s  |  12470405 ns/cyc
  0 constraint hits
[3F[J                                                                                
  82 cycles  |  80 cyc/s  |  12470405 ns/cyc
  0 constraint hits
[3F[J                                                                                
  82 cycles  |  80 cyc/s  |  12470405 ns/cyc
  0 constraint hits
[3F[J                                                                                
  82 cycles  |  80 cyc/s  |  12470405 ns/cyc
  0 constraint hits
[3F[J                                                                                
  82 cycles  |  80 cyc/s  |  12470405 ns/cyc
  0 constraint hits
[3F[J                                                                                
  82 cycles  |  80 cyc/s  |  12470405 ns/cyc
  0 constraint hits
[3F[J                                                                                
  82 cycles  |  80 cyc/s  |  12470405 ns/cyc
  0 constraint hits
[3F[J                                                                                
  82 cycles  |  80 cyc/s  |  12470405 ns/cyc
  0 constraint hits
[3F[J                                                                                
  82 cycles  |  80 cyc/s  |  12470405 ns/cyc
  0 constraint hits
[3F[J                                                                                
  82 cycles  |  80 cyc/s  |  12470405 ns/cyc
  0 constraint hits
[3F[J                                                                                
  82 cycles  |  80 cyc/s  |  12470405 ns/cyc
  0 constraint hits
[3F[J                                                                                
  82 cycles  |  80 cyc/s  |  12470405 ns/cyc
  0 constraint hits
[3F[J                                                                                
  82 cycles  |  80 cyc/s  |  12470405 ns/cyc
  0 constraint hits
[3F[J                                                                                
  96 cycles  |  75 cyc/s  |  13298408 ns/cyc
  0 constraint hits
[3F[J                                                                                
  96 cycles  |  75 cyc/s  |  13298408 ns/cyc
  0 constraint hits
[3F[J                                                                                
  96 cycles  |  75 cyc/s  |  13298408 ns/cyc
  0 constraint hits
[3F[J                                                                                
  96 cycles  |  75 cyc/s  |  13298408 ns/cyc
  0 constraint hits
[3F[J                                                                                
  96 cycles  |  75 cyc/s  |  13298408 ns/cyc
  0 constraint hits
[3F[J                                                                                
  96 cycles  |  75 cyc/s  |  13298408 ns/cyc
  0 constraint hits
[3F[J                                                                                
  96 cycles  |  75 cyc/s  |  13298408 ns/cyc
  0 constraint hits
[3F[J                                                                                
  96 cycles  |  75 cyc/s  |  13298408 ns/cyc
  0 constraint hits
[3F[J                                                                                
  96 cycles  |  75 cyc/s  |  13298408 ns/cyc
  0 constraint hits
[3F[J                                                                                
  96 cycles  |  75 cyc/s  |  13298408 ns/cyc
  0 constraint hits
[3F[J                                                                                
  96 cycles  |  75 cyc/s  |  13298408 ns/cyc
  0 constraint hits
[3F[J                                                                                
  96 cycles  |  75 cyc/s  |  13298408 ns/cyc
  0 constraint hits
[3F[J                                                                                
  96 cycles  |  75 cyc/s  |  13298408 ns/cyc
  0 constraint hits
[3F[J                                                                                
  96 cycles  |  75 cyc/s  |  13298408 ns/cyc
  0 constraint hits
[3F[J                                                                                
  110 cycles  |  71 cyc/s  |  13896059 ns/cyc
  0 constraint hits
[3F[J                                                                                
  110 cycles  |  71 cyc/s  |  13896059 ns/cyc
  0 constraint hits
[3F[J                                                                                
  110 cycles  |  71 cyc/s  |  13896059 ns/cyc
  0 constraint hits
[3F[J                                                                                
  110 cycles  |  71 cyc/s  |  13896059 ns/cyc
  0 constraint hits
[3F[J                                                                                
  110 cycles  |  71 cyc/s  |  13896059 ns/cyc
  0 constraint hits
[3F[J                                                                                
  110 cycles  |  71 cyc/s  |  13896059 ns/cyc
  0 constraint hits
[3F[J                                                                                
  110 cycles  |  71 cyc/s  |  13896059 ns/cyc
  0 constraint hits
[3F[J                                                                                
  110 cycles  |  71 cyc/s  |  13896059 ns/cyc
  0 constraint hits
[3F[J                                                                                
  110 cycles  |  71 cyc/s  |  13896059 ns/cyc
  0 constraint hits
[3F[J                                                                                
  110 cycles  |  71 cyc/s  |  13896059 ns/cyc
  0 constraint hits
[3F[J                                                                                
  110 cycles  |  71 cyc/s  |  13896059 ns/cyc
  0 constraint hits
[3F[J                                                                                
  110 cycles  |  71 cyc/s  |  13896059 ns/cyc
  0 constraint hits
[3F[J                                                                                
  110 cycles  |  71 cyc/s  |  13896059 ns/cyc
  0 constraint hits
[3F[J                                                                                
  110 cycles  |  71 cyc/s  |  13896059 ns/cyc
  0 constraint hits
[3F[J                                                                                
  124 cycles  |  69 cyc/s  |  14359739 ns/cyc
  0 constraint hits
[3F[J                                                                                
  124 cycles  |  69 cyc/s  |  14359739 ns/cyc
  0 constraint hits
[3F[J                                                                                
  124 cycles  |  69 cyc/s  |  14359739 ns/cyc
  0 constraint hits
[3F[J                                                                                
  124 cycles  |  69 cyc/s  |  14359739 ns/cyc
  0 constraint hits
[3F[J                                                                                
  124 cycles  |  69 cyc/s  |  14359739 ns/cyc
  0 constraint hits
[3F[J                                                                                
  124 cycles  |  69 cyc/s  |  14359739 ns/cyc
  0 constraint hits
[3F[J                                                                                
  124 cycles  |  69 cyc/s  |  14359739 ns/cyc
  0 constraint hits
[3F[J                                                                                
  124 cycles  |  69 cyc/s  |  14359739 ns/cyc
  0 constraint hits
[3F[J                                                                                
  124 cycles  |  69 cyc/s  |  14359739 ns/cyc
  0 constraint hits
[3F[J                                                                                
  124 cycles  |  69 cyc/s  |  14359739 ns/cyc
  0 constraint hits
[3F[J                                                                                
  124 cycles  |  69 cyc/s  |  14359739 ns/cyc
  0 constraint hits
[3F[J                                                                                
  124 cycles  |  69 cyc/s  |  14359739 ns/cyc
  0 constraint hits
[3F[J                                                                                
  124 cycles  |  69 cyc/s  |  14359739 ns/cyc
  0 constraint hits
[3F[J                                                                                
  124 cycles  |  69 cyc/s  |  14359739 ns/cyc
  0 constraint hits
[3F[J                                                                                
  138 cycles  |  67 cyc/s  |  14724818 ns/cyc
  0 constraint hits
[3F[J                                                                                
  138 cycles  |  67 cyc/s  |  14724818 ns/cyc
  0 constraint hits
[3F[J                                                                                
  138 cycles  |  67 cyc/s  |  14724818 ns/cyc
  0 constraint hits
[3F[J                                                                                
  138 cycles  |  67 cyc/s  |  14724818 ns/cyc
  0 constraint hits
[3F[J                                                                                
  138 cycles  |  67 cyc/s  |  14724818 ns/cyc
  0 constraint hits
[3F[J                                                                                
  138 cycles  |  67 cyc/s  |  14724818 ns/cyc
  0 constraint hits
[3F[J                                                                                
  138 cycles  |  67 cyc/s  |  14724818 ns/cyc
  0 constraint hits
[3F[J                                                                                
  138 cycles  |  67 cyc/s  |  14724818 ns/cyc
  0 constraint hits
[3F[J                                                                                
  138 cycles  |  67 cyc/s  |  14724818 ns/cyc
  0 constraint hits
[3F[J                                                                                
  138 cycles  |  67 cyc/s  |  14724818 ns/cyc
  0 constraint hits
[3F[J                                                                                
  138 cycles  |  67 cyc/s  |  14724818 ns/cyc
  0 constraint hits
[3F[J                                                                                
  138 cycles  |  67 cyc/s  |  14724818 ns/cyc
  0 constraint hits
[3F[J                                                                                
  138 cycles  |  67 cyc/s  |  14724818 ns/cyc
  0 constraint hits
[3F[J                                                                                
  138 cycles  |  67 cyc/s  |  14724818 ns/cyc
  0 constraint hits
[3F[J                                                                                
  152 cycles  |  66 cyc/s  |  15026053 ns/cyc
  0 constraint hits
[3F[J                                                                                
  152 cycles  |  66 cyc/s  |  15026053 ns/cyc
  0 constraint hits
[3F[J                                                                                
  152 cycles  |  66 cyc/s  |  15026053 ns/cyc
  0 constraint hits
[3F[J                                                                                
  152 cycles  |  66 cyc/s  |  15026053 ns/cyc
  0 constraint hits
[3F[J                                                                                
  152 cycles  |  66 cyc/s  |  15026053 ns/cyc
  0 constraint hits
[3F[J                                                                                
  152 cycles  |  66 cyc/s  |  15026053 ns/cyc
  0 constraint hits
[3F[J                                                                                
  152 cycles  |  66 cyc/s  |  15026053 ns/cyc
  0 constraint hits
[3F[J                                                                                
  152 cycles  |  66 cyc/s  |  15026053 ns/cyc
  0 constraint hits
[3F[J                                                                                
  152 cycles  |  66 cyc/s  |  15026053 ns/cyc
  0 constraint hits
[3F[J                                                                                
  152 cycles  |  66 cyc/s  |  15026053 ns/cyc
  0 constraint hits
[3F[J                                                                                
  152 cycles  |  66 cyc/s  |  15026053 ns/cyc
  0 constraint hits
[3F[J                                                                                
  152 cycles  |  66 cyc/s  |  15026053 ns/cyc
  0 constraint hits
[3F[J                                                                                
  152 cycles  |  66 cyc/s  |  15026053 ns/cyc
  0 constraint hits
[3F[J                                                                                
  152 cycles  |  66 cyc/s  |  15026053 ns/cyc
  0 constraint hits
[3F[J                                                                                
  166 cycles  |  65 cyc/s  |  15279495 ns/cyc
  0 constraint hits
[3F[J                                                                                
  166 cycles  |  65 cyc/s  |  15279495 ns/cyc
  0 constraint hits
[3F[J                                                                                
  166 cycles  |  65 cyc/s  |  15279495 ns/cyc
  0 constraint hits
[3F[J                                                                                
  166 cycles  |  65 cyc/s  |  15279495 ns/cyc
  0 constraint hits
[3F[J                                                                                
  166 cycles  |  65 cyc/s  |  15279495 ns/cyc
  0 constraint hits
[3F[J                                                                                
  166 cycles  |  65 cyc/s  |  15279495 ns/cyc
  0 constraint hits
[3F[J                                                                                
  166 cycles  |  65 cyc/s  |  15279495 ns/cyc
  0 constraint hits
[3F[J                                                                                
  166 cycles  |  65 cyc/s  |  15279495 ns/cyc
  0 constraint hits
[3F[J                                                                                
  166 cycles  |  65 cyc/s  |  15279495 ns/cyc
  0 constraint hits
[3F[J                                                                                
  166 cycles  |  65 cyc/s  |  15279495 ns/cyc
  0 constraint hits
[3F[J                                                                                
  166 cycles  |  65 cyc/s  |  15279495 ns/cyc
  0 constraint hits
[3F[J                                                                                
  166 cycles  |  65 cyc/s  |  15279495 ns/cyc
  0 constraint hits
[3F[J                                                                                
  166 cycles  |  65 cyc/s  |  15279495 ns/cyc
  0 constraint hits
[3F[J                                                                                
  166 cycles  |  65 cyc/s  |  15279495 ns/cyc
  0 constraint hits
[3F[J                                                                                
  180 cycles  |  64 cyc/s  |  15506873 ns/cyc
  0 constraint hits
[3F[J                                                                                
  180 cycles  |  64 cyc/s  |  15506873 ns/cyc
  0 constraint hits
[3F[J                                                                                
  180 cycles  |  64 cyc/s  |  15506873 ns/cyc
  0 constraint hits
[3F[J                                                                                
  180 cycles  |  64 cyc/s  |  15506873 ns/cyc
  0 constraint hits
[3F[J                                                                                
  180 cycles  |  64 cyc/s  |  15506873 ns/cyc
  0 constraint hits
[3F[J                                                                                
  180 cycles  |  64 cyc/s  |  15506873 ns/cyc
  0 constraint hits
[3F[J                                                                                
  180 cycles  |  64 cyc/s  |  15506873 ns/cyc
  0 constraint hits
[3F[J                                                                                
  180 cycles  |  64 cyc/s  |  15506873 ns/cyc
  0 constraint hits
[3F[J                                                                                
  180 cycles  |  64 cyc/s  |  15506873 ns/cyc
  0 constraint hits
[3F[J                                                                                
  180 cycles  |  64 cyc/s  |  15506873 ns/cyc
  0 constraint hits
[3F[J                                                                                
  180 cycles  |  64 cyc/s  |  15506873 ns/cyc
  0 constraint hits
[3F[J                                                                                
  180 cycles  |  64 cyc/s  |  15506873 ns/cyc
  0 constraint hits
[3F[J                                                                                
  180 cycles  |  64 cyc/s  |  15506873 ns/cyc
  0 constraint hits
[3F[J                                                                                
  180 cycles  |  64 cyc/s  |  15506873 ns/cyc
  0 constraint hits
[3F[J                                                                                
  194 cycles  |  63 cyc/s  |  15681285 ns/cyc
  0 constraint hits
[3F[J                                                                                
  194 cycles  |  63 cyc/s  |  15681285 ns/cyc
  0 constraint hits
[3F[J                                                                                
  194 cycles  |  63 cyc/s  |  15681285 ns/cyc
  0 constraint hits
[3F[J                                                                                
  194 cycles  |  63 cyc/s  |  15681285 ns/cyc
  0 constraint hits
[3F[J                                                                                
  194 cycles  |  63 cyc/s  |  15681285 ns/cyc
  0 constraint hits
[3F[J                                                                                
  194 cycles  |  63 cyc/s  |  15681285 ns/cyc
  0 constraint hits
[3F[J                                                                                
  194 cycles  |  63 cyc/s  |  15681285 ns/cyc
  0 constraint hits
[3F[J                                                                                
  194 cycles  |  63 cyc/s  |  15681285 ns/cyc
  0 constraint hits
[3F[J                                                                                
  194 cycles  |  63 cyc/s  |  15681285 ns/cyc
  0 constraint hits
[3F[J                                                                                
  194 cycles  |  63 cyc/s  |  15681285 ns/cyc
  0 constraint hits
[3F[J                                                                                
  194 cycles  |  63 cyc/s  |  15681285 ns/cyc
  0 constraint hits
[3F[J                                                                                
  194 cycles  |  63 cyc/s  |  15681285 ns/cyc
  0 constraint hits
[3F[J                                                                                
  194 cycles  |  63 cyc/s  |  15681285 ns/cyc
  0 constraint hits
[3F[J                                                                                
  194 cycles  |  63 cyc/s  |  15681285 ns/cyc
  0 constraint hits
[3F[J                                                                                
  208 cycles  |  63 cyc/s  |  15838125 ns/cyc
  0 constraint hits
[3F[J                                                                                
  208 cycles  |  63 cyc/s  |  15838125 ns/cyc
  0 constraint hits
[3F[J                                                                                
  208 cycles  |  63 cyc/s  |  15838125 ns/cyc
  0 constraint hits
[3F[J                                                                                
  208 cycles  |  63 cyc/s  |  15838125 ns/cyc
  0 constraint hits
[3F[J                                                                                
  208 cycles  |  63 cyc/s  |  15838125 ns/cyc
  0 constraint hits
[3F[J                                                                                
  208 cycles  |  63 cyc/s  |  15838125 ns/cyc
  0 constraint hits
[3F[J                                                                                
  208 cycles  |  63 cyc/s  |  15838125 ns/cyc
  0 constraint hits
[3F[J                                                                                
  208 cycles  |  63 cyc/s  |  15838125 ns/cyc
  0 constraint hits
[3F[J                                                                                
  208 cycles  |  63 cyc/s  |  15838125 ns/cyc
  0 constraint hits
[3F[J                                                                                
  208 cycles  |  63 cyc/s  |  15838125 ns/cyc
  0 constraint hits
[3F[J                                                                                
  208 cycles  |  63 cyc/s  |  15838125 ns/cyc
  0 constraint hits
[3F[J                                                                                
  208 cycles  |  63 cyc/s  |  15838125 ns/cyc
  0 constraint hits
[3F[J                                                                                
  208 cycles  |  63 cyc/s  |  15838125 ns/cyc
  0 constraint hits
[3F[J                                                                                
  208 cycles  |  63 cyc/s  |  15838125 ns/cyc
  0 constraint hits
[3F[J                                                                                
  222 cycles  |  62 cyc/s  |  15979199 ns/cyc
  0 constraint hits
[3F[J                                                                                
  222 cycles  |  62 cyc/s  |  15979199 ns/cyc
  0 constraint hits
[3F[J                                                                                
  222 cycles  |  62 cyc/s  |  15979199 ns/cyc
  0 constraint hits
[3F[J                                                                                
  222 cycles  |  62 cyc/s  |  15979199 ns/cyc
  0 constraint hits
[3F[J                                                                                
  222 cycles  |  62 cyc/s  |  15979199 ns/cyc
  0 constraint hits
[3F[J                                                                                
  222 cycles  |  62 cyc/s  |  15979199 ns/cyc
  0 constraint hits
[3F[J                                                                                
  222 cycles  |  62 cyc/s  |  15979199 ns/cyc
  0 constraint hits
[3F[J                                                                                
  222 cycles  |  62 cyc/s  |  15979199 ns/cyc
  0 constraint hits
[3F[J                                                                                
  222 cycles  |  62 cyc/s  |  15979199 ns/cyc
  0 constraint hits
[3F[J                                                                                
  222 cycles  |  62 cyc/s  |  15979199 ns/cyc
  0 constraint hits
[3F[J                                                                                
  222 cycles  |  62 cyc/s  |  15979199 ns/cyc
  0 constraint hits
[3F[J                                                                                
  222 cycles  |  62 cyc/s  |  15979199 ns/cyc
  0 constraint hits
[3F[J                                                                                
  222 cycles  |  62 cyc/s  |  15979199 ns/cyc
  0 constraint hits
[3F[J                                                                                
  222 cycles  |  62 cyc/s  |  15979199 ns/cyc
  0 constraint hits
[3F[J                                                                                
  236 cycles  |  62 cyc/s  |  16096157 ns/cyc
  0 constraint hits
[3F[J                                                                                
  236 cycles  |  62 cyc/s  |  16096157 ns/cyc
  0 constraint hits
[3F[J                                                                                
  236 cycles  |  62 cyc/s  |  16096157 ns/cyc
  0 constraint hits
[3F[J                                                                                
  236 cycles  |  62 cyc/s  |  16096157 ns/cyc
  0 constraint hits
[3F[J@@TIME_PROC_AVG COUNT:240 AVG_MS:16.131
@@TIME_THROUGHPUT COUNT:240 DURATION_S:3.871517 EVENTS_PER_S:61.991
                                                                                
  236 cycles  |  62 cyc/s  |  16096157 ns/cyc
  0 constraint hits
[3F[J                                                                                
  240 cycles  |  62 cyc/s  |  16128778 ns/cyc
  240 input events parsed in 0.000s  |  16128778 ns/event avg
  0 constraint hits total
  Breakdown:
   [#0]: 0
   [#1]: 0@@MONITOR_END:2026-05-14T10:10:42.297775000Z

   [#2]: 0
   [#3]: 0
   [#4]: 0
   [#5]: 0
   [#6]: 0
   [#7]: 0
