@@MONITOR_START:2026-05-14T10:08:19.326987000Z
[3F[J                                                                                
  0 cycles
  0 constraint hits
[3F[J                                                                                
  0 cycles
  0 constraint hits
[3F[J                                                                                
  0 cycles
  0 constraint hits
[3F[J                                                                                
  0 cycles
  0 constraint hits
[3F[J                                                                                
  0 cycles
  0 constraint hits
[3F[J                                                                                
  0 cycles
  0 constraint hits
[3F[J                                                                                
  0 cycles
  0 constraint hits
[3F[J                                                                                
  0 cycles
  0 constraint hits
[3F[J                                                                                
  0 cycles
  0 constraint hits
[3F[J                                                                                
  0 cycles
  0 constraint hits
[3F[J                                                                                
  0 cycles
  0 constraint hits
[3F[J                                                                                
  0 cycles
  0 constraint hits
[3F[J                                                                                
  0 cycles
  0 constraint hits
[3F[J                                                                                
  0 cycles
  0 constraint hits
[3F[J                                                                                
  0 cycles
  0 constraint hits
[3F[J                                                                                
  0 cycles
  0 constraint hits
[3F[J                                                                                
  0 cycles
  0 constraint hits
[3F[J                                                                                
  0 cycles
  0 constraint hits
[3F[J                                                                                
  0 cycles
  0 constraint hits
[3F[J                                                                                
  0 cycles
  0 constraint hits
[3F[J                                                                                
  0 cycles
  0 constraint hits
[3F[J                                                                                
  0 cycles
  0 constraint hits
[3F[J                                                                                
  0 cycles
  0 constraint hits
[3F[J                                                                                
  0 cycles
  0 constraint hits
[3F[J                                                                                
  0 cycles
  0 constraint hits
[3F[J                                                                                
  0 cycles
  0 constraint hits
[3F[J                                                                                
  0 cycles
  0 constraint hits
[3F[J                                                                                
  0 cycles
  0 constraint hits
[3F[J                                                                                
  0 cycles
  0 constraint hits
[3F[J                                                                                
  0 cycles
  0 constraint hits
[3F[J                                                                                
  0 cycles
  0 constraint hits
[3F[J                                                                                
  0 cycles
  0 constraint hits
[3F[J                                                                                
  0 cycles
  0 constraint hits
[3F[J                                                                                
  0 cycles
  0 constraint hits
[3F[J                                                                                
  0 cycles
  0 constraint hits
[3F[J                                                                                
  0 cycles
  0 constraint hits
[3F[J                                                                                
  0 cycles
  0 constraint hits
[3F[J                                                                                
  0 cycles
  0 constraint hits
[3F[J                                                                                
  0 cycles
  0 constraint hits
[3F[J                                                                                
  0 cycles
  0 constraint hits
[3F[J                                                                                
  0 cycles
  0 constraint hits
[3F[J                                                                                
  0 cycles
  0 constraint hits
[3F[J                                                                                
  0 cycles
  0 constraint hits
[3F[J                                                                                
  0 cycles
  0 constraint hits
[3F[J                                                                                
  0 cycles
  0 constraint hits
[3F[J                                                                                
  0 cycles
  0 constraint hits
[3F[J                                                                                
  0 cycles
  0 constraint hits
[3F[J                                                                                
  0 cycles
  0 constraint hits
[3F[J                                                                                
  0 cycles
  0 constraint hits
[3F[J                                                                                
  0 cycles
  0 constraint hits
[3F[J                                                                                
  0 cycles
  0 constraint hits
[3F[J                                                                                
  0 cycles
  0 constraint hits
[3F[J                                                                                
  0 cycles
  0 constraint hits
[3F[J                                                                                
  0 cycles
  0 constraint hits
[3F[J                                                                                
  0 cycles
  0 constraint hits
[3F[J                                                                                
  0 cycles
  0 constraint hits
[3F[J                                                                                
  0 cycles
  0 constraint hits
[3F[J                                                                                
  0 cycles
  0 constraint hits
[3F[J                                                                                
  0 cycles
  0 constraint hits
[3F[J                                                                                
  0 cycles
  0 constraint hits
[3F[J                                                                                
  0 cycles
  0 constraint hits
[3F[J                                                                                
  0 cycles
  0 constraint hits
[3F[J                                                                                
  0 cycles
  0 constraint hits
[3F[J                                                                                
  0 cycles
  0 constraint hits
[3F[J                                                                                
  0 cycles
  0 constraint hits
[3F[J                                                                                
  0 cycles
  0 constraint hits
[3F[J                                                                                
  0 cycles
  0 constraint hits
[3F[J                                                                                
  0 cycles
  0 constraint hits
[3F[J                                                                                
  0 cycles
  0 constraint hits
[3F[J                                                                                
  0 cycles
  0 constraint hits
[3F[J                                                                                
  0 cycles
  0 constraint hits
[3F[J                                                                                
  0 cycles
  0 constraint hits
[3F[J                                                                                
  0 cycles
  0 constraint hits
[3F[J                                                                                
  0 cycles
  0 constraint hits
[3F[J                                                                                
  0 cycles
  0 constraint hits
[3F[J                                                                                
  0 cycles
  0 constraint hits
[3F[J                                                                                
  0 cycles
  0 constraint hits
[3F[J                                                                                
  0 cycles
  0 constraint hits
[3F[J                                                                                
  0 cycles
  0 constraint hits
[3F[J                                                                                
  0 cycles
  0 constraint hits
[3F[J                                                                                
  0 cycles
  0 constraint hits
[3F[J                                                                                
  0 cycles
  0 constraint hits
[3F[J                                                                                
  0 cycles
  0 constraint hits
[3F[J                                                                                
  0 cycles
  0 constraint hits
[3F[J                                                                                
  0 cycles
  0 constraint hits
[3F[J                                                                                
  0 cycles
  0 constraint hits
[3F[J                                                                                
  0 cycles
  0 constraint hits
[3F[J                                                                                
  88 cycles  |  350 cyc/s  |  2851219 ns/cyc
  0 constraint hits
[3F[J                                                                                
  88 cycles  |  350 cyc/s  |  2851219 ns/cyc
  0 constraint hits
[3F[J                                                                                
  88 cycles  |  350 cyc/s  |  2851219 ns/cyc
  0 constraint hits
[3F[J                                                                                
  88 cycles  |  350 cyc/s  |  2851219 ns/cyc
  0 constraint hits
[3F[J                                                                                
  88 cycles  |  350 cyc/s  |  2851219 ns/cyc
  0 constraint hits
[3F[J                                                                                
  88 cycles  |  350 cyc/s  |  2851219 ns/cyc
  0 constraint hits
[3F[J                                                                                
  88 cycles  |  350 cyc/s  |  2851219 ns/cyc
  0 constraint hits
[3F[J                                                                                
  88 cycles  |  350 cyc/s  |  2851219 ns/cyc
  0 constraint hits
[3F[J                                                                                
  88 cycles  |  350 cyc/s  |  2851219 ns/cyc
  0 constraint hits
[3F[J                                                                                
  88 cycles  |  350 cyc/s  |  2851219 ns/cyc
  0 constraint hits
[3F[J                                                                                
  88 cycles  |  350 cyc/s  |  2851219 ns/cyc
  0 constraint hits
[3F[J                                                                                
  88 cycles  |  350 cyc/s  |  2851219 ns/cyc
  0 constraint hits
[3F[J                                                                                
  88 cycles  |  350 cyc/s  |  2851219 ns/cyc
  0 constraint hits
[3F[J                                                                                
  88 cycles  |  350 cyc/s  |  2851219 ns/cyc
  0 constraint hits
[3F[J                                                                                
  88 cycles  |  350 cyc/s  |  2851219 ns/cyc
  0 constraint hits
[3F[J                                                                                
  88 cycles  |  350 cyc/s  |  2851219 ns/cyc
  0 constraint hits
[3F[J                                                                                
  88 cycles  |  350 cyc/s  |  2851219 ns/cyc
  0 constraint hits
[3F[J                                                                                
  88 cycles  |  350 cyc/s  |  2851219 ns/cyc
  0 constraint hits
[3F[J                                                                                
  88 cycles  |  350 cyc/s  |  2851219 ns/cyc
  0 constraint hits
[3F[J                                                                                
  88 cycles  |  350 cyc/s  |  2851219 ns/cyc
  0 constraint hits
[3F[J                                                                                
  88 cycles  |  350 cyc/s  |  2851219 ns/cyc
  0 constraint hits
[3F[J                                                                                
  88 cycles  |  350 cyc/s  |  2851219 ns/cyc
  0 constraint hits
[3F[J                                                                                
  88 cycles  |  350 cyc/s  |  2851219 ns/cyc
  0 constraint hits
[3F[J                                                                                
  88 cycles  |  350 cyc/s  |  2851219 ns/cyc
  0 constraint hits
[3F[J                                                                                
  88 cycles  |  350 cyc/s  |  2851219 ns/cyc
  0 constraint hits
[3F[J                                                                                
  88 cycles  |  350 cyc/s  |  2851219 ns/cyc
  0 constraint hits
[3F[J                                                                                
  88 cycles  |  350 cyc/s  |  2851219 ns/cyc
  0 constraint hits
[3F[J                                                                                
  88 cycles  |  350 cyc/s  |  2851219 ns/cyc
  0 constraint hits
[3F[J                                                                                
  88 cycles  |  350 cyc/s  |  2851219 ns/cyc
  0 constraint hits
[3F[J                                                                                
  88 cycles  |  350 cyc/s  |  2851219 ns/cyc
  0 constraint hits
[3F[J                                                                                
  88 cycles  |  350 cyc/s  |  2851219 ns/cyc
  0 constraint hits
[3F[J                                                                                
  88 cycles  |  350 cyc/s  |  2851219 ns/cyc
  0 constraint hits
[3F[J                                                                                
  88 cycles  |  350 cyc/s  |  2851219 ns/cyc
  0 constraint hits
[3F[J                                                                                
  88 cycles  |  350 cyc/s  |  2851219 ns/cyc
  0 constraint hits
[3F[J                                                                                
  88 cycles  |  350 cyc/s  |  2851219 ns/cyc
  0 constraint hits
[3F[J                                                                                
  88 cycles  |  350 cyc/s  |  2851219 ns/cyc
  0 constraint hits
[3F[J                                                                                
  88 cycles  |  350 cyc/s  |  2851219 ns/cyc
  0 constraint hits
[3F[J                                                                                
  88 cycles  |  350 cyc/s  |  2851219 ns/cyc
  0 constraint hits
[3F[J                                                                                
  88 cycles  |  350 cyc/s  |  2851219 ns/cyc
  0 constraint hits
[3F[J                                                                                
  88 cycles  |  350 cyc/s  |  2851219 ns/cyc
  0 constraint hits
[3F[J                                                                                
  88 cycles  |  350 cyc/s  |  2851219 ns/cyc
  0 constraint hits
[3F[J                                                                                
  88 cycles  |  350 cyc/s  |  2851219 ns/cyc
  0 constraint hits
[3F[J                                                                                
  88 cycles  |  350 cyc/s  |  2851219 ns/cyc
  0 constraint hits
[3F[J                                                                                
  88 cycles  |  350 cyc/s  |  2851219 ns/cyc
  0 constraint hits
[3F[J                                                                                
  88 cycles  |  350 cyc/s  |  2851219 ns/cyc
  0 constraint hits
[3F[J                                                                                
  88 cycles  |  350 cyc/s  |  2851219 ns/cyc
  0 constraint hits
[3F[J                                                                                
  88 cycles  |  350 cyc/s  |  2851219 ns/cyc
  0 constraint hits
[3F[J                                                                                
  88 cycles  |  350 cyc/s  |  2851219 ns/cyc
  0 constraint hits
[3F[J                                                                                
  88 cycles  |  350 cyc/s  |  2851219 ns/cyc
  0 constraint hits
[3F[J                                                                                
  88 cycles  |  350 cyc/s  |  2851219 ns/cyc
  0 constraint hits
[3F[J                                                                                
  88 cycles  |  350 cyc/s  |  2851219 ns/cyc
  0 constraint hits
[3F[J                                                                                
  88 cycles  |  350 cyc/s  |  2851219 ns/cyc
  0 constraint hits
[3F[J                                                                                
  88 cycles  |  350 cyc/s  |  2851219 ns/cyc
  0 constraint hits
[3F[J                                                                                
  88 cycles  |  350 cyc/s  |  2851219 ns/cyc
  0 constraint hits
[3F[J                                                                                
  88 cycles  |  350 cyc/s  |  2851219 ns/cyc
  0 constraint hits
[3F[J                                                                                
  88 cycles  |  350 cyc/s  |  2851219 ns/cyc
  0 constraint hits
[3F[J                                                                                
  88 cycles  |  350 cyc/s  |  2851219 ns/cyc
  0 constraint hits
[3F[J                                                                                
  88 cycles  |  350 cyc/s  |  2851219 ns/cyc
  0 constraint hits
[3F[J                                                                                
  88 cycles  |  350 cyc/s  |  2851219 ns/cyc
  0 constraint hits
[3F[J                                                                                
  88 cycles  |  350 cyc/s  |  2851219 ns/cyc
  0 constraint hits
[3F[J                                                                                
  88 cycles  |  350 cyc/s  |  2851219 ns/cyc
  0 constraint hits
[3F[J                                                                                
  88 cycles  |  350 cyc/s  |  2851219 ns/cyc
  0 constraint hits
[3F[J                                                                                
  88 cycles  |  350 cyc/s  |  2851219 ns/cyc
  0 constraint hits
[3F[J                                                                                
  88 cycles  |  350 cyc/s  |  2851219 ns/cyc
  0 constraint hits
[3F[J                                                                                
  88 cycles  |  350 cyc/s  |  2851219 ns/cyc
  0 constraint hits
[3F[J                                                                                
  88 cycles  |  350 cyc/s  |  2851219 ns/cyc
  0 constraint hits
[3F[J                                                                                
  88 cycles  |  350 cyc/s  |  2851219 ns/cyc
  0 constraint hits
[3F[J                                                                                
  88 cycles  |  350 cyc/s  |  2851219 ns/cyc
  0 constraint hits
[3F[J                                                                                
  88 cycles  |  350 cyc/s  |  2851219 ns/cyc
  0 constraint hits
[3F[J                                                                                
  88 cycles  |  350 cyc/s  |  2851219 ns/cyc
  0 constraint hits
[3F[J                                                                                
  88 cycles  |  350 cyc/s  |  2851219 ns/cyc
  0 constraint hits
[3F[J                                                                                
  88 cycles  |  350 cyc/s  |  2851219 ns/cyc
  0 constraint hits
[3F[J                                                                                
  88 cycles  |  350 cyc/s  |  2851219 ns/cyc
  0 constraint hits
[3F[J                                                                                
  88 cycles  |  350 cyc/s  |  2851219 ns/cyc
  0 constraint hits
[3F[J                                                                                
  88 cycles  |  350 cyc/s  |  2851219 ns/cyc
  0 constraint hits
[3F[J                                                                                
  88 cycles  |  350 cyc/s  |  2851219 ns/cyc
  0 constraint hits
[3F[J                                                                                
  88 cycles  |  350 cyc/s  |  2851219 ns/cyc
  0 constraint hits
[3F[J                                                                                
  88 cycles  |  350 cyc/s  |  2851219 ns/cyc
  0 constraint hits
[3F[J                                                                                
  88 cycles  |  350 cyc/s  |  2851219 ns/cyc
  0 constraint hits
[3F[J                                                                                
  88 cycles  |  350 cyc/s  |  2851219 ns/cyc
  0 constraint hits
[3F[J                                                                                
  88 cycles  |  350 cyc/s  |  2851219 ns/cyc
  0 constraint hits
[3F[J                                                                                
  88 cycles  |  350 cyc/s  |  2851219 ns/cyc
  0 constraint hits
[3F[J                                                                                
  170 cycles  |  338 cyc/s  |  2952334 ns/cyc
  0 constraint hits
[3F[J                                                                                
  170 cycles  |  338 cyc/s  |  2952334 ns/cyc
  0 constraint hits
[3F[J                                                                                
  170 cycles  |  338 cyc/s  |  2952334 ns/cyc
  0 constraint hits
[3F[J                                                                                
  170 cycles  |  338 cyc/s  |  2952334 ns/cyc
  0 constraint hits
[3F[J                                                                                
  170 cycles  |  338 cyc/s  |  2952334 ns/cyc
  0 constraint hits
[3F[J                                                                                
  170 cycles  |  338 cyc/s  |  2952334 ns/cyc
  0 constraint hits
[3F[J                                                                                
  170 cycles  |  338 cyc/s  |  2952334 ns/cyc
  0 constraint hits
[3F[J                                                                                
  170 cycles  |  338 cyc/s  |  2952334 ns/cyc
  0 constraint hits
[3F[J                                                                                
  170 cycles  |  338 cyc/s  |  2952334 ns/cyc
  0 constraint hits
[3F[J                                                                                
  170 cycles  |  338 cyc/s  |  2952334 ns/cyc
  0 constraint hits
[3F[J                                                                                
  170 cycles  |  338 cyc/s  |  2952334 ns/cyc
  0 constraint hits
[3F[J                                                                                
  170 cycles  |  338 cyc/s  |  2952334 ns/cyc
  0 constraint hits
[3F[J                                                                                
  170 cycles  |  338 cyc/s  |  2952334 ns/cyc
  0 constraint hits
[3F[J                                                                                
  170 cycles  |  338 cyc/s  |  2952334 ns/cyc
  0 constraint hits
[3F[J                                                                                
  170 cycles  |  338 cyc/s  |  2952334 ns/cyc
  0 constraint hits
[3F[J                                                                                
  170 cycles  |  338 cyc/s  |  2952334 ns/cyc
  0 constraint hits
[3F[J                                                                                
  170 cycles  |  338 cyc/s  |  2952334 ns/cyc
  0 constraint hits
[3F[J                                                                                
  170 cycles  |  338 cyc/s  |  2952334 ns/cyc
  0 constraint hits
[3F[J                                                                                
  170 cycles  |  338 cyc/s  |  2952334 ns/cyc
  0 constraint hits
[3F[J                                                                                
  170 cycles  |  338 cyc/s  |  2952334 ns/cyc
  0 constraint hits
[3F[J                                                                                
  170 cycles  |  338 cyc/s  |  2952334 ns/cyc
  0 constraint hits
[3F[J                                                                                
  170 cycles  |  338 cyc/s  |  2952334 ns/cyc
  0 constraint hits
[3F[J                                                                                
  170 cycles  |  338 cyc/s  |  2952334 ns/cyc
  0 constraint hits
[3F[J                                                                                
  170 cycles  |  338 cyc/s  |  2952334 ns/cyc
  0 constraint hits
[3F[J                                                                                
  170 cycles  |  338 cyc/s  |  2952334 ns/cyc
  0 constraint hits
[3F[J                                                                                
  170 cycles  |  338 cyc/s  |  2952334 ns/cyc
  0 constraint hits
[3F[J                                                                                
  170 cycles  |  338 cyc/s  |  2952334 ns/cyc
  0 constraint hits
[3F[J                                                                                
  170 cycles  |  338 cyc/s  |  2952334 ns/cyc
  0 constraint hits
[3F[J                                                                                
  170 cycles  |  338 cyc/s  |  2952334 ns/cyc
  0 constraint hits
[3F[J                                                                                
  170 cycles  |  338 cyc/s  |  2952334 ns/cyc
  0 constraint hits
[3F[J                                                                                
  170 cycles  |  338 cyc/s  |  2952334 ns/cyc
  0 constraint hits
[3F[J                                                                                
  170 cycles  |  338 cyc/s  |  2952334 ns/cyc
  0 constraint hits
[3F[J                                                                                
  170 cycles  |  338 cyc/s  |  2952334 ns/cyc
  0 constraint hits
[3F[J                                                                                
  170 cycles  |  338 cyc/s  |  2952334 ns/cyc
  0 constraint hits
[3F[J                                                                                
  170 cycles  |  338 cyc/s  |  2952334 ns/cyc
  0 constraint hits
[3F[J                                                                                
  170 cycles  |  338 cyc/s  |  2952334 ns/cyc
  0 constraint hits
[3F[J                                                                                
  170 cycles  |  338 cyc/s  |  2952334 ns/cyc
  0 constraint hits
[3F[J                                                                                
  170 cycles  |  338 cyc/s  |  2952334 ns/cyc
  0 constraint hits
[3F[J                                                                                
  170 cycles  |  338 cyc/s  |  2952334 ns/cyc
  0 constraint hits
[3F[J                                                                                
  170 cycles  |  338 cyc/s  |  2952334 ns/cyc
  0 constraint hits
[3F[J                                                                                
  170 cycles  |  338 cyc/s  |  2952334 ns/cyc
  0 constraint hits
[3F[J                                                                                
  170 cycles  |  338 cyc/s  |  2952334 ns/cyc
  0 constraint hits
[3F[J                                                                                
  170 cycles  |  338 cyc/s  |  2952334 ns/cyc
  0 constraint hits
[3F[J                                                                                
  170 cycles  |  338 cyc/s  |  2952334 ns/cyc
  0 constraint hits
[3F[J                                                                                
  170 cycles  |  338 cyc/s  |  2952334 ns/cyc
  0 constraint hits
[3F[J                                                                                
  170 cycles  |  338 cyc/s  |  2952334 ns/cyc
  0 constraint hits
[3F[J                                                                                
  170 cycles  |  338 cyc/s  |  2952334 ns/cyc
  0 constraint hits
[3F[J                                                                                
  170 cycles  |  338 cyc/s  |  2952334 ns/cyc
  0 constraint hits
[3F[J                                                                                
  170 cycles  |  338 cyc/s  |  2952334 ns/cyc
  0 constraint hits
[3F[J                                                                                
  170 cycles  |  338 cyc/s  |  2952334 ns/cyc
  0 constraint hits
[3F[J                                                                                
  170 cycles  |  338 cyc/s  |  2952334 ns/cyc
  0 constraint hits
[3F[J                                                                                
  170 cycles  |  338 cyc/s  |  2952334 ns/cyc
  0 constraint hits
[3F[J                                                                                
  170 cycles  |  338 cyc/s  |  2952334 ns/cyc
  0 constraint hits
[3F[J                                                                                
  170 cycles  |  338 cyc/s  |  2952334 ns/cyc
  0 constraint hits
[3F[J                                                                                
  170 cycles  |  338 cyc/s  |  2952334 ns/cyc
  0 constraint hits
[3F[J                                                                                
  170 cycles  |  338 cyc/s  |  2952334 ns/cyc
  0 constraint hits
[3F[J                                                                                
  170 cycles  |  338 cyc/s  |  2952334 ns/cyc
  0 constraint hits
[3F[J                                                                                
  170 cycles  |  338 cyc/s  |  2952334 ns/cyc
  0 constraint hits
[3F[J                                                                                
  170 cycles  |  338 cyc/s  |  2952334 ns/cyc
  0 constraint hits
[3F[J                                                                                
  170 cycles  |  338 cyc/s  |  2952334 ns/cyc
  0 constraint hits
[3F[J                                                                                
  170 cycles  |  338 cyc/s  |  2952334 ns/cyc
  0 constraint hits
[3F[J                                                                                
  170 cycles  |  338 cyc/s  |  2952334 ns/cyc
  0 constraint hits
[3F[J                                                                                
  170 cycles  |  338 cyc/s  |  2952334 ns/cyc
  0 constraint hits
[3F[J                                                                                
  170 cycles  |  338 cyc/s  |  2952334 ns/cyc
  0 constraint hits
[3F[J                                                                                
  170 cycles  |  338 cyc/s  |  2952334 ns/cyc
  0 constraint hits
[3F[J                                                                                
  170 cycles  |  338 cyc/s  |  2952334 ns/cyc
  0 constraint hits
[3F[J                                                                                
  170 cycles  |  338 cyc/s  |  2952334 ns/cyc
  0 constraint hits
[3F[J                                                                                
  170 cycles  |  338 cyc/s  |  2952334 ns/cyc
  0 constraint hits
[3F[J                                                                                
  170 cycles  |  338 cyc/s  |  2952334 ns/cyc
  0 constraint hits
[3F[J                                                                                
  170 cycles  |  338 cyc/s  |  2952334 ns/cyc
  0 constraint hits
[3F[J@@TIME_PROC_AVG COUNT:240 AVG_MS:2.959
@@TIME_THROUGHPUT COUNT:240 DURATION_S:0.710240 EVENTS_PER_S:337.914
                                                                                
  170 cycles  |  338 cyc/s  |  2952334 ns/cyc
  0 constraint hits
[3F[J                                                                                
  240 cycles  |  338 cyc/s  |  2956841 ns/cyc
  240 input events parsed in 0.000s  |  2956841 ns/event avg
  0 constraint hits total
  Breakdown:
   [#0]: 0
   [#@@MONITOR_END:2026-05-14T10:08:20.037437000Z
1]: 0
   [#2]: 0
   [#3]: 0
   [#4]: 0
   [#5]: 0
   [#6]: 0
   [#7]: 0
