@@MONITOR_START:2026-05-14T09:52:14.196191000Z
                                                                                
  0 cycles
  0 constraint hits
                                                                                
  0 cycles
  0 constraint hits
                                                                                
  0 cycles
  0 constraint hits
                                                                                
  0 cycles
  0 constraint hits
                                                                                
  0 cycles
  0 constraint hits
                                                                                
  0 cycles
  0 constraint hits
                                                                                
  0 cycles
  0 constraint hits
                                                                                
  0 cycles
  0 constraint hits
                                                                                
  0 cycles
  0 constraint hits
                                                                                
  0 cycles
  0 constraint hits
                                                                                
  0 cycles
  0 constraint hits
                                                                                
  0 cycles
  0 constraint hits
                                                                                
  0 cycles
  0 constraint hits
                                                                                
  0 cycles
  0 constraint hits
                                                                                
  0 cycles
  0 constraint hits
                                                                                
  0 cycles
  0 constraint hits
                                                                                
  0 cycles
  0 constraint hits
                                                                                
  0 cycles
  0 constraint hits
                                                                                
  0 cycles
  0 constraint hits
                                                                                
  0 cycles
  0 constraint hits
                                                                                
  0 cycles
  0 constraint hits
                                                                                
  0 cycles
  0 constraint hits
                                                                                
  0 cycles
  0 constraint hits
                                                                                
  0 cycles
  0 constraint hits
                                                                                
  0 cycles
  0 constraint hits
                                                                                
  0 cycles
  0 constraint hits
                                                                                
  0 cycles
  0 constraint hits
                                                                                
  0 cycles
  0 constraint hits
                                                                                
  0 cycles
  0 constraint hits
                                                                                
  0 cycles
  0 constraint hits
                                                                                
  0 cycles
  0 constraint hits
                                                                                
  0 cycles
  0 constraint hits
                                                                                
  0 cycles
  0 constraint hits
                                                                                
  0 cycles
  0 constraint hits
                                                                                
  0 cycles
  0 constraint hits
                                                                                
  0 cycles
  0 constraint hits
                                                                                
  0 cycles
  0 constraint hits
                                                                                
  0 cycles
  0 constraint hits
                                                                                
  0 cycles
  0 constraint hits
                                                                                
  0 cycles
  0 constraint hits
                                                                                
  0 cycles
  0 constraint hits
                                                                                
  0 cycles
  0 constraint hits
                                                                                
  0 cycles
  0 constraint hits
                                                                                
  0 cycles
  0 constraint hits
                                                                                
  0 cycles
  0 constraint hits
                                                                                
  0 cycles
  0 constraint hits
                                                                                
  0 cycles
  0 constraint hits
                                                                                
  0 cycles
  0 constraint hits
                                                                                
  49 cycles  |  192 cyc/s  |  5190759 ns/cyc
  0 constraint hits
                                                                                
  49 cycles  |  192 cyc/s  |  5190759 ns/cyc
  0 constraint hits
                                                                                
  49 cycles  |  192 cyc/s  |  5190759 ns/cyc
  0 constraint hits
                                                                                
  49 cycles  |  192 cyc/s  |  5190759 ns/cyc
  0 constraint hits
                                                                                
  49 cycles  |  192 cyc/s  |  5190759 ns/cyc
  0 constraint hits
                                                                                
  49 cycles  |  192 cyc/s  |  5190759 ns/cyc
  0 constraint hits
                                                                                
  49 cycles  |  192 cyc/s  |  5190759 ns/cyc
  0 constraint hits
                                                                                
  49 cycles  |  192 cyc/s  |  5190759 ns/cyc
  0 constraint hits
                                                                                
  49 cycles  |  192 cyc/s  |  5190759 ns/cyc
  0 constraint hits
                                                                                
  49 cycles  |  192 cyc/s  |  5190759 ns/cyc
  0 constraint hits
                                                                                
  49 cycles  |  192 cyc/s  |  5190759 ns/cyc
  0 constraint hits
                                                                                
  49 cycles  |  192 cyc/s  |  5190759 ns/cyc
  0 constraint hits
                                                                                
  49 cycles  |  192 cyc/s  |  5190759 ns/cyc
  0 constraint hits
                                                                                
  49 cycles  |  192 cyc/s  |  5190759 ns/cyc
  0 constraint hits
                                                                                
  49 cycles  |  192 cyc/s  |  5190759 ns/cyc
  0 constraint hits
                                                                                
  49 cycles  |  192 cyc/s  |  5190759 ns/cyc
  0 constraint hits
                                                                                
  49 cycles  |  192 cyc/s  |  5190759 ns/cyc
  0 constraint hits
                                                                                
  49 cycles  |  192 cyc/s  |  5190759 ns/cyc
  0 constraint hits
                                                                                
  49 cycles  |  192 cyc/s  |  5190759 ns/cyc
  0 constraint hits
                                                                                
  49 cycles  |  192 cyc/s  |  5190759 ns/cyc
  0 constraint hits
                                                                                
  49 cycles  |  192 cyc/s  |  5190759 ns/cyc
  0 constraint hits
                                                                                
  49 cycles  |  192 cyc/s  |  5190759 ns/cyc
  0 constraint hits
                                                                                
  49 cycles  |  192 cyc/s  |  5190759 ns/cyc
  0 constraint hits
                                                                                
  49 cycles  |  192 cyc/s  |  5190759 ns/cyc
  0 constraint hits
                                                                                
  49 cycles  |  192 cyc/s  |  5190759 ns/cyc
  0 constraint hits
                                                                                
  49 cycles  |  192 cyc/s  |  5190759 ns/cyc
  0 constraint hits
                                                                                
  49 cycles  |  192 cyc/s  |  5190759 ns/cyc
  0 constraint hits
                                                                                
  49 cycles  |  192 cyc/s  |  5190759 ns/cyc
  0 constraint hits
                                                                                
  77 cycles  |  152 cyc/s  |  6563243 ns/cyc
  0 constraint hits
                                                                                
  77 cycles  |  152 cyc/s  |  6563243 ns/cyc
  0 constraint hits
                                                                                
  77 cycles  |  152 cyc/s  |  6563243 ns/cyc
  0 constraint hits
                                                                                
  77 cycles  |  152 cyc/s  |  6563243 ns/cyc
  0 constraint hits
                                                                                
  77 cycles  |  152 cyc/s  |  6563243 ns/cyc
  0 constraint hits
                                                                                
  77 cycles  |  152 cyc/s  |  6563243 ns/cyc
  0 constraint hits
                                                                                
  77 cycles  |  152 cyc/s  |  6563243 ns/cyc
  0 constraint hits
                                                                                
  77 cycles  |  152 cyc/s  |  6563243 ns/cyc
  0 constraint hits
                                                                                
  77 cycles  |  152 cyc/s  |  6563243 ns/cyc
  0 constraint hits
                                                                                
  77 cycles  |  152 cyc/s  |  6563243 ns/cyc
  0 constraint hits
                                                                                
  77 cycles  |  152 cyc/s  |  6563243 ns/cyc
  0 constraint hits
                                                                                
  77 cycles  |  152 cyc/s  |  6563243 ns/cyc
  0 constraint hits
                                                                                
  77 cycles  |  152 cyc/s  |  6563243 ns/cyc
  0 constraint hits
                                                                                
  77 cycles  |  152 cyc/s  |  6563243 ns/cyc
  0 constraint hits
                                                                                
  77 cycles  |  152 cyc/s  |  6563243 ns/cyc
  0 constraint hits
                                                                                
  77 cycles  |  152 cyc/s  |  6563243 ns/cyc
  0 constraint hits
                                                                                
  77 cycles  |  152 cyc/s  |  6563243 ns/cyc
  0 constraint hits
                                                                                
  77 cycles  |  152 cyc/s  |  6563243 ns/cyc
  0 constraint hits
                                                                                
  77 cycles  |  152 cyc/s  |  6563243 ns/cyc
  0 constraint hits
                                                                                
  77 cycles  |  152 cyc/s  |  6563243 ns/cyc
  0 constraint hits
                                                                                
  77 cycles  |  152 cyc/s  |  6563243 ns/cyc
  0 constraint hits
                                                                                
  77 cycles  |  152 cyc/s  |  6563243 ns/cyc
  0 constraint hits
                                                                                
  77 cycles  |  152 cyc/s  |  6563243 ns/cyc
  0 constraint hits
                                                                                
  77 cycles  |  152 cyc/s  |  6563243 ns/cyc
  0 constraint hits
                                                                                
  77 cycles  |  152 cyc/s  |  6563243 ns/cyc
  0 constraint hits
                                                                                
  77 cycles  |  152 cyc/s  |  6563243 ns/cyc
  0 constraint hits
                                                                                
  77 cycles  |  152 cyc/s  |  6563243 ns/cyc
  0 constraint hits
                                                                                
  77 cycles  |  152 cyc/s  |  6563243 ns/cyc
  0 constraint hits
                                                                                
  77 cycles  |  152 cyc/s  |  6563243 ns/cyc
  0 constraint hits
                                                                                
  106 cycles  |  138 cyc/s  |  7204808 ns/cyc
  0 constraint hits
                                                                                
  106 cycles  |  138 cyc/s  |  7204808 ns/cyc
  0 constraint hits
                                                                                
  106 cycles  |  138 cyc/s  |  7204808 ns/cyc
  0 constraint hits
                                                                                
  106 cycles  |  138 cyc/s  |  7204808 ns/cyc
  0 constraint hits
                                                                                
  106 cycles  |  138 cyc/s  |  7204808 ns/cyc
  0 constraint hits
                                                                                
  106 cycles  |  138 cyc/s  |  7204808 ns/cyc
  0 constraint hits
                                                                                
  106 cycles  |  138 cyc/s  |  7204808 ns/cyc
  0 constraint hits
                                                                                
  106 cycles  |  138 cyc/s  |  7204808 ns/cyc
  0 constraint hits
                                                                                
  106 cycles  |  138 cyc/s  |  7204808 ns/cyc
  0 constraint hits
                                                                                
  106 cycles  |  138 cyc/s  |  7204808 ns/cyc
  0 constraint hits
                                                                                
  106 cycles  |  138 cyc/s  |  7204808 ns/cyc
  0 constraint hits
                                                                                
  106 cycles  |  138 cyc/s  |  7204808 ns/cyc
  0 constraint hits
                                                                                
  106 cycles  |  138 cyc/s  |  7204808 ns/cyc
  0 constraint hits
                                                                                
  106 cycles  |  138 cyc/s  |  7204808 ns/cyc
  0 constraint hits
                                                                                
  106 cycles  |  138 cyc/s  |  7204808 ns/cyc
  0 constraint hits
                                                                                
  106 cycles  |  138 cyc/s  |  7204808 ns/cyc
  0 constraint hits
                                                                                
  106 cycles  |  138 cyc/s  |  7204808 ns/cyc
  0 constraint hits
                                                                                
  106 cycles  |  138 cyc/s  |  7204808 ns/cyc
  0 constraint hits
                                                                                
  106 cycles  |  138 cyc/s  |  7204808 ns/cyc
  0 constraint hits
                                                                                
  106 cycles  |  138 cyc/s  |  7204808 ns/cyc
  0 constraint hits
                                                                                
  106 cycles  |  138 cyc/s  |  7204808 ns/cyc
  0 constraint hits
                                                                                
  106 cycles  |  138 cyc/s  |  7204808 ns/cyc
  0 constraint hits
                                                                                
  106 cycles  |  138 cyc/s  |  7204808 ns/cyc
  0 constraint hits
                                                                                
  106 cycles  |  138 cyc/s  |  7204808 ns/cyc
  0 constraint hits
                                                                                
  106 cycles  |  138 cyc/s  |  7204808 ns/cyc
  0 constraint hits
                                                                                
  106 cycles  |  138 cyc/s  |  7204808 ns/cyc
  0 constraint hits
                                                                                
  106 cycles  |  138 cyc/s  |  7204808 ns/cyc
  0 constraint hits
                                                                                
  106 cycles  |  138 cyc/s  |  7204808 ns/cyc
  0 constraint hits
                                                                                
  106 cycles  |  138 cyc/s  |  7204808 ns/cyc
  0 constraint hits
                                                                                
  135 cycles  |  132 cyc/s  |  7561976 ns/cyc
  0 constraint hits
                                                                                
  135 cycles  |  132 cyc/s  |  7561976 ns/cyc
  0 constraint hits
                                                                                
  135 cycles  |  132 cyc/s  |  7561976 ns/cyc
  0 constraint hits
                                                                                
  135 cycles  |  132 cyc/s  |  7561976 ns/cyc
  0 constraint hits
                                                                                
  135 cycles  |  132 cyc/s  |  7561976 ns/cyc
  0 constraint hits
                                                                                
  135 cycles  |  132 cyc/s  |  7561976 ns/cyc
  0 constraint hits
                                                                                
  135 cycles  |  132 cyc/s  |  7561976 ns/cyc
  0 constraint hits
                                                                                
  135 cycles  |  132 cyc/s  |  7561976 ns/cyc
  0 constraint hits
                                                                                
  135 cycles  |  132 cyc/s  |  7561976 ns/cyc
  0 constraint hits
                                                                                
  135 cycles  |  132 cyc/s  |  7561976 ns/cyc
  0 constraint hits
                                                                                
  135 cycles  |  132 cyc/s  |  7561976 ns/cyc
  0 constraint hits
                                                                                
  135 cycles  |  132 cyc/s  |  7561976 ns/cyc
  0 constraint hits
                                                                                
  135 cycles  |  132 cyc/s  |  7561976 ns/cyc
  0 constraint hits
                                                                                
  135 cycles  |  132 cyc/s  |  7561976 ns/cyc
  0 constraint hits
                                                                                
  135 cycles  |  132 cyc/s  |  7561976 ns/cyc
  0 constraint hits
                                                                                
  135 cycles  |  132 cyc/s  |  7561976 ns/cyc
  0 constraint hits
                                                                                
  135 cycles  |  132 cyc/s  |  7561976 ns/cyc
  0 constraint hits
                                                                                
  135 cycles  |  132 cyc/s  |  7561976 ns/cyc
  0 constraint hits
                                                                                
  135 cycles  |  132 cyc/s  |  7561976 ns/cyc
  0 constraint hits
                                                                                
  135 cycles  |  132 cyc/s  |  7561976 ns/cyc
  0 constraint hits
                                                                                
  135 cycles  |  132 cyc/s  |  7561976 ns/cyc
  0 constraint hits
                                                                                
  135 cycles  |  132 cyc/s  |  7561976 ns/cyc
  0 constraint hits
                                                                                
  135 cycles  |  132 cyc/s  |  7561976 ns/cyc
  0 constraint hits
                                                                                
  135 cycles  |  132 cyc/s  |  7561976 ns/cyc
  0 constraint hits
                                                                                
  135 cycles  |  132 cyc/s  |  7561976 ns/cyc
  0 constraint hits
                                                                                
  135 cycles  |  132 cyc/s  |  7561976 ns/cyc
  0 constraint hits
                                                                                
  135 cycles  |  132 cyc/s  |  7561976 ns/cyc
  0 constraint hits
                                                                                
  135 cycles  |  132 cyc/s  |  7561976 ns/cyc
  0 constraint hits
                                                                                
  135 cycles  |  132 cyc/s  |  7561976 ns/cyc
  0 constraint hits
                                                                                
  164 cycles  |  128 cyc/s  |  7786421 ns/cyc
  0 constraint hits
                                                                                
  164 cycles  |  128 cyc/s  |  7786421 ns/cyc
  0 constraint hits
                                                                                
  164 cycles  |  128 cyc/s  |  7786421 ns/cyc
  0 constraint hits
                                                                                
  164 cycles  |  128 cyc/s  |  7786421 ns/cyc
  0 constraint hits
                                                                                
  164 cycles  |  128 cyc/s  |  7786421 ns/cyc
  0 constraint hits
                                                                                
  164 cycles  |  128 cyc/s  |  7786421 ns/cyc
  0 constraint hits
                                                                                
  164 cycles  |  128 cyc/s  |  7786421 ns/cyc
  0 constraint hits
                                                                                
  164 cycles  |  128 cyc/s  |  7786421 ns/cyc
  0 constraint hits
                                                                                
  164 cycles  |  128 cyc/s  |  7786421 ns/cyc
  0 constraint hits
                                                                                
  164 cycles  |  128 cyc/s  |  7786421 ns/cyc
  0 constraint hits
                                                                                
  164 cycles  |  128 cyc/s  |  7786421 ns/cyc
  0 constraint hits
                                                                                
  164 cycles  |  128 cyc/s  |  7786421 ns/cyc
  0 constraint hits
                                                                                
  164 cycles  |  128 cyc/s  |  7786421 ns/cyc
  0 constraint hits
                                                                                
  164 cycles  |  128 cyc/s  |  7786421 ns/cyc
  0 constraint hits
                                                                                
  164 cycles  |  128 cyc/s  |  7786421 ns/cyc
  0 constraint hits
                                                                                
  164 cycles  |  128 cyc/s  |  7786421 ns/cyc
  0 constraint hits
                                                                                
  164 cycles  |  128 cyc/s  |  7786421 ns/cyc
  0 constraint hits
                                                                                
  164 cycles  |  128 cyc/s  |  7786421 ns/cyc
  0 constraint hits
                                                                                
  164 cycles  |  128 cyc/s  |  7786421 ns/cyc
  0 constraint hits
                                                                                
  164 cycles  |  128 cyc/s  |  7786421 ns/cyc
  0 constraint hits
                                                                                
  164 cycles  |  128 cyc/s  |  7786421 ns/cyc
  0 constraint hits
                                                                                
  164 cycles  |  128 cyc/s  |  7786421 ns/cyc
  0 constraint hits
                                                                                
  164 cycles  |  128 cyc/s  |  7786421 ns/cyc
  0 constraint hits
                                                                                
  164 cycles  |  128 cyc/s  |  7786421 ns/cyc
  0 constraint hits
                                                                                
  164 cycles  |  128 cyc/s  |  7786421 ns/cyc
  0 constraint hits
                                                                                
  164 cycles  |  128 cyc/s  |  7786421 ns/cyc
  0 constraint hits
                                                                                
  164 cycles  |  128 cyc/s  |  7786421 ns/cyc
  0 constraint hits
                                                                                
  164 cycles  |  128 cyc/s  |  7786421 ns/cyc
  0 constraint hits
                                                                                
  164 cycles  |  128 cyc/s  |  7786421 ns/cyc
  0 constraint hits
                                                                                
  193 cycles  |  125 cyc/s  |  7949549 ns/cyc
  0 constraint hits
                                                                                
  193 cycles  |  125 cyc/s  |  7949549 ns/cyc
  0 constraint hits
                                                                                
  193 cycles  |  125 cyc/s  |  7949549 ns/cyc
  0 constraint hits
                                                                                
  193 cycles  |  125 cyc/s  |  7949549 ns/cyc
  0 constraint hits
                                                                                
  193 cycles  |  125 cyc/s  |  7949549 ns/cyc
  0 constraint hits
                                                                                
  193 cycles  |  125 cyc/s  |  7949549 ns/cyc
  0 constraint hits
                                                                                
  193 cycles  |  125 cyc/s  |  7949549 ns/cyc
  0 constraint hits
                                                                                
  193 cycles  |  125 cyc/s  |  7949549 ns/cyc
  0 constraint hits
                                                                                
  193 cycles  |  125 cyc/s  |  7949549 ns/cyc
  0 constraint hits
                                                                                
  193 cycles  |  125 cyc/s  |  7949549 ns/cyc
  0 constraint hits
                                                                                
  193 cycles  |  125 cyc/s  |  7949549 ns/cyc
  0 constraint hits
                                                                                
  193 cycles  |  125 cyc/s  |  7949549 ns/cyc
  0 constraint hits
                                                                                
  193 cycles  |  125 cyc/s  |  7949549 ns/cyc
  0 constraint hits
                                                                                
  193 cycles  |  125 cyc/s  |  7949549 ns/cyc
  0 constraint hits
                                                                                
  193 cycles  |  125 cyc/s  |  7949549 ns/cyc
  0 constraint hits
                                                                                
  193 cycles  |  125 cyc/s  |  7949549 ns/cyc
  0 constraint hits
                                                                                
  193 cycles  |  125 cyc/s  |  7949549 ns/cyc
  0 constraint hits
                                                                                
  193 cycles  |  125 cyc/s  |  7949549 ns/cyc
  0 constraint hits
                                                                                
  193 cycles  |  125 cyc/s  |  7949549 ns/cyc
  0 constraint hits
                                                                                
  193 cycles  |  125 cyc/s  |  7949549 ns/cyc
  0 constraint hits
                                                                                
  193 cycles  |  125 cyc/s  |  7949549 ns/cyc
  0 constraint hits
                                                                                
  193 cycles  |  125 cyc/s  |  7949549 ns/cyc
  0 constraint hits
                                                                                
  193 cycles  |  125 cyc/s  |  7949549 ns/cyc
  0 constraint hits
                                                                                
  193 cycles  |  125 cyc/s  |  7949549 ns/cyc
  0 constraint hits
                                                                                
  193 cycles  |  125 cyc/s  |  7949549 ns/cyc
  0 constraint hits
                                                                                
  193 cycles  |  125 cyc/s  |  7949549 ns/cyc
  0 constraint hits
                                                                                
  193 cycles  |  125 cyc/s  |  7949549 ns/cyc
  0 constraint hits
                                                                                
  193 cycles  |  125 cyc/s  |  7949549 ns/cyc
  0 constraint hits
                                                                                
  193 cycles  |  125 cyc/s  |  7949549 ns/cyc
  0 constraint hits
                                                                                
  222 cycles  |  123 cyc/s  |  8076504 ns/cyc
  0 constraint hits
                                                                                
  222 cycles  |  123 cyc/s  |  8076504 ns/cyc
  0 constraint hits
                                                                                
  222 cycles  |  123 cyc/s  |  8076504 ns/cyc
  0 constraint hits
                                                                                
  222 cycles  |  123 cyc/s  |  8076504 ns/cyc
  0 constraint hits
                                                                                
  222 cycles  |  123 cyc/s  |  8076504 ns/cyc
  0 constraint hits
                                                                                
  222 cycles  |  123 cyc/s  |  8076504 ns/cyc
  0 constraint hits
                                                                                
  222 cycles  |  123 cyc/s  |  8076504 ns/cyc
  0 constraint hits
                                                                                
  222 cycles  |  123 cyc/s  |  8076504 ns/cyc
  0 constraint hits
                                                                                
  222 cycles  |  123 cyc/s  |  8076504 ns/cyc
  0 constraint hits
                                                                                
  222 cycles  |  123 cyc/s  |  8076504 ns/cyc
  0 constraint hits
                                                                                
  222 cycles  |  123 cyc/s  |  8076504 ns/cyc
  0 constraint hits
                                                                                
  222 cycles  |  123 cyc/s  |  8076504 ns/cyc
  0 constraint hits
                                                                                
  222 cycles  |  123 cyc/s  |  8076504 ns/cyc
  0 constraint hits
                                                                                
  222 cycles  |  123 cyc/s  |  8076504 ns/cyc
  0 constraint hits
                                                                                
  222 cycles  |  123 cyc/s  |  8076504 ns/cyc
  0 constraint hits
                                                                                
  222 cycles  |  123 cyc/s  |  8076504 ns/cyc
  0 constraint hits
                                                                                
  222 cycles  |  123 cyc/s  |  8076504 ns/cyc
  0 constraint hits
                                                                                
  222 cycles  |  123 cyc/s  |  8076504 ns/cyc
  0 constraint hits
                                                                                
  222 cycles  |  123 cyc/s  |  8076504 ns/cyc
  0 constraint hits
                                                                                
  222 cycles  |  123 cyc/s  |  8076504 ns/cyc
  0 constraint hits
                                                                                
  222 cycles  |  123 cyc/s  |  8076504 ns/cyc
  0 constraint hits
                                                                                
  222 cycles  |  123 cyc/s  |  8076504 ns/cyc
  0 constraint hits
                                                                                
  222 cycles  |  123 cyc/s  |  8076504 ns/cyc
  0 constraint hits
                                                                                
  222 cycles  |  123 cyc/s  |  8076504 ns/cyc
  0 constraint hits
                                                                                
  222 cycles  |  123 cyc/s  |  8076504 ns/cyc
  0 constraint hits
                                                                                
  222 cycles  |  123 cyc/s  |  8076504 ns/cyc
  0 constraint hits
                                                                                
  222 cycles  |  123 cyc/s  |  8076504 ns/cyc
  0 constraint hits
                                                                                
  222 cycles  |  123 cyc/s  |  8076504 ns/cyc
  0 constraint hits
                                                                                
  222 cycles  |  123 cyc/s  |  8076504 ns/cyc
  0 constraint hits
                                                                                
  251 cycles  |  122 cyc/s  |  8172783 ns/cyc
  0 constraint hits
                                                                                
  251 cycles  |  122 cyc/s  |  8172783 ns/cyc
  0 constraint hits
                                                                                
  251 cycles  |  122 cyc/s  |  8172783 ns/cyc
  0 constraint hits
                                                                                
  251 cycles  |  122 cyc/s  |  8172783 ns/cyc
  0 constraint hits
                                                                                
  251 cycles  |  122 cyc/s  |  8172783 ns/cyc
  0 constraint hits
                                                                                
  251 cycles  |  122 cyc/s  |  8172783 ns/cyc
  0 constraint hits
                                                                                
  251 cycles  |  122 cyc/s  |  8172783 ns/cyc
  0 constraint hits
                                                                                
  251 cycles  |  122 cyc/s  |  8172783 ns/cyc
  0 constraint hits
                                                                                
  251 cycles  |  122 cyc/s  |  8172783 ns/cyc
  0 constraint hits
                                                                                
  251 cycles  |  122 cyc/s  |  8172783 ns/cyc
  0 constraint hits
                                                                                
  251 cycles  |  122 cyc/s  |  8172783 ns/cyc
  0 constraint hits
                                                                                
  251 cycles  |  122 cyc/s  |  8172783 ns/cyc
  0 constraint hits
                                                                                
  251 cycles  |  122 cyc/s  |  8172783 ns/cyc
  0 constraint hits
                                                                                
  251 cycles  |  122 cyc/s  |  8172783 ns/cyc
  0 constraint hits
                                                                                
  251 cycles  |  122 cyc/s  |  8172783 ns/cyc
  0 constraint hits
                                                                                
  251 cycles  |  122 cyc/s  |  8172783 ns/cyc
  0 constraint hits
                                                                                
  251 cycles  |  122 cyc/s  |  8172783 ns/cyc
  0 constraint hits
                                                                                
  251 cycles  |  122 cyc/s  |  8172783 ns/cyc
  0 constraint hits
                                                                                
  251 cycles  |  122 cyc/s  |  8172783 ns/cyc
  0 constraint hits
                                                                                
  251 cycles  |  122 cyc/s  |  8172783 ns/cyc
  0 constraint hits
                                                                                
  251 cycles  |  122 cyc/s  |  8172783 ns/cyc
  0 constraint hits
                                                                                
  251 cycles  |  122 cyc/s  |  8172783 ns/cyc
  0 constraint hits
                                                                                
  251 cycles  |  122 cyc/s  |  8172783 ns/cyc
  0 constraint hits
                                                                                
  251 cycles  |  122 cyc/s  |  8172783 ns/cyc
  0 constraint hits
                                                                                
  251 cycles  |  122 cyc/s  |  8172783 ns/cyc
  0 constraint hits
                                                                                
  251 cycles  |  122 cyc/s  |  8172783 ns/cyc
  0 constraint hits
                                                                                
  251 cycles  |  122 cyc/s  |  8172783 ns/cyc
  0 constraint hits
                                                                                
  251 cycles  |  122 cyc/s  |  8172783 ns/cyc
  0 constraint hits
                                                                                
  279 cycles  |  121 cyc/s  |  8250373 ns/cyc
  0 constraint hits
                                                                                
  279 cycles  |  121 cyc/s  |  8250373 ns/cyc
  0 constraint hits
                                                                                
  279 cycles  |  121 cyc/s  |  8250373 ns/cyc
  0 constraint hits
                                                                                
  279 cycles  |  121 cyc/s  |  8250373 ns/cyc
  0 constraint hits
                                                                                
  279 cycles  |  121 cyc/s  |  8250373 ns/cyc
  0 constraint hits
                                                                                
  279 cycles  |  121 cyc/s  |  8250373 ns/cyc
  0 constraint hits
                                                                                
  279 cycles  |  121 cyc/s  |  8250373 ns/cyc
  0 constraint hits
                                                                                
  279 cycles  |  121 cyc/s  |  8250373 ns/cyc
  0 constraint hits
                                                                                
  279 cycles  |  121 cyc/s  |  8250373 ns/cyc
  0 constraint hits
                                                                                
  279 cycles  |  121 cyc/s  |  8250373 ns/cyc
  0 constraint hits
                                                                                
  279 cycles  |  121 cyc/s  |  8250373 ns/cyc
  0 constraint hits
                                                                                
  279 cycles  |  121 cyc/s  |  8250373 ns/cyc
  0 constraint hits
                                                                                
  279 cycles  |  121 cyc/s  |  8250373 ns/cyc
  0 constraint hits
                                                                                
  279 cycles  |  121 cyc/s  |  8250373 ns/cyc
  0 constraint hits
                                                                                
  279 cycles  |  121 cyc/s  |  8250373 ns/cyc
  0 constraint hits
                                                                                
  279 cycles  |  121 cyc/s  |  8250373 ns/cyc
  0 constraint hits
                                                                                
  279 cycles  |  121 cyc/s  |  8250373 ns/cyc
  0 constraint hits
                                                                                
  279 cycles  |  121 cyc/s  |  8250373 ns/cyc
  0 constraint hits
                                                                                
  279 cycles  |  121 cyc/s  |  8250373 ns/cyc
  0 constraint hits
                                                                                
  279 cycles  |  121 cyc/s  |  8250373 ns/cyc
  0 constraint hits
                                                                                
  279 cycles  |  121 cyc/s  |  8250373 ns/cyc
  0 constraint hits
                                                                                
  279 cycles  |  121 cyc/s  |  8250373 ns/cyc
  0 constraint hits
                                                                                
  279 cycles  |  121 cyc/s  |  8250373 ns/cyc
  0 constraint hits
                                                                                
  279 cycles  |  121 cyc/s  |  8250373 ns/cyc
  0 constraint hits
                                                                                
  279 cycles  |  121 cyc/s  |  8250373 ns/cyc
  0 constraint hits
                                                                                
  279 cycles  |  121 cyc/s  |  8250373 ns/cyc
  0 constraint hits
                                                                                
  279 cycles  |  121 cyc/s  |  8250373 ns/cyc
  0 constraint hits
                                                                                
  279 cycles  |  121 cyc/s  |  8250373 ns/cyc
  0 constraint hits
                                                                                
  307 cycles  |  120 cyc/s  |  8312845 ns/cyc
  0 constraint hits
                                                                                
  307 cycles  |  120 cyc/s  |  8312845 ns/cyc
  0 constraint hits
                                                                                
  307 cycles  |  120 cyc/s  |  8312845 ns/cyc
  0 constraint hits
                                                                                
  307 cycles  |  120 cyc/s  |  8312845 ns/cyc
  0 constraint hits
                                                                                
  307 cycles  |  120 cyc/s  |  8312845 ns/cyc
  0 constraint hits
                                                                                
  307 cycles  |  120 cyc/s  |  8312845 ns/cyc
  0 constraint hits
                                                                                
  307 cycles  |  120 cyc/s  |  8312845 ns/cyc
  0 constraint hits
                                                                                
  307 cycles  |  120 cyc/s  |  8312845 ns/cyc
  0 constraint hits
                                                                                
  307 cycles  |  120 cyc/s  |  8312845 ns/cyc
  0 constraint hits
                                                                                
  307 cycles  |  120 cyc/s  |  8312845 ns/cyc
  0 constraint hits
                                                                                
  307 cycles  |  120 cyc/s  |  8312845 ns/cyc
  0 constraint hits
                                                                                
  307 cycles  |  120 cyc/s  |  8312845 ns/cyc
  0 constraint hits
                                                                                
  307 cycles  |  120 cyc/s  |  8312845 ns/cyc
  0 constraint hits
                                                                                
  307 cycles  |  120 cyc/s  |  8312845 ns/cyc
  0 constraint hits
                                                                                
  307 cycles  |  120 cyc/s  |  8312845 ns/cyc
  0 constraint hits
                                                                                
  307 cycles  |  120 cyc/s  |  8312845 ns/cyc
  0 constraint hits
                                                                                
  307 cycles  |  120 cyc/s  |  8312845 ns/cyc
  0 constraint hits
                                                                                
  307 cycles  |  120 cyc/s  |  8312845 ns/cyc
  0 constraint hits
                                                                                
  307 cycles  |  120 cyc/s  |  8312845 ns/cyc
  0 constraint hits
                                                                                
  307 cycles  |  120 cyc/s  |  8312845 ns/cyc
  0 constraint hits
                                                                                
  307 cycles  |  120 cyc/s  |  8312845 ns/cyc
  0 constraint hits
                                                                                
  307 cycles  |  120 cyc/s  |  8312845 ns/cyc
  0 constraint hits
                                                                                
  307 cycles  |  120 cyc/s  |  8312845 ns/cyc
  0 constraint hits
                                                                                
  307 cycles  |  120 cyc/s  |  8312845 ns/cyc
  0 constraint hits
                                                                                
  307 cycles  |  120 cyc/s  |  8312845 ns/cyc
  0 constraint hits
                                                                                
  307 cycles  |  120 cyc/s  |  8312845 ns/cyc
  0 constraint hits
                                                                                
  307 cycles  |  120 cyc/s  |  8312845 ns/cyc
  0 constraint hits
                                                                                
  307 cycles  |  120 cyc/s  |  8312845 ns/cyc
  0 constraint hits
                                                                                
  335 cycles  |  119 cyc/s  |  8373152 ns/cyc
  0 constraint hits
                                                                                
  335 cycles  |  119 cyc/s  |  8373152 ns/cyc
  0 constraint hits
                                                                                
  335 cycles  |  119 cyc/s  |  8373152 ns/cyc
  0 constraint hits
                                                                                
  335 cycles  |  119 cyc/s  |  8373152 ns/cyc
  0 constraint hits
                                                                                
  335 cycles  |  119 cyc/s  |  8373152 ns/cyc
  0 constraint hits
                                                                                
  335 cycles  |  119 cyc/s  |  8373152 ns/cyc
  0 constraint hits
                                                                                
  335 cycles  |  119 cyc/s  |  8373152 ns/cyc
  0 constraint hits
                                                                                
  335 cycles  |  119 cyc/s  |  8373152 ns/cyc
  0 constraint hits
                                                                                
  335 cycles  |  119 cyc/s  |  8373152 ns/cyc
  0 constraint hits
                                                                                
  335 cycles  |  119 cyc/s  |  8373152 ns/cyc
  0 constraint hits
                                                                                
  335 cycles  |  119 cyc/s  |  8373152 ns/cyc
  0 constraint hits
                                                                                
  335 cycles  |  119 cyc/s  |  8373152 ns/cyc
  0 constraint hits
                                                                                
  335 cycles  |  119 cyc/s  |  8373152 ns/cyc
  0 constraint hits
                                                                                
  335 cycles  |  119 cyc/s  |  8373152 ns/cyc
  0 constraint hits
                                                                                
  335 cycles  |  119 cyc/s  |  8373152 ns/cyc
  0 constraint hits
                                                                                
  335 cycles  |  119 cyc/s  |  8373152 ns/cyc
  0 constraint hits
                                                                                
  335 cycles  |  119 cyc/s  |  8373152 ns/cyc
  0 constraint hits
                                                                                
  335 cycles  |  119 cyc/s  |  8373152 ns/cyc
  0 constraint hits
                                                                                
  335 cycles  |  119 cyc/s  |  8373152 ns/cyc
  0 constraint hits
                                                                                
  335 cycles  |  119 cyc/s  |  8373152 ns/cyc
  0 constraint hits
                                                                                
  335 cycles  |  119 cyc/s  |  8373152 ns/cyc
  0 constraint hits
                                                                                
  335 cycles  |  119 cyc/s  |  8373152 ns/cyc
  0 constraint hits
                                                                                
  335 cycles  |  119 cyc/s  |  8373152 ns/cyc
  0 constraint hits
                                                                                
  335 cycles  |  119 cyc/s  |  8373152 ns/cyc
  0 constraint hits
                                                                                
  335 cycles  |  119 cyc/s  |  8373152 ns/cyc
  0 constraint hits
                                                                                
  335 cycles  |  119 cyc/s  |  8373152 ns/cyc
  0 constraint hits
                                                                                
  335 cycles  |  119 cyc/s  |  8373152 ns/cyc
  0 constraint hits
                                                                                
  335 cycles  |  119 cyc/s  |  8373152 ns/cyc
  0 constraint hits
                                                                                
  363 cycles  |  118 cyc/s  |  8426565 ns/cyc
  0 constraint hits
                                                                                
  363 cycles  |  118 cyc/s  |  8426565 ns/cyc
  0 constraint hits
                                                                                
  363 cycles  |  118 cyc/s  |  8426565 ns/cyc
  0 constraint hits
                                                                                
  363 cycles  |  118 cyc/s  |  8426565 ns/cyc
  0 constraint hits
                                                                                
  363 cycles  |  118 cyc/s  |  8426565 ns/cyc
  0 constraint hits
                                                                                
  363 cycles  |  118 cyc/s  |  8426565 ns/cyc
  0 constraint hits
                                                                                
  363 cycles  |  118 cyc/s  |  8426565 ns/cyc
  0 constraint hits
                                                                                
  363 cycles  |  118 cyc/s  |  8426565 ns/cyc
  0 constraint hits
                                                                                
  363 cycles  |  118 cyc/s  |  8426565 ns/cyc
  0 constraint hits
                                                                                
  363 cycles  |  118 cyc/s  |  8426565 ns/cyc
  0 constraint hits
                                                                                
  363 cycles  |  118 cyc/s  |  8426565 ns/cyc
  0 constraint hits
                                                                                
  363 cycles  |  118 cyc/s  |  8426565 ns/cyc
  0 constraint hits
                                                                                
  363 cycles  |  118 cyc/s  |  8426565 ns/cyc
  0 constraint hits
                                                                                
  363 cycles  |  118 cyc/s  |  8426565 ns/cyc
  0 constraint hits
                                                                                
  363 cycles  |  118 cyc/s  |  8426565 ns/cyc
  0 constraint hits
                                                                                
  363 cycles  |  118 cyc/s  |  8426565 ns/cyc
  0 constraint hits
                                                                                
  363 cycles  |  118 cyc/s  |  8426565 ns/cyc
  0 constraint hits
                                                                                
  363 cycles  |  118 cyc/s  |  8426565 ns/cyc
  0 constraint hits
                                                                                
  363 cycles  |  118 cyc/s  |  8426565 ns/cyc
  0 constraint hits
                                                                                
  363 cycles  |  118 cyc/s  |  8426565 ns/cyc
  0 constraint hits
                                                                                
  363 cycles  |  118 cyc/s  |  8426565 ns/cyc
  0 constraint hits
                                                                                
  363 cycles  |  118 cyc/s  |  8426565 ns/cyc
  0 constraint hits
                                                                                
  363 cycles  |  118 cyc/s  |  8426565 ns/cyc
  0 constraint hits
                                                                                
  363 cycles  |  118 cyc/s  |  8426565 ns/cyc
  0 constraint hits
                                                                                
  363 cycles  |  118 cyc/s  |  8426565 ns/cyc
  0 constraint hits
                                                                                
  363 cycles  |  118 cyc/s  |  8426565 ns/cyc
  0 constraint hits
                                                                                
  363 cycles  |  118 cyc/s  |  8426565 ns/cyc
  0 constraint hits
                                                                                
  363 cycles  |  118 cyc/s  |  8426565 ns/cyc
  0 constraint hits
                                                                                
  363 cycles  |  118 cyc/s  |  8426565 ns/cyc
  0 constraint hits
                                                                                
  392 cycles  |  118 cyc/s  |  8452867 ns/cyc
  0 constraint hits
                                                                                
  392 cycles  |  118 cyc/s  |  8452867 ns/cyc
  0 constraint hits
                                                                                
  392 cycles  |  118 cyc/s  |  8452867 ns/cyc
  0 constraint hits
                                                                                
  392 cycles  |  118 cyc/s  |  8452867 ns/cyc
  0 constraint hits
                                                                                
  392 cycles  |  118 cyc/s  |  8452867 ns/cyc
  0 constraint hits
                                                                                
  392 cycles  |  118 cyc/s  |  8452867 ns/cyc
  0 constraint hits
                                                                                
  392 cycles  |  118 cyc/s  |  8452867 ns/cyc
  0 constraint hits
                                                                                
  392 cycles  |  118 cyc/s  |  8452867 ns/cyc
  0 constraint hits
                                                                                
  392 cycles  |  118 cyc/s  |  8452867 ns/cyc
  0 constraint hits
                                                                                
  392 cycles  |  118 cyc/s  |  8452867 ns/cyc
  0 constraint hits
                                                                                
  392 cycles  |  118 cyc/s  |  8452867 ns/cyc
  0 constraint hits
                                                                                
  392 cycles  |  118 cyc/s  |  8452867 ns/cyc
  0 constraint hits
                                                                                
  392 cycles  |  118 cyc/s  |  8452867 ns/cyc
  0 constraint hits
                                                                                
  392 cycles  |  118 cyc/s  |  8452867 ns/cyc
  0 constraint hits
                                                                                
  392 cycles  |  118 cyc/s  |  8452867 ns/cyc
  0 constraint hits
                                                                                
  392 cycles  |  118 cyc/s  |  8452867 ns/cyc
  0 constraint hits
                                                                                
  392 cycles  |  118 cyc/s  |  8452867 ns/cyc
  0 constraint hits
                                                                                
  392 cycles  |  118 cyc/s  |  8452867 ns/cyc
  0 constraint hits
                                                                                
  392 cycles  |  118 cyc/s  |  8452867 ns/cyc
  0 constraint hits
                                                                                
  392 cycles  |  118 cyc/s  |  8452867 ns/cyc
  0 constraint hits
                                                                                
  392 cycles  |  118 cyc/s  |  8452867 ns/cyc
  0 constraint hits
                                                                                
  392 cycles  |  118 cyc/s  |  8452867 ns/cyc
  0 constraint hits
                                                                                
  392 cycles  |  118 cyc/s  |  8452867 ns/cyc
  0 constraint hits
                                                                                
  392 cycles  |  118 cyc/s  |  8452867 ns/cyc
  0 constraint hits
                                                                                
  392 cycles  |  118 cyc/s  |  8452867 ns/cyc
  0 constraint hits
                                                                                
  392 cycles  |  118 cyc/s  |  8452867 ns/cyc
  0 constraint hits
                                                                                
  392 cycles  |  118 cyc/s  |  8452867 ns/cyc
  0 constraint hits
                                                                                
  392 cycles  |  118 cyc/s  |  8452867 ns/cyc
  0 constraint hits
                                                                                
  420 cycles  |  117 cyc/s  |  8488775 ns/cyc
  0 constraint hits
                                                                                
  420 cycles  |  117 cyc/s  |  8488775 ns/cyc
  0 constraint hits
                                                                                
  420 cycles  |  117 cyc/s  |  8488775 ns/cyc
  0 constraint hits
                                                                                
  420 cycles  |  117 cyc/s  |  8488775 ns/cyc
  0 constraint hits
                                                                                
  420 cycles  |  117 cyc/s  |  8488775 ns/cyc
  0 constraint hits
                                                                                
  420 cycles  |  117 cyc/s  |  8488775 ns/cyc
  0 constraint hits
                                                                                
  420 cycles  |  117 cyc/s  |  8488775 ns/cyc
  0 constraint hits
                                                                                
  420 cycles  |  117 cyc/s  |  8488775 ns/cyc
  0 constraint hits
                                                                                
  420 cycles  |  117 cyc/s  |  8488775 ns/cyc
  0 constraint hits
                                                                                
  420 cycles  |  117 cyc/s  |  8488775 ns/cyc
  0 constraint hits
                                                                                
  420 cycles  |  117 cyc/s  |  8488775 ns/cyc
  0 constraint hits
                                                                                
  420 cycles  |  117 cyc/s  |  8488775 ns/cyc
  0 constraint hits
                                                                                
  420 cycles  |  117 cyc/s  |  8488775 ns/cyc
  0 constraint hits
                                                                                
  420 cycles  |  117 cyc/s  |  8488775 ns/cyc
  0 constraint hits
                                                                                
  420 cycles  |  117 cyc/s  |  8488775 ns/cyc
  0 constraint hits
                                                                                
  420 cycles  |  117 cyc/s  |  8488775 ns/cyc
  0 constraint hits
                                                                                
  420 cycles  |  117 cyc/s  |  8488775 ns/cyc
  0 constraint hits
                                                                                
  420 cycles  |  117 cyc/s  |  8488775 ns/cyc
  0 constraint hits
                                                                                
  420 cycles  |  117 cyc/s  |  8488775 ns/cyc
  0 constraint hits
                                                                                
  420 cycles  |  117 cyc/s  |  8488775 ns/cyc
  0 constraint hits
                                                                                
  420 cycles  |  117 cyc/s  |  8488775 ns/cyc
  0 constraint hits
                                                                                
  420 cycles  |  117 cyc/s  |  8488775 ns/cyc
  0 constraint hits
                                                                                
  420 cycles  |  117 cyc/s  |  8488775 ns/cyc
  0 constraint hits
                                                                                
  420 cycles  |  117 cyc/s  |  8488775 ns/cyc
  0 constraint hits
                                                                                
  420 cycles  |  117 cyc/s  |  8488775 ns/cyc
  0 constraint hits
                                                                                
  420 cycles  |  117 cyc/s  |  8488775 ns/cyc
  0 constraint hits
                                                                                
  420 cycles  |  117 cyc/s  |  8488775 ns/cyc
  0 constraint hits
                                                                                
  420 cycles  |  117 cyc/s  |  8488775 ns/cyc
  0 constraint hits
                                                                                
  420 cycles  |  117 cyc/s  |  8488775 ns/cyc
  0 constraint hits
                                                                                
  449 cycles  |  117 cyc/s  |  8515800 ns/cyc
  0 constraint hits
                                                                                
  449 cycles  |  117 cyc/s  |  8515800 ns/cyc
  0 constraint hits
                                                                                
  449 cycles  |  117 cyc/s  |  8515800 ns/cyc
  0 constraint hits
                                                                                
  449 cycles  |  117 cyc/s  |  8515800 ns/cyc
  0 constraint hits
                                                                                
  449 cycles  |  117 cyc/s  |  8515800 ns/cyc
  0 constraint hits
                                                                                
  449 cycles  |  117 cyc/s  |  8515800 ns/cyc
  0 constraint hits
                                                                                
  449 cycles  |  117 cyc/s  |  8515800 ns/cyc
  0 constraint hits
                                                                                
  449 cycles  |  117 cyc/s  |  8515800 ns/cyc
  0 constraint hits
                                                                                
  449 cycles  |  117 cyc/s  |  8515800 ns/cyc
  0 constraint hits
                                                                                
  449 cycles  |  117 cyc/s  |  8515800 ns/cyc
  0 constraint hits
                                                                                
  449 cycles  |  117 cyc/s  |  8515800 ns/cyc
  0 constraint hits
                                                                                
  449 cycles  |  117 cyc/s  |  8515800 ns/cyc
  0 constraint hits
                                                                                
  449 cycles  |  117 cyc/s  |  8515800 ns/cyc
  0 constraint hits
                                                                                
  449 cycles  |  117 cyc/s  |  8515800 ns/cyc
  0 constraint hits
                                                                                
  449 cycles  |  117 cyc/s  |  8515800 ns/cyc
  0 constraint hits
                                                                                
  449 cycles  |  117 cyc/s  |  8515800 ns/cyc
  0 constraint hits
                                                                                
  449 cycles  |  117 cyc/s  |  8515800 ns/cyc
  0 constraint hits
                                                                                
  449 cycles  |  117 cyc/s  |  8515800 ns/cyc
  0 constraint hits
                                                                                
  449 cycles  |  117 cyc/s  |  8515800 ns/cyc
  0 constraint hits
                                                                                
  449 cycles  |  117 cyc/s  |  8515800 ns/cyc
  0 constraint hits
                                                                                
  449 cycles  |  117 cyc/s  |  8515800 ns/cyc
  0 constraint hits
                                                                                
  449 cycles  |  117 cyc/s  |  8515800 ns/cyc
  0 constraint hits
                                                                                
  449 cycles  |  117 cyc/s  |  8515800 ns/cyc
  0 constraint hits
                                                                                
  449 cycles  |  117 cyc/s  |  8515800 ns/cyc
  0 constraint hits
                                                                                
  449 cycles  |  117 cyc/s  |  8515800 ns/cyc
  0 constraint hits
                                                                                
  449 cycles  |  117 cyc/s  |  8515800 ns/cyc
  0 constraint hits
                                                                                
  449 cycles  |  117 cyc/s  |  8515800 ns/cyc
  0 constraint hits
                                                                                
  449 cycles  |  117 cyc/s  |  8515800 ns/cyc
  0 constraint hits
                                                                                
  449 cycles  |  117 cyc/s  |  8515800 ns/cyc
  0 constraint hits
                                                                                
  478 cycles  |  117 cyc/s  |  8538938 ns/cyc
  0 constraint hits
                                                                                
  478 cycles  |  117 cyc/s  |  8538938 ns/cyc
  0 constraint hits
                                                                                
  478 cycles  |  117 cyc/s  |  8538938 ns/cyc
  0 constraint hits
                                                                                
  478 cycles  |  117 cyc/s  |  8538938 ns/cyc
  0 constraint hits
                                                                                
  478 cycles  |  117 cyc/s  |  8538938 ns/cyc
  0 constraint hits
                                                                                
  478 cycles  |  117 cyc/s  |  8538938 ns/cyc
  0 constraint hits
                                                                                
  478 cycles  |  117 cyc/s  |  8538938 ns/cyc
  0 constraint hits
                                                                                
  478 cycles  |  117 cyc/s  |  8538938 ns/cyc
  0 constraint hits
                                                                                
  478 cycles  |  117 cyc/s  |  8538938 ns/cyc
  0 constraint hits
                                                                                
  478 cycles  |  117 cyc/s  |  8538938 ns/cyc
  0 constraint hits
                                                                                
  478 cycles  |  117 cyc/s  |  8538938 ns/cyc
  0 constraint hits
                                                                                
  478 cycles  |  117 cyc/s  |  8538938 ns/cyc
  0 constraint hits
                                                                                
  478 cycles  |  117 cyc/s  |  8538938 ns/cyc
  0 constraint hits
                                                                                
  478 cycles  |  117 cyc/s  |  8538938 ns/cyc
  0 constraint hits
                                                                                
  478 cycles  |  117 cyc/s  |  8538938 ns/cyc
  0 constraint hits
                                                                                
  478 cycles  |  117 cyc/s  |  8538938 ns/cyc
  0 constraint hits
                                                                                
  478 cycles  |  117 cyc/s  |  8538938 ns/cyc
  0 constraint hits
                                                                                
  478 cycles  |  117 cyc/s  |  8538938 ns/cyc
  0 constraint hits
                                                                                
  478 cycles  |  117 cyc/s  |  8538938 ns/cyc
  0 constraint hits
                                                                                
  478 cycles  |  117 cyc/s  |  8538938 ns/cyc
  0 constraint hits
                                                                                
  478 cycles  |  117 cyc/s  |  8538938 ns/cyc
  0 constraint hits
                                                                                
  478 cycles  |  117 cyc/s  |  8538938 ns/cyc
  0 constraint hits
                                                                                
  478 cycles  |  117 cyc/s  |  8538938 ns/cyc
  0 constraint hits
                                                                                
  478 cycles  |  117 cyc/s  |  8538938 ns/cyc
  0 constraint hits
                                                                                
  478 cycles  |  117 cyc/s  |  8538938 ns/cyc
  0 constraint hits
                                                                                
  478 cycles  |  117 cyc/s  |  8538938 ns/cyc
  0 constraint hits
                                                                                
  478 cycles  |  117 cyc/s  |  8538938 ns/cyc
  0 constraint hits
                                                                                
  478 cycles  |  117 cyc/s  |  8538938 ns/cyc
  0 constraint hits
                                                                                
  478 cycles  |  117 cyc/s  |  8538938 ns/cyc
  0 constraint hits
                                                                                
  507 cycles  |  116 cyc/s  |  8555683 ns/cyc
  0 constraint hits
                                                                                
  507 cycles  |  116 cyc/s  |  8555683 ns/cyc
  0 constraint hits
                                                                                
  507 cycles  |  116 cyc/s  |  8555683 ns/cyc
  0 constraint hits
                                                                                
  507 cycles  |  116 cyc/s  |  8555683 ns/cyc
  0 constraint hits
                                                                                
  507 cycles  |  116 cyc/s  |  8555683 ns/cyc
  0 constraint hits
                                                                                
  507 cycles  |  116 cyc/s  |  8555683 ns/cyc
  0 constraint hits
                                                                                
  507 cycles  |  116 cyc/s  |  8555683 ns/cyc
  0 constraint hits
                                                                                
  507 cycles  |  116 cyc/s  |  8555683 ns/cyc
  0 constraint hits
                                                                                
  507 cycles  |  116 cyc/s  |  8555683 ns/cyc
  0 constraint hits
                                                                                
  507 cycles  |  116 cyc/s  |  8555683 ns/cyc
  0 constraint hits
                                                                                
  507 cycles  |  116 cyc/s  |  8555683 ns/cyc
  0 constraint hits
                                                                                
  507 cycles  |  116 cyc/s  |  8555683 ns/cyc
  0 constraint hits
                                                                                
  507 cycles  |  116 cyc/s  |  8555683 ns/cyc
  0 constraint hits
                                                                                
  507 cycles  |  116 cyc/s  |  8555683 ns/cyc
  0 constraint hits
                                                                                
  507 cycles  |  116 cyc/s  |  8555683 ns/cyc
  0 constraint hits
                                                                                
  507 cycles  |  116 cyc/s  |  8555683 ns/cyc
  0 constraint hits
                                                                                
  507 cycles  |  116 cyc/s  |  8555683 ns/cyc
  0 constraint hits
                                                                                
  507 cycles  |  116 cyc/s  |  8555683 ns/cyc
  0 constraint hits
                                                                                
  507 cycles  |  116 cyc/s  |  8555683 ns/cyc
  0 constraint hits
                                                                                
  507 cycles  |  116 cyc/s  |  8555683 ns/cyc
  0 constraint hits
                                                                                
  507 cycles  |  116 cyc/s  |  8555683 ns/cyc
  0 constraint hits
                                                                                
  507 cycles  |  116 cyc/s  |  8555683 ns/cyc
  0 constraint hits
                                                                                
  507 cycles  |  116 cyc/s  |  8555683 ns/cyc
  0 constraint hits
                                                                                
  507 cycles  |  116 cyc/s  |  8555683 ns/cyc
  0 constraint hits
                                                                                
  507 cycles  |  116 cyc/s  |  8555683 ns/cyc
  0 constraint hits
                                                                                
  507 cycles  |  116 cyc/s  |  8555683 ns/cyc
  0 constraint hits
                                                                                
  507 cycles  |  116 cyc/s  |  8555683 ns/cyc
  0 constraint hits
                                                                                
  507 cycles  |  116 cyc/s  |  8555683 ns/cyc
  0 constraint hits
                                                                                
  535 cycles  |  116 cyc/s  |  8576761 ns/cyc
  0 constraint hits
                                                                                
  535 cycles  |  116 cyc/s  |  8576761 ns/cyc
  0 constraint hits
                                                                                
  535 cycles  |  116 cyc/s  |  8576761 ns/cyc
  0 constraint hits
                                                                                
  535 cycles  |  116 cyc/s  |  8576761 ns/cyc
  0 constraint hits
                                                                                
  535 cycles  |  116 cyc/s  |  8576761 ns/cyc
  0 constraint hits
                                                                                
  535 cycles  |  116 cyc/s  |  8576761 ns/cyc
  0 constraint hits
                                                                                
  535 cycles  |  116 cyc/s  |  8576761 ns/cyc
  0 constraint hits
                                                                                
  535 cycles  |  116 cyc/s  |  8576761 ns/cyc
  0 constraint hits
                                                                                
  535 cycles  |  116 cyc/s  |  8576761 ns/cyc
  0 constraint hits
                                                                                
  535 cycles  |  116 cyc/s  |  8576761 ns/cyc
  0 constraint hits
                                                                                
  535 cycles  |  116 cyc/s  |  8576761 ns/cyc
  0 constraint hits
                                                                                
  535 cycles  |  116 cyc/s  |  8576761 ns/cyc
  0 constraint hits
                                                                                
  535 cycles  |  116 cyc/s  |  8576761 ns/cyc
  0 constraint hits
                                                                                
  535 cycles  |  116 cyc/s  |  8576761 ns/cyc
  0 constraint hits
                                                                                
  535 cycles  |  116 cyc/s  |  8576761 ns/cyc
  0 constraint hits
                                                                                
  535 cycles  |  116 cyc/s  |  8576761 ns/cyc
  0 constraint hits
                                                                                
  535 cycles  |  116 cyc/s  |  8576761 ns/cyc
  0 constraint hits
                                                                                
  535 cycles  |  116 cyc/s  |  8576761 ns/cyc
  0 constraint hits
                                                                                
  535 cycles  |  116 cyc/s  |  8576761 ns/cyc
  0 constraint hits
                                                                                
  535 cycles  |  116 cyc/s  |  8576761 ns/cyc
  0 constraint hits
                                                                                
  535 cycles  |  116 cyc/s  |  8576761 ns/cyc
  0 constraint hits
                                                                                
  535 cycles  |  116 cyc/s  |  8576761 ns/cyc
  0 constraint hits
                                                                                
  535 cycles  |  116 cyc/s  |  8576761 ns/cyc
  0 constraint hits
                                                                                
  535 cycles  |  116 cyc/s  |  8576761 ns/cyc
  0 constraint hits
                                                                                
  535 cycles  |  116 cyc/s  |  8576761 ns/cyc
  0 constraint hits
                                                                                
  535 cycles  |  116 cyc/s  |  8576761 ns/cyc
  0 constraint hits
                                                                                
  535 cycles  |  116 cyc/s  |  8576761 ns/cyc
  0 constraint hits
                                                                                
  535 cycles  |  116 cyc/s  |  8576761 ns/cyc
  0 constraint hits
                                                                                
  535 cycles  |  116 cyc/s  |  8576761 ns/cyc
  0 constraint hits
                                                                                
  564 cycles  |  116 cyc/s  |  8588212 ns/cyc
  0 constraint hits
                                                                                
  564 cycles  |  116 cyc/s  |  8588212 ns/cyc
  0 constraint hits
                                                                                
  564 cycles  |  116 cyc/s  |  8588212 ns/cyc
  0 constraint hits
                                                                                
  564 cycles  |  116 cyc/s  |  8588212 ns/cyc
  0 constraint hits
                                                                                
  564 cycles  |  116 cyc/s  |  8588212 ns/cyc
  0 constraint hits
                                                                                
  564 cycles  |  116 cyc/s  |  8588212 ns/cyc
  0 constraint hits
                                                                                
  564 cycles  |  116 cyc/s  |  8588212 ns/cyc
  0 constraint hits
                                                                                
  564 cycles  |  116 cyc/s  |  8588212 ns/cyc
  0 constraint hits
                                                                                
  564 cycles  |  116 cyc/s  |  8588212 ns/cyc
  0 constraint hits
                                                                                
  564 cycles  |  116 cyc/s  |  8588212 ns/cyc
  0 constraint hits
                                                                                
  564 cycles  |  116 cyc/s  |  8588212 ns/cyc
  0 constraint hits
                                                                                
  564 cycles  |  116 cyc/s  |  8588212 ns/cyc
  0 constraint hits
                                                                                
  564 cycles  |  116 cyc/s  |  8588212 ns/cyc
  0 constraint hits
                                                                                
  564 cycles  |  116 cyc/s  |  8588212 ns/cyc
  0 constraint hits
                                                                                
  564 cycles  |  116 cyc/s  |  8588212 ns/cyc
  0 constraint hits
                                                                                
  564 cycles  |  116 cyc/s  |  8588212 ns/cyc
  0 constraint hits
                                                                                
  564 cycles  |  116 cyc/s  |  8588212 ns/cyc
  0 constraint hits
                                                                                
  564 cycles  |  116 cyc/s  |  8588212 ns/cyc
  0 constraint hits
                                                                                
  564 cycles  |  116 cyc/s  |  8588212 ns/cyc
  0 constraint hits
                                                                                
  564 cycles  |  116 cyc/s  |  8588212 ns/cyc
  0 constraint hits
                                                                                
  564 cycles  |  116 cyc/s  |  8588212 ns/cyc
  0 constraint hits
                                                                                
  564 cycles  |  116 cyc/s  |  8588212 ns/cyc
  0 constraint hits
                                                                                
  564 cycles  |  116 cyc/s  |  8588212 ns/cyc
  0 constraint hits
                                                                                
  564 cycles  |  116 cyc/s  |  8588212 ns/cyc
  0 constraint hits
                                                                                
  564 cycles  |  116 cyc/s  |  8588212 ns/cyc
  0 constraint hits
                                                                                
  564 cycles  |  116 cyc/s  |  8588212 ns/cyc
  0 constraint hits
                                                                                
  564 cycles  |  116 cyc/s  |  8588212 ns/cyc
  0 constraint hits
                                                                                
  564 cycles  |  116 cyc/s  |  8588212 ns/cyc
  0 constraint hits
                                                                                
  592 cycles  |  116 cyc/s  |  8604823 ns/cyc
  0 constraint hits
                                                                                
  592 cycles  |  116 cyc/s  |  8604823 ns/cyc
  0 constraint hits
                                                                                
  592 cycles  |  116 cyc/s  |  8604823 ns/cyc
  0 constraint hits
                                                                                
  592 cycles  |  116 cyc/s  |  8604823 ns/cyc
  0 constraint hits
                                                                                
  592 cycles  |  116 cyc/s  |  8604823 ns/cyc
  0 constraint hits
                                                                                
  592 cycles  |  116 cyc/s  |  8604823 ns/cyc
  0 constraint hits
                                                                                
  592 cycles  |  116 cyc/s  |  8604823 ns/cyc
  0 constraint hits
                                                                                
  592 cycles  |  116 cyc/s  |  8604823 ns/cyc
  0 constraint hits
                                                                                
  592 cycles  |  116 cyc/s  |  8604823 ns/cyc
  0 constraint hits
                                                                                
  592 cycles  |  116 cyc/s  |  8604823 ns/cyc
  0 constraint hits
                                                                                
  592 cycles  |  116 cyc/s  |  8604823 ns/cyc
  0 constraint hits
                                                                                
  592 cycles  |  116 cyc/s  |  8604823 ns/cyc
  0 constraint hits
                                                                                
  592 cycles  |  116 cyc/s  |  8604823 ns/cyc
  0 constraint hits
                                                                                
  592 cycles  |  116 cyc/s  |  8604823 ns/cyc
  0 constraint hits
                                                                                
  592 cycles  |  116 cyc/s  |  8604823 ns/cyc
  0 constraint hits
                                                                                
  592 cycles  |  116 cyc/s  |  8604823 ns/cyc
  0 constraint hits
                                                                                
  592 cycles  |  116 cyc/s  |  8604823 ns/cyc
  0 constraint hits
                                                                                
  592 cycles  |  116 cyc/s  |  8604823 ns/cyc
  0 constraint hits
                                                                                
  592 cycles  |  116 cyc/s  |  8604823 ns/cyc
  0 constraint hits
                                                                                
  592 cycles  |  116 cyc/s  |  8604823 ns/cyc
  0 constraint hits
                                                                                
  592 cycles  |  116 cyc/s  |  8604823 ns/cyc
  0 constraint hits
                                                                                
  592 cycles  |  116 cyc/s  |  8604823 ns/cyc
  0 constraint hits
                                                                                
  592 cycles  |  116 cyc/s  |  8604823 ns/cyc
  0 constraint hits
                                                                                
  592 cycles  |  116 cyc/s  |  8604823 ns/cyc
  0 constraint hits
                                                                                
  592 cycles  |  116 cyc/s  |  8604823 ns/cyc
  0 constraint hits
                                                                                
  592 cycles  |  116 cyc/s  |  8604823 ns/cyc
  0 constraint hits
                                                                                
  592 cycles  |  116 cyc/s  |  8604823 ns/cyc
  0 constraint hits
                                                                                
  592 cycles  |  116 cyc/s  |  8604823 ns/cyc
  0 constraint hits
                                                                                
  592 cycles  |  116 cyc/s  |  8604823 ns/cyc
  0 constraint hits
                                                                                
  621 cycles  |  116 cyc/s  |  8615662 ns/cyc
  0 constraint hits
                                                                                
  621 cycles  |  116 cyc/s  |  8615662 ns/cyc
  0 constraint hits
                                                                                
  621 cycles  |  116 cyc/s  |  8615662 ns/cyc
  0 constraint hits
                                                                                
  621 cycles  |  116 cyc/s  |  8615662 ns/cyc
  0 constraint hits
                                                                                
  621 cycles  |  116 cyc/s  |  8615662 ns/cyc
  0 constraint hits
                                                                                
  621 cycles  |  116 cyc/s  |  8615662 ns/cyc
  0 constraint hits
                                                                                
  621 cycles  |  116 cyc/s  |  8615662 ns/cyc
  0 constraint hits
                                                                                
  621 cycles  |  116 cyc/s  |  8615662 ns/cyc
  0 constraint hits
                                                                                
  621 cycles  |  116 cyc/s  |  8615662 ns/cyc
  0 constraint hits
                                                                                
  621 cycles  |  116 cyc/s  |  8615662 ns/cyc
  0 constraint hits
                                                                                
  621 cycles  |  116 cyc/s  |  8615662 ns/cyc
  0 constraint hits
                                                                                
  621 cycles  |  116 cyc/s  |  8615662 ns/cyc
  0 constraint hits
                                                                                
  621 cycles  |  116 cyc/s  |  8615662 ns/cyc
  0 constraint hits
                                                                                
  621 cycles  |  116 cyc/s  |  8615662 ns/cyc
  0 constraint hits
                                                                                
  621 cycles  |  116 cyc/s  |  8615662 ns/cyc
  0 constraint hits
                                                                                
  621 cycles  |  116 cyc/s  |  8615662 ns/cyc
  0 constraint hits
                                                                                
  621 cycles  |  116 cyc/s  |  8615662 ns/cyc
  0 constraint hits
                                                                                
  621 cycles  |  116 cyc/s  |  8615662 ns/cyc
  0 constraint hits
                                                                                
  621 cycles  |  116 cyc/s  |  8615662 ns/cyc
  0 constraint hits
@@TIME_PROC_AVG COUNT:640 AVG_MS:8.624
@@TIME_THROUGHPUT COUNT:640 DURATION_S:5.519388 EVENTS_PER_S:115.955
                                                                                
  621 cycles  |  116 cyc/s  |  8615662 ns/cyc
  0 constraint hits
                                                                                
  640 cycles  |  115 cyc/s  |  8621833 ns/cyc
  640 input events parsed in 0.000s  |  8621833 ns/event avg
  0 constraint hits total
  Breakdown:
   [#0]: 0
   [#1]: 0
   [#@@MONITOR_END:2026-05-14T09:52:19.715773000Z
2]: 0
   [#3]: 0
   [#4]: 0
   [#5]: 0
