@@MONITOR_START:2026-05-14T10:08:06.980121000Z
                                                                                
  0 cycles
  0 constraint hits
                                                                                
  0 cycles
  0 constraint hits
                                                                                
  0 cycles
  0 constraint hits
                                                                                
  0 cycles
  0 constraint hits
                                                                                
  0 cycles
  0 constraint hits
                                                                                
  0 cycles
  0 constraint hits
                                                                                
  0 cycles
  0 constraint hits
                                                                                
  0 cycles
  0 constraint hits
                                                                                
  0 cycles
  0 constraint hits
                                                                                
  0 cycles
  0 constraint hits
                                                                                
  0 cycles
  0 constraint hits
                                                                                
  0 cycles
  0 constraint hits
                                                                                
  0 cycles
  0 constraint hits
                                                                                
  0 cycles
  0 constraint hits
                                                                                
  0 cycles
  0 constraint hits
                                                                                
  0 cycles
  0 constraint hits
                                                                                
  0 cycles
  0 constraint hits
                                                                                
  0 cycles
  0 constraint hits
                                                                                
  0 cycles
  0 constraint hits
                                                                                
  0 cycles
  0 constraint hits
                                                                                
  0 cycles
  0 constraint hits
                                                                                
  0 cycles
  0 constraint hits
                                                                                
  0 cycles
  0 constraint hits
                                                                                
  0 cycles
  0 constraint hits
                                                                                
  0 cycles
  0 constraint hits
                                                                                
  0 cycles
  0 constraint hits
                                                                                
  0 cycles
  0 constraint hits
                                                                                
  0 cycles
  0 constraint hits
                                                                                
  0 cycles
  0 constraint hits
                                                                                
  0 cycles
  0 constraint hits
                                                                                
  0 cycles
  0 constraint hits
                                                                                
  0 cycles
  0 constraint hits
                                                                                
  0 cycles
  0 constraint hits
                                                                                
  0 cycles
  0 constraint hits
                                                                                
  0 cycles
  0 constraint hits
                                                                                
  0 cycles
  0 constraint hits
                                                                                
  0 cycles
  0 constraint hits
                                                                                
  0 cycles
  0 constraint hits
                                                                                
  0 cycles
  0 constraint hits
                                                                                
  0 cycles
  0 constraint hits
                                                                                
  0 cycles
  0 constraint hits
                                                                                
  0 cycles
  0 constraint hits
                                                                                
  0 cycles
  0 constraint hits
                                                                                
  0 cycles
  0 constraint hits
                                                                                
  0 cycles
  0 constraint hits
                                                                                
  0 cycles
  0 constraint hits
                                                                                
  0 cycles
  0 constraint hits
                                                                                
  0 cycles
  0 constraint hits
                                                                                
  0 cycles
  0 constraint hits
                                                                                
  0 cycles
  0 constraint hits
                                                                                
  0 cycles
  0 constraint hits
                                                                                
  0 cycles
  0 constraint hits
                                                                                
  0 cycles
  0 constraint hits
                                                                                
  0 cycles
  0 constraint hits
                                                                                
  0 cycles
  0 constraint hits
                                                                                
  0 cycles
  0 constraint hits
                                                                                
  0 cycles
  0 constraint hits
                                                                                
  0 cycles
  0 constraint hits
                                                                                
  0 cycles
  0 constraint hits
                                                                                
  0 cycles
  0 constraint hits
                                                                                
  0 cycles
  0 constraint hits
                                                                                
  0 cycles
  0 constraint hits
                                                                                
  0 cycles
  0 constraint hits
                                                                                
  0 cycles
  0 constraint hits
                                                                                
  0 cycles
  0 constraint hits
                                                                                
  0 cycles
  0 constraint hits
                                                                                
  0 cycles
  0 constraint hits
                                                                                
  0 cycles
  0 constraint hits
                                                                                
  0 cycles
  0 constraint hits
                                                                                
  0 cycles
  0 constraint hits
                                                                                
  0 cycles
  0 constraint hits
                                                                                
  0 cycles
  0 constraint hits
                                                                                
  0 cycles
  0 constraint hits
                                                                                
  0 cycles
  0 constraint hits
                                                                                
  0 cycles
  0 constraint hits
                                                                                
  0 cycles
  0 constraint hits
                                                                                
  0 cycles
  0 constraint hits
                                                                                
  0 cycles
  0 constraint hits
                                                                                
  0 cycles
  0 constraint hits
                                                                                
  0 cycles
  0 constraint hits
                                                                                
  0 cycles
  0 constraint hits
                                                                                
  0 cycles
  0 constraint hits
                                                                                
  0 cycles
  0 constraint hits
                                                                                
  0 cycles
  0 constraint hits
                                                                                
  0 cycles
  0 constraint hits
                                                                                
  0 cycles
  0 constraint hits
                                                                                
  0 cycles
  0 constraint hits
                                                                                
  0 cycles
  0 constraint hits
                                                                                
  0 cycles
  0 constraint hits
                                                                                
  0 cycles
  0 constraint hits
                                                                                
  0 cycles
  0 constraint hits
                                                                                
  0 cycles
  0 constraint hits
                                                                                
  0 cycles
  0 constraint hits
                                                                                
  0 cycles
  0 constraint hits
                                                                                
  0 cycles
  0 constraint hits
                                                                                
  0 cycles
  0 constraint hits
                                                                                
  0 cycles
  0 constraint hits
                                                                                
  0 cycles
  0 constraint hits
                                                                                
  0 cycles
  0 constraint hits
                                                                                
  0 cycles
  0 constraint hits
                                                                                
  0 cycles
  0 constraint hits
                                                                                
  0 cycles
  0 constraint hits
                                                                                
  0 cycles
  0 constraint hits
                                                                                
  0 cycles
  0 constraint hits
                                                                                
  0 cycles
  0 constraint hits
                                                                                
  0 cycles
  0 constraint hits
                                                                                
  107 cycles  |  428 cyc/s  |  2333913 ns/cyc
  0 constraint hits
                                                                                
  107 cycles  |  428 cyc/s  |  2333913 ns/cyc
  0 constraint hits
                                                                                
  107 cycles  |  428 cyc/s  |  2333913 ns/cyc
  0 constraint hits
                                                                                
  107 cycles  |  428 cyc/s  |  2333913 ns/cyc
  0 constraint hits
                                                                                
  107 cycles  |  428 cyc/s  |  2333913 ns/cyc
  0 constraint hits
                                                                                
  107 cycles  |  428 cyc/s  |  2333913 ns/cyc
  0 constraint hits
                                                                                
  107 cycles  |  428 cyc/s  |  2333913 ns/cyc
  0 constraint hits
                                                                                
  107 cycles  |  428 cyc/s  |  2333913 ns/cyc
  0 constraint hits
                                                                                
  107 cycles  |  428 cyc/s  |  2333913 ns/cyc
  0 constraint hits
                                                                                
  107 cycles  |  428 cyc/s  |  2333913 ns/cyc
  0 constraint hits
                                                                                
  107 cycles  |  428 cyc/s  |  2333913 ns/cyc
  0 constraint hits
                                                                                
  107 cycles  |  428 cyc/s  |  2333913 ns/cyc
  0 constraint hits
                                                                                
  107 cycles  |  428 cyc/s  |  2333913 ns/cyc
  0 constraint hits
                                                                                
  107 cycles  |  428 cyc/s  |  2333913 ns/cyc
  0 constraint hits
                                                                                
  107 cycles  |  428 cyc/s  |  2333913 ns/cyc
  0 constraint hits
                                                                                
  107 cycles  |  428 cyc/s  |  2333913 ns/cyc
  0 constraint hits
                                                                                
  107 cycles  |  428 cyc/s  |  2333913 ns/cyc
  0 constraint hits
                                                                                
  107 cycles  |  428 cyc/s  |  2333913 ns/cyc
  0 constraint hits
                                                                                
  107 cycles  |  428 cyc/s  |  2333913 ns/cyc
  0 constraint hits
                                                                                
  107 cycles  |  428 cyc/s  |  2333913 ns/cyc
  0 constraint hits
                                                                                
  107 cycles  |  428 cyc/s  |  2333913 ns/cyc
  0 constraint hits
                                                                                
  107 cycles  |  428 cyc/s  |  2333913 ns/cyc
  0 constraint hits
                                                                                
  107 cycles  |  428 cyc/s  |  2333913 ns/cyc
  0 constraint hits
                                                                                
  107 cycles  |  428 cyc/s  |  2333913 ns/cyc
  0 constraint hits
                                                                                
  107 cycles  |  428 cyc/s  |  2333913 ns/cyc
  0 constraint hits
                                                                                
  107 cycles  |  428 cyc/s  |  2333913 ns/cyc
  0 constraint hits
                                                                                
  107 cycles  |  428 cyc/s  |  2333913 ns/cyc
  0 constraint hits
                                                                                
  107 cycles  |  428 cyc/s  |  2333913 ns/cyc
  0 constraint hits
                                                                                
  107 cycles  |  428 cyc/s  |  2333913 ns/cyc
  0 constraint hits
                                                                                
  107 cycles  |  428 cyc/s  |  2333913 ns/cyc
  0 constraint hits
                                                                                
  107 cycles  |  428 cyc/s  |  2333913 ns/cyc
  0 constraint hits
                                                                                
  107 cycles  |  428 cyc/s  |  2333913 ns/cyc
  0 constraint hits
                                                                                
  107 cycles  |  428 cyc/s  |  2333913 ns/cyc
  0 constraint hits
                                                                                
  107 cycles  |  428 cyc/s  |  2333913 ns/cyc
  0 constraint hits
                                                                                
  107 cycles  |  428 cyc/s  |  2333913 ns/cyc
  0 constraint hits
                                                                                
  107 cycles  |  428 cyc/s  |  2333913 ns/cyc
  0 constraint hits
                                                                                
  107 cycles  |  428 cyc/s  |  2333913 ns/cyc
  0 constraint hits
                                                                                
  107 cycles  |  428 cyc/s  |  2333913 ns/cyc
  0 constraint hits
                                                                                
  107 cycles  |  428 cyc/s  |  2333913 ns/cyc
  0 constraint hits
                                                                                
  107 cycles  |  428 cyc/s  |  2333913 ns/cyc
  0 constraint hits
                                                                                
  107 cycles  |  428 cyc/s  |  2333913 ns/cyc
  0 constraint hits
                                                                                
  107 cycles  |  428 cyc/s  |  2333913 ns/cyc
  0 constraint hits
                                                                                
  107 cycles  |  428 cyc/s  |  2333913 ns/cyc
  0 constraint hits
                                                                                
  107 cycles  |  428 cyc/s  |  2333913 ns/cyc
  0 constraint hits
                                                                                
  107 cycles  |  428 cyc/s  |  2333913 ns/cyc
  0 constraint hits
                                                                                
  107 cycles  |  428 cyc/s  |  2333913 ns/cyc
  0 constraint hits
                                                                                
  107 cycles  |  428 cyc/s  |  2333913 ns/cyc
  0 constraint hits
                                                                                
  107 cycles  |  428 cyc/s  |  2333913 ns/cyc
  0 constraint hits
                                                                                
  107 cycles  |  428 cyc/s  |  2333913 ns/cyc
  0 constraint hits
                                                                                
  107 cycles  |  428 cyc/s  |  2333913 ns/cyc
  0 constraint hits
                                                                                
  107 cycles  |  428 cyc/s  |  2333913 ns/cyc
  0 constraint hits
                                                                                
  107 cycles  |  428 cyc/s  |  2333913 ns/cyc
  0 constraint hits
                                                                                
  107 cycles  |  428 cyc/s  |  2333913 ns/cyc
  0 constraint hits
                                                                                
  107 cycles  |  428 cyc/s  |  2333913 ns/cyc
  0 constraint hits
                                                                                
  107 cycles  |  428 cyc/s  |  2333913 ns/cyc
  0 constraint hits
                                                                                
  107 cycles  |  428 cyc/s  |  2333913 ns/cyc
  0 constraint hits
                                                                                
  107 cycles  |  428 cyc/s  |  2333913 ns/cyc
  0 constraint hits
                                                                                
  107 cycles  |  428 cyc/s  |  2333913 ns/cyc
  0 constraint hits
                                                                                
  107 cycles  |  428 cyc/s  |  2333913 ns/cyc
  0 constraint hits
                                                                                
  107 cycles  |  428 cyc/s  |  2333913 ns/cyc
  0 constraint hits
                                                                                
  107 cycles  |  428 cyc/s  |  2333913 ns/cyc
  0 constraint hits
                                                                                
  107 cycles  |  428 cyc/s  |  2333913 ns/cyc
  0 constraint hits
                                                                                
  107 cycles  |  428 cyc/s  |  2333913 ns/cyc
  0 constraint hits
                                                                                
  107 cycles  |  428 cyc/s  |  2333913 ns/cyc
  0 constraint hits
                                                                                
  107 cycles  |  428 cyc/s  |  2333913 ns/cyc
  0 constraint hits
                                                                                
  107 cycles  |  428 cyc/s  |  2333913 ns/cyc
  0 constraint hits
                                                                                
  107 cycles  |  428 cyc/s  |  2333913 ns/cyc
  0 constraint hits
                                                                                
  107 cycles  |  428 cyc/s  |  2333913 ns/cyc
  0 constraint hits
                                                                                
  107 cycles  |  428 cyc/s  |  2333913 ns/cyc
  0 constraint hits
                                                                                
  107 cycles  |  428 cyc/s  |  2333913 ns/cyc
  0 constraint hits
                                                                                
  107 cycles  |  428 cyc/s  |  2333913 ns/cyc
  0 constraint hits
                                                                                
  107 cycles  |  428 cyc/s  |  2333913 ns/cyc
  0 constraint hits
                                                                                
  107 cycles  |  428 cyc/s  |  2333913 ns/cyc
  0 constraint hits
                                                                                
  107 cycles  |  428 cyc/s  |  2333913 ns/cyc
  0 constraint hits
                                                                                
  107 cycles  |  428 cyc/s  |  2333913 ns/cyc
  0 constraint hits
                                                                                
  107 cycles  |  428 cyc/s  |  2333913 ns/cyc
  0 constraint hits
                                                                                
  107 cycles  |  428 cyc/s  |  2333913 ns/cyc
  0 constraint hits
                                                                                
  107 cycles  |  428 cyc/s  |  2333913 ns/cyc
  0 constraint hits
                                                                                
  107 cycles  |  428 cyc/s  |  2333913 ns/cyc
  0 constraint hits
                                                                                
  107 cycles  |  428 cyc/s  |  2333913 ns/cyc
  0 constraint hits
                                                                                
  107 cycles  |  428 cyc/s  |  2333913 ns/cyc
  0 constraint hits
                                                                                
  107 cycles  |  428 cyc/s  |  2333913 ns/cyc
  0 constraint hits
                                                                                
  107 cycles  |  428 cyc/s  |  2333913 ns/cyc
  0 constraint hits
                                                                                
  107 cycles  |  428 cyc/s  |  2333913 ns/cyc
  0 constraint hits
                                                                                
  107 cycles  |  428 cyc/s  |  2333913 ns/cyc
  0 constraint hits
                                                                                
  107 cycles  |  428 cyc/s  |  2333913 ns/cyc
  0 constraint hits
                                                                                
  107 cycles  |  428 cyc/s  |  2333913 ns/cyc
  0 constraint hits
                                                                                
  107 cycles  |  428 cyc/s  |  2333913 ns/cyc
  0 constraint hits
                                                                                
  107 cycles  |  428 cyc/s  |  2333913 ns/cyc
  0 constraint hits
                                                                                
  107 cycles  |  428 cyc/s  |  2333913 ns/cyc
  0 constraint hits
                                                                                
  107 cycles  |  428 cyc/s  |  2333913 ns/cyc
  0 constraint hits
                                                                                
  107 cycles  |  428 cyc/s  |  2333913 ns/cyc
  0 constraint hits
                                                                                
  107 cycles  |  428 cyc/s  |  2333913 ns/cyc
  0 constraint hits
                                                                                
  107 cycles  |  428 cyc/s  |  2333913 ns/cyc
  0 constraint hits
                                                                                
  107 cycles  |  428 cyc/s  |  2333913 ns/cyc
  0 constraint hits
                                                                                
  107 cycles  |  428 cyc/s  |  2333913 ns/cyc
  0 constraint hits
                                                                                
  107 cycles  |  428 cyc/s  |  2333913 ns/cyc
  0 constraint hits
                                                                                
  107 cycles  |  428 cyc/s  |  2333913 ns/cyc
  0 constraint hits
                                                                                
  107 cycles  |  428 cyc/s  |  2333913 ns/cyc
  0 constraint hits
                                                                                
  107 cycles  |  428 cyc/s  |  2333913 ns/cyc
  0 constraint hits
                                                                                
  107 cycles  |  428 cyc/s  |  2333913 ns/cyc
  0 constraint hits
                                                                                
  208 cycles  |  414 cyc/s  |  2411276 ns/cyc
  0 constraint hits
                                                                                
  208 cycles  |  414 cyc/s  |  2411276 ns/cyc
  0 constraint hits
                                                                                
  208 cycles  |  414 cyc/s  |  2411276 ns/cyc
  0 constraint hits
                                                                                
  208 cycles  |  414 cyc/s  |  2411276 ns/cyc
  0 constraint hits
                                                                                
  208 cycles  |  414 cyc/s  |  2411276 ns/cyc
  0 constraint hits
                                                                                
  208 cycles  |  414 cyc/s  |  2411276 ns/cyc
  0 constraint hits
                                                                                
  208 cycles  |  414 cyc/s  |  2411276 ns/cyc
  0 constraint hits
                                                                                
  208 cycles  |  414 cyc/s  |  2411276 ns/cyc
  0 constraint hits
                                                                                
  208 cycles  |  414 cyc/s  |  2411276 ns/cyc
  0 constraint hits
                                                                                
  208 cycles  |  414 cyc/s  |  2411276 ns/cyc
  0 constraint hits
                                                                                
  208 cycles  |  414 cyc/s  |  2411276 ns/cyc
  0 constraint hits
                                                                                
  208 cycles  |  414 cyc/s  |  2411276 ns/cyc
  0 constraint hits
                                                                                
  208 cycles  |  414 cyc/s  |  2411276 ns/cyc
  0 constraint hits
                                                                                
  208 cycles  |  414 cyc/s  |  2411276 ns/cyc
  0 constraint hits
                                                                                
  208 cycles  |  414 cyc/s  |  2411276 ns/cyc
  0 constraint hits
                                                                                
  208 cycles  |  414 cyc/s  |  2411276 ns/cyc
  0 constraint hits
                                                                                
  208 cycles  |  414 cyc/s  |  2411276 ns/cyc
  0 constraint hits
                                                                                
  208 cycles  |  414 cyc/s  |  2411276 ns/cyc
  0 constraint hits
                                                                                
  208 cycles  |  414 cyc/s  |  2411276 ns/cyc
  0 constraint hits
                                                                                
  208 cycles  |  414 cyc/s  |  2411276 ns/cyc
  0 constraint hits
                                                                                
  208 cycles  |  414 cyc/s  |  2411276 ns/cyc
  0 constraint hits
                                                                                
  208 cycles  |  414 cyc/s  |  2411276 ns/cyc
  0 constraint hits
                                                                                
  208 cycles  |  414 cyc/s  |  2411276 ns/cyc
  0 constraint hits
                                                                                
  208 cycles  |  414 cyc/s  |  2411276 ns/cyc
  0 constraint hits
                                                                                
  208 cycles  |  414 cyc/s  |  2411276 ns/cyc
  0 constraint hits
                                                                                
  208 cycles  |  414 cyc/s  |  2411276 ns/cyc
  0 constraint hits
                                                                                
  208 cycles  |  414 cyc/s  |  2411276 ns/cyc
  0 constraint hits
                                                                                
  208 cycles  |  414 cyc/s  |  2411276 ns/cyc
  0 constraint hits
                                                                                
  208 cycles  |  414 cyc/s  |  2411276 ns/cyc
  0 constraint hits
                                                                                
  208 cycles  |  414 cyc/s  |  2411276 ns/cyc
  0 constraint hits
                                                                                
  208 cycles  |  414 cyc/s  |  2411276 ns/cyc
  0 constraint hits
                                                                                
  208 cycles  |  414 cyc/s  |  2411276 ns/cyc
  0 constraint hits
@@TIME_PROC_AVG COUNT:240 AVG_MS:2.427
@@TIME_THROUGHPUT COUNT:240 DURATION_S:0.582396 EVENTS_PER_S:412.091
                                                                                
  208 cycles  |  414 cyc/s  |  2411276 ns/cyc
  0 constraint hits
                                                                                
  240 cycles  |  412 cyc/s  |  2424793 ns/cyc
  240 input events parsed in 0.000s  |  2424793 ns/event avg
  0 constraint hits total
  Breakdown:
   [#0]: 0
   [#1]: @@MONITOR_END:2026-05-14T10:08:07.562766000Z
0
   [#2]: 0
   [#3]: 0
   [#4]: 0
   [#5]: 0
   [#6]: 0
   [#7]: 0
   [#8]: 0
   [#9]: 0
   [#10]: 0
   [#11]: 0
