@@MONITOR_START:2026-05-14T09:59:33.611029000Z
                                                                                
  0 cycles
  0 constraint hits
                                                                                
  0 cycles
  0 constraint hits
                                                                                
  0 cycles
  0 constraint hits
                                                                                
  0 cycles
  0 constraint hits
                                                                                
  0 cycles
  0 constraint hits
                                                                                
  0 cycles
  0 constraint hits
                                                                                
  0 cycles
  0 constraint hits
                                                                                
  0 cycles
  0 constraint hits
                                                                                
  0 cycles
  0 constraint hits
                                                                                
  0 cycles
  0 constraint hits
                                                                                
  0 cycles
  0 constraint hits
                                                                                
  0 cycles
  0 constraint hits
                                                                                
  0 cycles
  0 constraint hits
                                                                                
  0 cycles
  0 constraint hits
                                                                                
  0 cycles
  0 constraint hits
                                                                                
  0 cycles
  0 constraint hits
                                                                                
  0 cycles
  0 constraint hits
                                                                                
  0 cycles
  0 constraint hits
                                                                                
  0 cycles
  0 constraint hits
                                                                                
  0 cycles
  0 constraint hits
                                                                                
  0 cycles
  0 constraint hits
                                                                                
  0 cycles
  0 constraint hits
                                                                                
  0 cycles
  0 constraint hits
                                                                                
  0 cycles
  0 constraint hits
                                                                                
  0 cycles
  0 constraint hits
                                                                                
  0 cycles
  0 constraint hits
                                                                                
  0 cycles
  0 constraint hits
                                                                                
  28 cycles  |  105 cyc/s  |  9519690 ns/cyc
  0 constraint hits
                                                                                
  28 cycles  |  105 cyc/s  |  9519690 ns/cyc
  0 constraint hits
                                                                                
  28 cycles  |  105 cyc/s  |  9519690 ns/cyc
  0 constraint hits
                                                                                
  28 cycles  |  105 cyc/s  |  9519690 ns/cyc
  0 constraint hits
                                                                                
  28 cycles  |  105 cyc/s  |  9519690 ns/cyc
  0 constraint hits
                                                                                
  28 cycles  |  105 cyc/s  |  9519690 ns/cyc
  0 constraint hits
                                                                                
  28 cycles  |  105 cyc/s  |  9519690 ns/cyc
  0 constraint hits
                                                                                
  28 cycles  |  105 cyc/s  |  9519690 ns/cyc
  0 constraint hits
                                                                                
  28 cycles  |  105 cyc/s  |  9519690 ns/cyc
  0 constraint hits
                                                                                
  28 cycles  |  105 cyc/s  |  9519690 ns/cyc
  0 constraint hits
                                                                                
  28 cycles  |  105 cyc/s  |  9519690 ns/cyc
  0 constraint hits
                                                                                
  28 cycles  |  105 cyc/s  |  9519690 ns/cyc
  0 constraint hits
                                                                                
  28 cycles  |  105 cyc/s  |  9519690 ns/cyc
  0 constraint hits
                                                                                
  41 cycles  |  78 cyc/s  |  12791021 ns/cyc
  0 constraint hits
                                                                                
  41 cycles  |  78 cyc/s  |  12791021 ns/cyc
  0 constraint hits
                                                                                
  41 cycles  |  78 cyc/s  |  12791021 ns/cyc
  0 constraint hits
                                                                                
  41 cycles  |  78 cyc/s  |  12791021 ns/cyc
  0 constraint hits
                                                                                
  41 cycles  |  78 cyc/s  |  12791021 ns/cyc
  0 constraint hits
                                                                                
  41 cycles  |  78 cyc/s  |  12791021 ns/cyc
  0 constraint hits
                                                                                
  41 cycles  |  78 cyc/s  |  12791021 ns/cyc
  0 constraint hits
                                                                                
  41 cycles  |  78 cyc/s  |  12791021 ns/cyc
  0 constraint hits
                                                                                
  41 cycles  |  78 cyc/s  |  12791021 ns/cyc
  0 constraint hits
                                                                                
  41 cycles  |  78 cyc/s  |  12791021 ns/cyc
  0 constraint hits
                                                                                
  41 cycles  |  78 cyc/s  |  12791021 ns/cyc
  0 constraint hits
                                                                                
  41 cycles  |  78 cyc/s  |  12791021 ns/cyc
  0 constraint hits
                                                                                
  41 cycles  |  78 cyc/s  |  12791021 ns/cyc
  0 constraint hits
                                                                                
  54 cycles  |  69 cyc/s  |  14455998 ns/cyc
  0 constraint hits
                                                                                
  54 cycles  |  69 cyc/s  |  14455998 ns/cyc
  0 constraint hits
                                                                                
  54 cycles  |  69 cyc/s  |  14455998 ns/cyc
  0 constraint hits
                                                                                
  54 cycles  |  69 cyc/s  |  14455998 ns/cyc
  0 constraint hits
                                                                                
  54 cycles  |  69 cyc/s  |  14455998 ns/cyc
  0 constraint hits
                                                                                
  54 cycles  |  69 cyc/s  |  14455998 ns/cyc
  0 constraint hits
                                                                                
  54 cycles  |  69 cyc/s  |  14455998 ns/cyc
  0 constraint hits
                                                                                
  54 cycles  |  69 cyc/s  |  14455998 ns/cyc
  0 constraint hits
                                                                                
  54 cycles  |  69 cyc/s  |  14455998 ns/cyc
  0 constraint hits
                                                                                
  54 cycles  |  69 cyc/s  |  14455998 ns/cyc
  0 constraint hits
                                                                                
  54 cycles  |  69 cyc/s  |  14455998 ns/cyc
  0 constraint hits
                                                                                
  54 cycles  |  69 cyc/s  |  14455998 ns/cyc
  0 constraint hits
                                                                                
  54 cycles  |  69 cyc/s  |  14455998 ns/cyc
  0 constraint hits
                                                                                
  67 cycles  |  64 cyc/s  |  15454643 ns/cyc
  0 constraint hits
                                                                                
  67 cycles  |  64 cyc/s  |  15454643 ns/cyc
  0 constraint hits
                                                                                
  67 cycles  |  64 cyc/s  |  15454643 ns/cyc
  0 constraint hits
                                                                                
  67 cycles  |  64 cyc/s  |  15454643 ns/cyc
  0 constraint hits
                                                                                
  67 cycles  |  64 cyc/s  |  15454643 ns/cyc
  0 constraint hits
                                                                                
  67 cycles  |  64 cyc/s  |  15454643 ns/cyc
  0 constraint hits
                                                                                
  67 cycles  |  64 cyc/s  |  15454643 ns/cyc
  0 constraint hits
                                                                                
  67 cycles  |  64 cyc/s  |  15454643 ns/cyc
  0 constraint hits
                                                                                
  67 cycles  |  64 cyc/s  |  15454643 ns/cyc
  0 constraint hits
                                                                                
  67 cycles  |  64 cyc/s  |  15454643 ns/cyc
  0 constraint hits
                                                                                
  67 cycles  |  64 cyc/s  |  15454643 ns/cyc
  0 constraint hits
                                                                                
  67 cycles  |  64 cyc/s  |  15454643 ns/cyc
  0 constraint hits
                                                                                
  67 cycles  |  64 cyc/s  |  15454643 ns/cyc
  0 constraint hits
                                                                                
  80 cycles  |  61 cyc/s  |  16194008 ns/cyc
  0 constraint hits
                                                                                
  80 cycles  |  61 cyc/s  |  16194008 ns/cyc
  0 constraint hits
                                                                                
  80 cycles  |  61 cyc/s  |  16194008 ns/cyc
  0 constraint hits
                                                                                
  80 cycles  |  61 cyc/s  |  16194008 ns/cyc
  0 constraint hits
                                                                                
  80 cycles  |  61 cyc/s  |  16194008 ns/cyc
  0 constraint hits
                                                                                
  80 cycles  |  61 cyc/s  |  16194008 ns/cyc
  0 constraint hits
                                                                                
  80 cycles  |  61 cyc/s  |  16194008 ns/cyc
  0 constraint hits
                                                                                
  80 cycles  |  61 cyc/s  |  16194008 ns/cyc
  0 constraint hits
                                                                                
  80 cycles  |  61 cyc/s  |  16194008 ns/cyc
  0 constraint hits
                                                                                
  80 cycles  |  61 cyc/s  |  16194008 ns/cyc
  0 constraint hits
                                                                                
  80 cycles  |  61 cyc/s  |  16194008 ns/cyc
  0 constraint hits
                                                                                
  80 cycles  |  61 cyc/s  |  16194008 ns/cyc
  0 constraint hits
                                                                                
  80 cycles  |  61 cyc/s  |  16194008 ns/cyc
  0 constraint hits
                                                                                
  93 cycles  |  59 cyc/s  |  16705456 ns/cyc
  0 constraint hits
                                                                                
  93 cycles  |  59 cyc/s  |  16705456 ns/cyc
  0 constraint hits
                                                                                
  93 cycles  |  59 cyc/s  |  16705456 ns/cyc
  0 constraint hits
                                                                                
  93 cycles  |  59 cyc/s  |  16705456 ns/cyc
  0 constraint hits
                                                                                
  93 cycles  |  59 cyc/s  |  16705456 ns/cyc
  0 constraint hits
                                                                                
  93 cycles  |  59 cyc/s  |  16705456 ns/cyc
  0 constraint hits
                                                                                
  93 cycles  |  59 cyc/s  |  16705456 ns/cyc
  0 constraint hits
                                                                                
  93 cycles  |  59 cyc/s  |  16705456 ns/cyc
  0 constraint hits
                                                                                
  93 cycles  |  59 cyc/s  |  16705456 ns/cyc
  0 constraint hits
                                                                                
  93 cycles  |  59 cyc/s  |  16705456 ns/cyc
  0 constraint hits
                                                                                
  93 cycles  |  59 cyc/s  |  16705456 ns/cyc
  0 constraint hits
                                                                                
  93 cycles  |  59 cyc/s  |  16705456 ns/cyc
  0 constraint hits
                                                                                
  93 cycles  |  59 cyc/s  |  16705456 ns/cyc
  0 constraint hits
                                                                                
  106 cycles  |  58 cyc/s  |  17102657 ns/cyc
  0 constraint hits
                                                                                
  106 cycles  |  58 cyc/s  |  17102657 ns/cyc
  0 constraint hits
                                                                                
  106 cycles  |  58 cyc/s  |  17102657 ns/cyc
  0 constraint hits
                                                                                
  106 cycles  |  58 cyc/s  |  17102657 ns/cyc
  0 constraint hits
                                                                                
  106 cycles  |  58 cyc/s  |  17102657 ns/cyc
  0 constraint hits
                                                                                
  106 cycles  |  58 cyc/s  |  17102657 ns/cyc
  0 constraint hits
                                                                                
  106 cycles  |  58 cyc/s  |  17102657 ns/cyc
  0 constraint hits
                                                                                
  106 cycles  |  58 cyc/s  |  17102657 ns/cyc
  0 constraint hits
                                                                                
  106 cycles  |  58 cyc/s  |  17102657 ns/cyc
  0 constraint hits
                                                                                
  106 cycles  |  58 cyc/s  |  17102657 ns/cyc
  0 constraint hits
                                                                                
  106 cycles  |  58 cyc/s  |  17102657 ns/cyc
  0 constraint hits
                                                                                
  106 cycles  |  58 cyc/s  |  17102657 ns/cyc
  0 constraint hits
                                                                                
  106 cycles  |  58 cyc/s  |  17102657 ns/cyc
  0 constraint hits
                                                                                
  119 cycles  |  57 cyc/s  |  17386391 ns/cyc
  0 constraint hits
                                                                                
  119 cycles  |  57 cyc/s  |  17386391 ns/cyc
  0 constraint hits
                                                                                
  119 cycles  |  57 cyc/s  |  17386391 ns/cyc
  0 constraint hits
                                                                                
  119 cycles  |  57 cyc/s  |  17386391 ns/cyc
  0 constraint hits
                                                                                
  119 cycles  |  57 cyc/s  |  17386391 ns/cyc
  0 constraint hits
                                                                                
  119 cycles  |  57 cyc/s  |  17386391 ns/cyc
  0 constraint hits
                                                                                
  119 cycles  |  57 cyc/s  |  17386391 ns/cyc
  0 constraint hits
                                                                                
  119 cycles  |  57 cyc/s  |  17386391 ns/cyc
  0 constraint hits
                                                                                
  119 cycles  |  57 cyc/s  |  17386391 ns/cyc
  0 constraint hits
                                                                                
  119 cycles  |  57 cyc/s  |  17386391 ns/cyc
  0 constraint hits
                                                                                
  119 cycles  |  57 cyc/s  |  17386391 ns/cyc
  0 constraint hits
                                                                                
  119 cycles  |  57 cyc/s  |  17386391 ns/cyc
  0 constraint hits
                                                                                
  119 cycles  |  57 cyc/s  |  17386391 ns/cyc
  0 constraint hits
                                                                                
  132 cycles  |  56 cyc/s  |  17611956 ns/cyc
  0 constraint hits
                                                                                
  132 cycles  |  56 cyc/s  |  17611956 ns/cyc
  0 constraint hits
                                                                                
  132 cycles  |  56 cyc/s  |  17611956 ns/cyc
  0 constraint hits
                                                                                
  132 cycles  |  56 cyc/s  |  17611956 ns/cyc
  0 constraint hits
                                                                                
  132 cycles  |  56 cyc/s  |  17611956 ns/cyc
  0 constraint hits
                                                                                
  132 cycles  |  56 cyc/s  |  17611956 ns/cyc
  0 constraint hits
                                                                                
  132 cycles  |  56 cyc/s  |  17611956 ns/cyc
  0 constraint hits
                                                                                
  132 cycles  |  56 cyc/s  |  17611956 ns/cyc
  0 constraint hits
                                                                                
  132 cycles  |  56 cyc/s  |  17611956 ns/cyc
  0 constraint hits
                                                                                
  132 cycles  |  56 cyc/s  |  17611956 ns/cyc
  0 constraint hits
                                                                                
  132 cycles  |  56 cyc/s  |  17611956 ns/cyc
  0 constraint hits
                                                                                
  132 cycles  |  56 cyc/s  |  17611956 ns/cyc
  0 constraint hits
                                                                                
  132 cycles  |  56 cyc/s  |  17611956 ns/cyc
  0 constraint hits
                                                                                
  145 cycles  |  56 cyc/s  |  17808759 ns/cyc
  0 constraint hits
                                                                                
  145 cycles  |  56 cyc/s  |  17808759 ns/cyc
  0 constraint hits
                                                                                
  145 cycles  |  56 cyc/s  |  17808759 ns/cyc
  0 constraint hits
                                                                                
  145 cycles  |  56 cyc/s  |  17808759 ns/cyc
  0 constraint hits
                                                                                
  145 cycles  |  56 cyc/s  |  17808759 ns/cyc
  0 constraint hits
                                                                                
  145 cycles  |  56 cyc/s  |  17808759 ns/cyc
  0 constraint hits
                                                                                
  145 cycles  |  56 cyc/s  |  17808759 ns/cyc
  0 constraint hits
                                                                                
  145 cycles  |  56 cyc/s  |  17808759 ns/cyc
  0 constraint hits
                                                                                
  145 cycles  |  56 cyc/s  |  17808759 ns/cyc
  0 constraint hits
                                                                                
  145 cycles  |  56 cyc/s  |  17808759 ns/cyc
  0 constraint hits
                                                                                
  145 cycles  |  56 cyc/s  |  17808759 ns/cyc
  0 constraint hits
                                                                                
  145 cycles  |  56 cyc/s  |  17808759 ns/cyc
  0 constraint hits
                                                                                
  145 cycles  |  56 cyc/s  |  17808759 ns/cyc
  0 constraint hits
                                                                                
  158 cycles  |  55 cyc/s  |  17973598 ns/cyc
  0 constraint hits
                                                                                
  158 cycles  |  55 cyc/s  |  17973598 ns/cyc
  0 constraint hits
                                                                                
  158 cycles  |  55 cyc/s  |  17973598 ns/cyc
  0 constraint hits
                                                                                
  158 cycles  |  55 cyc/s  |  17973598 ns/cyc
  0 constraint hits
                                                                                
  158 cycles  |  55 cyc/s  |  17973598 ns/cyc
  0 constraint hits
                                                                                
  158 cycles  |  55 cyc/s  |  17973598 ns/cyc
  0 constraint hits
                                                                                
  158 cycles  |  55 cyc/s  |  17973598 ns/cyc
  0 constraint hits
                                                                                
  158 cycles  |  55 cyc/s  |  17973598 ns/cyc
  0 constraint hits
                                                                                
  158 cycles  |  55 cyc/s  |  17973598 ns/cyc
  0 constraint hits
                                                                                
  158 cycles  |  55 cyc/s  |  17973598 ns/cyc
  0 constraint hits
                                                                                
  158 cycles  |  55 cyc/s  |  17973598 ns/cyc
  0 constraint hits
                                                                                
  158 cycles  |  55 cyc/s  |  17973598 ns/cyc
  0 constraint hits
                                                                                
  158 cycles  |  55 cyc/s  |  17973598 ns/cyc
  0 constraint hits
                                                                                
  171 cycles  |  55 cyc/s  |  18100888 ns/cyc
  0 constraint hits
                                                                                
  171 cycles  |  55 cyc/s  |  18100888 ns/cyc
  0 constraint hits
                                                                                
  171 cycles  |  55 cyc/s  |  18100888 ns/cyc
  0 constraint hits
                                                                                
  171 cycles  |  55 cyc/s  |  18100888 ns/cyc
  0 constraint hits
                                                                                
  171 cycles  |  55 cyc/s  |  18100888 ns/cyc
  0 constraint hits
                                                                                
  171 cycles  |  55 cyc/s  |  18100888 ns/cyc
  0 constraint hits
                                                                                
  171 cycles  |  55 cyc/s  |  18100888 ns/cyc
  0 constraint hits
                                                                                
  171 cycles  |  55 cyc/s  |  18100888 ns/cyc
  0 constraint hits
                                                                                
  171 cycles  |  55 cyc/s  |  18100888 ns/cyc
  0 constraint hits
                                                                                
  171 cycles  |  55 cyc/s  |  18100888 ns/cyc
  0 constraint hits
                                                                                
  171 cycles  |  55 cyc/s  |  18100888 ns/cyc
  0 constraint hits
                                                                                
  171 cycles  |  55 cyc/s  |  18100888 ns/cyc
  0 constraint hits
                                                                                
  171 cycles  |  55 cyc/s  |  18100888 ns/cyc
  0 constraint hits
                                                                                
  184 cycles  |  54 cyc/s  |  18222473 ns/cyc
  0 constraint hits
                                                                                
  184 cycles  |  54 cyc/s  |  18222473 ns/cyc
  0 constraint hits
                                                                                
  184 cycles  |  54 cyc/s  |  18222473 ns/cyc
  0 constraint hits
                                                                                
  184 cycles  |  54 cyc/s  |  18222473 ns/cyc
  0 constraint hits
                                                                                
  184 cycles  |  54 cyc/s  |  18222473 ns/cyc
  0 constraint hits
                                                                                
  184 cycles  |  54 cyc/s  |  18222473 ns/cyc
  0 constraint hits
                                                                                
  184 cycles  |  54 cyc/s  |  18222473 ns/cyc
  0 constraint hits
                                                                                
  184 cycles  |  54 cyc/s  |  18222473 ns/cyc
  0 constraint hits
                                                                                
  184 cycles  |  54 cyc/s  |  18222473 ns/cyc
  0 constraint hits
                                                                                
  184 cycles  |  54 cyc/s  |  18222473 ns/cyc
  0 constraint hits
                                                                                
  184 cycles  |  54 cyc/s  |  18222473 ns/cyc
  0 constraint hits
                                                                                
  184 cycles  |  54 cyc/s  |  18222473 ns/cyc
  0 constraint hits
                                                                                
  184 cycles  |  54 cyc/s  |  18222473 ns/cyc
  0 constraint hits
                                                                                
  197 cycles  |  54 cyc/s  |  18324744 ns/cyc
  0 constraint hits
                                                                                
  197 cycles  |  54 cyc/s  |  18324744 ns/cyc
  0 constraint hits
                                                                                
  197 cycles  |  54 cyc/s  |  18324744 ns/cyc
  0 constraint hits
                                                                                
  197 cycles  |  54 cyc/s  |  18324744 ns/cyc
  0 constraint hits
                                                                                
  197 cycles  |  54 cyc/s  |  18324744 ns/cyc
  0 constraint hits
                                                                                
  197 cycles  |  54 cyc/s  |  18324744 ns/cyc
  0 constraint hits
                                                                                
  197 cycles  |  54 cyc/s  |  18324744 ns/cyc
  0 constraint hits
                                                                                
  197 cycles  |  54 cyc/s  |  18324744 ns/cyc
  0 constraint hits
                                                                                
  197 cycles  |  54 cyc/s  |  18324744 ns/cyc
  0 constraint hits
                                                                                
  197 cycles  |  54 cyc/s  |  18324744 ns/cyc
  0 constraint hits
                                                                                
  197 cycles  |  54 cyc/s  |  18324744 ns/cyc
  0 constraint hits
                                                                                
  197 cycles  |  54 cyc/s  |  18324744 ns/cyc
  0 constraint hits
                                                                                
  197 cycles  |  54 cyc/s  |  18324744 ns/cyc
  0 constraint hits
                                                                                
  210 cycles  |  54 cyc/s  |  18421462 ns/cyc
  0 constraint hits
                                                                                
  210 cycles  |  54 cyc/s  |  18421462 ns/cyc
  0 constraint hits
                                                                                
  210 cycles  |  54 cyc/s  |  18421462 ns/cyc
  0 constraint hits
                                                                                
  210 cycles  |  54 cyc/s  |  18421462 ns/cyc
  0 constraint hits
                                                                                
  210 cycles  |  54 cyc/s  |  18421462 ns/cyc
  0 constraint hits
                                                                                
  210 cycles  |  54 cyc/s  |  18421462 ns/cyc
  0 constraint hits
                                                                                
  210 cycles  |  54 cyc/s  |  18421462 ns/cyc
  0 constraint hits
                                                                                
  210 cycles  |  54 cyc/s  |  18421462 ns/cyc
  0 constraint hits
                                                                                
  210 cycles  |  54 cyc/s  |  18421462 ns/cyc
  0 constraint hits
                                                                                
  210 cycles  |  54 cyc/s  |  18421462 ns/cyc
  0 constraint hits
                                                                                
  210 cycles  |  54 cyc/s  |  18421462 ns/cyc
  0 constraint hits
                                                                                
  210 cycles  |  54 cyc/s  |  18421462 ns/cyc
  0 constraint hits
                                                                                
  210 cycles  |  54 cyc/s  |  18421462 ns/cyc
  0 constraint hits
                                                                                
  223 cycles  |  54 cyc/s  |  18503567 ns/cyc
  0 constraint hits
                                                                                
  223 cycles  |  54 cyc/s  |  18503567 ns/cyc
  0 constraint hits
                                                                                
  223 cycles  |  54 cyc/s  |  18503567 ns/cyc
  0 constraint hits
                                                                                
  223 cycles  |  54 cyc/s  |  18503567 ns/cyc
  0 constraint hits
                                                                                
  223 cycles  |  54 cyc/s  |  18503567 ns/cyc
  0 constraint hits
                                                                                
  223 cycles  |  54 cyc/s  |  18503567 ns/cyc
  0 constraint hits
                                                                                
  223 cycles  |  54 cyc/s  |  18503567 ns/cyc
  0 constraint hits
                                                                                
  223 cycles  |  54 cyc/s  |  18503567 ns/cyc
  0 constraint hits
                                                                                
  223 cycles  |  54 cyc/s  |  18503567 ns/cyc
  0 constraint hits
                                                                                
  223 cycles  |  54 cyc/s  |  18503567 ns/cyc
  0 constraint hits
                                                                                
  223 cycles  |  54 cyc/s  |  18503567 ns/cyc
  0 constraint hits
                                                                                
  223 cycles  |  54 cyc/s  |  18503567 ns/cyc
  0 constraint hits
                                                                                
  223 cycles  |  54 cyc/s  |  18503567 ns/cyc
  0 constraint hits
                                                                                
  236 cycles  |  53 cyc/s  |  18576476 ns/cyc
  0 constraint hits
                                                                                
  236 cycles  |  53 cyc/s  |  18576476 ns/cyc
  0 constraint hits
                                                                                
  236 cycles  |  53 cyc/s  |  18576476 ns/cyc
  0 constraint hits
                                                                                
  236 cycles  |  53 cyc/s  |  18576476 ns/cyc
  0 constraint hits
                                                                                
  236 cycles  |  53 cyc/s  |  18576476 ns/cyc
  0 constraint hits
                                                                                
  236 cycles  |  53 cyc/s  |  18576476 ns/cyc
  0 constraint hits
                                                                                
  236 cycles  |  53 cyc/s  |  18576476 ns/cyc
  0 constraint hits
                                                                                
  236 cycles  |  53 cyc/s  |  18576476 ns/cyc
  0 constraint hits
                                                                                
  236 cycles  |  53 cyc/s  |  18576476 ns/cyc
  0 constraint hits
                                                                                
  236 cycles  |  53 cyc/s  |  18576476 ns/cyc
  0 constraint hits
                                                                                
  236 cycles  |  53 cyc/s  |  18576476 ns/cyc
  0 constraint hits
                                                                                
  236 cycles  |  53 cyc/s  |  18576476 ns/cyc
  0 constraint hits
                                                                                
  236 cycles  |  53 cyc/s  |  18576476 ns/cyc
  0 constraint hits
                                                                                
  249 cycles  |  53 cyc/s  |  18638485 ns/cyc
  0 constraint hits
                                                                                
  249 cycles  |  53 cyc/s  |  18638485 ns/cyc
  0 constraint hits
                                                                                
  249 cycles  |  53 cyc/s  |  18638485 ns/cyc
  0 constraint hits
                                                                                
  249 cycles  |  53 cyc/s  |  18638485 ns/cyc
  0 constraint hits
                                                                                
  249 cycles  |  53 cyc/s  |  18638485 ns/cyc
  0 constraint hits
                                                                                
  249 cycles  |  53 cyc/s  |  18638485 ns/cyc
  0 constraint hits
                                                                                
  249 cycles  |  53 cyc/s  |  18638485 ns/cyc
  0 constraint hits
                                                                                
  249 cycles  |  53 cyc/s  |  18638485 ns/cyc
  0 constraint hits
                                                                                
  249 cycles  |  53 cyc/s  |  18638485 ns/cyc
  0 constraint hits
                                                                                
  249 cycles  |  53 cyc/s  |  18638485 ns/cyc
  0 constraint hits
                                                                                
  249 cycles  |  53 cyc/s  |  18638485 ns/cyc
  0 constraint hits
                                                                                
  249 cycles  |  53 cyc/s  |  18638485 ns/cyc
  0 constraint hits
                                                                                
  249 cycles  |  53 cyc/s  |  18638485 ns/cyc
  0 constraint hits
                                                                                
  262 cycles  |  53 cyc/s  |  18691164 ns/cyc
  0 constraint hits
                                                                                
  262 cycles  |  53 cyc/s  |  18691164 ns/cyc
  0 constraint hits
                                                                                
  262 cycles  |  53 cyc/s  |  18691164 ns/cyc
  0 constraint hits
                                                                                
  262 cycles  |  53 cyc/s  |  18691164 ns/cyc
  0 constraint hits
                                                                                
  262 cycles  |  53 cyc/s  |  18691164 ns/cyc
  0 constraint hits
                                                                                
  262 cycles  |  53 cyc/s  |  18691164 ns/cyc
  0 constraint hits
                                                                                
  262 cycles  |  53 cyc/s  |  18691164 ns/cyc
  0 constraint hits
                                                                                
  262 cycles  |  53 cyc/s  |  18691164 ns/cyc
  0 constraint hits
                                                                                
  262 cycles  |  53 cyc/s  |  18691164 ns/cyc
  0 constraint hits
                                                                                
  262 cycles  |  53 cyc/s  |  18691164 ns/cyc
  0 constraint hits
                                                                                
  262 cycles  |  53 cyc/s  |  18691164 ns/cyc
  0 constraint hits
                                                                                
  262 cycles  |  53 cyc/s  |  18691164 ns/cyc
  0 constraint hits
                                                                                
  262 cycles  |  53 cyc/s  |  18691164 ns/cyc
  0 constraint hits
                                                                                
  275 cycles  |  53 cyc/s  |  18742172 ns/cyc
  0 constraint hits
                                                                                
  275 cycles  |  53 cyc/s  |  18742172 ns/cyc
  0 constraint hits
                                                                                
  275 cycles  |  53 cyc/s  |  18742172 ns/cyc
  0 constraint hits
                                                                                
  275 cycles  |  53 cyc/s  |  18742172 ns/cyc
  0 constraint hits
                                                                                
  275 cycles  |  53 cyc/s  |  18742172 ns/cyc
  0 constraint hits
                                                                                
  275 cycles  |  53 cyc/s  |  18742172 ns/cyc
  0 constraint hits
                                                                                
  275 cycles  |  53 cyc/s  |  18742172 ns/cyc
  0 constraint hits
                                                                                
  275 cycles  |  53 cyc/s  |  18742172 ns/cyc
  0 constraint hits
                                                                                
  275 cycles  |  53 cyc/s  |  18742172 ns/cyc
  0 constraint hits
                                                                                
  275 cycles  |  53 cyc/s  |  18742172 ns/cyc
  0 constraint hits
                                                                                
  275 cycles  |  53 cyc/s  |  18742172 ns/cyc
  0 constraint hits
                                                                                
  275 cycles  |  53 cyc/s  |  18742172 ns/cyc
  0 constraint hits
                                                                                
  275 cycles  |  53 cyc/s  |  18742172 ns/cyc
  0 constraint hits
                                                                                
  288 cycles  |  53 cyc/s  |  18778880 ns/cyc
  0 constraint hits
                                                                                
  288 cycles  |  53 cyc/s  |  18778880 ns/cyc
  0 constraint hits
                                                                                
  288 cycles  |  53 cyc/s  |  18778880 ns/cyc
  0 constraint hits
                                                                                
  288 cycles  |  53 cyc/s  |  18778880 ns/cyc
  0 constraint hits
                                                                                
  288 cycles  |  53 cyc/s  |  18778880 ns/cyc
  0 constraint hits
                                                                                
  288 cycles  |  53 cyc/s  |  18778880 ns/cyc
  0 constraint hits
                                                                                
  288 cycles  |  53 cyc/s  |  18778880 ns/cyc
  0 constraint hits
                                                                                
  288 cycles  |  53 cyc/s  |  18778880 ns/cyc
  0 constraint hits
                                                                                
  288 cycles  |  53 cyc/s  |  18778880 ns/cyc
  0 constraint hits
                                                                                
  288 cycles  |  53 cyc/s  |  18778880 ns/cyc
  0 constraint hits
                                                                                
  288 cycles  |  53 cyc/s  |  18778880 ns/cyc
  0 constraint hits
                                                                                
  288 cycles  |  53 cyc/s  |  18778880 ns/cyc
  0 constraint hits
                                                                                
  288 cycles  |  53 cyc/s  |  18778880 ns/cyc
  0 constraint hits
                                                                                
  301 cycles  |  53 cyc/s  |  18813273 ns/cyc
  0 constraint hits
                                                                                
  301 cycles  |  53 cyc/s  |  18813273 ns/cyc
  0 constraint hits
                                                                                
  301 cycles  |  53 cyc/s  |  18813273 ns/cyc
  0 constraint hits
                                                                                
  301 cycles  |  53 cyc/s  |  18813273 ns/cyc
  0 constraint hits
                                                                                
  301 cycles  |  53 cyc/s  |  18813273 ns/cyc
  0 constraint hits
                                                                                
  301 cycles  |  53 cyc/s  |  18813273 ns/cyc
  0 constraint hits
                                                                                
  301 cycles  |  53 cyc/s  |  18813273 ns/cyc
  0 constraint hits
                                                                                
  301 cycles  |  53 cyc/s  |  18813273 ns/cyc
  0 constraint hits
                                                                                
  301 cycles  |  53 cyc/s  |  18813273 ns/cyc
  0 constraint hits
                                                                                
  301 cycles  |  53 cyc/s  |  18813273 ns/cyc
  0 constraint hits
                                                                                
  301 cycles  |  53 cyc/s  |  18813273 ns/cyc
  0 constraint hits
                                                                                
  301 cycles  |  53 cyc/s  |  18813273 ns/cyc
  0 constraint hits
                                                                                
  301 cycles  |  53 cyc/s  |  18813273 ns/cyc
  0 constraint hits
                                                                                
  314 cycles  |  53 cyc/s  |  18857380 ns/cyc
  0 constraint hits
                                                                                
  314 cycles  |  53 cyc/s  |  18857380 ns/cyc
  0 constraint hits
                                                                                
  314 cycles  |  53 cyc/s  |  18857380 ns/cyc
  0 constraint hits
                                                                                
  314 cycles  |  53 cyc/s  |  18857380 ns/cyc
  0 constraint hits
                                                                                
  314 cycles  |  53 cyc/s  |  18857380 ns/cyc
  0 constraint hits
                                                                                
  314 cycles  |  53 cyc/s  |  18857380 ns/cyc
  0 constraint hits
                                                                                
  314 cycles  |  53 cyc/s  |  18857380 ns/cyc
  0 constraint hits
                                                                                
  314 cycles  |  53 cyc/s  |  18857380 ns/cyc
  0 constraint hits
                                                                                
  314 cycles  |  53 cyc/s  |  18857380 ns/cyc
  0 constraint hits
                                                                                
  314 cycles  |  53 cyc/s  |  18857380 ns/cyc
  0 constraint hits
                                                                                
  314 cycles  |  53 cyc/s  |  18857380 ns/cyc
  0 constraint hits
                                                                                
  314 cycles  |  53 cyc/s  |  18857380 ns/cyc
  0 constraint hits
                                                                                
  314 cycles  |  53 cyc/s  |  18857380 ns/cyc
  0 constraint hits
                                                                                
  327 cycles  |  52 cyc/s  |  18893446 ns/cyc
  0 constraint hits
                                                                                
  327 cycles  |  52 cyc/s  |  18893446 ns/cyc
  0 constraint hits
                                                                                
  327 cycles  |  52 cyc/s  |  18893446 ns/cyc
  0 constraint hits
                                                                                
  327 cycles  |  52 cyc/s  |  18893446 ns/cyc
  0 constraint hits
                                                                                
  327 cycles  |  52 cyc/s  |  18893446 ns/cyc
  0 constraint hits
                                                                                
  327 cycles  |  52 cyc/s  |  18893446 ns/cyc
  0 constraint hits
                                                                                
  327 cycles  |  52 cyc/s  |  18893446 ns/cyc
  0 constraint hits
                                                                                
  327 cycles  |  52 cyc/s  |  18893446 ns/cyc
  0 constraint hits
                                                                                
  327 cycles  |  52 cyc/s  |  18893446 ns/cyc
  0 constraint hits
                                                                                
  327 cycles  |  52 cyc/s  |  18893446 ns/cyc
  0 constraint hits
                                                                                
  327 cycles  |  52 cyc/s  |  18893446 ns/cyc
  0 constraint hits
                                                                                
  327 cycles  |  52 cyc/s  |  18893446 ns/cyc
  0 constraint hits
                                                                                
  327 cycles  |  52 cyc/s  |  18893446 ns/cyc
  0 constraint hits
                                                                                
  340 cycles  |  52 cyc/s  |  18932049 ns/cyc
  0 constraint hits
                                                                                
  340 cycles  |  52 cyc/s  |  18932049 ns/cyc
  0 constraint hits
                                                                                
  340 cycles  |  52 cyc/s  |  18932049 ns/cyc
  0 constraint hits
                                                                                
  340 cycles  |  52 cyc/s  |  18932049 ns/cyc
  0 constraint hits
                                                                                
  340 cycles  |  52 cyc/s  |  18932049 ns/cyc
  0 constraint hits
                                                                                
  340 cycles  |  52 cyc/s  |  18932049 ns/cyc
  0 constraint hits
                                                                                
  340 cycles  |  52 cyc/s  |  18932049 ns/cyc
  0 constraint hits
                                                                                
  340 cycles  |  52 cyc/s  |  18932049 ns/cyc
  0 constraint hits
                                                                                
  340 cycles  |  52 cyc/s  |  18932049 ns/cyc
  0 constraint hits
                                                                                
  340 cycles  |  52 cyc/s  |  18932049 ns/cyc
  0 constraint hits
                                                                                
  340 cycles  |  52 cyc/s  |  18932049 ns/cyc
  0 constraint hits
                                                                                
  340 cycles  |  52 cyc/s  |  18932049 ns/cyc
  0 constraint hits
                                                                                
  340 cycles  |  52 cyc/s  |  18932049 ns/cyc
  0 constraint hits
                                                                                
  353 cycles  |  52 cyc/s  |  18957349 ns/cyc
  0 constraint hits
                                                                                
  353 cycles  |  52 cyc/s  |  18957349 ns/cyc
  0 constraint hits
                                                                                
  353 cycles  |  52 cyc/s  |  18957349 ns/cyc
  0 constraint hits
                                                                                
  353 cycles  |  52 cyc/s  |  18957349 ns/cyc
  0 constraint hits
                                                                                
  353 cycles  |  52 cyc/s  |  18957349 ns/cyc
  0 constraint hits
                                                                                
  353 cycles  |  52 cyc/s  |  18957349 ns/cyc
  0 constraint hits
                                                                                
  353 cycles  |  52 cyc/s  |  18957349 ns/cyc
  0 constraint hits
                                                                                
  353 cycles  |  52 cyc/s  |  18957349 ns/cyc
  0 constraint hits
                                                                                
  353 cycles  |  52 cyc/s  |  18957349 ns/cyc
  0 constraint hits
                                                                                
  353 cycles  |  52 cyc/s  |  18957349 ns/cyc
  0 constraint hits
                                                                                
  353 cycles  |  52 cyc/s  |  18957349 ns/cyc
  0 constraint hits
                                                                                
  353 cycles  |  52 cyc/s  |  18957349 ns/cyc
  0 constraint hits
                                                                                
  353 cycles  |  52 cyc/s  |  18957349 ns/cyc
  0 constraint hits
                                                                                
  366 cycles  |  52 cyc/s  |  18983288 ns/cyc
  0 constraint hits
                                                                                
  366 cycles  |  52 cyc/s  |  18983288 ns/cyc
  0 constraint hits
                                                                                
  366 cycles  |  52 cyc/s  |  18983288 ns/cyc
  0 constraint hits
                                                                                
  366 cycles  |  52 cyc/s  |  18983288 ns/cyc
  0 constraint hits
                                                                                
  366 cycles  |  52 cyc/s  |  18983288 ns/cyc
  0 constraint hits
                                                                                
  366 cycles  |  52 cyc/s  |  18983288 ns/cyc
  0 constraint hits
                                                                                
  366 cycles  |  52 cyc/s  |  18983288 ns/cyc
  0 constraint hits
                                                                                
  366 cycles  |  52 cyc/s  |  18983288 ns/cyc
  0 constraint hits
                                                                                
  366 cycles  |  52 cyc/s  |  18983288 ns/cyc
  0 constraint hits
                                                                                
  366 cycles  |  52 cyc/s  |  18983288 ns/cyc
  0 constraint hits
                                                                                
  366 cycles  |  52 cyc/s  |  18983288 ns/cyc
  0 constraint hits
                                                                                
  366 cycles  |  52 cyc/s  |  18983288 ns/cyc
  0 constraint hits
                                                                                
  366 cycles  |  52 cyc/s  |  18983288 ns/cyc
  0 constraint hits
                                                                                
  379 cycles  |  52 cyc/s  |  19012039 ns/cyc
  0 constraint hits
                                                                                
  379 cycles  |  52 cyc/s  |  19012039 ns/cyc
  0 constraint hits
                                                                                
  379 cycles  |  52 cyc/s  |  19012039 ns/cyc
  0 constraint hits
                                                                                
  379 cycles  |  52 cyc/s  |  19012039 ns/cyc
  0 constraint hits
                                                                                
  379 cycles  |  52 cyc/s  |  19012039 ns/cyc
  0 constraint hits
                                                                                
  379 cycles  |  52 cyc/s  |  19012039 ns/cyc
  0 constraint hits
                                                                                
  379 cycles  |  52 cyc/s  |  19012039 ns/cyc
  0 constraint hits
                                                                                
  379 cycles  |  52 cyc/s  |  19012039 ns/cyc
  0 constraint hits
                                                                                
  379 cycles  |  52 cyc/s  |  19012039 ns/cyc
  0 constraint hits
                                                                                
  379 cycles  |  52 cyc/s  |  19012039 ns/cyc
  0 constraint hits
                                                                                
  379 cycles  |  52 cyc/s  |  19012039 ns/cyc
  0 constraint hits
                                                                                
  379 cycles  |  52 cyc/s  |  19012039 ns/cyc
  0 constraint hits
                                                                                
  379 cycles  |  52 cyc/s  |  19012039 ns/cyc
  0 constraint hits
                                                                                
  392 cycles  |  52 cyc/s  |  19042502 ns/cyc
  0 constraint hits
                                                                                
  392 cycles  |  52 cyc/s  |  19042502 ns/cyc
  0 constraint hits
                                                                                
  392 cycles  |  52 cyc/s  |  19042502 ns/cyc
  0 constraint hits
                                                                                
  392 cycles  |  52 cyc/s  |  19042502 ns/cyc
  0 constraint hits
                                                                                
  392 cycles  |  52 cyc/s  |  19042502 ns/cyc
  0 constraint hits
                                                                                
  392 cycles  |  52 cyc/s  |  19042502 ns/cyc
  0 constraint hits
                                                                                
  392 cycles  |  52 cyc/s  |  19042502 ns/cyc
  0 constraint hits
                                                                                
  392 cycles  |  52 cyc/s  |  19042502 ns/cyc
  0 constraint hits
                                                                                
  392 cycles  |  52 cyc/s  |  19042502 ns/cyc
  0 constraint hits
                                                                                
  392 cycles  |  52 cyc/s  |  19042502 ns/cyc
  0 constraint hits
                                                                                
  392 cycles  |  52 cyc/s  |  19042502 ns/cyc
  0 constraint hits
                                                                                
  392 cycles  |  52 cyc/s  |  19042502 ns/cyc
  0 constraint hits
                                                                                
  392 cycles  |  52 cyc/s  |  19042502 ns/cyc
  0 constraint hits
                                                                                
  405 cycles  |  52 cyc/s  |  19061918 ns/cyc
  0 constraint hits
                                                                                
  405 cycles  |  52 cyc/s  |  19061918 ns/cyc
  0 constraint hits
                                                                                
  405 cycles  |  52 cyc/s  |  19061918 ns/cyc
  0 constraint hits
                                                                                
  405 cycles  |  52 cyc/s  |  19061918 ns/cyc
  0 constraint hits
                                                                                
  405 cycles  |  52 cyc/s  |  19061918 ns/cyc
  0 constraint hits
                                                                                
  405 cycles  |  52 cyc/s  |  19061918 ns/cyc
  0 constraint hits
                                                                                
  405 cycles  |  52 cyc/s  |  19061918 ns/cyc
  0 constraint hits
                                                                                
  405 cycles  |  52 cyc/s  |  19061918 ns/cyc
  0 constraint hits
                                                                                
  405 cycles  |  52 cyc/s  |  19061918 ns/cyc
  0 constraint hits
                                                                                
  405 cycles  |  52 cyc/s  |  19061918 ns/cyc
  0 constraint hits
                                                                                
  405 cycles  |  52 cyc/s  |  19061918 ns/cyc
  0 constraint hits
                                                                                
  405 cycles  |  52 cyc/s  |  19061918 ns/cyc
  0 constraint hits
                                                                                
  405 cycles  |  52 cyc/s  |  19061918 ns/cyc
  0 constraint hits
                                                                                
  418 cycles  |  52 cyc/s  |  19084510 ns/cyc
  0 constraint hits
                                                                                
  418 cycles  |  52 cyc/s  |  19084510 ns/cyc
  0 constraint hits
                                                                                
  418 cycles  |  52 cyc/s  |  19084510 ns/cyc
  0 constraint hits
                                                                                
  418 cycles  |  52 cyc/s  |  19084510 ns/cyc
  0 constraint hits
                                                                                
  418 cycles  |  52 cyc/s  |  19084510 ns/cyc
  0 constraint hits
                                                                                
  418 cycles  |  52 cyc/s  |  19084510 ns/cyc
  0 constraint hits
                                                                                
  418 cycles  |  52 cyc/s  |  19084510 ns/cyc
  0 constraint hits
                                                                                
  418 cycles  |  52 cyc/s  |  19084510 ns/cyc
  0 constraint hits
                                                                                
  418 cycles  |  52 cyc/s  |  19084510 ns/cyc
  0 constraint hits
                                                                                
  418 cycles  |  52 cyc/s  |  19084510 ns/cyc
  0 constraint hits
                                                                                
  418 cycles  |  52 cyc/s  |  19084510 ns/cyc
  0 constraint hits
                                                                                
  418 cycles  |  52 cyc/s  |  19084510 ns/cyc
  0 constraint hits
                                                                                
  418 cycles  |  52 cyc/s  |  19084510 ns/cyc
  0 constraint hits
                                                                                
  431 cycles  |  52 cyc/s  |  19106308 ns/cyc
  0 constraint hits
                                                                                
  431 cycles  |  52 cyc/s  |  19106308 ns/cyc
  0 constraint hits
                                                                                
  431 cycles  |  52 cyc/s  |  19106308 ns/cyc
  0 constraint hits
                                                                                
  431 cycles  |  52 cyc/s  |  19106308 ns/cyc
  0 constraint hits
                                                                                
  431 cycles  |  52 cyc/s  |  19106308 ns/cyc
  0 constraint hits
                                                                                
  431 cycles  |  52 cyc/s  |  19106308 ns/cyc
  0 constraint hits
                                                                                
  431 cycles  |  52 cyc/s  |  19106308 ns/cyc
  0 constraint hits
                                                                                
  431 cycles  |  52 cyc/s  |  19106308 ns/cyc
  0 constraint hits
                                                                                
  431 cycles  |  52 cyc/s  |  19106308 ns/cyc
  0 constraint hits
                                                                                
  431 cycles  |  52 cyc/s  |  19106308 ns/cyc
  0 constraint hits
                                                                                
  431 cycles  |  52 cyc/s  |  19106308 ns/cyc
  0 constraint hits
                                                                                
  431 cycles  |  52 cyc/s  |  19106308 ns/cyc
  0 constraint hits
                                                                                
  431 cycles  |  52 cyc/s  |  19106308 ns/cyc
  0 constraint hits
                                                                                
  444 cycles  |  52 cyc/s  |  19126687 ns/cyc
  0 constraint hits
                                                                                
  444 cycles  |  52 cyc/s  |  19126687 ns/cyc
  0 constraint hits
                                                                                
  444 cycles  |  52 cyc/s  |  19126687 ns/cyc
  0 constraint hits
                                                                                
  444 cycles  |  52 cyc/s  |  19126687 ns/cyc
  0 constraint hits
                                                                                
  444 cycles  |  52 cyc/s  |  19126687 ns/cyc
  0 constraint hits
                                                                                
  444 cycles  |  52 cyc/s  |  19126687 ns/cyc
  0 constraint hits
                                                                                
  444 cycles  |  52 cyc/s  |  19126687 ns/cyc
  0 constraint hits
                                                                                
  444 cycles  |  52 cyc/s  |  19126687 ns/cyc
  0 constraint hits
                                                                                
  444 cycles  |  52 cyc/s  |  19126687 ns/cyc
  0 constraint hits
                                                                                
  444 cycles  |  52 cyc/s  |  19126687 ns/cyc
  0 constraint hits
                                                                                
  444 cycles  |  52 cyc/s  |  19126687 ns/cyc
  0 constraint hits
                                                                                
  444 cycles  |  52 cyc/s  |  19126687 ns/cyc
  0 constraint hits
                                                                                
  444 cycles  |  52 cyc/s  |  19126687 ns/cyc
  0 constraint hits
                                                                                
  457 cycles  |  52 cyc/s  |  19147315 ns/cyc
  0 constraint hits
                                                                                
  457 cycles  |  52 cyc/s  |  19147315 ns/cyc
  0 constraint hits
                                                                                
  457 cycles  |  52 cyc/s  |  19147315 ns/cyc
  0 constraint hits
                                                                                
  457 cycles  |  52 cyc/s  |  19147315 ns/cyc
  0 constraint hits
                                                                                
  457 cycles  |  52 cyc/s  |  19147315 ns/cyc
  0 constraint hits
                                                                                
  457 cycles  |  52 cyc/s  |  19147315 ns/cyc
  0 constraint hits
                                                                                
  457 cycles  |  52 cyc/s  |  19147315 ns/cyc
  0 constraint hits
                                                                                
  457 cycles  |  52 cyc/s  |  19147315 ns/cyc
  0 constraint hits
                                                                                
  457 cycles  |  52 cyc/s  |  19147315 ns/cyc
  0 constraint hits
                                                                                
  457 cycles  |  52 cyc/s  |  19147315 ns/cyc
  0 constraint hits
                                                                                
  457 cycles  |  52 cyc/s  |  19147315 ns/cyc
  0 constraint hits
                                                                                
  457 cycles  |  52 cyc/s  |  19147315 ns/cyc
  0 constraint hits
                                                                                
  457 cycles  |  52 cyc/s  |  19147315 ns/cyc
  0 constraint hits
                                                                                
  470 cycles  |  52 cyc/s  |  19166445 ns/cyc
  0 constraint hits
                                                                                
  470 cycles  |  52 cyc/s  |  19166445 ns/cyc
  0 constraint hits
                                                                                
  470 cycles  |  52 cyc/s  |  19166445 ns/cyc
  0 constraint hits
                                                                                
  470 cycles  |  52 cyc/s  |  19166445 ns/cyc
  0 constraint hits
                                                                                
  470 cycles  |  52 cyc/s  |  19166445 ns/cyc
  0 constraint hits
                                                                                
  470 cycles  |  52 cyc/s  |  19166445 ns/cyc
  0 constraint hits
                                                                                
  470 cycles  |  52 cyc/s  |  19166445 ns/cyc
  0 constraint hits
                                                                                
  470 cycles  |  52 cyc/s  |  19166445 ns/cyc
  0 constraint hits
                                                                                
  470 cycles  |  52 cyc/s  |  19166445 ns/cyc
  0 constraint hits
                                                                                
  470 cycles  |  52 cyc/s  |  19166445 ns/cyc
  0 constraint hits
                                                                                
  470 cycles  |  52 cyc/s  |  19166445 ns/cyc
  0 constraint hits
                                                                                
  470 cycles  |  52 cyc/s  |  19166445 ns/cyc
  0 constraint hits
                                                                                
  470 cycles  |  52 cyc/s  |  19166445 ns/cyc
  0 constraint hits
                                                                                
  483 cycles  |  52 cyc/s  |  19180634 ns/cyc
  0 constraint hits
                                                                                
  483 cycles  |  52 cyc/s  |  19180634 ns/cyc
  0 constraint hits
                                                                                
  483 cycles  |  52 cyc/s  |  19180634 ns/cyc
  0 constraint hits
                                                                                
  483 cycles  |  52 cyc/s  |  19180634 ns/cyc
  0 constraint hits
                                                                                
  483 cycles  |  52 cyc/s  |  19180634 ns/cyc
  0 constraint hits
                                                                                
  483 cycles  |  52 cyc/s  |  19180634 ns/cyc
  0 constraint hits
                                                                                
  483 cycles  |  52 cyc/s  |  19180634 ns/cyc
  0 constraint hits
                                                                                
  483 cycles  |  52 cyc/s  |  19180634 ns/cyc
  0 constraint hits
                                                                                
  483 cycles  |  52 cyc/s  |  19180634 ns/cyc
  0 constraint hits
                                                                                
  483 cycles  |  52 cyc/s  |  19180634 ns/cyc
  0 constraint hits
                                                                                
  483 cycles  |  52 cyc/s  |  19180634 ns/cyc
  0 constraint hits
                                                                                
  483 cycles  |  52 cyc/s  |  19180634 ns/cyc
  0 constraint hits
                                                                                
  483 cycles  |  52 cyc/s  |  19180634 ns/cyc
  0 constraint hits
                                                                                
  496 cycles  |  52 cyc/s  |  19197498 ns/cyc
  0 constraint hits
                                                                                
  496 cycles  |  52 cyc/s  |  19197498 ns/cyc
  0 constraint hits
                                                                                
  496 cycles  |  52 cyc/s  |  19197498 ns/cyc
  0 constraint hits
                                                                                
  496 cycles  |  52 cyc/s  |  19197498 ns/cyc
  0 constraint hits
                                                                                
  496 cycles  |  52 cyc/s  |  19197498 ns/cyc
  0 constraint hits
                                                                                
  496 cycles  |  52 cyc/s  |  19197498 ns/cyc
  0 constraint hits
                                                                                
  496 cycles  |  52 cyc/s  |  19197498 ns/cyc
  0 constraint hits
                                                                                
  496 cycles  |  52 cyc/s  |  19197498 ns/cyc
  0 constraint hits
                                                                                
  496 cycles  |  52 cyc/s  |  19197498 ns/cyc
  0 constraint hits
                                                                                
  496 cycles  |  52 cyc/s  |  19197498 ns/cyc
  0 constraint hits
                                                                                
  496 cycles  |  52 cyc/s  |  19197498 ns/cyc
  0 constraint hits
                                                                                
  496 cycles  |  52 cyc/s  |  19197498 ns/cyc
  0 constraint hits
                                                                                
  496 cycles  |  52 cyc/s  |  19197498 ns/cyc
  0 constraint hits
                                                                                
  509 cycles  |  52 cyc/s  |  19213990 ns/cyc
  0 constraint hits
                                                                                
  509 cycles  |  52 cyc/s  |  19213990 ns/cyc
  0 constraint hits
                                                                                
  509 cycles  |  52 cyc/s  |  19213990 ns/cyc
  0 constraint hits
                                                                                
  509 cycles  |  52 cyc/s  |  19213990 ns/cyc
  0 constraint hits
                                                                                
  509 cycles  |  52 cyc/s  |  19213990 ns/cyc
  0 constraint hits
                                                                                
  509 cycles  |  52 cyc/s  |  19213990 ns/cyc
  0 constraint hits
                                                                                
  509 cycles  |  52 cyc/s  |  19213990 ns/cyc
  0 constraint hits
                                                                                
  509 cycles  |  52 cyc/s  |  19213990 ns/cyc
  0 constraint hits
                                                                                
  509 cycles  |  52 cyc/s  |  19213990 ns/cyc
  0 constraint hits
                                                                                
  509 cycles  |  52 cyc/s  |  19213990 ns/cyc
  0 constraint hits
                                                                                
  509 cycles  |  52 cyc/s  |  19213990 ns/cyc
  0 constraint hits
                                                                                
  509 cycles  |  52 cyc/s  |  19213990 ns/cyc
  0 constraint hits
                                                                                
  509 cycles  |  52 cyc/s  |  19213990 ns/cyc
  0 constraint hits
                                                                                
  522 cycles  |  51 cyc/s  |  19232986 ns/cyc
  0 constraint hits
                                                                                
  522 cycles  |  51 cyc/s  |  19232986 ns/cyc
  0 constraint hits
                                                                                
  522 cycles  |  51 cyc/s  |  19232986 ns/cyc
  0 constraint hits
                                                                                
  522 cycles  |  51 cyc/s  |  19232986 ns/cyc
  0 constraint hits
                                                                                
  522 cycles  |  51 cyc/s  |  19232986 ns/cyc
  0 constraint hits
                                                                                
  522 cycles  |  51 cyc/s  |  19232986 ns/cyc
  0 constraint hits
                                                                                
  522 cycles  |  51 cyc/s  |  19232986 ns/cyc
  0 constraint hits
                                                                                
  522 cycles  |  51 cyc/s  |  19232986 ns/cyc
  0 constraint hits
                                                                                
  522 cycles  |  51 cyc/s  |  19232986 ns/cyc
  0 constraint hits
                                                                                
  522 cycles  |  51 cyc/s  |  19232986 ns/cyc
  0 constraint hits
                                                                                
  522 cycles  |  51 cyc/s  |  19232986 ns/cyc
  0 constraint hits
                                                                                
  522 cycles  |  51 cyc/s  |  19232986 ns/cyc
  0 constraint hits
                                                                                
  522 cycles  |  51 cyc/s  |  19232986 ns/cyc
  0 constraint hits
                                                                                
  535 cycles  |  51 cyc/s  |  19248891 ns/cyc
  0 constraint hits
                                                                                
  535 cycles  |  51 cyc/s  |  19248891 ns/cyc
  0 constraint hits
                                                                                
  535 cycles  |  51 cyc/s  |  19248891 ns/cyc
  0 constraint hits
                                                                                
  535 cycles  |  51 cyc/s  |  19248891 ns/cyc
  0 constraint hits
                                                                                
  535 cycles  |  51 cyc/s  |  19248891 ns/cyc
  0 constraint hits
                                                                                
  535 cycles  |  51 cyc/s  |  19248891 ns/cyc
  0 constraint hits
                                                                                
  535 cycles  |  51 cyc/s  |  19248891 ns/cyc
  0 constraint hits
                                                                                
  535 cycles  |  51 cyc/s  |  19248891 ns/cyc
  0 constraint hits
                                                                                
  535 cycles  |  51 cyc/s  |  19248891 ns/cyc
  0 constraint hits
                                                                                
  535 cycles  |  51 cyc/s  |  19248891 ns/cyc
  0 constraint hits
                                                                                
  535 cycles  |  51 cyc/s  |  19248891 ns/cyc
  0 constraint hits
                                                                                
  535 cycles  |  51 cyc/s  |  19248891 ns/cyc
  0 constraint hits
                                                                                
  535 cycles  |  51 cyc/s  |  19248891 ns/cyc
  0 constraint hits
                                                                                
  548 cycles  |  51 cyc/s  |  19265237 ns/cyc
  0 constraint hits
                                                                                
  548 cycles  |  51 cyc/s  |  19265237 ns/cyc
  0 constraint hits
                                                                                
  548 cycles  |  51 cyc/s  |  19265237 ns/cyc
  0 constraint hits
                                                                                
  548 cycles  |  51 cyc/s  |  19265237 ns/cyc
  0 constraint hits
                                                                                
  548 cycles  |  51 cyc/s  |  19265237 ns/cyc
  0 constraint hits
                                                                                
  548 cycles  |  51 cyc/s  |  19265237 ns/cyc
  0 constraint hits
                                                                                
  548 cycles  |  51 cyc/s  |  19265237 ns/cyc
  0 constraint hits
                                                                                
  548 cycles  |  51 cyc/s  |  19265237 ns/cyc
  0 constraint hits
                                                                                
  548 cycles  |  51 cyc/s  |  19265237 ns/cyc
  0 constraint hits
                                                                                
  548 cycles  |  51 cyc/s  |  19265237 ns/cyc
  0 constraint hits
                                                                                
  548 cycles  |  51 cyc/s  |  19265237 ns/cyc
  0 constraint hits
                                                                                
  548 cycles  |  51 cyc/s  |  19265237 ns/cyc
  0 constraint hits
                                                                                
  548 cycles  |  51 cyc/s  |  19265237 ns/cyc
  0 constraint hits
                                                                                
  561 cycles  |  51 cyc/s  |  19276190 ns/cyc
  0 constraint hits
                                                                                
  561 cycles  |  51 cyc/s  |  19276190 ns/cyc
  0 constraint hits
                                                                                
  561 cycles  |  51 cyc/s  |  19276190 ns/cyc
  0 constraint hits
                                                                                
  561 cycles  |  51 cyc/s  |  19276190 ns/cyc
  0 constraint hits
                                                                                
  561 cycles  |  51 cyc/s  |  19276190 ns/cyc
  0 constraint hits
                                                                                
  561 cycles  |  51 cyc/s  |  19276190 ns/cyc
  0 constraint hits
                                                                                
  561 cycles  |  51 cyc/s  |  19276190 ns/cyc
  0 constraint hits
                                                                                
  561 cycles  |  51 cyc/s  |  19276190 ns/cyc
  0 constraint hits
                                                                                
  561 cycles  |  51 cyc/s  |  19276190 ns/cyc
  0 constraint hits
                                                                                
  561 cycles  |  51 cyc/s  |  19276190 ns/cyc
  0 constraint hits
                                                                                
  561 cycles  |  51 cyc/s  |  19276190 ns/cyc
  0 constraint hits
                                                                                
  561 cycles  |  51 cyc/s  |  19276190 ns/cyc
  0 constraint hits
                                                                                
  561 cycles  |  51 cyc/s  |  19276190 ns/cyc
  0 constraint hits
                                                                                
  574 cycles  |  51 cyc/s  |  19285622 ns/cyc
  0 constraint hits
                                                                                
  574 cycles  |  51 cyc/s  |  19285622 ns/cyc
  0 constraint hits
                                                                                
  574 cycles  |  51 cyc/s  |  19285622 ns/cyc
  0 constraint hits
                                                                                
  574 cycles  |  51 cyc/s  |  19285622 ns/cyc
  0 constraint hits
                                                                                
  574 cycles  |  51 cyc/s  |  19285622 ns/cyc
  0 constraint hits
                                                                                
  574 cycles  |  51 cyc/s  |  19285622 ns/cyc
  0 constraint hits
                                                                                
  574 cycles  |  51 cyc/s  |  19285622 ns/cyc
  0 constraint hits
                                                                                
  574 cycles  |  51 cyc/s  |  19285622 ns/cyc
  0 constraint hits
                                                                                
  574 cycles  |  51 cyc/s  |  19285622 ns/cyc
  0 constraint hits
                                                                                
  574 cycles  |  51 cyc/s  |  19285622 ns/cyc
  0 constraint hits
                                                                                
  574 cycles  |  51 cyc/s  |  19285622 ns/cyc
  0 constraint hits
                                                                                
  574 cycles  |  51 cyc/s  |  19285622 ns/cyc
  0 constraint hits
                                                                                
  574 cycles  |  51 cyc/s  |  19285622 ns/cyc
  0 constraint hits
                                                                                
  587 cycles  |  51 cyc/s  |  19296941 ns/cyc
  0 constraint hits
                                                                                
  587 cycles  |  51 cyc/s  |  19296941 ns/cyc
  0 constraint hits
                                                                                
  587 cycles  |  51 cyc/s  |  19296941 ns/cyc
  0 constraint hits
                                                                                
  587 cycles  |  51 cyc/s  |  19296941 ns/cyc
  0 constraint hits
                                                                                
  587 cycles  |  51 cyc/s  |  19296941 ns/cyc
  0 constraint hits
                                                                                
  587 cycles  |  51 cyc/s  |  19296941 ns/cyc
  0 constraint hits
                                                                                
  587 cycles  |  51 cyc/s  |  19296941 ns/cyc
  0 constraint hits
                                                                                
  587 cycles  |  51 cyc/s  |  19296941 ns/cyc
  0 constraint hits
                                                                                
  587 cycles  |  51 cyc/s  |  19296941 ns/cyc
  0 constraint hits
                                                                                
  587 cycles  |  51 cyc/s  |  19296941 ns/cyc
  0 constraint hits
                                                                                
  587 cycles  |  51 cyc/s  |  19296941 ns/cyc
  0 constraint hits
                                                                                
  587 cycles  |  51 cyc/s  |  19296941 ns/cyc
  0 constraint hits
                                                                                
  587 cycles  |  51 cyc/s  |  19296941 ns/cyc
  0 constraint hits
                                                                                
  600 cycles  |  51 cyc/s  |  19310491 ns/cyc
  0 constraint hits
                                                                                
  600 cycles  |  51 cyc/s  |  19310491 ns/cyc
  0 constraint hits
                                                                                
  600 cycles  |  51 cyc/s  |  19310491 ns/cyc
  0 constraint hits
                                                                                
  600 cycles  |  51 cyc/s  |  19310491 ns/cyc
  0 constraint hits
                                                                                
  600 cycles  |  51 cyc/s  |  19310491 ns/cyc
  0 constraint hits
                                                                                
  600 cycles  |  51 cyc/s  |  19310491 ns/cyc
  0 constraint hits
                                                                                
  600 cycles  |  51 cyc/s  |  19310491 ns/cyc
  0 constraint hits
                                                                                
  600 cycles  |  51 cyc/s  |  19310491 ns/cyc
  0 constraint hits
                                                                                
  600 cycles  |  51 cyc/s  |  19310491 ns/cyc
  0 constraint hits
                                                                                
  600 cycles  |  51 cyc/s  |  19310491 ns/cyc
  0 constraint hits
                                                                                
  600 cycles  |  51 cyc/s  |  19310491 ns/cyc
  0 constraint hits
                                                                                
  600 cycles  |  51 cyc/s  |  19310491 ns/cyc
  0 constraint hits
                                                                                
  600 cycles  |  51 cyc/s  |  19310491 ns/cyc
  0 constraint hits
                                                                                
  613 cycles  |  51 cyc/s  |  19323715 ns/cyc
  0 constraint hits
                                                                                
  613 cycles  |  51 cyc/s  |  19323715 ns/cyc
  0 constraint hits
                                                                                
  613 cycles  |  51 cyc/s  |  19323715 ns/cyc
  0 constraint hits
                                                                                
  613 cycles  |  51 cyc/s  |  19323715 ns/cyc
  0 constraint hits
                                                                                
  613 cycles  |  51 cyc/s  |  19323715 ns/cyc
  0 constraint hits
                                                                                
  613 cycles  |  51 cyc/s  |  19323715 ns/cyc
  0 constraint hits
                                                                                
  613 cycles  |  51 cyc/s  |  19323715 ns/cyc
  0 constraint hits
                                                                                
  613 cycles  |  51 cyc/s  |  19323715 ns/cyc
  0 constraint hits
                                                                                
  613 cycles  |  51 cyc/s  |  19323715 ns/cyc
  0 constraint hits
                                                                                
  613 cycles  |  51 cyc/s  |  19323715 ns/cyc
  0 constraint hits
                                                                                
  613 cycles  |  51 cyc/s  |  19323715 ns/cyc
  0 constraint hits
                                                                                
  613 cycles  |  51 cyc/s  |  19323715 ns/cyc
  0 constraint hits
                                                                                
  613 cycles  |  51 cyc/s  |  19323715 ns/cyc
  0 constraint hits
                                                                                
  626 cycles  |  51 cyc/s  |  19334305 ns/cyc
  0 constraint hits
                                                                                
  626 cycles  |  51 cyc/s  |  19334305 ns/cyc
  0 constraint hits
                                                                                
  626 cycles  |  51 cyc/s  |  19334305 ns/cyc
  0 constraint hits
                                                                                
  626 cycles  |  51 cyc/s  |  19334305 ns/cyc
  0 constraint hits
                                                                                
  626 cycles  |  51 cyc/s  |  19334305 ns/cyc
  0 constraint hits
                                                                                
  626 cycles  |  51 cyc/s  |  19334305 ns/cyc
  0 constraint hits
                                                                                
  626 cycles  |  51 cyc/s  |  19334305 ns/cyc
  0 constraint hits
                                                                                
  626 cycles  |  51 cyc/s  |  19334305 ns/cyc
  0 constraint hits
                                                                                
  626 cycles  |  51 cyc/s  |  19334305 ns/cyc
  0 constraint hits
                                                                                
  626 cycles  |  51 cyc/s  |  19334305 ns/cyc
  0 constraint hits
                                                                                
  626 cycles  |  51 cyc/s  |  19334305 ns/cyc
  0 constraint hits
                                                                                
  626 cycles  |  51 cyc/s  |  19334305 ns/cyc
  0 constraint hits
                                                                                
  626 cycles  |  51 cyc/s  |  19334305 ns/cyc
  0 constraint hits
                                                                                
  639 cycles  |  51 cyc/s  |  19342911 ns/cyc
  0 constraint hits
@@TIME_PROC_AVG COUNT:640 AVG_MS:19.346
@@TIME_THROUGHPUT COUNT:640 DURATION_S:12.381351 EVENTS_PER_S:51.691
                                                                                
  639 cycles  |  51 cyc/s  |  19342911 ns/cyc
  0 constraint hits
                                                                                
  640 cycles  |  51 cyc/s  |  19342983 ns/cyc
  640 input events parsed in 0.000s  |  19342983 ns/event avg
  0 constraint hits total
  Breakdown:
   [#0]: @@MONITOR_END:2026-05-14T09:59:45.992711000Z
0
   [#1]: 0
   [#2]: 0
   [#3]: 0
   [#4]: 0
   [#5]: 0
   [#6]: 0
   [#7]: 0
   [#8]: 0
   [#9]: 0
   [#10]: 0
   [#11]: 0
   [#12]: 0
   [#13]: 0
   [#14]: 0
   [#15]: 0
   [#16]: 0
   [#17]: 0
   [#18]: 0
   [#19]: 0
   [#20]: 0
   [#21]: 0
   [#22]: 0
   [#23]: 0
