@@MONITOR_START:2026-05-14T10:09:33.573623000Z
[3F[J                                                                                
  0 cycles
  0 constraint hits
[3F[J                                                                                
  0 cycles
  0 constraint hits
[3F[J                                                                                
  0 cycles
  0 constraint hits
[3F[J                                                                                
  0 cycles
  0 constraint hits
[3F[J                                                                                
  0 cycles
  0 constraint hits
[3F[J                                                                                
  0 cycles
  0 constraint hits
[3F[J                                                                                
  0 cycles
  0 constraint hits
[3F[J                                                                                
  0 cycles
  0 constraint hits
[3F[J                                                                                
  0 cycles
  0 constraint hits
[3F[J                                                                                
  0 cycles
  0 constraint hits
[3F[J                                                                                
  0 cycles
  0 constraint hits
[3F[J                                                                                
  0 cycles
  0 constraint hits
[3F[J                                                                                
  0 cycles
  0 constraint hits
[3F[J                                                                                
  0 cycles
  0 constraint hits
[3F[J                                                                                
  0 cycles
  0 constraint hits
[3F[J                                                                                
  0 cycles
  0 constraint hits
[3F[J                                                                                
  0 cycles
  0 constraint hits
[3F[J                                                                                
  0 cycles
  0 constraint hits
[3F[J                                                                                
  0 cycles
  0 constraint hits
[3F[J                                                                                
  0 cycles
  0 constraint hits
[3F[J                                                                                
  0 cycles
  0 constraint hits
[3F[J                                                                                
  0 cycles
  0 constraint hits
[3F[J                                                                                
  0 cycles
  0 constraint hits
[3F[J                                                                                
  0 cycles
  0 constraint hits
[3F[J                                                                                
  0 cycles
  0 constraint hits
[3F[J                                                                                
  0 cycles
  0 constraint hits
[3F[J                                                                                
  0 cycles
  0 constraint hits
[3F[J                                                                                
  0 cycles
  0 constraint hits
[3F[J                                                                                
  0 cycles
  0 constraint hits
[3F[J                                                                                
  0 cycles
  0 constraint hits
[3F[J                                                                                
  0 cycles
  0 constraint hits
[3F[J                                                                                
  0 cycles
  0 constraint hits
[3F[J                                                                                
  0 cycles
  0 constraint hits
[3F[J                                                                                
  0 cycles
  0 constraint hits
[3F[J                                                                                
  0 cycles
  0 constraint hits
[3F[J                                                                                
  36 cycles  |  135 cyc/s  |  7403101 ns/cyc
  0 constraint hits
[3F[J                                                                                
  36 cycles  |  135 cyc/s  |  7403101 ns/cyc
  0 constraint hits
[3F[J                                                                                
  36 cycles  |  135 cyc/s  |  7403101 ns/cyc
  0 constraint hits
[3F[J                                                                                
  36 cycles  |  135 cyc/s  |  7403101 ns/cyc
  0 constraint hits
[3F[J                                                                                
  36 cycles  |  135 cyc/s  |  7403101 ns/cyc
  0 constraint hits
[3F[J                                                                                
  36 cycles  |  135 cyc/s  |  7403101 ns/cyc
  0 constraint hits
[3F[J                                                                                
  36 cycles  |  135 cyc/s  |  7403101 ns/cyc
  0 constraint hits
[3F[J                                                                                
  36 cycles  |  135 cyc/s  |  7403101 ns/cyc
  0 constraint hits
[3F[J                                                                                
  36 cycles  |  135 cyc/s  |  7403101 ns/cyc
  0 constraint hits
[3F[J                                                                                
  36 cycles  |  135 cyc/s  |  7403101 ns/cyc
  0 constraint hits
[3F[J                                                                                
  36 cycles  |  135 cyc/s  |  7403101 ns/cyc
  0 constraint hits
[3F[J                                                                                
  36 cycles  |  135 cyc/s  |  7403101 ns/cyc
  0 constraint hits
[3F[J                                                                                
  36 cycles  |  135 cyc/s  |  7403101 ns/cyc
  0 constraint hits
[3F[J                                                                                
  36 cycles  |  135 cyc/s  |  7403101 ns/cyc
  0 constraint hits
[3F[J                                                                                
  36 cycles  |  135 cyc/s  |  7403101 ns/cyc
  0 constraint hits
[3F[J                                                                                
  51 cycles  |  96 cyc/s  |  10325644 ns/cyc
  0 constraint hits
[3F[J                                                                                
  51 cycles  |  96 cyc/s  |  10325644 ns/cyc
  0 constraint hits
[3F[J                                                                                
  51 cycles  |  96 cyc/s  |  10325644 ns/cyc
  0 constraint hits
[3F[J                                                                                
  51 cycles  |  96 cyc/s  |  10325644 ns/cyc
  0 constraint hits
[3F[J                                                                                
  51 cycles  |  96 cyc/s  |  10325644 ns/cyc
  0 constraint hits
[3F[J                                                                                
  51 cycles  |  96 cyc/s  |  10325644 ns/cyc
  0 constraint hits
[3F[J                                                                                
  51 cycles  |  96 cyc/s  |  10325644 ns/cyc
  0 constraint hits
[3F[J                                                                                
  51 cycles  |  96 cyc/s  |  10325644 ns/cyc
  0 constraint hits
[3F[J                                                                                
  51 cycles  |  96 cyc/s  |  10325644 ns/cyc
  0 constraint hits
[3F[J                                                                                
  51 cycles  |  96 cyc/s  |  10325644 ns/cyc
  0 constraint hits
[3F[J                                                                                
  51 cycles  |  96 cyc/s  |  10325644 ns/cyc
  0 constraint hits
[3F[J                                                                                
  51 cycles  |  96 cyc/s  |  10325644 ns/cyc
  0 constraint hits
[3F[J                                                                                
  51 cycles  |  96 cyc/s  |  10325644 ns/cyc
  0 constraint hits
[3F[J                                                                                
  51 cycles  |  96 cyc/s  |  10325644 ns/cyc
  0 constraint hits
[3F[J                                                                                
  51 cycles  |  96 cyc/s  |  10325644 ns/cyc
  0 constraint hits
[3F[J                                                                                
  66 cycles  |  83 cyc/s  |  11948787 ns/cyc
  0 constraint hits
[3F[J                                                                                
  66 cycles  |  83 cyc/s  |  11948787 ns/cyc
  0 constraint hits
[3F[J                                                                                
  66 cycles  |  83 cyc/s  |  11948787 ns/cyc
  0 constraint hits
[3F[J                                                                                
  66 cycles  |  83 cyc/s  |  11948787 ns/cyc
  0 constraint hits
[3F[J                                                                                
  66 cycles  |  83 cyc/s  |  11948787 ns/cyc
  0 constraint hits
[3F[J                                                                                
  66 cycles  |  83 cyc/s  |  11948787 ns/cyc
  0 constraint hits
[3F[J                                                                                
  66 cycles  |  83 cyc/s  |  11948787 ns/cyc
  0 constraint hits
[3F[J                                                                                
  66 cycles  |  83 cyc/s  |  11948787 ns/cyc
  0 constraint hits
[3F[J                                                                                
  66 cycles  |  83 cyc/s  |  11948787 ns/cyc
  0 constraint hits
[3F[J                                                                                
  66 cycles  |  83 cyc/s  |  11948787 ns/cyc
  0 constraint hits
[3F[J                                                                                
  66 cycles  |  83 cyc/s  |  11948787 ns/cyc
  0 constraint hits
[3F[J                                                                                
  66 cycles  |  83 cyc/s  |  11948787 ns/cyc
  0 constraint hits
[3F[J                                                                                
  66 cycles  |  83 cyc/s  |  11948787 ns/cyc
  0 constraint hits
[3F[J                                                                                
  66 cycles  |  83 cyc/s  |  11948787 ns/cyc
  0 constraint hits
[3F[J                                                                                
  66 cycles  |  83 cyc/s  |  11948787 ns/cyc
  0 constraint hits
[3F[J                                                                                
  81 cycles  |  77 cyc/s  |  12959383 ns/cyc
  0 constraint hits
[3F[J                                                                                
  81 cycles  |  77 cyc/s  |  12959383 ns/cyc
  0 constraint hits
[3F[J                                                                                
  81 cycles  |  77 cyc/s  |  12959383 ns/cyc
  0 constraint hits
[3F[J                                                                                
  81 cycles  |  77 cyc/s  |  12959383 ns/cyc
  0 constraint hits
[3F[J                                                                                
  81 cycles  |  77 cyc/s  |  12959383 ns/cyc
  0 constraint hits
[3F[J                                                                                
  81 cycles  |  77 cyc/s  |  12959383 ns/cyc
  0 constraint hits
[3F[J                                                                                
  81 cycles  |  77 cyc/s  |  12959383 ns/cyc
  0 constraint hits
[3F[J                                                                                
  81 cycles  |  77 cyc/s  |  12959383 ns/cyc
  0 constraint hits
[3F[J                                                                                
  81 cycles  |  77 cyc/s  |  12959383 ns/cyc
  0 constraint hits
[3F[J                                                                                
  81 cycles  |  77 cyc/s  |  12959383 ns/cyc
  0 constraint hits
[3F[J                                                                                
  81 cycles  |  77 cyc/s  |  12959383 ns/cyc
  0 constraint hits
[3F[J                                                                                
  81 cycles  |  77 cyc/s  |  12959383 ns/cyc
  0 constraint hits
[3F[J                                                                                
  81 cycles  |  77 cyc/s  |  12959383 ns/cyc
  0 constraint hits
[3F[J                                                                                
  81 cycles  |  77 cyc/s  |  12959383 ns/cyc
  0 constraint hits
[3F[J                                                                                
  81 cycles  |  77 cyc/s  |  12959383 ns/cyc
  0 constraint hits
[3F[J                                                                                
  96 cycles  |  73 cyc/s  |  13658687 ns/cyc
  0 constraint hits
[3F[J                                                                                
  96 cycles  |  73 cyc/s  |  13658687 ns/cyc
  0 constraint hits
[3F[J                                                                                
  96 cycles  |  73 cyc/s  |  13658687 ns/cyc
  0 constraint hits
[3F[J                                                                                
  96 cycles  |  73 cyc/s  |  13658687 ns/cyc
  0 constraint hits
[3F[J                                                                                
  96 cycles  |  73 cyc/s  |  13658687 ns/cyc
  0 constraint hits
[3F[J                                                                                
  96 cycles  |  73 cyc/s  |  13658687 ns/cyc
  0 constraint hits
[3F[J                                                                                
  96 cycles  |  73 cyc/s  |  13658687 ns/cyc
  0 constraint hits
[3F[J                                                                                
  96 cycles  |  73 cyc/s  |  13658687 ns/cyc
  0 constraint hits
[3F[J                                                                                
  96 cycles  |  73 cyc/s  |  13658687 ns/cyc
  0 constraint hits
[3F[J                                                                                
  96 cycles  |  73 cyc/s  |  13658687 ns/cyc
  0 constraint hits
[3F[J                                                                                
  96 cycles  |  73 cyc/s  |  13658687 ns/cyc
  0 constraint hits
[3F[J                                                                                
  96 cycles  |  73 cyc/s  |  13658687 ns/cyc
  0 constraint hits
[3F[J                                                                                
  96 cycles  |  73 cyc/s  |  13658687 ns/cyc
  0 constraint hits
[3F[J                                                                                
  96 cycles  |  73 cyc/s  |  13658687 ns/cyc
  0 constraint hits
[3F[J                                                                                
  96 cycles  |  73 cyc/s  |  13658687 ns/cyc
  0 constraint hits
[3F[J                                                                                
  111 cycles  |  70 cyc/s  |  14168029 ns/cyc
  0 constraint hits
[3F[J                                                                                
  111 cycles  |  70 cyc/s  |  14168029 ns/cyc
  0 constraint hits
[3F[J                                                                                
  111 cycles  |  70 cyc/s  |  14168029 ns/cyc
  0 constraint hits
[3F[J                                                                                
  111 cycles  |  70 cyc/s  |  14168029 ns/cyc
  0 constraint hits
[3F[J                                                                                
  111 cycles  |  70 cyc/s  |  14168029 ns/cyc
  0 constraint hits
[3F[J                                                                                
  111 cycles  |  70 cyc/s  |  14168029 ns/cyc
  0 constraint hits
[3F[J                                                                                
  111 cycles  |  70 cyc/s  |  14168029 ns/cyc
  0 constraint hits
[3F[J                                                                                
  111 cycles  |  70 cyc/s  |  14168029 ns/cyc
  0 constraint hits
[3F[J                                                                                
  111 cycles  |  70 cyc/s  |  14168029 ns/cyc
  0 constraint hits
[3F[J                                                                                
  111 cycles  |  70 cyc/s  |  14168029 ns/cyc
  0 constraint hits
[3F[J                                                                                
  111 cycles  |  70 cyc/s  |  14168029 ns/cyc
  0 constraint hits
[3F[J                                                                                
  111 cycles  |  70 cyc/s  |  14168029 ns/cyc
  0 constraint hits
[3F[J                                                                                
  111 cycles  |  70 cyc/s  |  14168029 ns/cyc
  0 constraint hits
[3F[J                                                                                
  111 cycles  |  70 cyc/s  |  14168029 ns/cyc
  0 constraint hits
[3F[J                                                                                
  111 cycles  |  70 cyc/s  |  14168029 ns/cyc
  0 constraint hits
[3F[J                                                                                
  126 cycles  |  68 cyc/s  |  14549593 ns/cyc
  0 constraint hits
[3F[J                                                                                
  126 cycles  |  68 cyc/s  |  14549593 ns/cyc
  0 constraint hits
[3F[J                                                                                
  126 cycles  |  68 cyc/s  |  14549593 ns/cyc
  0 constraint hits
[3F[J                                                                                
  126 cycles  |  68 cyc/s  |  14549593 ns/cyc
  0 constraint hits
[3F[J                                                                                
  126 cycles  |  68 cyc/s  |  14549593 ns/cyc
  0 constraint hits
[3F[J                                                                                
  126 cycles  |  68 cyc/s  |  14549593 ns/cyc
  0 constraint hits
[3F[J                                                                                
  126 cycles  |  68 cyc/s  |  14549593 ns/cyc
  0 constraint hits
[3F[J                                                                                
  126 cycles  |  68 cyc/s  |  14549593 ns/cyc
  0 constraint hits
[3F[J                                                                                
  126 cycles  |  68 cyc/s  |  14549593 ns/cyc
  0 constraint hits
[3F[J                                                                                
  126 cycles  |  68 cyc/s  |  14549593 ns/cyc
  0 constraint hits
[3F[J                                                                                
  126 cycles  |  68 cyc/s  |  14549593 ns/cyc
  0 constraint hits
[3F[J                                                                                
  126 cycles  |  68 cyc/s  |  14549593 ns/cyc
  0 constraint hits
[3F[J                                                                                
  126 cycles  |  68 cyc/s  |  14549593 ns/cyc
  0 constraint hits
[3F[J                                                                                
  126 cycles  |  68 cyc/s  |  14549593 ns/cyc
  0 constraint hits
[3F[J                                                                                
  126 cycles  |  68 cyc/s  |  14549593 ns/cyc
  0 constraint hits
[3F[J                                                                                
  141 cycles  |  67 cyc/s  |  14874568 ns/cyc
  0 constraint hits
[3F[J                                                                                
  141 cycles  |  67 cyc/s  |  14874568 ns/cyc
  0 constraint hits
[3F[J                                                                                
  141 cycles  |  67 cyc/s  |  14874568 ns/cyc
  0 constraint hits
[3F[J                                                                                
  141 cycles  |  67 cyc/s  |  14874568 ns/cyc
  0 constraint hits
[3F[J                                                                                
  141 cycles  |  67 cyc/s  |  14874568 ns/cyc
  0 constraint hits
[3F[J                                                                                
  141 cycles  |  67 cyc/s  |  14874568 ns/cyc
  0 constraint hits
[3F[J                                                                                
  141 cycles  |  67 cyc/s  |  14874568 ns/cyc
  0 constraint hits
[3F[J                                                                                
  141 cycles  |  67 cyc/s  |  14874568 ns/cyc
  0 constraint hits
[3F[J                                                                                
  141 cycles  |  67 cyc/s  |  14874568 ns/cyc
  0 constraint hits
[3F[J                                                                                
  141 cycles  |  67 cyc/s  |  14874568 ns/cyc
  0 constraint hits
[3F[J                                                                                
  141 cycles  |  67 cyc/s  |  14874568 ns/cyc
  0 constraint hits
[3F[J                                                                                
  141 cycles  |  67 cyc/s  |  14874568 ns/cyc
  0 constraint hits
[3F[J                                                                                
  141 cycles  |  67 cyc/s  |  14874568 ns/cyc
  0 constraint hits
[3F[J                                                                                
  141 cycles  |  67 cyc/s  |  14874568 ns/cyc
  0 constraint hits
[3F[J                                                                                
  141 cycles  |  67 cyc/s  |  14874568 ns/cyc
  0 constraint hits
[3F[J                                                                                
  156 cycles  |  66 cyc/s  |  15125250 ns/cyc
  0 constraint hits
[3F[J                                                                                
  156 cycles  |  66 cyc/s  |  15125250 ns/cyc
  0 constraint hits
[3F[J                                                                                
  156 cycles  |  66 cyc/s  |  15125250 ns/cyc
  0 constraint hits
[3F[J                                                                                
  156 cycles  |  66 cyc/s  |  15125250 ns/cyc
  0 constraint hits
[3F[J                                                                                
  156 cycles  |  66 cyc/s  |  15125250 ns/cyc
  0 constraint hits
[3F[J                                                                                
  156 cycles  |  66 cyc/s  |  15125250 ns/cyc
  0 constraint hits
[3F[J                                                                                
  156 cycles  |  66 cyc/s  |  15125250 ns/cyc
  0 constraint hits
[3F[J                                                                                
  156 cycles  |  66 cyc/s  |  15125250 ns/cyc
  0 constraint hits
[3F[J                                                                                
  156 cycles  |  66 cyc/s  |  15125250 ns/cyc
  0 constraint hits
[3F[J                                                                                
  156 cycles  |  66 cyc/s  |  15125250 ns/cyc
  0 constraint hits
[3F[J                                                                                
  156 cycles  |  66 cyc/s  |  15125250 ns/cyc
  0 constraint hits
[3F[J                                                                                
  156 cycles  |  66 cyc/s  |  15125250 ns/cyc
  0 constraint hits
[3F[J                                                                                
  156 cycles  |  66 cyc/s  |  15125250 ns/cyc
  0 constraint hits
[3F[J                                                                                
  156 cycles  |  66 cyc/s  |  15125250 ns/cyc
  0 constraint hits
[3F[J                                                                                
  156 cycles  |  66 cyc/s  |  15125250 ns/cyc
  0 constraint hits
[3F[J                                                                                
  171 cycles  |  65 cyc/s  |  15322577 ns/cyc
  0 constraint hits
[3F[J                                                                                
  171 cycles  |  65 cyc/s  |  15322577 ns/cyc
  0 constraint hits
[3F[J                                                                                
  171 cycles  |  65 cyc/s  |  15322577 ns/cyc
  0 constraint hits
[3F[J                                                                                
  171 cycles  |  65 cyc/s  |  15322577 ns/cyc
  0 constraint hits
[3F[J                                                                                
  171 cycles  |  65 cyc/s  |  15322577 ns/cyc
  0 constraint hits
[3F[J                                                                                
  171 cycles  |  65 cyc/s  |  15322577 ns/cyc
  0 constraint hits
[3F[J                                                                                
  171 cycles  |  65 cyc/s  |  15322577 ns/cyc
  0 constraint hits
[3F[J                                                                                
  171 cycles  |  65 cyc/s  |  15322577 ns/cyc
  0 constraint hits
[3F[J                                                                                
  171 cycles  |  65 cyc/s  |  15322577 ns/cyc
  0 constraint hits
[3F[J                                                                                
  171 cycles  |  65 cyc/s  |  15322577 ns/cyc
  0 constraint hits
[3F[J                                                                                
  171 cycles  |  65 cyc/s  |  15322577 ns/cyc
  0 constraint hits
[3F[J                                                                                
  171 cycles  |  65 cyc/s  |  15322577 ns/cyc
  0 constraint hits
[3F[J                                                                                
  171 cycles  |  65 cyc/s  |  15322577 ns/cyc
  0 constraint hits
[3F[J                                                                                
  171 cycles  |  65 cyc/s  |  15322577 ns/cyc
  0 constraint hits
[3F[J                                                                                
  171 cycles  |  65 cyc/s  |  15322577 ns/cyc
  0 constraint hits
[3F[J                                                                                
  186 cycles  |  64 cyc/s  |  15490532 ns/cyc
  0 constraint hits
[3F[J                                                                                
  186 cycles  |  64 cyc/s  |  15490532 ns/cyc
  0 constraint hits
[3F[J                                                                                
  186 cycles  |  64 cyc/s  |  15490532 ns/cyc
  0 constraint hits
[3F[J                                                                                
  186 cycles  |  64 cyc/s  |  15490532 ns/cyc
  0 constraint hits
[3F[J                                                                                
  186 cycles  |  64 cyc/s  |  15490532 ns/cyc
  0 constraint hits
[3F[J                                                                                
  186 cycles  |  64 cyc/s  |  15490532 ns/cyc
  0 constraint hits
[3F[J                                                                                
  186 cycles  |  64 cyc/s  |  15490532 ns/cyc
  0 constraint hits
[3F[J                                                                                
  186 cycles  |  64 cyc/s  |  15490532 ns/cyc
  0 constraint hits
[3F[J                                                                                
  186 cycles  |  64 cyc/s  |  15490532 ns/cyc
  0 constraint hits
[3F[J                                                                                
  186 cycles  |  64 cyc/s  |  15490532 ns/cyc
  0 constraint hits
[3F[J                                                                                
  186 cycles  |  64 cyc/s  |  15490532 ns/cyc
  0 constraint hits
[3F[J                                                                                
  186 cycles  |  64 cyc/s  |  15490532 ns/cyc
  0 constraint hits
[3F[J                                                                                
  186 cycles  |  64 cyc/s  |  15490532 ns/cyc
  0 constraint hits
[3F[J                                                                                
  186 cycles  |  64 cyc/s  |  15490532 ns/cyc
  0 constraint hits
[3F[J                                                                                
  186 cycles  |  64 cyc/s  |  15490532 ns/cyc
  0 constraint hits
[3F[J                                                                                
  201 cycles  |  63 cyc/s  |  15654781 ns/cyc
  0 constraint hits
[3F[J                                                                                
  201 cycles  |  63 cyc/s  |  15654781 ns/cyc
  0 constraint hits
[3F[J                                                                                
  201 cycles  |  63 cyc/s  |  15654781 ns/cyc
  0 constraint hits
[3F[J                                                                                
  201 cycles  |  63 cyc/s  |  15654781 ns/cyc
  0 constraint hits
[3F[J                                                                                
  201 cycles  |  63 cyc/s  |  15654781 ns/cyc
  0 constraint hits
[3F[J                                                                                
  201 cycles  |  63 cyc/s  |  15654781 ns/cyc
  0 constraint hits
[3F[J                                                                                
  201 cycles  |  63 cyc/s  |  15654781 ns/cyc
  0 constraint hits
[3F[J                                                                                
  201 cycles  |  63 cyc/s  |  15654781 ns/cyc
  0 constraint hits
[3F[J                                                                                
  201 cycles  |  63 cyc/s  |  15654781 ns/cyc
  0 constraint hits
[3F[J                                                                                
  201 cycles  |  63 cyc/s  |  15654781 ns/cyc
  0 constraint hits
[3F[J                                                                                
  201 cycles  |  63 cyc/s  |  15654781 ns/cyc
  0 constraint hits
[3F[J                                                                                
  201 cycles  |  63 cyc/s  |  15654781 ns/cyc
  0 constraint hits
[3F[J                                                                                
  201 cycles  |  63 cyc/s  |  15654781 ns/cyc
  0 constraint hits
[3F[J                                                                                
  201 cycles  |  63 cyc/s  |  15654781 ns/cyc
  0 constraint hits
[3F[J                                                                                
  201 cycles  |  63 cyc/s  |  15654781 ns/cyc
  0 constraint hits
[3F[J                                                                                
  216 cycles  |  63 cyc/s  |  15783552 ns/cyc
  0 constraint hits
[3F[J                                                                                
  216 cycles  |  63 cyc/s  |  15783552 ns/cyc
  0 constraint hits
[3F[J                                                                                
  216 cycles  |  63 cyc/s  |  15783552 ns/cyc
  0 constraint hits
[3F[J                                                                                
  216 cycles  |  63 cyc/s  |  15783552 ns/cyc
  0 constraint hits
[3F[J                                                                                
  216 cycles  |  63 cyc/s  |  15783552 ns/cyc
  0 constraint hits
[3F[J                                                                                
  216 cycles  |  63 cyc/s  |  15783552 ns/cyc
  0 constraint hits
[3F[J                                                                                
  216 cycles  |  63 cyc/s  |  15783552 ns/cyc
  0 constraint hits
[3F[J                                                                                
  216 cycles  |  63 cyc/s  |  15783552 ns/cyc
  0 constraint hits
[3F[J                                                                                
  216 cycles  |  63 cyc/s  |  15783552 ns/cyc
  0 constraint hits
[3F[J                                                                                
  216 cycles  |  63 cyc/s  |  15783552 ns/cyc
  0 constraint hits
[3F[J                                                                                
  216 cycles  |  63 cyc/s  |  15783552 ns/cyc
  0 constraint hits
[3F[J                                                                                
  216 cycles  |  63 cyc/s  |  15783552 ns/cyc
  0 constraint hits
[3F[J                                                                                
  216 cycles  |  63 cyc/s  |  15783552 ns/cyc
  0 constraint hits
[3F[J                                                                                
  216 cycles  |  63 cyc/s  |  15783552 ns/cyc
  0 constraint hits
[3F[J                                                                                
  216 cycles  |  63 cyc/s  |  15783552 ns/cyc
  0 constraint hits
[3F[J                                                                                
  231 cycles  |  62 cyc/s  |  15884939 ns/cyc
  0 constraint hits
[3F[J                                                                                
  231 cycles  |  62 cyc/s  |  15884939 ns/cyc
  0 constraint hits
[3F[J                                                                                
  231 cycles  |  62 cyc/s  |  15884939 ns/cyc
  0 constraint hits
[3F[J                                                                                
  231 cycles  |  62 cyc/s  |  15884939 ns/cyc
  0 constraint hits
[3F[J                                                                                
  231 cycles  |  62 cyc/s  |  15884939 ns/cyc
  0 constraint hits
[3F[J                                                                                
  231 cycles  |  62 cyc/s  |  15884939 ns/cyc
  0 constraint hits
[3F[J                                                                                
  231 cycles  |  62 cyc/s  |  15884939 ns/cyc
  0 constraint hits
[3F[J                                                                                
  231 cycles  |  62 cyc/s  |  15884939 ns/cyc
  0 constraint hits
[3F[J                                                                                
  231 cycles  |  62 cyc/s  |  15884939 ns/cyc
  0 constraint hits
[3F[J@@TIME_PROC_AVG COUNT:240 AVG_MS:15.948
@@TIME_THROUGHPUT COUNT:240 DURATION_S:3.827473 EVENTS_PER_S:62.705
                                                                                
  231 cycles  |  62 cyc/s  |  15884939 ns/cyc
  0 constraint hits
[3F[J                                                                                
  240 cycles  |  62 cyc/s  |  15945283 ns/cyc
  240 input events parsed in 0.000s  |  15945283 ns/event avg
  0 constraint hits total
  Breakdown:
   [#0]: @@MONITOR_END:2026-05-14T10:09:37.401345000Z
0
   [#1]: 0
   [#2]: 0
   [#3]: 0
   [#4]: 0
   [#5]: 0
   [#6]: 0
   [#7]: 0
   [#8]: 0
   [#9]: 0
   [#10]: 0
   [#11]: 0
