@@MONITOR_START:2026-03-29T15:05:01.084525000Z
[3F[J================================================================================
▌ 0 events
  0 trigger
[3F[J================================================================================
▌ 0 events
  0 trigger
[3F[J================================================================================
▌ 0 events
  0 trigger
[3F[J================================================================================
▌ 0 events
  0 trigger
[3F[J================================================================================
▌ 0 events
  0 trigger
[3F[J================================================================================
▌ 0 events
  0 trigger
[3F[J================================================================================
▌ 0 events
  0 trigger
[3F[J================================================================================
▌ 0 events
  0 trigger
[3F[J================================================================================
▌ 0 events
  0 trigger
[3F[J================================================================================
▌ 0 events
  0 trigger
[3F[J================================================================================
▌ 0 events
  0 trigger
[3F[J================================================================================
▌ 0 events
  0 trigger
[3F[J================================================================================
▌ 0 events
  0 trigger
[3F[J================================================================================
▌ 0 events
  0 trigger
[3F[J================================================================================
▌ 0 events
  0 trigger
[3F[J================================================================================
▌ 0 events
  0 trigger
[3F[J================================================================================
▌ 0 events
  0 trigger
[3F[J================================================================================
▌ 0 events
  0 trigger
[3F[J================================================================================
▌ 0 events
  0 trigger
[3F[J================================================================================
▌ 0 events
  0 trigger
[3F[J================================================================================
▌ 0 events
  0 trigger
[3F[J================================================================================
▌ 0 events
  0 trigger
[3F[J================================================================================
▌ 0 events
  0 trigger
[3F[J================================================================================
▌ 0 events
  0 trigger
[3F[J================================================================================
▌ 0 events
  0 trigger
[3F[J================================================================================
▌ 0 events
  0 trigger
[3F[J================================================================================
▌ 0 events
  0 trigger
[3F[J================================================================================
▌ 0 events
  0 trigger
[3F[J================================================================================
▌ 0 events
  0 trigger
[3F[J================================================================================
▌ 0 events
  0 trigger
[3F[J================================================================================
▀ 31 cycles, 124 cycles per second, 8039547 nsec per cycles
  0 trigger
[3F[J================================================================================
▀ 31 cycles, 124 cycles per second, 8039547 nsec per cycles
  0 trigger
[3F[J================================================================================
▀ 31 cycles, 124 cycles per second, 8039547 nsec per cycles
  0 trigger
[3F[J================================================================================
▀ 31 cycles, 124 cycles per second, 8039547 nsec per cycles
  0 trigger
[3F[J================================================================================
▀ 31 cycles, 124 cycles per second, 8039547 nsec per cycles
  0 trigger
[3F[J================================================================================
▀ 31 cycles, 124 cycles per second, 8039547 nsec per cycles
  0 trigger
[3F[J================================================================================
▀ 31 cycles, 124 cycles per second, 8039547 nsec per cycles
  0 trigger
[3F[J================================================================================
▀ 31 cycles, 124 cycles per second, 8039547 nsec per cycles
  0 trigger
[3F[J================================================================================
▀ 31 cycles, 124 cycles per second, 8039547 nsec per cycles
  0 trigger
[3F[J================================================================================
▐ 40 cycles, 77 cycles per second, 12950621 nsec per cycles
  0 trigger
[3F[J================================================================================
▐ 40 cycles, 77 cycles per second, 12950621 nsec per cycles
  0 trigger
[3F[J================================================================================
▐ 40 cycles, 77 cycles per second, 12950621 nsec per cycles
  0 trigger
[3F[J================================================================================
▐ 40 cycles, 77 cycles per second, 12950621 nsec per cycles
  0 trigger
[3F[J================================================================================
▐ 40 cycles, 77 cycles per second, 12950621 nsec per cycles
  0 trigger
[3F[J================================================================================
▐ 40 cycles, 77 cycles per second, 12950621 nsec per cycles
  0 trigger
[3F[J================================================================================
▐ 40 cycles, 77 cycles per second, 12950621 nsec per cycles
  0 trigger
[3F[J================================================================================
▐ 40 cycles, 77 cycles per second, 12950621 nsec per cycles
  0 trigger
[3F[J================================================================================
▄ 48 cycles, 61 cycles per second, 16356631 nsec per cycles
  0 trigger
[3F[J================================================================================
▄ 48 cycles, 61 cycles per second, 16356631 nsec per cycles
  0 trigger
[3F[J================================================================================
▄ 48 cycles, 61 cycles per second, 16356631 nsec per cycles
  0 trigger
[3F[J================================================================================
▄ 48 cycles, 61 cycles per second, 16356631 nsec per cycles
  0 trigger
[3F[J================================================================================
▄ 48 cycles, 61 cycles per second, 16356631 nsec per cycles
  0 trigger
[3F[J================================================================================
▄ 48 cycles, 61 cycles per second, 16356631 nsec per cycles
  0 trigger
[3F[J================================================================================
▄ 48 cycles, 61 cycles per second, 16356631 nsec per cycles
  0 trigger
[3F[J================================================================================
▄ 48 cycles, 61 cycles per second, 16356631 nsec per cycles
  0 trigger
[3F[J================================================================================
▌ 56 cycles, 53 cycles per second, 18753254 nsec per cycles
  0 trigger
[3F[J================================================================================
▌ 56 cycles, 53 cycles per second, 18753254 nsec per cycles
  0 trigger
[3F[J================================================================================
▌ 56 cycles, 53 cycles per second, 18753254 nsec per cycles
  0 trigger
[3F[J================================================================================
▌ 56 cycles, 53 cycles per second, 18753254 nsec per cycles
  0 trigger
[3F[J================================================================================
▌ 56 cycles, 53 cycles per second, 18753254 nsec per cycles
  0 trigger
[3F[J================================================================================
▌ 56 cycles, 53 cycles per second, 18753254 nsec per cycles
  0 trigger
[3F[J================================================================================
▌ 56 cycles, 53 cycles per second, 18753254 nsec per cycles
  0 trigger
[3F[J================================================================================
▌ 56 cycles, 53 cycles per second, 18753254 nsec per cycles
  0 trigger
[3F[J================================================================================
▀ 64 cycles, 48 cycles per second, 20545123 nsec per cycles
  0 trigger
[3F[J================================================================================
▀ 64 cycles, 48 cycles per second, 20545123 nsec per cycles
  0 trigger
[3F[J================================================================================
▀ 64 cycles, 48 cycles per second, 20545123 nsec per cycles
  0 trigger
[3F[J================================================================================
▀ 64 cycles, 48 cycles per second, 20545123 nsec per cycles
  0 trigger
[3F[J================================================================================
▀ 64 cycles, 48 cycles per second, 20545123 nsec per cycles
  0 trigger
[3F[J================================================================================
▀ 64 cycles, 48 cycles per second, 20545123 nsec per cycles
  0 trigger
[3F[J================================================================================
▐ 70 cycles, 44 cycles per second, 22362180 nsec per cycles
  0 trigger
[3F[J================================================================================
▐ 70 cycles, 44 cycles per second, 22362180 nsec per cycles
  0 trigger
[3F[J================================================================================
▐ 70 cycles, 44 cycles per second, 22362180 nsec per cycles
  0 trigger
[3F[J================================================================================
▐ 70 cycles, 44 cycles per second, 22362180 nsec per cycles
  0 trigger
[3F[J================================================================================
▐ 70 cycles, 44 cycles per second, 22362180 nsec per cycles
  0 trigger
[3F[J================================================================================
▐ 70 cycles, 44 cycles per second, 22362180 nsec per cycles
  0 trigger
[3F[J================================================================================
▐ 70 cycles, 44 cycles per second, 22362180 nsec per cycles
  0 trigger
[3F[J================================================================================
▄ 77 cycles, 42 cycles per second, 23681038 nsec per cycles
  0 trigger
[3F[J================================================================================
▄ 77 cycles, 42 cycles per second, 23681038 nsec per cycles
  0 trigger
[3F[J================================================================================
▄ 77 cycles, 42 cycles per second, 23681038 nsec per cycles
  0 trigger
[3F[J================================================================================
▄ 77 cycles, 42 cycles per second, 23681038 nsec per cycles
  0 trigger
[3F[J================================================================================
▄ 77 cycles, 42 cycles per second, 23681038 nsec per cycles
  0 trigger
[3F[J================================================================================
▄ 77 cycles, 42 cycles per second, 23681038 nsec per cycles
  0 trigger
[3F[J================================================================================
▄ 77 cycles, 42 cycles per second, 23681038 nsec per cycles
  0 trigger
[3F[J================================================================================
▄ 77 cycles, 42 cycles per second, 23681038 nsec per cycles
  0 trigger
[3F[J================================================================================
▌ 85 cycles, 40 cycles per second, 24785049 nsec per cycles
  0 trigger
[3F[J================================================================================
▌ 85 cycles, 40 cycles per second, 24785049 nsec per cycles
  0 trigger
[3F[J================================================================================
▌ 85 cycles, 40 cycles per second, 24785049 nsec per cycles
  0 trigger
[3F[J================================================================================
▌ 85 cycles, 40 cycles per second, 24785049 nsec per cycles
  0 trigger
[3F[J================================================================================
▌ 85 cycles, 40 cycles per second, 24785049 nsec per cycles
  0 trigger
[3F[J================================================================================
▌ 85 cycles, 40 cycles per second, 24785049 nsec per cycles
  0 trigger
[3F[J================================================================================
▌ 85 cycles, 40 cycles per second, 24785049 nsec per cycles
  0 trigger
[3F[J================================================================================
▌ 85 cycles, 40 cycles per second, 24785049 nsec per cycles
  0 trigger
[3F[J================================================================================
▀ 93 cycles, 38 cycles per second, 25657324 nsec per cycles
  0 trigger
[3F[J================================================================================
▀ 93 cycles, 38 cycles per second, 25657324 nsec per cycles
  0 trigger
[3F[J================================================================================
▀ 93 cycles, 38 cycles per second, 25657324 nsec per cycles
  0 trigger
[3F[J================================================================================
▀ 93 cycles, 38 cycles per second, 25657324 nsec per cycles
  0 trigger
[3F[J================================================================================
▀ 93 cycles, 38 cycles per second, 25657324 nsec per cycles
  0 trigger
[3F[J================================================================================
▀ 93 cycles, 38 cycles per second, 25657324 nsec per cycles
  0 trigger
[3F[J================================================================================
▀ 93 cycles, 38 cycles per second, 25657324 nsec per cycles
  0 trigger
[3F[J================================================================================
▐ 100 cycles, 37 cycles per second, 26457197 nsec per cycles
  0 trigger
[3F[J================================================================================
▐ 100 cycles, 37 cycles per second, 26457197 nsec per cycles
  0 trigger
[3F[J================================================================================
▐ 100 cycles, 37 cycles per second, 26457197 nsec per cycles
  0 trigger
[3F[J================================================================================
▐ 100 cycles, 37 cycles per second, 26457197 nsec per cycles
  0 trigger
[3F[J================================================================================
▐ 100 cycles, 37 cycles per second, 26457197 nsec per cycles
  0 trigger
[3F[J================================================================================
▐ 100 cycles, 37 cycles per second, 26457197 nsec per cycles
  0 trigger
[3F[J================================================================================
▐ 100 cycles, 37 cycles per second, 26457197 nsec per cycles
  0 trigger
[3F[J================================================================================
▐ 100 cycles, 37 cycles per second, 26457197 nsec per cycles
  0 trigger
[3F[J================================================================================
▄ 108 cycles, 37 cycles per second, 27021997 nsec per cycles
  0 trigger
[3F[J================================================================================
▄ 108 cycles, 37 cycles per second, 27021997 nsec per cycles
  0 trigger
[3F[J================================================================================
▄ 108 cycles, 37 cycles per second, 27021997 nsec per cycles
  0 trigger
[3F[J================================================================================
▄ 108 cycles, 37 cycles per second, 27021997 nsec per cycles
  0 trigger
[3F[J================================================================================
▄ 108 cycles, 37 cycles per second, 27021997 nsec per cycles
  0 trigger
[3F[J================================================================================
▄ 108 cycles, 37 cycles per second, 27021997 nsec per cycles
  0 trigger
[3F[J================================================================================
▄ 108 cycles, 37 cycles per second, 27021997 nsec per cycles
  0 trigger
[3F[J================================================================================
▌ 115 cycles, 35 cycles per second, 27787165 nsec per cycles
  0 trigger
[3F[J================================================================================
▌ 115 cycles, 35 cycles per second, 27787165 nsec per cycles
  0 trigger
[3F[J================================================================================
▌ 115 cycles, 35 cycles per second, 27787165 nsec per cycles
  0 trigger
[3F[J================================================================================
▌ 115 cycles, 35 cycles per second, 27787165 nsec per cycles
  0 trigger
[3F[J================================================================================
▌ 115 cycles, 35 cycles per second, 27787165 nsec per cycles
  0 trigger
[3F[J================================================================================
▌ 115 cycles, 35 cycles per second, 27787165 nsec per cycles
  0 trigger
[3F[J================================================================================
▌ 115 cycles, 35 cycles per second, 27787165 nsec per cycles
  0 trigger
[3F[J================================================================================
▌ 115 cycles, 35 cycles per second, 27787165 nsec per cycles
  0 trigger
[3F[J================================================================================
▀ 123 cycles, 35 cycles per second, 28131225 nsec per cycles
  0 trigger
[3F[J================================================================================
▀ 123 cycles, 35 cycles per second, 28131225 nsec per cycles
  0 trigger
[3F[J================================================================================
▀ 123 cycles, 35 cycles per second, 28131225 nsec per cycles
  0 trigger
[3F[J================================================================================
▀ 123 cycles, 35 cycles per second, 28131225 nsec per cycles
  0 trigger
[3F[J================================================================================
▀ 123 cycles, 35 cycles per second, 28131225 nsec per cycles
  0 trigger
[3F[J================================================================================
▀ 123 cycles, 35 cycles per second, 28131225 nsec per cycles
  0 trigger
[3F[J================================================================================
▀ 123 cycles, 35 cycles per second, 28131225 nsec per cycles
  0 trigger
[3F[J================================================================================
▀ 123 cycles, 35 cycles per second, 28131225 nsec per cycles
  0 trigger
[3F[J================================================================================
▐ 131 cycles, 35 cycles per second, 28356232 nsec per cycles
  0 trigger
[3F[J================================================================================
▐ 131 cycles, 35 cycles per second, 28356232 nsec per cycles
  0 trigger
[3F[J================================================================================
▐ 131 cycles, 35 cycles per second, 28356232 nsec per cycles
  0 trigger
[3F[J================================================================================
▐ 131 cycles, 35 cycles per second, 28356232 nsec per cycles
  0 trigger
[3F[J================================================================================
▐ 131 cycles, 35 cycles per second, 28356232 nsec per cycles
  0 trigger
[3F[J================================================================================
▐ 131 cycles, 35 cycles per second, 28356232 nsec per cycles
  0 trigger
[3F[J================================================================================
▐ 131 cycles, 35 cycles per second, 28356232 nsec per cycles
  0 trigger
[3F[J================================================================================
▐ 131 cycles, 35 cycles per second, 28356232 nsec per cycles
  0 trigger
[3F[J================================================================================
▐ 131 cycles, 35 cycles per second, 28356232 nsec per cycles
  0 trigger
[3F[J================================================================================
▄ 140 cycles, 35 cycles per second, 28519622 nsec per cycles
  0 trigger
[3F[J================================================================================
▄ 140 cycles, 35 cycles per second, 28519622 nsec per cycles
  0 trigger
[3F[J================================================================================
▄ 140 cycles, 35 cycles per second, 28519622 nsec per cycles
  0 trigger
[3F[J================================================================================
▄ 140 cycles, 35 cycles per second, 28519622 nsec per cycles
  0 trigger
[3F[J================================================================================
▄ 140 cycles, 35 cycles per second, 28519622 nsec per cycles
  0 trigger
[3F[J================================================================================
▄ 140 cycles, 35 cycles per second, 28519622 nsec per cycles
  0 trigger
[3F[J================================================================================
▄ 140 cycles, 35 cycles per second, 28519622 nsec per cycles
  0 trigger
[3F[J================================================================================
▄ 140 cycles, 35 cycles per second, 28519622 nsec per cycles
  0 trigger
[3F[J================================================================================
▄ 140 cycles, 35 cycles per second, 28519622 nsec per cycles
  0 trigger
[3F[J================================================================================
▌ 149 cycles, 34 cycles per second, 28645267 nsec per cycles
  0 trigger
[3F[J================================================================================
▌ 149 cycles, 34 cycles per second, 28645267 nsec per cycles
  0 trigger
[3F[J================================================================================
▌ 149 cycles, 34 cycles per second, 28645267 nsec per cycles
  0 trigger
[3F[J================================================================================
▌ 149 cycles, 34 cycles per second, 28645267 nsec per cycles
  0 trigger
[3F[J================================================================================
▌ 149 cycles, 34 cycles per second, 28645267 nsec per cycles
  0 trigger
[3F[J================================================================================
▌ 149 cycles, 34 cycles per second, 28645267 nsec per cycles
  0 trigger
[3F[J================================================================================
▌ 149 cycles, 34 cycles per second, 28645267 nsec per cycles
  0 trigger
[3F[J================================================================================
▌ 149 cycles, 34 cycles per second, 28645267 nsec per cycles
  0 trigger
[3F[J================================================================================
▌ 149 cycles, 34 cycles per second, 28645267 nsec per cycles
  0 trigger
[3F[J================================================================================
▀ 158 cycles, 34 cycles per second, 28778660 nsec per cycles
  0 trigger
[3F[J================================================================================
▀ 158 cycles, 34 cycles per second, 28778660 nsec per cycles
  0 trigger
[3F[J================================================================================
▀ 158 cycles, 34 cycles per second, 28778660 nsec per cycles
  0 trigger
[3F[J================================================================================
▀ 158 cycles, 34 cycles per second, 28778660 nsec per cycles
  0 trigger
[3F[J================================================================================
▀ 158 cycles, 34 cycles per second, 28778660 nsec per cycles
  0 trigger
[3F[J================================================================================
▀ 158 cycles, 34 cycles per second, 28778660 nsec per cycles
  0 trigger
[3F[J================================================================================
▀ 158 cycles, 34 cycles per second, 28778660 nsec per cycles
  0 trigger
[3F[J================================================================================
▐ 165 cycles, 34 cycles per second, 29220248 nsec per cycles
  0 trigger
[3F[J================================================================================
▐ 165 cycles, 34 cycles per second, 29220248 nsec per cycles
  0 trigger
[3F[J================================================================================
▐ 165 cycles, 34 cycles per second, 29220248 nsec per cycles
  0 trigger
[3F[J================================================================================
▐ 165 cycles, 34 cycles per second, 29220248 nsec per cycles
  0 trigger
[3F[J================================================================================
▐ 165 cycles, 34 cycles per second, 29220248 nsec per cycles
  0 trigger
[3F[J================================================================================
▐ 165 cycles, 34 cycles per second, 29220248 nsec per cycles
  0 trigger
[3F[J================================================================================
▐ 165 cycles, 34 cycles per second, 29220248 nsec per cycles
  0 trigger
[3F[J================================================================================
▐ 165 cycles, 34 cycles per second, 29220248 nsec per cycles
  0 trigger
[3F[J================================================================================
▄ 173 cycles, 34 cycles per second, 29352423 nsec per cycles
  0 trigger
[3F[J================================================================================
▄ 173 cycles, 34 cycles per second, 29352423 nsec per cycles
  0 trigger
[3F[J================================================================================
▄ 173 cycles, 34 cycles per second, 29352423 nsec per cycles
  0 trigger
[3F[J================================================================================
▄ 173 cycles, 34 cycles per second, 29352423 nsec per cycles
  0 trigger
[3F[J================================================================================
▄ 173 cycles, 34 cycles per second, 29352423 nsec per cycles
  0 trigger
[3F[J================================================================================
▄ 173 cycles, 34 cycles per second, 29352423 nsec per cycles
  0 trigger
[3F[J================================================================================
▄ 173 cycles, 34 cycles per second, 29352423 nsec per cycles
  0 trigger
[3F[J================================================================================
▄ 173 cycles, 34 cycles per second, 29352423 nsec per cycles
  0 trigger
[3F[J================================================================================
▄ 173 cycles, 34 cycles per second, 29352423 nsec per cycles
  0 trigger
[3F[J================================================================================
▌ 182 cycles, 33 cycles per second, 29438539 nsec per cycles
  0 trigger
[3F[J================================================================================
▌ 182 cycles, 33 cycles per second, 29438539 nsec per cycles
  0 trigger
[3F[J================================================================================
▌ 182 cycles, 33 cycles per second, 29438539 nsec per cycles
  0 trigger
[3F[J================================================================================
▌ 182 cycles, 33 cycles per second, 29438539 nsec per cycles
  0 trigger
[3F[J================================================================================
▌ 182 cycles, 33 cycles per second, 29438539 nsec per cycles
  0 trigger
[3F[J================================================================================
▌ 182 cycles, 33 cycles per second, 29438539 nsec per cycles
  0 trigger
[3F[J================================================================================
▌ 182 cycles, 33 cycles per second, 29438539 nsec per cycles
  0 trigger
[3F[J================================================================================
▌ 182 cycles, 33 cycles per second, 29438539 nsec per cycles
  0 trigger
[3F[J================================================================================
▌ 182 cycles, 33 cycles per second, 29438539 nsec per cycles
  0 trigger
[3F[J================================================================================
▀ 191 cycles, 33 cycles per second, 29495917 nsec per cycles
  0 trigger
[3F[J================================================================================
▀ 191 cycles, 33 cycles per second, 29495917 nsec per cycles
  0 trigger
[3F[J================================================================================
▀ 191 cycles, 33 cycles per second, 29495917 nsec per cycles
  0 trigger
[3F[J================================================================================
▀ 191 cycles, 33 cycles per second, 29495917 nsec per cycles
  0 trigger
[3F[J================================================================================
▀ 191 cycles, 33 cycles per second, 29495917 nsec per cycles
  0 trigger
[3F[J================================================================================
▀ 191 cycles, 33 cycles per second, 29495917 nsec per cycles
  0 trigger
[3F[J================================================================================
▀ 191 cycles, 33 cycles per second, 29495917 nsec per cycles
  0 trigger
[3F[J================================================================================
▀ 191 cycles, 33 cycles per second, 29495917 nsec per cycles
  0 trigger
[3F[J================================================================================
▀ 191 cycles, 33 cycles per second, 29495917 nsec per cycles
  0 trigger
[3F[J@@TIME_PROC_AVG COUNT:200 AVG_MS:29.565
@@TIME_THROUGHPUT COUNT:200 DURATION_S:5.913733 EVENTS_PER_S:33.820
================================================================================
▐ 200 cycles, 33 cycles per second, 29546778 nsec per cycles
  0 trigger
[3F[J================================================================================
  200 cycles, 33 cycles per second, 29546778 nsec per cycles
  200 input events parsed in 0.000661837 secs; 29546778 nsec per event on average
  0 trigger in total
  Trigger details:
   [#0]: 0
   [#1]: 0
   [#@@MONITOR_END:2026-03-29T15:05:07.000107000Z
2]: 0
   [#3]: 0
