@@MONITOR_START:2026-05-14T10:08:15.888318000Z
[3F[J                                                                                
  0 cycles
  0 constraint hits
[3F[J                                                                                
  0 cycles
  0 constraint hits
[3F[J                                                                                
  0 cycles
  0 constraint hits
[3F[J                                                                                
  0 cycles
  0 constraint hits
[3F[J                                                                                
  0 cycles
  0 constraint hits
[3F[J                                                                                
  0 cycles
  0 constraint hits
[3F[J                                                                                
  0 cycles
  0 constraint hits
[3F[J                                                                                
  0 cycles
  0 constraint hits
[3F[J                                                                                
  0 cycles
  0 constraint hits
[3F[J                                                                                
  0 cycles
  0 constraint hits
[3F[J                                                                                
  0 cycles
  0 constraint hits
[3F[J                                                                                
  0 cycles
  0 constraint hits
[3F[J                                                                                
  0 cycles
  0 constraint hits
[3F[J                                                                                
  0 cycles
  0 constraint hits
[3F[J                                                                                
  0 cycles
  0 constraint hits
[3F[J                                                                                
  0 cycles
  0 constraint hits
[3F[J                                                                                
  0 cycles
  0 constraint hits
[3F[J                                                                                
  0 cycles
  0 constraint hits
[3F[J                                                                                
  0 cycles
  0 constraint hits
[3F[J                                                                                
  0 cycles
  0 constraint hits
[3F[J                                                                                
  0 cycles
  0 constraint hits
[3F[J                                                                                
  0 cycles
  0 constraint hits
[3F[J                                                                                
  0 cycles
  0 constraint hits
[3F[J                                                                                
  0 cycles
  0 constraint hits
[3F[J                                                                                
  0 cycles
  0 constraint hits
[3F[J                                                                                
  0 cycles
  0 constraint hits
[3F[J                                                                                
  0 cycles
  0 constraint hits
[3F[J                                                                                
  0 cycles
  0 constraint hits
[3F[J                                                                                
  0 cycles
  0 constraint hits
[3F[J                                                                                
  0 cycles
  0 constraint hits
[3F[J                                                                                
  0 cycles
  0 constraint hits
[3F[J                                                                                
  0 cycles
  0 constraint hits
[3F[J                                                                                
  0 cycles
  0 constraint hits
[3F[J                                                                                
  0 cycles
  0 constraint hits
[3F[J                                                                                
  0 cycles
  0 constraint hits
[3F[J                                                                                
  0 cycles
  0 constraint hits
[3F[J                                                                                
  0 cycles
  0 constraint hits
[3F[J                                                                                
  0 cycles
  0 constraint hits
[3F[J                                                                                
  0 cycles
  0 constraint hits
[3F[J                                                                                
  0 cycles
  0 constraint hits
[3F[J                                                                                
  0 cycles
  0 constraint hits
[3F[J                                                                                
  0 cycles
  0 constraint hits
[3F[J                                                                                
  0 cycles
  0 constraint hits
[3F[J                                                                                
  0 cycles
  0 constraint hits
[3F[J                                                                                
  0 cycles
  0 constraint hits
[3F[J                                                                                
  0 cycles
  0 constraint hits
[3F[J                                                                                
  0 cycles
  0 constraint hits
[3F[J                                                                                
  0 cycles
  0 constraint hits
[3F[J                                                                                
  0 cycles
  0 constraint hits
[3F[J                                                                                
  0 cycles
  0 constraint hits
[3F[J                                                                                
  0 cycles
  0 constraint hits
[3F[J                                                                                
  0 cycles
  0 constraint hits
[3F[J                                                                                
  0 cycles
  0 constraint hits
[3F[J                                                                                
  0 cycles
  0 constraint hits
[3F[J                                                                                
  0 cycles
  0 constraint hits
[3F[J                                                                                
  0 cycles
  0 constraint hits
[3F[J                                                                                
  0 cycles
  0 constraint hits
[3F[J                                                                                
  0 cycles
  0 constraint hits
[3F[J                                                                                
  0 cycles
  0 constraint hits
[3F[J                                                                                
  0 cycles
  0 constraint hits
[3F[J                                                                                
  0 cycles
  0 constraint hits
[3F[J                                                                                
  0 cycles
  0 constraint hits
[3F[J                                                                                
  0 cycles
  0 constraint hits
[3F[J                                                                                
  0 cycles
  0 constraint hits
[3F[J                                                                                
  0 cycles
  0 constraint hits
[3F[J                                                                                
  0 cycles
  0 constraint hits
[3F[J                                                                                
  0 cycles
  0 constraint hits
[3F[J                                                                                
  0 cycles
  0 constraint hits
[3F[J                                                                                
  0 cycles
  0 constraint hits
[3F[J                                                                                
  0 cycles
  0 constraint hits
[3F[J                                                                                
  0 cycles
  0 constraint hits
[3F[J                                                                                
  0 cycles
  0 constraint hits
[3F[J                                                                                
  0 cycles
  0 constraint hits
[3F[J                                                                                
  0 cycles
  0 constraint hits
[3F[J                                                                                
  0 cycles
  0 constraint hits
[3F[J                                                                                
  0 cycles
  0 constraint hits
[3F[J                                                                                
  0 cycles
  0 constraint hits
[3F[J                                                                                
  0 cycles
  0 constraint hits
[3F[J                                                                                
  0 cycles
  0 constraint hits
[3F[J                                                                                
  0 cycles
  0 constraint hits
[3F[J                                                                                
  0 cycles
  0 constraint hits
[3F[J                                                                                
  0 cycles
  0 constraint hits
[3F[J                                                                                
  0 cycles
  0 constraint hits
[3F[J                                                                                
  0 cycles
  0 constraint hits
[3F[J                                                                                
  0 cycles
  0 constraint hits
[3F[J                                                                                
  0 cycles
  0 constraint hits
[3F[J                                                                                
  0 cycles
  0 constraint hits
[3F[J                                                                                
  0 cycles
  0 constraint hits
[3F[J                                                                                
  0 cycles
  0 constraint hits
[3F[J                                                                                
  0 cycles
  0 constraint hits
[3F[J                                                                                
  0 cycles
  0 constraint hits
[3F[J                                                                                
  0 cycles
  0 constraint hits
[3F[J                                                                                
  0 cycles
  0 constraint hits
[3F[J                                                                                
  0 cycles
  0 constraint hits
[3F[J                                                                                
  0 cycles
  0 constraint hits
[3F[J                                                                                
  0 cycles
  0 constraint hits
[3F[J                                                                                
  0 cycles
  0 constraint hits
[3F[J                                                                                
  0 cycles
  0 constraint hits
[3F[J                                                                                
  0 cycles
  0 constraint hits
[3F[J                                                                                
  0 cycles
  0 constraint hits
[3F[J                                                                                
  0 cycles
  0 constraint hits
[3F[J                                                                                
  0 cycles
  0 constraint hits
[3F[J                                                                                
  0 cycles
  0 constraint hits
[3F[J                                                                                
  0 cycles
  0 constraint hits
[3F[J                                                                                
  0 cycles
  0 constraint hits
[3F[J                                                                                
  0 cycles
  0 constraint hits
[3F[J                                                                                
  0 cycles
  0 constraint hits
[3F[J                                                                                
  0 cycles
  0 constraint hits
[3F[J                                                                                
  0 cycles
  0 constraint hits
[3F[J                                                                                
  0 cycles
  0 constraint hits
[3F[J                                                                                
  0 cycles
  0 constraint hits
[3F[J                                                                                
  0 cycles
  0 constraint hits
[3F[J                                                                                
  0 cycles
  0 constraint hits
[3F[J                                                                                
  0 cycles
  0 constraint hits
[3F[J                                                                                
  0 cycles
  0 constraint hits
[3F[J                                                                                
  0 cycles
  0 constraint hits
[3F[J                                                                                
  0 cycles
  0 constraint hits
[3F[J                                                                                
  0 cycles
  0 constraint hits
[3F[J                                                                                
  0 cycles
  0 constraint hits
[3F[J                                                                                
  0 cycles
  0 constraint hits
[3F[J                                                                                
  0 cycles
  0 constraint hits
[3F[J                                                                                
  0 cycles
  0 constraint hits
[3F[J                                                                                
  0 cycles
  0 constraint hits
[3F[J                                                                                
  0 cycles
  0 constraint hits
[3F[J                                                                                
  0 cycles
  0 constraint hits
[3F[J                                                                                
  0 cycles
  0 constraint hits
[3F[J                                                                                
  0 cycles
  0 constraint hits
[3F[J                                                                                
  0 cycles
  0 constraint hits
[3F[J                                                                                
  0 cycles
  0 constraint hits
[3F[J                                                                                
  0 cycles
  0 constraint hits
[3F[J                                                                                
  0 cycles
  0 constraint hits
[3F[J                                                                                
  0 cycles
  0 constraint hits
[3F[J                                                                                
  0 cycles
  0 constraint hits
[3F[J                                                                                
  0 cycles
  0 constraint hits
[3F[J                                                                                
  0 cycles
  0 constraint hits
[3F[J                                                                                
  0 cycles
  0 constraint hits
[3F[J                                                                                
  0 cycles
  0 constraint hits
[3F[J                                                                                
  0 cycles
  0 constraint hits
[3F[J                                                                                
  0 cycles
  0 constraint hits
[3F[J                                                                                
  0 cycles
  0 constraint hits
[3F[J                                                                                
  0 cycles
  0 constraint hits
[3F[J                                                                                
  0 cycles
  0 constraint hits
[3F[J                                                                                
  0 cycles
  0 constraint hits
[3F[J                                                                                
  0 cycles
  0 constraint hits
[3F[J                                                                                
  0 cycles
  0 constraint hits
[3F[J                                                                                
  0 cycles
  0 constraint hits
[3F[J                                                                                
  0 cycles
  0 constraint hits
[3F[J                                                                                
  0 cycles
  0 constraint hits
[3F[J                                                                                
  0 cycles
  0 constraint hits
[3F[J                                                                                
  0 cycles
  0 constraint hits
[3F[J                                                                                
  0 cycles
  0 constraint hits
[3F[J                                                                                
  0 cycles
  0 constraint hits
[3F[J                                                                                
  0 cycles
  0 constraint hits
[3F[J                                                                                
  0 cycles
  0 constraint hits
[3F[J                                                                                
  0 cycles
  0 constraint hits
[3F[J                                                                                
  0 cycles
  0 constraint hits
[3F[J                                                                                
  0 cycles
  0 constraint hits
[3F[J                                                                                
  0 cycles
  0 constraint hits
[3F[J                                                                                
  0 cycles
  0 constraint hits
[3F[J                                                                                
  0 cycles
  0 constraint hits
[3F[J                                                                                
  0 cycles
  0 constraint hits
[3F[J                                                                                
  0 cycles
  0 constraint hits
[3F[J                                                                                
  0 cycles
  0 constraint hits
[3F[J                                                                                
  0 cycles
  0 constraint hits
[3F[J                                                                                
  0 cycles
  0 constraint hits
[3F[J                                                                                
  0 cycles
  0 constraint hits
[3F[J                                                                                
  167 cycles  |  668 cyc/s  |  1496352 ns/cyc
  0 constraint hits
[3F[J                                                                                
  167 cycles  |  668 cyc/s  |  1496352 ns/cyc
  0 constraint hits
[3F[J                                                                                
  167 cycles  |  668 cyc/s  |  1496352 ns/cyc
  0 constraint hits
[3F[J                                                                                
  167 cycles  |  668 cyc/s  |  1496352 ns/cyc
  0 constraint hits
[3F[J                                                                                
  167 cycles  |  668 cyc/s  |  1496352 ns/cyc
  0 constraint hits
[3F[J                                                                                
  167 cycles  |  668 cyc/s  |  1496352 ns/cyc
  0 constraint hits
[3F[J                                                                                
  167 cycles  |  668 cyc/s  |  1496352 ns/cyc
  0 constraint hits
[3F[J                                                                                
  167 cycles  |  668 cyc/s  |  1496352 ns/cyc
  0 constraint hits
[3F[J                                                                                
  167 cycles  |  668 cyc/s  |  1496352 ns/cyc
  0 constraint hits
[3F[J                                                                                
  167 cycles  |  668 cyc/s  |  1496352 ns/cyc
  0 constraint hits
[3F[J                                                                                
  167 cycles  |  668 cyc/s  |  1496352 ns/cyc
  0 constraint hits
[3F[J                                                                                
  167 cycles  |  668 cyc/s  |  1496352 ns/cyc
  0 constraint hits
[3F[J                                                                                
  167 cycles  |  668 cyc/s  |  1496352 ns/cyc
  0 constraint hits
[3F[J                                                                                
  167 cycles  |  668 cyc/s  |  1496352 ns/cyc
  0 constraint hits
[3F[J                                                                                
  167 cycles  |  668 cyc/s  |  1496352 ns/cyc
  0 constraint hits
[3F[J                                                                                
  167 cycles  |  668 cyc/s  |  1496352 ns/cyc
  0 constraint hits
[3F[J                                                                                
  167 cycles  |  668 cyc/s  |  1496352 ns/cyc
  0 constraint hits
[3F[J                                                                                
  167 cycles  |  668 cyc/s  |  1496352 ns/cyc
  0 constraint hits
[3F[J                                                                                
  167 cycles  |  668 cyc/s  |  1496352 ns/cyc
  0 constraint hits
[3F[J                                                                                
  167 cycles  |  668 cyc/s  |  1496352 ns/cyc
  0 constraint hits
[3F[J                                                                                
  167 cycles  |  668 cyc/s  |  1496352 ns/cyc
  0 constraint hits
[3F[J                                                                                
  167 cycles  |  668 cyc/s  |  1496352 ns/cyc
  0 constraint hits
[3F[J                                                                                
  167 cycles  |  668 cyc/s  |  1496352 ns/cyc
  0 constraint hits
[3F[J                                                                                
  167 cycles  |  668 cyc/s  |  1496352 ns/cyc
  0 constraint hits
[3F[J                                                                                
  167 cycles  |  668 cyc/s  |  1496352 ns/cyc
  0 constraint hits
[3F[J                                                                                
  167 cycles  |  668 cyc/s  |  1496352 ns/cyc
  0 constraint hits
[3F[J                                                                                
  167 cycles  |  668 cyc/s  |  1496352 ns/cyc
  0 constraint hits
[3F[J                                                                                
  167 cycles  |  668 cyc/s  |  1496352 ns/cyc
  0 constraint hits
[3F[J                                                                                
  167 cycles  |  668 cyc/s  |  1496352 ns/cyc
  0 constraint hits
[3F[J                                                                                
  167 cycles  |  668 cyc/s  |  1496352 ns/cyc
  0 constraint hits
[3F[J                                                                                
  167 cycles  |  668 cyc/s  |  1496352 ns/cyc
  0 constraint hits
[3F[J                                                                                
  167 cycles  |  668 cyc/s  |  1496352 ns/cyc
  0 constraint hits
[3F[J                                                                                
  167 cycles  |  668 cyc/s  |  1496352 ns/cyc
  0 constraint hits
[3F[J                                                                                
  167 cycles  |  668 cyc/s  |  1496352 ns/cyc
  0 constraint hits
[3F[J                                                                                
  167 cycles  |  668 cyc/s  |  1496352 ns/cyc
  0 constraint hits
[3F[J                                                                                
  167 cycles  |  668 cyc/s  |  1496352 ns/cyc
  0 constraint hits
[3F[J                                                                                
  167 cycles  |  668 cyc/s  |  1496352 ns/cyc
  0 constraint hits
[3F[J                                                                                
  167 cycles  |  668 cyc/s  |  1496352 ns/cyc
  0 constraint hits
[3F[J                                                                                
  167 cycles  |  668 cyc/s  |  1496352 ns/cyc
  0 constraint hits
[3F[J                                                                                
  167 cycles  |  668 cyc/s  |  1496352 ns/cyc
  0 constraint hits
[3F[J                                                                                
  167 cycles  |  668 cyc/s  |  1496352 ns/cyc
  0 constraint hits
[3F[J                                                                                
  167 cycles  |  668 cyc/s  |  1496352 ns/cyc
  0 constraint hits
[3F[J                                                                                
  167 cycles  |  668 cyc/s  |  1496352 ns/cyc
  0 constraint hits
[3F[J                                                                                
  167 cycles  |  668 cyc/s  |  1496352 ns/cyc
  0 constraint hits
[3F[J                                                                                
  167 cycles  |  668 cyc/s  |  1496352 ns/cyc
  0 constraint hits
[3F[J                                                                                
  167 cycles  |  668 cyc/s  |  1496352 ns/cyc
  0 constraint hits
[3F[J                                                                                
  167 cycles  |  668 cyc/s  |  1496352 ns/cyc
  0 constraint hits
[3F[J                                                                                
  167 cycles  |  668 cyc/s  |  1496352 ns/cyc
  0 constraint hits
[3F[J                                                                                
  167 cycles  |  668 cyc/s  |  1496352 ns/cyc
  0 constraint hits
[3F[J                                                                                
  167 cycles  |  668 cyc/s  |  1496352 ns/cyc
  0 constraint hits
[3F[J                                                                                
  167 cycles  |  668 cyc/s  |  1496352 ns/cyc
  0 constraint hits
[3F[J                                                                                
  167 cycles  |  668 cyc/s  |  1496352 ns/cyc
  0 constraint hits
[3F[J                                                                                
  167 cycles  |  668 cyc/s  |  1496352 ns/cyc
  0 constraint hits
[3F[J                                                                                
  167 cycles  |  668 cyc/s  |  1496352 ns/cyc
  0 constraint hits
[3F[J                                                                                
  167 cycles  |  668 cyc/s  |  1496352 ns/cyc
  0 constraint hits
[3F[J                                                                                
  167 cycles  |  668 cyc/s  |  1496352 ns/cyc
  0 constraint hits
[3F[J                                                                                
  167 cycles  |  668 cyc/s  |  1496352 ns/cyc
  0 constraint hits
[3F[J                                                                                
  167 cycles  |  668 cyc/s  |  1496352 ns/cyc
  0 constraint hits
[3F[J                                                                                
  167 cycles  |  668 cyc/s  |  1496352 ns/cyc
  0 constraint hits
[3F[J                                                                                
  167 cycles  |  668 cyc/s  |  1496352 ns/cyc
  0 constraint hits
[3F[J                                                                                
  167 cycles  |  668 cyc/s  |  1496352 ns/cyc
  0 constraint hits
[3F[J                                                                                
  167 cycles  |  668 cyc/s  |  1496352 ns/cyc
  0 constraint hits
[3F[J                                                                                
  167 cycles  |  668 cyc/s  |  1496352 ns/cyc
  0 constraint hits
[3F[J                                                                                
  167 cycles  |  668 cyc/s  |  1496352 ns/cyc
  0 constraint hits
[3F[J                                                                                
  167 cycles  |  668 cyc/s  |  1496352 ns/cyc
  0 constraint hits
[3F[J                                                                                
  167 cycles  |  668 cyc/s  |  1496352 ns/cyc
  0 constraint hits
[3F[J                                                                                
  167 cycles  |  668 cyc/s  |  1496352 ns/cyc
  0 constraint hits
[3F[J                                                                                
  167 cycles  |  668 cyc/s  |  1496352 ns/cyc
  0 constraint hits
[3F[J                                                                                
  167 cycles  |  668 cyc/s  |  1496352 ns/cyc
  0 constraint hits
[3F[J                                                                                
  167 cycles  |  668 cyc/s  |  1496352 ns/cyc
  0 constraint hits
[3F[J                                                                                
  167 cycles  |  668 cyc/s  |  1496352 ns/cyc
  0 constraint hits
[3F[J                                                                                
  167 cycles  |  668 cyc/s  |  1496352 ns/cyc
  0 constraint hits
[3F[J                                                                                
  167 cycles  |  668 cyc/s  |  1496352 ns/cyc
  0 constraint hits
[3F[J@@TIME_PROC_AVG COUNT:240 AVG_MS:1.489
@@TIME_THROUGHPUT COUNT:240 DURATION_S:0.357395 EVENTS_PER_S:671.526
                                                                                
  167 cycles  |  668 cyc/s  |  1496352 ns/cyc
  0 constraint hits
[3F[J                                                                                
  240 cycles  |  672 cyc/s  |  1487581 ns/cyc
  240 input events parsed in 0.000s  |  1487581 ns/event avg
  0 constraint hits total
  Breakdown:
   [#0@@MONITOR_END:2026-05-14T10:08:16.245886000Z
]: 0
   [#1]: 0
   [#2]: 0
   [#3]: 0
