@@MONITOR_START:2026-03-29T15:10:59.310618000Z
[3F[J================================================================================
▌ 0 events
  0 trigger
[3F[J================================================================================
▌ 0 events
  0 trigger
[3F[J================================================================================
▌ 0 events
  0 trigger
[3F[J================================================================================
▌ 0 events
  0 trigger
[3F[J================================================================================
▌ 0 events
  0 trigger
[3F[J================================================================================
▌ 0 events
  0 trigger
[3F[J================================================================================
▌ 0 events
  0 trigger
[3F[J================================================================================
▌ 0 events
  0 trigger
[3F[J================================================================================
▌ 0 events
  0 trigger
[3F[J================================================================================
▌ 0 events
  0 trigger
[3F[J================================================================================
▌ 0 events
  0 trigger
[3F[J================================================================================
▌ 0 events
  0 trigger
[3F[J================================================================================
▌ 0 events
  0 trigger
[3F[J================================================================================
▌ 0 events
  0 trigger
[3F[J================================================================================
▌ 0 events
  0 trigger
[3F[J================================================================================
▌ 0 events
  0 trigger
[3F[J================================================================================
▌ 0 events
  0 trigger
[3F[J================================================================================
▌ 0 events
  0 trigger
[3F[J================================================================================
▌ 0 events
  0 trigger
[3F[J================================================================================
▌ 0 events
  0 trigger
[3F[J================================================================================
▌ 0 events
  0 trigger
[3F[J================================================================================
▌ 0 events
  0 trigger
[3F[J================================================================================
▌ 0 events
  0 trigger
[3F[J================================================================================
▌ 0 events
  0 trigger
[3F[J================================================================================
▌ 0 events
  0 trigger
[3F[J================================================================================
▌ 0 events
  0 trigger
[3F[J================================================================================
▌ 0 events
  0 trigger
[3F[J================================================================================
▌ 0 events
  0 trigger
[3F[J================================================================================
▌ 0 events
  0 trigger
[3F[J================================================================================
▌ 0 events
  0 trigger
[3F[J================================================================================
▌ 0 events
  0 trigger
[3F[J================================================================================
▌ 0 events
  0 trigger
[3F[J================================================================================
▌ 0 events
  0 trigger
[3F[J================================================================================
▌ 0 events
  0 trigger
[3F[J================================================================================
▌ 0 events
  0 trigger
[3F[J================================================================================
▌ 0 events
  0 trigger
[3F[J================================================================================
▌ 0 events
  0 trigger
[3F[J================================================================================
▌ 0 events
  0 trigger
[3F[J================================================================================
▌ 0 events
  0 trigger
[3F[J================================================================================
▌ 0 events
  0 trigger
[3F[J================================================================================
▌ 0 events
  0 trigger
[3F[J================================================================================
▌ 0 events
  0 trigger
[3F[J================================================================================
▌ 0 events
  0 trigger
[3F[J================================================================================
▌ 0 events
  0 trigger
[3F[J================================================================================
▌ 0 events
  0 trigger
[3F[J================================================================================
▌ 0 events
  0 trigger
[3F[J================================================================================
▌ 0 events
  0 trigger
[3F[J================================================================================
▌ 0 events
  0 trigger
[3F[J================================================================================
▌ 0 events
  0 trigger
[3F[J================================================================================
▌ 0 events
  0 trigger
[3F[J================================================================================
▌ 0 events
  0 trigger
[3F[J================================================================================
▌ 0 events
  0 trigger
[3F[J================================================================================
▌ 0 events
  0 trigger
[3F[J================================================================================
▌ 0 events
  0 trigger
[3F[J================================================================================
▌ 0 events
  0 trigger
[3F[J================================================================================
▌ 0 events
  0 trigger
[3F[J================================================================================
▌ 0 events
  0 trigger
[3F[J================================================================================
▌ 0 events
  0 trigger
[3F[J================================================================================
▌ 0 events
  0 trigger
[3F[J================================================================================
▌ 0 events
  0 trigger
[3F[J================================================================================
▌ 0 events
  0 trigger
[3F[J================================================================================
▌ 0 events
  0 trigger
[3F[J================================================================================
▌ 0 events
  0 trigger
[3F[J================================================================================
▌ 0 events
  0 trigger
[3F[J================================================================================
▌ 0 events
  0 trigger
[3F[J================================================================================
▌ 0 events
  0 trigger
[3F[J================================================================================
▌ 0 events
  0 trigger
[3F[J================================================================================
▌ 0 events
  0 trigger
[3F[J================================================================================
▌ 0 events
  0 trigger
[3F[J================================================================================
▌ 0 events
  0 trigger
[3F[J================================================================================
▌ 0 events
  0 trigger
[3F[J================================================================================
▌ 0 events
  0 trigger
[3F[J================================================================================
▌ 0 events
  0 trigger
[3F[J================================================================================
▌ 0 events
  0 trigger
[3F[J================================================================================
▌ 0 events
  0 trigger
[3F[J================================================================================
▌ 0 events
  0 trigger
[3F[J================================================================================
▌ 0 events
  0 trigger
[3F[J================================================================================
▌ 0 events
  0 trigger
[3F[J================================================================================
▌ 0 events
  0 trigger
[3F[J================================================================================
▌ 0 events
  0 trigger
[3F[J================================================================================
▌ 0 events
  0 trigger
[3F[J================================================================================
▌ 0 events
  0 trigger
[3F[J================================================================================
▌ 0 events
  0 trigger
[3F[J================================================================================
▌ 0 events
  0 trigger
[3F[J================================================================================
▌ 0 events
  0 trigger
[3F[J================================================================================
▌ 0 events
  0 trigger
[3F[J================================================================================
▌ 0 events
  0 trigger
[3F[J================================================================================
▌ 0 events
  0 trigger
[3F[J================================================================================
▌ 0 events
  0 trigger
[3F[J================================================================================
▌ 0 events
  0 trigger
[3F[J================================================================================
▌ 0 events
  0 trigger
[3F[J================================================================================
▌ 0 events
  0 trigger
[3F[J================================================================================
▌ 0 events
  0 trigger
[3F[J================================================================================
▌ 0 events
  0 trigger
[3F[J================================================================================
▌ 0 events
  0 trigger
[3F[J================================================================================
▌ 0 events
  0 trigger
[3F[J================================================================================
▌ 0 events
  0 trigger
[3F[J================================================================================
▌ 0 events
  0 trigger
[3F[J================================================================================
▌ 0 events
  0 trigger
[3@@TIME_PROC_AVG COUNT:100 AVG_MS:1.023
F[J@@TIME_THROUGHPUT COUNT:100 DURATION_S:0.103214 EVENTS_PER_S:968.861
================================================================================
▌ 0 events
  0 trigger
[3F[J================================================================================
  100 cycles, 985 cycles per second, 1014752 nsec per cycles
  100 input events parsed in 0.000180088 secs; 1014752 nsec per event on average
  0 trigger in total
  Trigger details:
   [#0]: 0
   [#1]: 0
@@MONITOR_END:2026-03-29T15:10:59.417842000Z
