@@MONITOR_START:2026-05-14T10:09:25.619722000Z
[3F[J                                                                                
  0 cycles
  0 constraint hits
[3F[J                                                                                
  0 cycles
  0 constraint hits
[3F[J                                                                                
  0 cycles
  0 constraint hits
[3F[J                                                                                
  0 cycles
  0 constraint hits
[3F[J                                                                                
  0 cycles
  0 constraint hits
[3F[J                                                                                
  0 cycles
  0 constraint hits
[3F[J                                                                                
  0 cycles
  0 constraint hits
[3F[J                                                                                
  0 cycles
  0 constraint hits
[3F[J                                                                                
  0 cycles
  0 constraint hits
[3F[J                                                                                
  0 cycles
  0 constraint hits
[3F[J                                                                                
  0 cycles
  0 constraint hits
[3F[J                                                                                
  0 cycles
  0 constraint hits
[3F[J                                                                                
  0 cycles
  0 constraint hits
[3F[J                                                                                
  0 cycles
  0 constraint hits
[3F[J                                                                                
  0 cycles
  0 constraint hits
[3F[J                                                                                
  0 cycles
  0 constraint hits
[3F[J                                                                                
  0 cycles
  0 constraint hits
[3F[J                                                                                
  0 cycles
  0 constraint hits
[3F[J                                                                                
  0 cycles
  0 constraint hits
[3F[J                                                                                
  0 cycles
  0 constraint hits
[3F[J                                                                                
  0 cycles
  0 constraint hits
[3F[J                                                                                
  0 cycles
  0 constraint hits
[3F[J                                                                                
  0 cycles
  0 constraint hits
[3F[J                                                                                
  0 cycles
  0 constraint hits
[3F[J                                                                                
  0 cycles
  0 constraint hits
[3F[J                                                                                
  0 cycles
  0 constraint hits
[3F[J                                                                                
  0 cycles
  0 constraint hits
[3F[J                                                                                
  0 cycles
  0 constraint hits
[3F[J                                                                                
  0 cycles
  0 constraint hits
[3F[J                                                                                
  0 cycles
  0 constraint hits
[3F[J                                                                                
  0 cycles
  0 constraint hits
[3F[J                                                                                
  0 cycles
  0 constraint hits
[3F[J                                                                                
  0 cycles
  0 constraint hits
[3F[J                                                                                
  0 cycles
  0 constraint hits
[3F[J                                                                                
  0 cycles
  0 constraint hits
[3F[J                                                                                
  0 cycles
  0 constraint hits
[3F[J                                                                                
  0 cycles
  0 constraint hits
[3F[J                                                                                
  0 cycles
  0 constraint hits
[3F[J                                                                                
  0 cycles
  0 constraint hits
[3F[J                                                                                
  0 cycles
  0 constraint hits
[3F[J                                                                                
  0 cycles
  0 constraint hits
[3F[J                                                                                
  42 cycles  |  168 cyc/s  |  5952371 ns/cyc
  0 constraint hits
[3F[J                                                                                
  42 cycles  |  168 cyc/s  |  5952371 ns/cyc
  0 constraint hits
[3F[J                                                                                
  42 cycles  |  168 cyc/s  |  5952371 ns/cyc
  0 constraint hits
[3F[J                                                                                
  42 cycles  |  168 cyc/s  |  5952371 ns/cyc
  0 constraint hits
[3F[J                                                                                
  42 cycles  |  168 cyc/s  |  5952371 ns/cyc
  0 constraint hits
[3F[J                                                                                
  42 cycles  |  168 cyc/s  |  5952371 ns/cyc
  0 constraint hits
[3F[J                                                                                
  42 cycles  |  168 cyc/s  |  5952371 ns/cyc
  0 constraint hits
[3F[J                                                                                
  42 cycles  |  168 cyc/s  |  5952371 ns/cyc
  0 constraint hits
[3F[J                                                                                
  42 cycles  |  168 cyc/s  |  5952371 ns/cyc
  0 constraint hits
[3F[J                                                                                
  42 cycles  |  168 cyc/s  |  5952371 ns/cyc
  0 constraint hits
[3F[J                                                                                
  42 cycles  |  168 cyc/s  |  5952371 ns/cyc
  0 constraint hits
[3F[J                                                                                
  42 cycles  |  168 cyc/s  |  5952371 ns/cyc
  0 constraint hits
[3F[J                                                                                
  42 cycles  |  168 cyc/s  |  5952371 ns/cyc
  0 constraint hits
[3F[J                                                                                
  42 cycles  |  168 cyc/s  |  5952371 ns/cyc
  0 constraint hits
[3F[J                                                                                
  42 cycles  |  168 cyc/s  |  5952371 ns/cyc
  0 constraint hits
[3F[J                                                                                
  42 cycles  |  168 cyc/s  |  5952371 ns/cyc
  0 constraint hits
[3F[J                                                                                
  42 cycles  |  168 cyc/s  |  5952371 ns/cyc
  0 constraint hits
[3F[J                                                                                
  42 cycles  |  168 cyc/s  |  5952371 ns/cyc
  0 constraint hits
[3F[J                                                                                
  42 cycles  |  168 cyc/s  |  5952371 ns/cyc
  0 constraint hits
[3F[J                                                                                
  42 cycles  |  168 cyc/s  |  5952371 ns/cyc
  0 constraint hits
[3F[J                                                                                
  42 cycles  |  168 cyc/s  |  5952371 ns/cyc
  0 constraint hits
[3F[J                                                                                
  42 cycles  |  168 cyc/s  |  5952371 ns/cyc
  0 constraint hits
[3F[J                                                                                
  64 cycles  |  125 cyc/s  |  7957680 ns/cyc
  0 constraint hits
[3F[J                                                                                
  64 cycles  |  125 cyc/s  |  7957680 ns/cyc
  0 constraint hits
[3F[J                                                                                
  64 cycles  |  125 cyc/s  |  7957680 ns/cyc
  0 constraint hits
[3F[J                                                                                
  64 cycles  |  125 cyc/s  |  7957680 ns/cyc
  0 constraint hits
[3F[J                                                                                
  64 cycles  |  125 cyc/s  |  7957680 ns/cyc
  0 constraint hits
[3F[J                                                                                
  64 cycles  |  125 cyc/s  |  7957680 ns/cyc
  0 constraint hits
[3F[J                                                                                
  64 cycles  |  125 cyc/s  |  7957680 ns/cyc
  0 constraint hits
[3F[J                                                                                
  64 cycles  |  125 cyc/s  |  7957680 ns/cyc
  0 constraint hits
[3F[J                                                                                
  64 cycles  |  125 cyc/s  |  7957680 ns/cyc
  0 constraint hits
[3F[J                                                                                
  64 cycles  |  125 cyc/s  |  7957680 ns/cyc
  0 constraint hits
[3F[J                                                                                
  64 cycles  |  125 cyc/s  |  7957680 ns/cyc
  0 constraint hits
[3F[J                                                                                
  64 cycles  |  125 cyc/s  |  7957680 ns/cyc
  0 constraint hits
[3F[J                                                                                
  64 cycles  |  125 cyc/s  |  7957680 ns/cyc
  0 constraint hits
[3F[J                                                                                
  64 cycles  |  125 cyc/s  |  7957680 ns/cyc
  0 constraint hits
[3F[J                                                                                
  64 cycles  |  125 cyc/s  |  7957680 ns/cyc
  0 constraint hits
[3F[J                                                                                
  64 cycles  |  125 cyc/s  |  7957680 ns/cyc
  0 constraint hits
[3F[J                                                                                
  64 cycles  |  125 cyc/s  |  7957680 ns/cyc
  0 constraint hits
[3F[J                                                                                
  64 cycles  |  125 cyc/s  |  7957680 ns/cyc
  0 constraint hits
[3F[J                                                                                
  64 cycles  |  125 cyc/s  |  7957680 ns/cyc
  0 constraint hits
[3F[J                                                                                
  64 cycles  |  125 cyc/s  |  7957680 ns/cyc
  0 constraint hits
[3F[J                                                                                
  64 cycles  |  125 cyc/s  |  7957680 ns/cyc
  0 constraint hits
[3F[J                                                                                
  64 cycles  |  125 cyc/s  |  7957680 ns/cyc
  0 constraint hits
[3F[J                                                                                
  86 cycles  |  111 cyc/s  |  8930972 ns/cyc
  0 constraint hits
[3F[J                                                                                
  86 cycles  |  111 cyc/s  |  8930972 ns/cyc
  0 constraint hits
[3F[J                                                                                
  86 cycles  |  111 cyc/s  |  8930972 ns/cyc
  0 constraint hits
[3F[J                                                                                
  86 cycles  |  111 cyc/s  |  8930972 ns/cyc
  0 constraint hits
[3F[J                                                                                
  86 cycles  |  111 cyc/s  |  8930972 ns/cyc
  0 constraint hits
[3F[J                                                                                
  86 cycles  |  111 cyc/s  |  8930972 ns/cyc
  0 constraint hits
[3F[J                                                                                
  86 cycles  |  111 cyc/s  |  8930972 ns/cyc
  0 constraint hits
[3F[J                                                                                
  86 cycles  |  111 cyc/s  |  8930972 ns/cyc
  0 constraint hits
[3F[J                                                                                
  86 cycles  |  111 cyc/s  |  8930972 ns/cyc
  0 constraint hits
[3F[J                                                                                
  86 cycles  |  111 cyc/s  |  8930972 ns/cyc
  0 constraint hits
[3F[J                                                                                
  86 cycles  |  111 cyc/s  |  8930972 ns/cyc
  0 constraint hits
[3F[J                                                                                
  86 cycles  |  111 cyc/s  |  8930972 ns/cyc
  0 constraint hits
[3F[J                                                                                
  86 cycles  |  111 cyc/s  |  8930972 ns/cyc
  0 constraint hits
[3F[J                                                                                
  86 cycles  |  111 cyc/s  |  8930972 ns/cyc
  0 constraint hits
[3F[J                                                                                
  86 cycles  |  111 cyc/s  |  8930972 ns/cyc
  0 constraint hits
[3F[J                                                                                
  86 cycles  |  111 cyc/s  |  8930972 ns/cyc
  0 constraint hits
[3F[J                                                                                
  86 cycles  |  111 cyc/s  |  8930972 ns/cyc
  0 constraint hits
[3F[J                                                                                
  86 cycles  |  111 cyc/s  |  8930972 ns/cyc
  0 constraint hits
[3F[J                                                                                
  86 cycles  |  111 cyc/s  |  8930972 ns/cyc
  0 constraint hits
[3F[J                                                                                
  86 cycles  |  111 cyc/s  |  8930972 ns/cyc
  0 constraint hits
[3F[J                                                                                
  86 cycles  |  111 cyc/s  |  8930972 ns/cyc
  0 constraint hits
[3F[J                                                                                
  86 cycles  |  111 cyc/s  |  8930972 ns/cyc
  0 constraint hits
[3F[J                                                                                
  108 cycles  |  105 cyc/s  |  9480329 ns/cyc
  0 constraint hits
[3F[J                                                                                
  108 cycles  |  105 cyc/s  |  9480329 ns/cyc
  0 constraint hits
[3F[J                                                                                
  108 cycles  |  105 cyc/s  |  9480329 ns/cyc
  0 constraint hits
[3F[J                                                                                
  108 cycles  |  105 cyc/s  |  9480329 ns/cyc
  0 constraint hits
[3F[J                                                                                
  108 cycles  |  105 cyc/s  |  9480329 ns/cyc
  0 constraint hits
[3F[J                                                                                
  108 cycles  |  105 cyc/s  |  9480329 ns/cyc
  0 constraint hits
[3F[J                                                                                
  108 cycles  |  105 cyc/s  |  9480329 ns/cyc
  0 constraint hits
[3F[J                                                                                
  108 cycles  |  105 cyc/s  |  9480329 ns/cyc
  0 constraint hits
[3F[J                                                                                
  108 cycles  |  105 cyc/s  |  9480329 ns/cyc
  0 constraint hits
[3F[J                                                                                
  108 cycles  |  105 cyc/s  |  9480329 ns/cyc
  0 constraint hits
[3F[J                                                                                
  108 cycles  |  105 cyc/s  |  9480329 ns/cyc
  0 constraint hits
[3F[J                                                                                
  108 cycles  |  105 cyc/s  |  9480329 ns/cyc
  0 constraint hits
[3F[J                                                                                
  108 cycles  |  105 cyc/s  |  9480329 ns/cyc
  0 constraint hits
[3F[J                                                                                
  108 cycles  |  105 cyc/s  |  9480329 ns/cyc
  0 constraint hits
[3F[J                                                                                
  108 cycles  |  105 cyc/s  |  9480329 ns/cyc
  0 constraint hits
[3F[J                                                                                
  108 cycles  |  105 cyc/s  |  9480329 ns/cyc
  0 constraint hits
[3F[J                                                                                
  108 cycles  |  105 cyc/s  |  9480329 ns/cyc
  0 constraint hits
[3F[J                                                                                
  108 cycles  |  105 cyc/s  |  9480329 ns/cyc
  0 constraint hits
[3F[J                                                                                
  108 cycles  |  105 cyc/s  |  9480329 ns/cyc
  0 constraint hits
[3F[J                                                                                
  108 cycles  |  105 cyc/s  |  9480329 ns/cyc
  0 constraint hits
[3F[J                                                                                
  108 cycles  |  105 cyc/s  |  9480329 ns/cyc
  0 constraint hits
[3F[J                                                                                
  108 cycles  |  105 cyc/s  |  9480329 ns/cyc
  0 constraint hits
[3F[J                                                                                
  130 cycles  |  101 cyc/s  |  9851524 ns/cyc
  0 constraint hits
[3F[J                                                                                
  130 cycles  |  101 cyc/s  |  9851524 ns/cyc
  0 constraint hits
[3F[J                                                                                
  130 cycles  |  101 cyc/s  |  9851524 ns/cyc
  0 constraint hits
[3F[J                                                                                
  130 cycles  |  101 cyc/s  |  9851524 ns/cyc
  0 constraint hits
[3F[J                                                                                
  130 cycles  |  101 cyc/s  |  9851524 ns/cyc
  0 constraint hits
[3F[J                                                                                
  130 cycles  |  101 cyc/s  |  9851524 ns/cyc
  0 constraint hits
[3F[J                                                                                
  130 cycles  |  101 cyc/s  |  9851524 ns/cyc
  0 constraint hits
[3F[J                                                                                
  130 cycles  |  101 cyc/s  |  9851524 ns/cyc
  0 constraint hits
[3F[J                                                                                
  130 cycles  |  101 cyc/s  |  9851524 ns/cyc
  0 constraint hits
[3F[J                                                                                
  130 cycles  |  101 cyc/s  |  9851524 ns/cyc
  0 constraint hits
[3F[J                                                                                
  130 cycles  |  101 cyc/s  |  9851524 ns/cyc
  0 constraint hits
[3F[J                                                                                
  130 cycles  |  101 cyc/s  |  9851524 ns/cyc
  0 constraint hits
[3F[J                                                                                
  130 cycles  |  101 cyc/s  |  9851524 ns/cyc
  0 constraint hits
[3F[J                                                                                
  130 cycles  |  101 cyc/s  |  9851524 ns/cyc
  0 constraint hits
[3F[J                                                                                
  130 cycles  |  101 cyc/s  |  9851524 ns/cyc
  0 constraint hits
[3F[J                                                                                
  130 cycles  |  101 cyc/s  |  9851524 ns/cyc
  0 constraint hits
[3F[J                                                                                
  130 cycles  |  101 cyc/s  |  9851524 ns/cyc
  0 constraint hits
[3F[J                                                                                
  130 cycles  |  101 cyc/s  |  9851524 ns/cyc
  0 constraint hits
[3F[J                                                                                
  130 cycles  |  101 cyc/s  |  9851524 ns/cyc
  0 constraint hits
[3F[J                                                                                
  130 cycles  |  101 cyc/s  |  9851524 ns/cyc
  0 constraint hits
[3F[J                                                                                
  130 cycles  |  101 cyc/s  |  9851524 ns/cyc
  0 constraint hits
[3F[J                                                                                
  130 cycles  |  101 cyc/s  |  9851524 ns/cyc
  0 constraint hits
[3F[J                                                                                
  152 cycles  |  98 cyc/s  |  10107641 ns/cyc
  0 constraint hits
[3F[J                                                                                
  152 cycles  |  98 cyc/s  |  10107641 ns/cyc
  0 constraint hits
[3F[J                                                                                
  152 cycles  |  98 cyc/s  |  10107641 ns/cyc
  0 constraint hits
[3F[J                                                                                
  152 cycles  |  98 cyc/s  |  10107641 ns/cyc
  0 constraint hits
[3F[J                                                                                
  152 cycles  |  98 cyc/s  |  10107641 ns/cyc
  0 constraint hits
[3F[J                                                                                
  152 cycles  |  98 cyc/s  |  10107641 ns/cyc
  0 constraint hits
[3F[J                                                                                
  152 cycles  |  98 cyc/s  |  10107641 ns/cyc
  0 constraint hits
[3F[J                                                                                
  152 cycles  |  98 cyc/s  |  10107641 ns/cyc
  0 constraint hits
[3F[J                                                                                
  152 cycles  |  98 cyc/s  |  10107641 ns/cyc
  0 constraint hits
[3F[J                                                                                
  152 cycles  |  98 cyc/s  |  10107641 ns/cyc
  0 constraint hits
[3F[J                                                                                
  152 cycles  |  98 cyc/s  |  10107641 ns/cyc
  0 constraint hits
[3F[J                                                                                
  152 cycles  |  98 cyc/s  |  10107641 ns/cyc
  0 constraint hits
[3F[J                                                                                
  152 cycles  |  98 cyc/s  |  10107641 ns/cyc
  0 constraint hits
[3F[J                                                                                
  152 cycles  |  98 cyc/s  |  10107641 ns/cyc
  0 constraint hits
[3F[J                                                                                
  152 cycles  |  98 cyc/s  |  10107641 ns/cyc
  0 constraint hits
[3F[J                                                                                
  152 cycles  |  98 cyc/s  |  10107641 ns/cyc
  0 constraint hits
[3F[J                                                                                
  152 cycles  |  98 cyc/s  |  10107641 ns/cyc
  0 constraint hits
[3F[J                                                                                
  152 cycles  |  98 cyc/s  |  10107641 ns/cyc
  0 constraint hits
[3F[J                                                                                
  152 cycles  |  98 cyc/s  |  10107641 ns/cyc
  0 constraint hits
[3F[J                                                                                
  152 cycles  |  98 cyc/s  |  10107641 ns/cyc
  0 constraint hits
[3F[J                                                                                
  152 cycles  |  98 cyc/s  |  10107641 ns/cyc
  0 constraint hits
[3F[J                                                                                
  152 cycles  |  98 cyc/s  |  10107641 ns/cyc
  0 constraint hits
[3F[J                                                                                
  174 cycles  |  97 cyc/s  |  10307035 ns/cyc
  0 constraint hits
[3F[J                                                                                
  174 cycles  |  97 cyc/s  |  10307035 ns/cyc
  0 constraint hits
[3F[J                                                                                
  174 cycles  |  97 cyc/s  |  10307035 ns/cyc
  0 constraint hits
[3F[J                                                                                
  174 cycles  |  97 cyc/s  |  10307035 ns/cyc
  0 constraint hits
[3F[J                                                                                
  174 cycles  |  97 cyc/s  |  10307035 ns/cyc
  0 constraint hits
[3F[J                                                                                
  174 cycles  |  97 cyc/s  |  10307035 ns/cyc
  0 constraint hits
[3F[J                                                                                
  174 cycles  |  97 cyc/s  |  10307035 ns/cyc
  0 constraint hits
[3F[J                                                                                
  174 cycles  |  97 cyc/s  |  10307035 ns/cyc
  0 constraint hits
[3F[J                                                                                
  174 cycles  |  97 cyc/s  |  10307035 ns/cyc
  0 constraint hits
[3F[J                                                                                
  174 cycles  |  97 cyc/s  |  10307035 ns/cyc
  0 constraint hits
[3F[J                                                                                
  174 cycles  |  97 cyc/s  |  10307035 ns/cyc
  0 constraint hits
[3F[J                                                                                
  174 cycles  |  97 cyc/s  |  10307035 ns/cyc
  0 constraint hits
[3F[J                                                                                
  174 cycles  |  97 cyc/s  |  10307035 ns/cyc
  0 constraint hits
[3F[J                                                                                
  174 cycles  |  97 cyc/s  |  10307035 ns/cyc
  0 constraint hits
[3F[J                                                                                
  174 cycles  |  97 cyc/s  |  10307035 ns/cyc
  0 constraint hits
[3F[J                                                                                
  174 cycles  |  97 cyc/s  |  10307035 ns/cyc
  0 constraint hits
[3F[J                                                                                
  174 cycles  |  97 cyc/s  |  10307035 ns/cyc
  0 constraint hits
[3F[J                                                                                
  174 cycles  |  97 cyc/s  |  10307035 ns/cyc
  0 constraint hits
[3F[J                                                                                
  174 cycles  |  97 cyc/s  |  10307035 ns/cyc
  0 constraint hits
[3F[J                                                                                
  174 cycles  |  97 cyc/s  |  10307035 ns/cyc
  0 constraint hits
[3F[J                                                                                
  174 cycles  |  97 cyc/s  |  10307035 ns/cyc
  0 constraint hits
[3F[J                                                                                
  174 cycles  |  97 cyc/s  |  10307035 ns/cyc
  0 constraint hits
[3F[J                                                                                
  196 cycles  |  95 cyc/s  |  10472252 ns/cyc
  0 constraint hits
[3F[J                                                                                
  196 cycles  |  95 cyc/s  |  10472252 ns/cyc
  0 constraint hits
[3F[J                                                                                
  196 cycles  |  95 cyc/s  |  10472252 ns/cyc
  0 constraint hits
[3F[J                                                                                
  196 cycles  |  95 cyc/s  |  10472252 ns/cyc
  0 constraint hits
[3F[J                                                                                
  196 cycles  |  95 cyc/s  |  10472252 ns/cyc
  0 constraint hits
[3F[J                                                                                
  196 cycles  |  95 cyc/s  |  10472252 ns/cyc
  0 constraint hits
[3F[J                                                                                
  196 cycles  |  95 cyc/s  |  10472252 ns/cyc
  0 constraint hits
[3F[J                                                                                
  196 cycles  |  95 cyc/s  |  10472252 ns/cyc
  0 constraint hits
[3F[J                                                                                
  196 cycles  |  95 cyc/s  |  10472252 ns/cyc
  0 constraint hits
[3F[J                                                                                
  196 cycles  |  95 cyc/s  |  10472252 ns/cyc
  0 constraint hits
[3F[J                                                                                
  196 cycles  |  95 cyc/s  |  10472252 ns/cyc
  0 constraint hits
[3F[J                                                                                
  196 cycles  |  95 cyc/s  |  10472252 ns/cyc
  0 constraint hits
[3F[J                                                                                
  196 cycles  |  95 cyc/s  |  10472252 ns/cyc
  0 constraint hits
[3F[J                                                                                
  196 cycles  |  95 cyc/s  |  10472252 ns/cyc
  0 constraint hits
[3F[J                                                                                
  196 cycles  |  95 cyc/s  |  10472252 ns/cyc
  0 constraint hits
[3F[J                                                                                
  196 cycles  |  95 cyc/s  |  10472252 ns/cyc
  0 constraint hits
[3F[J                                                                                
  196 cycles  |  95 cyc/s  |  10472252 ns/cyc
  0 constraint hits
[3F[J                                                                                
  196 cycles  |  95 cyc/s  |  10472252 ns/cyc
  0 constraint hits
[3F[J                                                                                
  196 cycles  |  95 cyc/s  |  10472252 ns/cyc
  0 constraint hits
[3F[J                                                                                
  196 cycles  |  95 cyc/s  |  10472252 ns/cyc
  0 constraint hits
[3F[J                                                                                
  196 cycles  |  95 cyc/s  |  10472252 ns/cyc
  0 constraint hits
[3F[J                                                                                
  196 cycles  |  95 cyc/s  |  10472252 ns/cyc
  0 constraint hits
[3F[J                                                                                
  218 cycles  |  94 cyc/s  |  10596618 ns/cyc
  0 constraint hits
[3F[J                                                                                
  218 cycles  |  94 cyc/s  |  10596618 ns/cyc
  0 constraint hits
[3F[J                                                                                
  218 cycles  |  94 cyc/s  |  10596618 ns/cyc
  0 constraint hits
[3F[J                                                                                
  218 cycles  |  94 cyc/s  |  10596618 ns/cyc
  0 constraint hits
[3F[J                                                                                
  218 cycles  |  94 cyc/s  |  10596618 ns/cyc
  0 constraint hits
[3F[J                                                                                
  218 cycles  |  94 cyc/s  |  10596618 ns/cyc
  0 constraint hits
[3F[J                                                                                
  218 cycles  |  94 cyc/s  |  10596618 ns/cyc
  0 constraint hits
[3F[J                                                                                
  218 cycles  |  94 cyc/s  |  10596618 ns/cyc
  0 constraint hits
[3F[J                                                                                
  218 cycles  |  94 cyc/s  |  10596618 ns/cyc
  0 constraint hits
[3F[J                                                                                
  218 cycles  |  94 cyc/s  |  10596618 ns/cyc
  0 constraint hits
[3F[J                                                                                
  218 cycles  |  94 cyc/s  |  10596618 ns/cyc
  0 constraint hits
[3F[J                                                                                
  218 cycles  |  94 cyc/s  |  10596618 ns/cyc
  0 constraint hits
[3F[J                                                                                
  218 cycles  |  94 cyc/s  |  10596618 ns/cyc
  0 constraint hits
[3F[J                                                                                
  218 cycles  |  94 cyc/s  |  10596618 ns/cyc
  0 constraint hits
[3F[J                                                                                
  218 cycles  |  94 cyc/s  |  10596618 ns/cyc
  0 constraint hits
[3F[J                                                                                
  218 cycles  |  94 cyc/s  |  10596618 ns/cyc
  0 constraint hits
[3F[J                                                                                
  218 cycles  |  94 cyc/s  |  10596618 ns/cyc
  0 constraint hits
[3F[J                                                                                
  218 cycles  |  94 cyc/s  |  10596618 ns/cyc
  0 constraint hits
[3F[J                                                                                
  218 cycles  |  94 cyc/s  |  10596618 ns/cyc
  0 constraint hits
[3F[J                                                                                
  218 cycles  |  94 cyc/s  |  10596618 ns/cyc
  0 constraint hits
[3F[J                                                                                
  218 cycles  |  94 cyc/s  |  10596618 ns/cyc
  0 constraint hits
[3F[J                                                                                
  218 cycles  |  94 cyc/s  |  10596618 ns/cyc
  0 constraint hits
[3F[J@@TIME_PROC_AVG COUNT:240 AVG_MS:10.708
@@TIME_THROUGHPUT COUNT:240 DURATION_S:2.570046 EVENTS_PER_S:93.384
                                                                                
  240 cycles  |  93 cyc/s  |  10706134 ns/cyc
  0 constraint hits
[3F[J                                                                                
  240 cycles  |  93 cyc/s  |  10706134 ns/cyc
  240 input events parsed in 0.000s  |  10706134 ns/event avg
  0 constraint hits total
  Breakdown:
   [#0]: 0
   [#1]: 0
   [#2]: 0
   [#3@@MONITOR_END:2026-05-14T10:09:28.189983000Z
]: 0
   [#4]: 0
   [#5]: 0
   [#6]: 0
   [#7]: 0
