@@MONITOR_START:2026-05-14T09:52:19.782871000Z
                                                                                
  0 cycles
  0 constraint hits
                                                                                
  0 cycles
  0 constraint hits
                                                                                
  0 cycles
  0 constraint hits
                                                                                
  0 cycles
  0 constraint hits
                                                                                
  0 cycles
  0 constraint hits
                                                                                
  0 cycles
  0 constraint hits
                                                                                
  0 cycles
  0 constraint hits
                                                                                
  0 cycles
  0 constraint hits
                                                                                
  0 cycles
  0 constraint hits
                                                                                
  0 cycles
  0 constraint hits
                                                                                
  0 cycles
  0 constraint hits
                                                                                
  0 cycles
  0 constraint hits
                                                                                
  0 cycles
  0 constraint hits
                                                                                
  0 cycles
  0 constraint hits
                                                                                
  0 cycles
  0 constraint hits
                                                                                
  0 cycles
  0 constraint hits
                                                                                
  0 cycles
  0 constraint hits
                                                                                
  0 cycles
  0 constraint hits
                                                                                
  0 cycles
  0 constraint hits
                                                                                
  0 cycles
  0 constraint hits
                                                                                
  0 cycles
  0 constraint hits
                                                                                
  0 cycles
  0 constraint hits
                                                                                
  0 cycles
  0 constraint hits
                                                                                
  0 cycles
  0 constraint hits
                                                                                
  0 cycles
  0 constraint hits
                                                                                
  0 cycles
  0 constraint hits
                                                                                
  0 cycles
  0 constraint hits
                                                                                
  0 cycles
  0 constraint hits
                                                                                
  0 cycles
  0 constraint hits
                                                                                
  0 cycles
  0 constraint hits
                                                                                
  0 cycles
  0 constraint hits
                                                                                
  0 cycles
  0 constraint hits
                                                                                
  0 cycles
  0 constraint hits
                                                                                
  0 cycles
  0 constraint hits
                                                                                
  0 cycles
  0 constraint hits
                                                                                
  0 cycles
  0 constraint hits
                                                                                
  0 cycles
  0 constraint hits
                                                                                
  0 cycles
  0 constraint hits
                                                                                
  0 cycles
  0 constraint hits
                                                                                
  0 cycles
  0 constraint hits
                                                                                
  0 cycles
  0 constraint hits
                                                                                
  0 cycles
  0 constraint hits
                                                                                
  0 cycles
  0 constraint hits
                                                                                
  0 cycles
  0 constraint hits
                                                                                
  0 cycles
  0 constraint hits
                                                                                
  0 cycles
  0 constraint hits
                                                                                
  0 cycles
  0 constraint hits
                                                                                
  0 cycles
  0 constraint hits
                                                                                
  0 cycles
  0 constraint hits
                                                                                
  50 cycles  |  195 cyc/s  |  5119680 ns/cyc
  0 constraint hits
                                                                                
  50 cycles  |  195 cyc/s  |  5119680 ns/cyc
  0 constraint hits
                                                                                
  50 cycles  |  195 cyc/s  |  5119680 ns/cyc
  0 constraint hits
                                                                                
  50 cycles  |  195 cyc/s  |  5119680 ns/cyc
  0 constraint hits
                                                                                
  50 cycles  |  195 cyc/s  |  5119680 ns/cyc
  0 constraint hits
                                                                                
  50 cycles  |  195 cyc/s  |  5119680 ns/cyc
  0 constraint hits
                                                                                
  50 cycles  |  195 cyc/s  |  5119680 ns/cyc
  0 constraint hits
                                                                                
  50 cycles  |  195 cyc/s  |  5119680 ns/cyc
  0 constraint hits
                                                                                
  50 cycles  |  195 cyc/s  |  5119680 ns/cyc
  0 constraint hits
                                                                                
  50 cycles  |  195 cyc/s  |  5119680 ns/cyc
  0 constraint hits
                                                                                
  50 cycles  |  195 cyc/s  |  5119680 ns/cyc
  0 constraint hits
                                                                                
  50 cycles  |  195 cyc/s  |  5119680 ns/cyc
  0 constraint hits
                                                                                
  50 cycles  |  195 cyc/s  |  5119680 ns/cyc
  0 constraint hits
                                                                                
  50 cycles  |  195 cyc/s  |  5119680 ns/cyc
  0 constraint hits
                                                                                
  50 cycles  |  195 cyc/s  |  5119680 ns/cyc
  0 constraint hits
                                                                                
  50 cycles  |  195 cyc/s  |  5119680 ns/cyc
  0 constraint hits
                                                                                
  50 cycles  |  195 cyc/s  |  5119680 ns/cyc
  0 constraint hits
                                                                                
  50 cycles  |  195 cyc/s  |  5119680 ns/cyc
  0 constraint hits
                                                                                
  50 cycles  |  195 cyc/s  |  5119680 ns/cyc
  0 constraint hits
                                                                                
  50 cycles  |  195 cyc/s  |  5119680 ns/cyc
  0 constraint hits
                                                                                
  50 cycles  |  195 cyc/s  |  5119680 ns/cyc
  0 constraint hits
                                                                                
  50 cycles  |  195 cyc/s  |  5119680 ns/cyc
  0 constraint hits
                                                                                
  50 cycles  |  195 cyc/s  |  5119680 ns/cyc
  0 constraint hits
                                                                                
  50 cycles  |  195 cyc/s  |  5119680 ns/cyc
  0 constraint hits
                                                                                
  50 cycles  |  195 cyc/s  |  5119680 ns/cyc
  0 constraint hits
                                                                                
  50 cycles  |  195 cyc/s  |  5119680 ns/cyc
  0 constraint hits
                                                                                
  50 cycles  |  195 cyc/s  |  5119680 ns/cyc
  0 constraint hits
                                                                                
  50 cycles  |  195 cyc/s  |  5119680 ns/cyc
  0 constraint hits
                                                                                
  50 cycles  |  195 cyc/s  |  5119680 ns/cyc
  0 constraint hits
                                                                                
  79 cycles  |  154 cyc/s  |  6476193 ns/cyc
  0 constraint hits
                                                                                
  79 cycles  |  154 cyc/s  |  6476193 ns/cyc
  0 constraint hits
                                                                                
  79 cycles  |  154 cyc/s  |  6476193 ns/cyc
  0 constraint hits
                                                                                
  79 cycles  |  154 cyc/s  |  6476193 ns/cyc
  0 constraint hits
                                                                                
  79 cycles  |  154 cyc/s  |  6476193 ns/cyc
  0 constraint hits
                                                                                
  79 cycles  |  154 cyc/s  |  6476193 ns/cyc
  0 constraint hits
                                                                                
  79 cycles  |  154 cyc/s  |  6476193 ns/cyc
  0 constraint hits
                                                                                
  79 cycles  |  154 cyc/s  |  6476193 ns/cyc
  0 constraint hits
                                                                                
  79 cycles  |  154 cyc/s  |  6476193 ns/cyc
  0 constraint hits
                                                                                
  79 cycles  |  154 cyc/s  |  6476193 ns/cyc
  0 constraint hits
                                                                                
  79 cycles  |  154 cyc/s  |  6476193 ns/cyc
  0 constraint hits
                                                                                
  79 cycles  |  154 cyc/s  |  6476193 ns/cyc
  0 constraint hits
                                                                                
  79 cycles  |  154 cyc/s  |  6476193 ns/cyc
  0 constraint hits
                                                                                
  79 cycles  |  154 cyc/s  |  6476193 ns/cyc
  0 constraint hits
                                                                                
  79 cycles  |  154 cyc/s  |  6476193 ns/cyc
  0 constraint hits
                                                                                
  79 cycles  |  154 cyc/s  |  6476193 ns/cyc
  0 constraint hits
                                                                                
  79 cycles  |  154 cyc/s  |  6476193 ns/cyc
  0 constraint hits
                                                                                
  79 cycles  |  154 cyc/s  |  6476193 ns/cyc
  0 constraint hits
                                                                                
  79 cycles  |  154 cyc/s  |  6476193 ns/cyc
  0 constraint hits
                                                                                
  79 cycles  |  154 cyc/s  |  6476193 ns/cyc
  0 constraint hits
                                                                                
  79 cycles  |  154 cyc/s  |  6476193 ns/cyc
  0 constraint hits
                                                                                
  79 cycles  |  154 cyc/s  |  6476193 ns/cyc
  0 constraint hits
                                                                                
  79 cycles  |  154 cyc/s  |  6476193 ns/cyc
  0 constraint hits
                                                                                
  79 cycles  |  154 cyc/s  |  6476193 ns/cyc
  0 constraint hits
                                                                                
  79 cycles  |  154 cyc/s  |  6476193 ns/cyc
  0 constraint hits
                                                                                
  79 cycles  |  154 cyc/s  |  6476193 ns/cyc
  0 constraint hits
                                                                                
  79 cycles  |  154 cyc/s  |  6476193 ns/cyc
  0 constraint hits
                                                                                
  79 cycles  |  154 cyc/s  |  6476193 ns/cyc
  0 constraint hits
                                                                                
  79 cycles  |  154 cyc/s  |  6476193 ns/cyc
  0 constraint hits
                                                                                
  108 cycles  |  141 cyc/s  |  7083847 ns/cyc
  0 constraint hits
                                                                                
  108 cycles  |  141 cyc/s  |  7083847 ns/cyc
  0 constraint hits
                                                                                
  108 cycles  |  141 cyc/s  |  7083847 ns/cyc
  0 constraint hits
                                                                                
  108 cycles  |  141 cyc/s  |  7083847 ns/cyc
  0 constraint hits
                                                                                
  108 cycles  |  141 cyc/s  |  7083847 ns/cyc
  0 constraint hits
                                                                                
  108 cycles  |  141 cyc/s  |  7083847 ns/cyc
  0 constraint hits
                                                                                
  108 cycles  |  141 cyc/s  |  7083847 ns/cyc
  0 constraint hits
                                                                                
  108 cycles  |  141 cyc/s  |  7083847 ns/cyc
  0 constraint hits
                                                                                
  108 cycles  |  141 cyc/s  |  7083847 ns/cyc
  0 constraint hits
                                                                                
  108 cycles  |  141 cyc/s  |  7083847 ns/cyc
  0 constraint hits
                                                                                
  108 cycles  |  141 cyc/s  |  7083847 ns/cyc
  0 constraint hits
                                                                                
  108 cycles  |  141 cyc/s  |  7083847 ns/cyc
  0 constraint hits
                                                                                
  108 cycles  |  141 cyc/s  |  7083847 ns/cyc
  0 constraint hits
                                                                                
  108 cycles  |  141 cyc/s  |  7083847 ns/cyc
  0 constraint hits
                                                                                
  108 cycles  |  141 cyc/s  |  7083847 ns/cyc
  0 constraint hits
                                                                                
  108 cycles  |  141 cyc/s  |  7083847 ns/cyc
  0 constraint hits
                                                                                
  108 cycles  |  141 cyc/s  |  7083847 ns/cyc
  0 constraint hits
                                                                                
  108 cycles  |  141 cyc/s  |  7083847 ns/cyc
  0 constraint hits
                                                                                
  108 cycles  |  141 cyc/s  |  7083847 ns/cyc
  0 constraint hits
                                                                                
  108 cycles  |  141 cyc/s  |  7083847 ns/cyc
  0 constraint hits
                                                                                
  108 cycles  |  141 cyc/s  |  7083847 ns/cyc
  0 constraint hits
                                                                                
  108 cycles  |  141 cyc/s  |  7083847 ns/cyc
  0 constraint hits
                                                                                
  108 cycles  |  141 cyc/s  |  7083847 ns/cyc
  0 constraint hits
                                                                                
  108 cycles  |  141 cyc/s  |  7083847 ns/cyc
  0 constraint hits
                                                                                
  108 cycles  |  141 cyc/s  |  7083847 ns/cyc
  0 constraint hits
                                                                                
  108 cycles  |  141 cyc/s  |  7083847 ns/cyc
  0 constraint hits
                                                                                
  108 cycles  |  141 cyc/s  |  7083847 ns/cyc
  0 constraint hits
                                                                                
  108 cycles  |  141 cyc/s  |  7083847 ns/cyc
  0 constraint hits
                                                                                
  108 cycles  |  141 cyc/s  |  7083847 ns/cyc
  0 constraint hits
                                                                                
  137 cycles  |  134 cyc/s  |  7451970 ns/cyc
  0 constraint hits
                                                                                
  137 cycles  |  134 cyc/s  |  7451970 ns/cyc
  0 constraint hits
                                                                                
  137 cycles  |  134 cyc/s  |  7451970 ns/cyc
  0 constraint hits
                                                                                
  137 cycles  |  134 cyc/s  |  7451970 ns/cyc
  0 constraint hits
                                                                                
  137 cycles  |  134 cyc/s  |  7451970 ns/cyc
  0 constraint hits
                                                                                
  137 cycles  |  134 cyc/s  |  7451970 ns/cyc
  0 constraint hits
                                                                                
  137 cycles  |  134 cyc/s  |  7451970 ns/cyc
  0 constraint hits
                                                                                
  137 cycles  |  134 cyc/s  |  7451970 ns/cyc
  0 constraint hits
                                                                                
  137 cycles  |  134 cyc/s  |  7451970 ns/cyc
  0 constraint hits
                                                                                
  137 cycles  |  134 cyc/s  |  7451970 ns/cyc
  0 constraint hits
                                                                                
  137 cycles  |  134 cyc/s  |  7451970 ns/cyc
  0 constraint hits
                                                                                
  137 cycles  |  134 cyc/s  |  7451970 ns/cyc
  0 constraint hits
                                                                                
  137 cycles  |  134 cyc/s  |  7451970 ns/cyc
  0 constraint hits
                                                                                
  137 cycles  |  134 cyc/s  |  7451970 ns/cyc
  0 constraint hits
                                                                                
  137 cycles  |  134 cyc/s  |  7451970 ns/cyc
  0 constraint hits
                                                                                
  137 cycles  |  134 cyc/s  |  7451970 ns/cyc
  0 constraint hits
                                                                                
  137 cycles  |  134 cyc/s  |  7451970 ns/cyc
  0 constraint hits
                                                                                
  137 cycles  |  134 cyc/s  |  7451970 ns/cyc
  0 constraint hits
                                                                                
  137 cycles  |  134 cyc/s  |  7451970 ns/cyc
  0 constraint hits
                                                                                
  137 cycles  |  134 cyc/s  |  7451970 ns/cyc
  0 constraint hits
                                                                                
  137 cycles  |  134 cyc/s  |  7451970 ns/cyc
  0 constraint hits
                                                                                
  137 cycles  |  134 cyc/s  |  7451970 ns/cyc
  0 constraint hits
                                                                                
  137 cycles  |  134 cyc/s  |  7451970 ns/cyc
  0 constraint hits
                                                                                
  137 cycles  |  134 cyc/s  |  7451970 ns/cyc
  0 constraint hits
                                                                                
  137 cycles  |  134 cyc/s  |  7451970 ns/cyc
  0 constraint hits
                                                                                
  137 cycles  |  134 cyc/s  |  7451970 ns/cyc
  0 constraint hits
                                                                                
  137 cycles  |  134 cyc/s  |  7451970 ns/cyc
  0 constraint hits
                                                                                
  137 cycles  |  134 cyc/s  |  7451970 ns/cyc
  0 constraint hits
                                                                                
  137 cycles  |  134 cyc/s  |  7451970 ns/cyc
  0 constraint hits
                                                                                
  166 cycles  |  130 cyc/s  |  7686668 ns/cyc
  0 constraint hits
                                                                                
  166 cycles  |  130 cyc/s  |  7686668 ns/cyc
  0 constraint hits
                                                                                
  166 cycles  |  130 cyc/s  |  7686668 ns/cyc
  0 constraint hits
                                                                                
  166 cycles  |  130 cyc/s  |  7686668 ns/cyc
  0 constraint hits
                                                                                
  166 cycles  |  130 cyc/s  |  7686668 ns/cyc
  0 constraint hits
                                                                                
  166 cycles  |  130 cyc/s  |  7686668 ns/cyc
  0 constraint hits
                                                                                
  166 cycles  |  130 cyc/s  |  7686668 ns/cyc
  0 constraint hits
                                                                                
  166 cycles  |  130 cyc/s  |  7686668 ns/cyc
  0 constraint hits
                                                                                
  166 cycles  |  130 cyc/s  |  7686668 ns/cyc
  0 constraint hits
                                                                                
  166 cycles  |  130 cyc/s  |  7686668 ns/cyc
  0 constraint hits
                                                                                
  166 cycles  |  130 cyc/s  |  7686668 ns/cyc
  0 constraint hits
                                                                                
  166 cycles  |  130 cyc/s  |  7686668 ns/cyc
  0 constraint hits
                                                                                
  166 cycles  |  130 cyc/s  |  7686668 ns/cyc
  0 constraint hits
                                                                                
  166 cycles  |  130 cyc/s  |  7686668 ns/cyc
  0 constraint hits
                                                                                
  166 cycles  |  130 cyc/s  |  7686668 ns/cyc
  0 constraint hits
                                                                                
  166 cycles  |  130 cyc/s  |  7686668 ns/cyc
  0 constraint hits
                                                                                
  166 cycles  |  130 cyc/s  |  7686668 ns/cyc
  0 constraint hits
                                                                                
  166 cycles  |  130 cyc/s  |  7686668 ns/cyc
  0 constraint hits
                                                                                
  166 cycles  |  130 cyc/s  |  7686668 ns/cyc
  0 constraint hits
                                                                                
  166 cycles  |  130 cyc/s  |  7686668 ns/cyc
  0 constraint hits
                                                                                
  166 cycles  |  130 cyc/s  |  7686668 ns/cyc
  0 constraint hits
                                                                                
  166 cycles  |  130 cyc/s  |  7686668 ns/cyc
  0 constraint hits
                                                                                
  166 cycles  |  130 cyc/s  |  7686668 ns/cyc
  0 constraint hits
                                                                                
  166 cycles  |  130 cyc/s  |  7686668 ns/cyc
  0 constraint hits
                                                                                
  166 cycles  |  130 cyc/s  |  7686668 ns/cyc
  0 constraint hits
                                                                                
  166 cycles  |  130 cyc/s  |  7686668 ns/cyc
  0 constraint hits
                                                                                
  166 cycles  |  130 cyc/s  |  7686668 ns/cyc
  0 constraint hits
                                                                                
  166 cycles  |  130 cyc/s  |  7686668 ns/cyc
  0 constraint hits
                                                                                
  166 cycles  |  130 cyc/s  |  7686668 ns/cyc
  0 constraint hits
                                                                                
  195 cycles  |  127 cyc/s  |  7846148 ns/cyc
  0 constraint hits
                                                                                
  195 cycles  |  127 cyc/s  |  7846148 ns/cyc
  0 constraint hits
                                                                                
  195 cycles  |  127 cyc/s  |  7846148 ns/cyc
  0 constraint hits
                                                                                
  195 cycles  |  127 cyc/s  |  7846148 ns/cyc
  0 constraint hits
                                                                                
  195 cycles  |  127 cyc/s  |  7846148 ns/cyc
  0 constraint hits
                                                                                
  195 cycles  |  127 cyc/s  |  7846148 ns/cyc
  0 constraint hits
                                                                                
  195 cycles  |  127 cyc/s  |  7846148 ns/cyc
  0 constraint hits
                                                                                
  195 cycles  |  127 cyc/s  |  7846148 ns/cyc
  0 constraint hits
                                                                                
  195 cycles  |  127 cyc/s  |  7846148 ns/cyc
  0 constraint hits
                                                                                
  195 cycles  |  127 cyc/s  |  7846148 ns/cyc
  0 constraint hits
                                                                                
  195 cycles  |  127 cyc/s  |  7846148 ns/cyc
  0 constraint hits
                                                                                
  195 cycles  |  127 cyc/s  |  7846148 ns/cyc
  0 constraint hits
                                                                                
  195 cycles  |  127 cyc/s  |  7846148 ns/cyc
  0 constraint hits
                                                                                
  195 cycles  |  127 cyc/s  |  7846148 ns/cyc
  0 constraint hits
                                                                                
  195 cycles  |  127 cyc/s  |  7846148 ns/cyc
  0 constraint hits
                                                                                
  195 cycles  |  127 cyc/s  |  7846148 ns/cyc
  0 constraint hits
                                                                                
  195 cycles  |  127 cyc/s  |  7846148 ns/cyc
  0 constraint hits
                                                                                
  195 cycles  |  127 cyc/s  |  7846148 ns/cyc
  0 constraint hits
                                                                                
  195 cycles  |  127 cyc/s  |  7846148 ns/cyc
  0 constraint hits
                                                                                
  195 cycles  |  127 cyc/s  |  7846148 ns/cyc
  0 constraint hits
                                                                                
  195 cycles  |  127 cyc/s  |  7846148 ns/cyc
  0 constraint hits
                                                                                
  195 cycles  |  127 cyc/s  |  7846148 ns/cyc
  0 constraint hits
                                                                                
  195 cycles  |  127 cyc/s  |  7846148 ns/cyc
  0 constraint hits
                                                                                
  195 cycles  |  127 cyc/s  |  7846148 ns/cyc
  0 constraint hits
                                                                                
  195 cycles  |  127 cyc/s  |  7846148 ns/cyc
  0 constraint hits
                                                                                
  195 cycles  |  127 cyc/s  |  7846148 ns/cyc
  0 constraint hits
                                                                                
  195 cycles  |  127 cyc/s  |  7846148 ns/cyc
  0 constraint hits
                                                                                
  195 cycles  |  127 cyc/s  |  7846148 ns/cyc
  0 constraint hits
                                                                                
  195 cycles  |  127 cyc/s  |  7846148 ns/cyc
  0 constraint hits
                                                                                
  224 cycles  |  125 cyc/s  |  7961842 ns/cyc
  0 constraint hits
                                                                                
  224 cycles  |  125 cyc/s  |  7961842 ns/cyc
  0 constraint hits
                                                                                
  224 cycles  |  125 cyc/s  |  7961842 ns/cyc
  0 constraint hits
                                                                                
  224 cycles  |  125 cyc/s  |  7961842 ns/cyc
  0 constraint hits
                                                                                
  224 cycles  |  125 cyc/s  |  7961842 ns/cyc
  0 constraint hits
                                                                                
  224 cycles  |  125 cyc/s  |  7961842 ns/cyc
  0 constraint hits
                                                                                
  224 cycles  |  125 cyc/s  |  7961842 ns/cyc
  0 constraint hits
                                                                                
  224 cycles  |  125 cyc/s  |  7961842 ns/cyc
  0 constraint hits
                                                                                
  224 cycles  |  125 cyc/s  |  7961842 ns/cyc
  0 constraint hits
                                                                                
  224 cycles  |  125 cyc/s  |  7961842 ns/cyc
  0 constraint hits
                                                                                
  224 cycles  |  125 cyc/s  |  7961842 ns/cyc
  0 constraint hits
                                                                                
  224 cycles  |  125 cyc/s  |  7961842 ns/cyc
  0 constraint hits
                                                                                
  224 cycles  |  125 cyc/s  |  7961842 ns/cyc
  0 constraint hits
                                                                                
  224 cycles  |  125 cyc/s  |  7961842 ns/cyc
  0 constraint hits
                                                                                
  224 cycles  |  125 cyc/s  |  7961842 ns/cyc
  0 constraint hits
                                                                                
  224 cycles  |  125 cyc/s  |  7961842 ns/cyc
  0 constraint hits
                                                                                
  224 cycles  |  125 cyc/s  |  7961842 ns/cyc
  0 constraint hits
                                                                                
  224 cycles  |  125 cyc/s  |  7961842 ns/cyc
  0 constraint hits
                                                                                
  224 cycles  |  125 cyc/s  |  7961842 ns/cyc
  0 constraint hits
                                                                                
  224 cycles  |  125 cyc/s  |  7961842 ns/cyc
  0 constraint hits
                                                                                
  224 cycles  |  125 cyc/s  |  7961842 ns/cyc
  0 constraint hits
                                                                                
  224 cycles  |  125 cyc/s  |  7961842 ns/cyc
  0 constraint hits
                                                                                
  224 cycles  |  125 cyc/s  |  7961842 ns/cyc
  0 constraint hits
                                                                                
  224 cycles  |  125 cyc/s  |  7961842 ns/cyc
  0 constraint hits
                                                                                
  224 cycles  |  125 cyc/s  |  7961842 ns/cyc
  0 constraint hits
                                                                                
  224 cycles  |  125 cyc/s  |  7961842 ns/cyc
  0 constraint hits
                                                                                
  224 cycles  |  125 cyc/s  |  7961842 ns/cyc
  0 constraint hits
                                                                                
  224 cycles  |  125 cyc/s  |  7961842 ns/cyc
  0 constraint hits
                                                                                
  224 cycles  |  125 cyc/s  |  7961842 ns/cyc
  0 constraint hits
                                                                                
  253 cycles  |  124 cyc/s  |  8056635 ns/cyc
  0 constraint hits
                                                                                
  253 cycles  |  124 cyc/s  |  8056635 ns/cyc
  0 constraint hits
                                                                                
  253 cycles  |  124 cyc/s  |  8056635 ns/cyc
  0 constraint hits
                                                                                
  253 cycles  |  124 cyc/s  |  8056635 ns/cyc
  0 constraint hits
                                                                                
  253 cycles  |  124 cyc/s  |  8056635 ns/cyc
  0 constraint hits
                                                                                
  253 cycles  |  124 cyc/s  |  8056635 ns/cyc
  0 constraint hits
                                                                                
  253 cycles  |  124 cyc/s  |  8056635 ns/cyc
  0 constraint hits
                                                                                
  253 cycles  |  124 cyc/s  |  8056635 ns/cyc
  0 constraint hits
                                                                                
  253 cycles  |  124 cyc/s  |  8056635 ns/cyc
  0 constraint hits
                                                                                
  253 cycles  |  124 cyc/s  |  8056635 ns/cyc
  0 constraint hits
                                                                                
  253 cycles  |  124 cyc/s  |  8056635 ns/cyc
  0 constraint hits
                                                                                
  253 cycles  |  124 cyc/s  |  8056635 ns/cyc
  0 constraint hits
                                                                                
  253 cycles  |  124 cyc/s  |  8056635 ns/cyc
  0 constraint hits
                                                                                
  253 cycles  |  124 cyc/s  |  8056635 ns/cyc
  0 constraint hits
                                                                                
  253 cycles  |  124 cyc/s  |  8056635 ns/cyc
  0 constraint hits
                                                                                
  253 cycles  |  124 cyc/s  |  8056635 ns/cyc
  0 constraint hits
                                                                                
  253 cycles  |  124 cyc/s  |  8056635 ns/cyc
  0 constraint hits
                                                                                
  253 cycles  |  124 cyc/s  |  8056635 ns/cyc
  0 constraint hits
                                                                                
  253 cycles  |  124 cyc/s  |  8056635 ns/cyc
  0 constraint hits
                                                                                
  253 cycles  |  124 cyc/s  |  8056635 ns/cyc
  0 constraint hits
                                                                                
  253 cycles  |  124 cyc/s  |  8056635 ns/cyc
  0 constraint hits
                                                                                
  253 cycles  |  124 cyc/s  |  8056635 ns/cyc
  0 constraint hits
                                                                                
  253 cycles  |  124 cyc/s  |  8056635 ns/cyc
  0 constraint hits
                                                                                
  253 cycles  |  124 cyc/s  |  8056635 ns/cyc
  0 constraint hits
                                                                                
  253 cycles  |  124 cyc/s  |  8056635 ns/cyc
  0 constraint hits
                                                                                
  253 cycles  |  124 cyc/s  |  8056635 ns/cyc
  0 constraint hits
                                                                                
  253 cycles  |  124 cyc/s  |  8056635 ns/cyc
  0 constraint hits
                                                                                
  253 cycles  |  124 cyc/s  |  8056635 ns/cyc
  0 constraint hits
                                                                                
  253 cycles  |  124 cyc/s  |  8056635 ns/cyc
  0 constraint hits
                                                                                
  282 cycles  |  122 cyc/s  |  8139378 ns/cyc
  0 constraint hits
                                                                                
  282 cycles  |  122 cyc/s  |  8139378 ns/cyc
  0 constraint hits
                                                                                
  282 cycles  |  122 cyc/s  |  8139378 ns/cyc
  0 constraint hits
                                                                                
  282 cycles  |  122 cyc/s  |  8139378 ns/cyc
  0 constraint hits
                                                                                
  282 cycles  |  122 cyc/s  |  8139378 ns/cyc
  0 constraint hits
                                                                                
  282 cycles  |  122 cyc/s  |  8139378 ns/cyc
  0 constraint hits
                                                                                
  282 cycles  |  122 cyc/s  |  8139378 ns/cyc
  0 constraint hits
                                                                                
  282 cycles  |  122 cyc/s  |  8139378 ns/cyc
  0 constraint hits
                                                                                
  282 cycles  |  122 cyc/s  |  8139378 ns/cyc
  0 constraint hits
                                                                                
  282 cycles  |  122 cyc/s  |  8139378 ns/cyc
  0 constraint hits
                                                                                
  282 cycles  |  122 cyc/s  |  8139378 ns/cyc
  0 constraint hits
                                                                                
  282 cycles  |  122 cyc/s  |  8139378 ns/cyc
  0 constraint hits
                                                                                
  282 cycles  |  122 cyc/s  |  8139378 ns/cyc
  0 constraint hits
                                                                                
  282 cycles  |  122 cyc/s  |  8139378 ns/cyc
  0 constraint hits
                                                                                
  282 cycles  |  122 cyc/s  |  8139378 ns/cyc
  0 constraint hits
                                                                                
  282 cycles  |  122 cyc/s  |  8139378 ns/cyc
  0 constraint hits
                                                                                
  282 cycles  |  122 cyc/s  |  8139378 ns/cyc
  0 constraint hits
                                                                                
  282 cycles  |  122 cyc/s  |  8139378 ns/cyc
  0 constraint hits
                                                                                
  282 cycles  |  122 cyc/s  |  8139378 ns/cyc
  0 constraint hits
                                                                                
  282 cycles  |  122 cyc/s  |  8139378 ns/cyc
  0 constraint hits
                                                                                
  282 cycles  |  122 cyc/s  |  8139378 ns/cyc
  0 constraint hits
                                                                                
  282 cycles  |  122 cyc/s  |  8139378 ns/cyc
  0 constraint hits
                                                                                
  282 cycles  |  122 cyc/s  |  8139378 ns/cyc
  0 constraint hits
                                                                                
  282 cycles  |  122 cyc/s  |  8139378 ns/cyc
  0 constraint hits
                                                                                
  282 cycles  |  122 cyc/s  |  8139378 ns/cyc
  0 constraint hits
                                                                                
  282 cycles  |  122 cyc/s  |  8139378 ns/cyc
  0 constraint hits
                                                                                
  282 cycles  |  122 cyc/s  |  8139378 ns/cyc
  0 constraint hits
                                                                                
  282 cycles  |  122 cyc/s  |  8139378 ns/cyc
  0 constraint hits
                                                                                
  282 cycles  |  122 cyc/s  |  8139378 ns/cyc
  0 constraint hits
                                                                                
  311 cycles  |  121 cyc/s  |  8203212 ns/cyc
  0 constraint hits
                                                                                
  311 cycles  |  121 cyc/s  |  8203212 ns/cyc
  0 constraint hits
                                                                                
  311 cycles  |  121 cyc/s  |  8203212 ns/cyc
  0 constraint hits
                                                                                
  311 cycles  |  121 cyc/s  |  8203212 ns/cyc
  0 constraint hits
                                                                                
  311 cycles  |  121 cyc/s  |  8203212 ns/cyc
  0 constraint hits
                                                                                
  311 cycles  |  121 cyc/s  |  8203212 ns/cyc
  0 constraint hits
                                                                                
  311 cycles  |  121 cyc/s  |  8203212 ns/cyc
  0 constraint hits
                                                                                
  311 cycles  |  121 cyc/s  |  8203212 ns/cyc
  0 constraint hits
                                                                                
  311 cycles  |  121 cyc/s  |  8203212 ns/cyc
  0 constraint hits
                                                                                
  311 cycles  |  121 cyc/s  |  8203212 ns/cyc
  0 constraint hits
                                                                                
  311 cycles  |  121 cyc/s  |  8203212 ns/cyc
  0 constraint hits
                                                                                
  311 cycles  |  121 cyc/s  |  8203212 ns/cyc
  0 constraint hits
                                                                                
  311 cycles  |  121 cyc/s  |  8203212 ns/cyc
  0 constraint hits
                                                                                
  311 cycles  |  121 cyc/s  |  8203212 ns/cyc
  0 constraint hits
                                                                                
  311 cycles  |  121 cyc/s  |  8203212 ns/cyc
  0 constraint hits
                                                                                
  311 cycles  |  121 cyc/s  |  8203212 ns/cyc
  0 constraint hits
                                                                                
  311 cycles  |  121 cyc/s  |  8203212 ns/cyc
  0 constraint hits
                                                                                
  311 cycles  |  121 cyc/s  |  8203212 ns/cyc
  0 constraint hits
                                                                                
  311 cycles  |  121 cyc/s  |  8203212 ns/cyc
  0 constraint hits
                                                                                
  311 cycles  |  121 cyc/s  |  8203212 ns/cyc
  0 constraint hits
                                                                                
  311 cycles  |  121 cyc/s  |  8203212 ns/cyc
  0 constraint hits
                                                                                
  311 cycles  |  121 cyc/s  |  8203212 ns/cyc
  0 constraint hits
                                                                                
  311 cycles  |  121 cyc/s  |  8203212 ns/cyc
  0 constraint hits
                                                                                
  311 cycles  |  121 cyc/s  |  8203212 ns/cyc
  0 constraint hits
                                                                                
  311 cycles  |  121 cyc/s  |  8203212 ns/cyc
  0 constraint hits
                                                                                
  311 cycles  |  121 cyc/s  |  8203212 ns/cyc
  0 constraint hits
                                                                                
  311 cycles  |  121 cyc/s  |  8203212 ns/cyc
  0 constraint hits
                                                                                
  311 cycles  |  121 cyc/s  |  8203212 ns/cyc
  0 constraint hits
                                                                                
  311 cycles  |  121 cyc/s  |  8203212 ns/cyc
  0 constraint hits
                                                                                
  340 cycles  |  121 cyc/s  |  8257431 ns/cyc
  0 constraint hits
                                                                                
  340 cycles  |  121 cyc/s  |  8257431 ns/cyc
  0 constraint hits
                                                                                
  340 cycles  |  121 cyc/s  |  8257431 ns/cyc
  0 constraint hits
                                                                                
  340 cycles  |  121 cyc/s  |  8257431 ns/cyc
  0 constraint hits
                                                                                
  340 cycles  |  121 cyc/s  |  8257431 ns/cyc
  0 constraint hits
                                                                                
  340 cycles  |  121 cyc/s  |  8257431 ns/cyc
  0 constraint hits
                                                                                
  340 cycles  |  121 cyc/s  |  8257431 ns/cyc
  0 constraint hits
                                                                                
  340 cycles  |  121 cyc/s  |  8257431 ns/cyc
  0 constraint hits
                                                                                
  340 cycles  |  121 cyc/s  |  8257431 ns/cyc
  0 constraint hits
                                                                                
  340 cycles  |  121 cyc/s  |  8257431 ns/cyc
  0 constraint hits
                                                                                
  340 cycles  |  121 cyc/s  |  8257431 ns/cyc
  0 constraint hits
                                                                                
  340 cycles  |  121 cyc/s  |  8257431 ns/cyc
  0 constraint hits
                                                                                
  340 cycles  |  121 cyc/s  |  8257431 ns/cyc
  0 constraint hits
                                                                                
  340 cycles  |  121 cyc/s  |  8257431 ns/cyc
  0 constraint hits
                                                                                
  340 cycles  |  121 cyc/s  |  8257431 ns/cyc
  0 constraint hits
                                                                                
  340 cycles  |  121 cyc/s  |  8257431 ns/cyc
  0 constraint hits
                                                                                
  340 cycles  |  121 cyc/s  |  8257431 ns/cyc
  0 constraint hits
                                                                                
  340 cycles  |  121 cyc/s  |  8257431 ns/cyc
  0 constraint hits
                                                                                
  340 cycles  |  121 cyc/s  |  8257431 ns/cyc
  0 constraint hits
                                                                                
  340 cycles  |  121 cyc/s  |  8257431 ns/cyc
  0 constraint hits
                                                                                
  340 cycles  |  121 cyc/s  |  8257431 ns/cyc
  0 constraint hits
                                                                                
  340 cycles  |  121 cyc/s  |  8257431 ns/cyc
  0 constraint hits
                                                                                
  340 cycles  |  121 cyc/s  |  8257431 ns/cyc
  0 constraint hits
                                                                                
  340 cycles  |  121 cyc/s  |  8257431 ns/cyc
  0 constraint hits
                                                                                
  340 cycles  |  121 cyc/s  |  8257431 ns/cyc
  0 constraint hits
                                                                                
  340 cycles  |  121 cyc/s  |  8257431 ns/cyc
  0 constraint hits
                                                                                
  340 cycles  |  121 cyc/s  |  8257431 ns/cyc
  0 constraint hits
                                                                                
  340 cycles  |  121 cyc/s  |  8257431 ns/cyc
  0 constraint hits
                                                                                
  340 cycles  |  121 cyc/s  |  8257431 ns/cyc
  0 constraint hits
                                                                                
  369 cycles  |  120 cyc/s  |  8299159 ns/cyc
  0 constraint hits
                                                                                
  369 cycles  |  120 cyc/s  |  8299159 ns/cyc
  0 constraint hits
                                                                                
  369 cycles  |  120 cyc/s  |  8299159 ns/cyc
  0 constraint hits
                                                                                
  369 cycles  |  120 cyc/s  |  8299159 ns/cyc
  0 constraint hits
                                                                                
  369 cycles  |  120 cyc/s  |  8299159 ns/cyc
  0 constraint hits
                                                                                
  369 cycles  |  120 cyc/s  |  8299159 ns/cyc
  0 constraint hits
                                                                                
  369 cycles  |  120 cyc/s  |  8299159 ns/cyc
  0 constraint hits
                                                                                
  369 cycles  |  120 cyc/s  |  8299159 ns/cyc
  0 constraint hits
                                                                                
  369 cycles  |  120 cyc/s  |  8299159 ns/cyc
  0 constraint hits
                                                                                
  369 cycles  |  120 cyc/s  |  8299159 ns/cyc
  0 constraint hits
                                                                                
  369 cycles  |  120 cyc/s  |  8299159 ns/cyc
  0 constraint hits
                                                                                
  369 cycles  |  120 cyc/s  |  8299159 ns/cyc
  0 constraint hits
                                                                                
  369 cycles  |  120 cyc/s  |  8299159 ns/cyc
  0 constraint hits
                                                                                
  369 cycles  |  120 cyc/s  |  8299159 ns/cyc
  0 constraint hits
                                                                                
  369 cycles  |  120 cyc/s  |  8299159 ns/cyc
  0 constraint hits
                                                                                
  369 cycles  |  120 cyc/s  |  8299159 ns/cyc
  0 constraint hits
                                                                                
  369 cycles  |  120 cyc/s  |  8299159 ns/cyc
  0 constraint hits
                                                                                
  369 cycles  |  120 cyc/s  |  8299159 ns/cyc
  0 constraint hits
                                                                                
  369 cycles  |  120 cyc/s  |  8299159 ns/cyc
  0 constraint hits
                                                                                
  369 cycles  |  120 cyc/s  |  8299159 ns/cyc
  0 constraint hits
                                                                                
  369 cycles  |  120 cyc/s  |  8299159 ns/cyc
  0 constraint hits
                                                                                
  369 cycles  |  120 cyc/s  |  8299159 ns/cyc
  0 constraint hits
                                                                                
  369 cycles  |  120 cyc/s  |  8299159 ns/cyc
  0 constraint hits
                                                                                
  369 cycles  |  120 cyc/s  |  8299159 ns/cyc
  0 constraint hits
                                                                                
  369 cycles  |  120 cyc/s  |  8299159 ns/cyc
  0 constraint hits
                                                                                
  369 cycles  |  120 cyc/s  |  8299159 ns/cyc
  0 constraint hits
                                                                                
  369 cycles  |  120 cyc/s  |  8299159 ns/cyc
  0 constraint hits
                                                                                
  369 cycles  |  120 cyc/s  |  8299159 ns/cyc
  0 constraint hits
                                                                                
  369 cycles  |  120 cyc/s  |  8299159 ns/cyc
  0 constraint hits
                                                                                
  398 cycles  |  120 cyc/s  |  8331280 ns/cyc
  0 constraint hits
                                                                                
  398 cycles  |  120 cyc/s  |  8331280 ns/cyc
  0 constraint hits
                                                                                
  398 cycles  |  120 cyc/s  |  8331280 ns/cyc
  0 constraint hits
                                                                                
  398 cycles  |  120 cyc/s  |  8331280 ns/cyc
  0 constraint hits
                                                                                
  398 cycles  |  120 cyc/s  |  8331280 ns/cyc
  0 constraint hits
                                                                                
  398 cycles  |  120 cyc/s  |  8331280 ns/cyc
  0 constraint hits
                                                                                
  398 cycles  |  120 cyc/s  |  8331280 ns/cyc
  0 constraint hits
                                                                                
  398 cycles  |  120 cyc/s  |  8331280 ns/cyc
  0 constraint hits
                                                                                
  398 cycles  |  120 cyc/s  |  8331280 ns/cyc
  0 constraint hits
                                                                                
  398 cycles  |  120 cyc/s  |  8331280 ns/cyc
  0 constraint hits
                                                                                
  398 cycles  |  120 cyc/s  |  8331280 ns/cyc
  0 constraint hits
                                                                                
  398 cycles  |  120 cyc/s  |  8331280 ns/cyc
  0 constraint hits
                                                                                
  398 cycles  |  120 cyc/s  |  8331280 ns/cyc
  0 constraint hits
                                                                                
  398 cycles  |  120 cyc/s  |  8331280 ns/cyc
  0 constraint hits
                                                                                
  398 cycles  |  120 cyc/s  |  8331280 ns/cyc
  0 constraint hits
                                                                                
  398 cycles  |  120 cyc/s  |  8331280 ns/cyc
  0 constraint hits
                                                                                
  398 cycles  |  120 cyc/s  |  8331280 ns/cyc
  0 constraint hits
                                                                                
  398 cycles  |  120 cyc/s  |  8331280 ns/cyc
  0 constraint hits
                                                                                
  398 cycles  |  120 cyc/s  |  8331280 ns/cyc
  0 constraint hits
                                                                                
  398 cycles  |  120 cyc/s  |  8331280 ns/cyc
  0 constraint hits
                                                                                
  398 cycles  |  120 cyc/s  |  8331280 ns/cyc
  0 constraint hits
                                                                                
  398 cycles  |  120 cyc/s  |  8331280 ns/cyc
  0 constraint hits
                                                                                
  398 cycles  |  120 cyc/s  |  8331280 ns/cyc
  0 constraint hits
                                                                                
  398 cycles  |  120 cyc/s  |  8331280 ns/cyc
  0 constraint hits
                                                                                
  398 cycles  |  120 cyc/s  |  8331280 ns/cyc
  0 constraint hits
                                                                                
  398 cycles  |  120 cyc/s  |  8331280 ns/cyc
  0 constraint hits
                                                                                
  398 cycles  |  120 cyc/s  |  8331280 ns/cyc
  0 constraint hits
                                                                                
  398 cycles  |  120 cyc/s  |  8331280 ns/cyc
  0 constraint hits
                                                                                
  398 cycles  |  120 cyc/s  |  8331280 ns/cyc
  0 constraint hits
                                                                                
  427 cycles  |  119 cyc/s  |  8365509 ns/cyc
  0 constraint hits
                                                                                
  427 cycles  |  119 cyc/s  |  8365509 ns/cyc
  0 constraint hits
                                                                                
  427 cycles  |  119 cyc/s  |  8365509 ns/cyc
  0 constraint hits
                                                                                
  427 cycles  |  119 cyc/s  |  8365509 ns/cyc
  0 constraint hits
                                                                                
  427 cycles  |  119 cyc/s  |  8365509 ns/cyc
  0 constraint hits
                                                                                
  427 cycles  |  119 cyc/s  |  8365509 ns/cyc
  0 constraint hits
                                                                                
  427 cycles  |  119 cyc/s  |  8365509 ns/cyc
  0 constraint hits
                                                                                
  427 cycles  |  119 cyc/s  |  8365509 ns/cyc
  0 constraint hits
                                                                                
  427 cycles  |  119 cyc/s  |  8365509 ns/cyc
  0 constraint hits
                                                                                
  427 cycles  |  119 cyc/s  |  8365509 ns/cyc
  0 constraint hits
                                                                                
  427 cycles  |  119 cyc/s  |  8365509 ns/cyc
  0 constraint hits
                                                                                
  427 cycles  |  119 cyc/s  |  8365509 ns/cyc
  0 constraint hits
                                                                                
  427 cycles  |  119 cyc/s  |  8365509 ns/cyc
  0 constraint hits
                                                                                
  427 cycles  |  119 cyc/s  |  8365509 ns/cyc
  0 constraint hits
                                                                                
  427 cycles  |  119 cyc/s  |  8365509 ns/cyc
  0 constraint hits
                                                                                
  427 cycles  |  119 cyc/s  |  8365509 ns/cyc
  0 constraint hits
                                                                                
  427 cycles  |  119 cyc/s  |  8365509 ns/cyc
  0 constraint hits
                                                                                
  427 cycles  |  119 cyc/s  |  8365509 ns/cyc
  0 constraint hits
                                                                                
  427 cycles  |  119 cyc/s  |  8365509 ns/cyc
  0 constraint hits
                                                                                
  427 cycles  |  119 cyc/s  |  8365509 ns/cyc
  0 constraint hits
                                                                                
  427 cycles  |  119 cyc/s  |  8365509 ns/cyc
  0 constraint hits
                                                                                
  427 cycles  |  119 cyc/s  |  8365509 ns/cyc
  0 constraint hits
                                                                                
  427 cycles  |  119 cyc/s  |  8365509 ns/cyc
  0 constraint hits
                                                                                
  427 cycles  |  119 cyc/s  |  8365509 ns/cyc
  0 constraint hits
                                                                                
  427 cycles  |  119 cyc/s  |  8365509 ns/cyc
  0 constraint hits
                                                                                
  427 cycles  |  119 cyc/s  |  8365509 ns/cyc
  0 constraint hits
                                                                                
  427 cycles  |  119 cyc/s  |  8365509 ns/cyc
  0 constraint hits
                                                                                
  427 cycles  |  119 cyc/s  |  8365509 ns/cyc
  0 constraint hits
                                                                                
  427 cycles  |  119 cyc/s  |  8365509 ns/cyc
  0 constraint hits
                                                                                
  456 cycles  |  119 cyc/s  |  8390263 ns/cyc
  0 constraint hits
                                                                                
  456 cycles  |  119 cyc/s  |  8390263 ns/cyc
  0 constraint hits
                                                                                
  456 cycles  |  119 cyc/s  |  8390263 ns/cyc
  0 constraint hits
                                                                                
  456 cycles  |  119 cyc/s  |  8390263 ns/cyc
  0 constraint hits
                                                                                
  456 cycles  |  119 cyc/s  |  8390263 ns/cyc
  0 constraint hits
                                                                                
  456 cycles  |  119 cyc/s  |  8390263 ns/cyc
  0 constraint hits
                                                                                
  456 cycles  |  119 cyc/s  |  8390263 ns/cyc
  0 constraint hits
                                                                                
  456 cycles  |  119 cyc/s  |  8390263 ns/cyc
  0 constraint hits
                                                                                
  456 cycles  |  119 cyc/s  |  8390263 ns/cyc
  0 constraint hits
                                                                                
  456 cycles  |  119 cyc/s  |  8390263 ns/cyc
  0 constraint hits
                                                                                
  456 cycles  |  119 cyc/s  |  8390263 ns/cyc
  0 constraint hits
                                                                                
  456 cycles  |  119 cyc/s  |  8390263 ns/cyc
  0 constraint hits
                                                                                
  456 cycles  |  119 cyc/s  |  8390263 ns/cyc
  0 constraint hits
                                                                                
  456 cycles  |  119 cyc/s  |  8390263 ns/cyc
  0 constraint hits
                                                                                
  456 cycles  |  119 cyc/s  |  8390263 ns/cyc
  0 constraint hits
                                                                                
  456 cycles  |  119 cyc/s  |  8390263 ns/cyc
  0 constraint hits
                                                                                
  456 cycles  |  119 cyc/s  |  8390263 ns/cyc
  0 constraint hits
                                                                                
  456 cycles  |  119 cyc/s  |  8390263 ns/cyc
  0 constraint hits
                                                                                
  456 cycles  |  119 cyc/s  |  8390263 ns/cyc
  0 constraint hits
                                                                                
  456 cycles  |  119 cyc/s  |  8390263 ns/cyc
  0 constraint hits
                                                                                
  456 cycles  |  119 cyc/s  |  8390263 ns/cyc
  0 constraint hits
                                                                                
  456 cycles  |  119 cyc/s  |  8390263 ns/cyc
  0 constraint hits
                                                                                
  456 cycles  |  119 cyc/s  |  8390263 ns/cyc
  0 constraint hits
                                                                                
  456 cycles  |  119 cyc/s  |  8390263 ns/cyc
  0 constraint hits
                                                                                
  456 cycles  |  119 cyc/s  |  8390263 ns/cyc
  0 constraint hits
                                                                                
  456 cycles  |  119 cyc/s  |  8390263 ns/cyc
  0 constraint hits
                                                                                
  456 cycles  |  119 cyc/s  |  8390263 ns/cyc
  0 constraint hits
                                                                                
  456 cycles  |  119 cyc/s  |  8390263 ns/cyc
  0 constraint hits
                                                                                
  456 cycles  |  119 cyc/s  |  8390263 ns/cyc
  0 constraint hits
                                                                                
  485 cycles  |  118 cyc/s  |  8418777 ns/cyc
  0 constraint hits
                                                                                
  485 cycles  |  118 cyc/s  |  8418777 ns/cyc
  0 constraint hits
                                                                                
  485 cycles  |  118 cyc/s  |  8418777 ns/cyc
  0 constraint hits
                                                                                
  485 cycles  |  118 cyc/s  |  8418777 ns/cyc
  0 constraint hits
                                                                                
  485 cycles  |  118 cyc/s  |  8418777 ns/cyc
  0 constraint hits
                                                                                
  485 cycles  |  118 cyc/s  |  8418777 ns/cyc
  0 constraint hits
                                                                                
  485 cycles  |  118 cyc/s  |  8418777 ns/cyc
  0 constraint hits
                                                                                
  485 cycles  |  118 cyc/s  |  8418777 ns/cyc
  0 constraint hits
                                                                                
  485 cycles  |  118 cyc/s  |  8418777 ns/cyc
  0 constraint hits
                                                                                
  485 cycles  |  118 cyc/s  |  8418777 ns/cyc
  0 constraint hits
                                                                                
  485 cycles  |  118 cyc/s  |  8418777 ns/cyc
  0 constraint hits
                                                                                
  485 cycles  |  118 cyc/s  |  8418777 ns/cyc
  0 constraint hits
                                                                                
  485 cycles  |  118 cyc/s  |  8418777 ns/cyc
  0 constraint hits
                                                                                
  485 cycles  |  118 cyc/s  |  8418777 ns/cyc
  0 constraint hits
                                                                                
  485 cycles  |  118 cyc/s  |  8418777 ns/cyc
  0 constraint hits
                                                                                
  485 cycles  |  118 cyc/s  |  8418777 ns/cyc
  0 constraint hits
                                                                                
  485 cycles  |  118 cyc/s  |  8418777 ns/cyc
  0 constraint hits
                                                                                
  485 cycles  |  118 cyc/s  |  8418777 ns/cyc
  0 constraint hits
                                                                                
  485 cycles  |  118 cyc/s  |  8418777 ns/cyc
  0 constraint hits
                                                                                
  485 cycles  |  118 cyc/s  |  8418777 ns/cyc
  0 constraint hits
                                                                                
  485 cycles  |  118 cyc/s  |  8418777 ns/cyc
  0 constraint hits
                                                                                
  485 cycles  |  118 cyc/s  |  8418777 ns/cyc
  0 constraint hits
                                                                                
  485 cycles  |  118 cyc/s  |  8418777 ns/cyc
  0 constraint hits
                                                                                
  485 cycles  |  118 cyc/s  |  8418777 ns/cyc
  0 constraint hits
                                                                                
  485 cycles  |  118 cyc/s  |  8418777 ns/cyc
  0 constraint hits
                                                                                
  485 cycles  |  118 cyc/s  |  8418777 ns/cyc
  0 constraint hits
                                                                                
  485 cycles  |  118 cyc/s  |  8418777 ns/cyc
  0 constraint hits
                                                                                
  485 cycles  |  118 cyc/s  |  8418777 ns/cyc
  0 constraint hits
                                                                                
  485 cycles  |  118 cyc/s  |  8418777 ns/cyc
  0 constraint hits
                                                                                
  514 cycles  |  118 cyc/s  |  8445673 ns/cyc
  0 constraint hits
                                                                                
  514 cycles  |  118 cyc/s  |  8445673 ns/cyc
  0 constraint hits
                                                                                
  514 cycles  |  118 cyc/s  |  8445673 ns/cyc
  0 constraint hits
                                                                                
  514 cycles  |  118 cyc/s  |  8445673 ns/cyc
  0 constraint hits
                                                                                
  514 cycles  |  118 cyc/s  |  8445673 ns/cyc
  0 constraint hits
                                                                                
  514 cycles  |  118 cyc/s  |  8445673 ns/cyc
  0 constraint hits
                                                                                
  514 cycles  |  118 cyc/s  |  8445673 ns/cyc
  0 constraint hits
                                                                                
  514 cycles  |  118 cyc/s  |  8445673 ns/cyc
  0 constraint hits
                                                                                
  514 cycles  |  118 cyc/s  |  8445673 ns/cyc
  0 constraint hits
                                                                                
  514 cycles  |  118 cyc/s  |  8445673 ns/cyc
  0 constraint hits
                                                                                
  514 cycles  |  118 cyc/s  |  8445673 ns/cyc
  0 constraint hits
                                                                                
  514 cycles  |  118 cyc/s  |  8445673 ns/cyc
  0 constraint hits
                                                                                
  514 cycles  |  118 cyc/s  |  8445673 ns/cyc
  0 constraint hits
                                                                                
  514 cycles  |  118 cyc/s  |  8445673 ns/cyc
  0 constraint hits
                                                                                
  514 cycles  |  118 cyc/s  |  8445673 ns/cyc
  0 constraint hits
                                                                                
  514 cycles  |  118 cyc/s  |  8445673 ns/cyc
  0 constraint hits
                                                                                
  514 cycles  |  118 cyc/s  |  8445673 ns/cyc
  0 constraint hits
                                                                                
  514 cycles  |  118 cyc/s  |  8445673 ns/cyc
  0 constraint hits
                                                                                
  514 cycles  |  118 cyc/s  |  8445673 ns/cyc
  0 constraint hits
                                                                                
  514 cycles  |  118 cyc/s  |  8445673 ns/cyc
  0 constraint hits
                                                                                
  514 cycles  |  118 cyc/s  |  8445673 ns/cyc
  0 constraint hits
                                                                                
  514 cycles  |  118 cyc/s  |  8445673 ns/cyc
  0 constraint hits
                                                                                
  514 cycles  |  118 cyc/s  |  8445673 ns/cyc
  0 constraint hits
                                                                                
  514 cycles  |  118 cyc/s  |  8445673 ns/cyc
  0 constraint hits
                                                                                
  514 cycles  |  118 cyc/s  |  8445673 ns/cyc
  0 constraint hits
                                                                                
  514 cycles  |  118 cyc/s  |  8445673 ns/cyc
  0 constraint hits
                                                                                
  514 cycles  |  118 cyc/s  |  8445673 ns/cyc
  0 constraint hits
                                                                                
  514 cycles  |  118 cyc/s  |  8445673 ns/cyc
  0 constraint hits
                                                                                
  514 cycles  |  118 cyc/s  |  8445673 ns/cyc
  0 constraint hits
                                                                                
  543 cycles  |  118 cyc/s  |  8467242 ns/cyc
  0 constraint hits
                                                                                
  543 cycles  |  118 cyc/s  |  8467242 ns/cyc
  0 constraint hits
                                                                                
  543 cycles  |  118 cyc/s  |  8467242 ns/cyc
  0 constraint hits
                                                                                
  543 cycles  |  118 cyc/s  |  8467242 ns/cyc
  0 constraint hits
                                                                                
  543 cycles  |  118 cyc/s  |  8467242 ns/cyc
  0 constraint hits
                                                                                
  543 cycles  |  118 cyc/s  |  8467242 ns/cyc
  0 constraint hits
                                                                                
  543 cycles  |  118 cyc/s  |  8467242 ns/cyc
  0 constraint hits
                                                                                
  543 cycles  |  118 cyc/s  |  8467242 ns/cyc
  0 constraint hits
                                                                                
  543 cycles  |  118 cyc/s  |  8467242 ns/cyc
  0 constraint hits
                                                                                
  543 cycles  |  118 cyc/s  |  8467242 ns/cyc
  0 constraint hits
                                                                                
  543 cycles  |  118 cyc/s  |  8467242 ns/cyc
  0 constraint hits
                                                                                
  543 cycles  |  118 cyc/s  |  8467242 ns/cyc
  0 constraint hits
                                                                                
  543 cycles  |  118 cyc/s  |  8467242 ns/cyc
  0 constraint hits
                                                                                
  543 cycles  |  118 cyc/s  |  8467242 ns/cyc
  0 constraint hits
                                                                                
  543 cycles  |  118 cyc/s  |  8467242 ns/cyc
  0 constraint hits
                                                                                
  543 cycles  |  118 cyc/s  |  8467242 ns/cyc
  0 constraint hits
                                                                                
  543 cycles  |  118 cyc/s  |  8467242 ns/cyc
  0 constraint hits
                                                                                
  543 cycles  |  118 cyc/s  |  8467242 ns/cyc
  0 constraint hits
                                                                                
  543 cycles  |  118 cyc/s  |  8467242 ns/cyc
  0 constraint hits
                                                                                
  543 cycles  |  118 cyc/s  |  8467242 ns/cyc
  0 constraint hits
                                                                                
  543 cycles  |  118 cyc/s  |  8467242 ns/cyc
  0 constraint hits
                                                                                
  543 cycles  |  118 cyc/s  |  8467242 ns/cyc
  0 constraint hits
                                                                                
  543 cycles  |  118 cyc/s  |  8467242 ns/cyc
  0 constraint hits
                                                                                
  543 cycles  |  118 cyc/s  |  8467242 ns/cyc
  0 constraint hits
                                                                                
  543 cycles  |  118 cyc/s  |  8467242 ns/cyc
  0 constraint hits
                                                                                
  543 cycles  |  118 cyc/s  |  8467242 ns/cyc
  0 constraint hits
                                                                                
  543 cycles  |  118 cyc/s  |  8467242 ns/cyc
  0 constraint hits
                                                                                
  543 cycles  |  118 cyc/s  |  8467242 ns/cyc
  0 constraint hits
                                                                                
  543 cycles  |  118 cyc/s  |  8467242 ns/cyc
  0 constraint hits
                                                                                
  572 cycles  |  117 cyc/s  |  8483423 ns/cyc
  0 constraint hits
                                                                                
  572 cycles  |  117 cyc/s  |  8483423 ns/cyc
  0 constraint hits
                                                                                
  572 cycles  |  117 cyc/s  |  8483423 ns/cyc
  0 constraint hits
                                                                                
  572 cycles  |  117 cyc/s  |  8483423 ns/cyc
  0 constraint hits
                                                                                
  572 cycles  |  117 cyc/s  |  8483423 ns/cyc
  0 constraint hits
                                                                                
  572 cycles  |  117 cyc/s  |  8483423 ns/cyc
  0 constraint hits
                                                                                
  572 cycles  |  117 cyc/s  |  8483423 ns/cyc
  0 constraint hits
                                                                                
  572 cycles  |  117 cyc/s  |  8483423 ns/cyc
  0 constraint hits
                                                                                
  572 cycles  |  117 cyc/s  |  8483423 ns/cyc
  0 constraint hits
                                                                                
  572 cycles  |  117 cyc/s  |  8483423 ns/cyc
  0 constraint hits
                                                                                
  572 cycles  |  117 cyc/s  |  8483423 ns/cyc
  0 constraint hits
                                                                                
  572 cycles  |  117 cyc/s  |  8483423 ns/cyc
  0 constraint hits
                                                                                
  572 cycles  |  117 cyc/s  |  8483423 ns/cyc
  0 constraint hits
                                                                                
  572 cycles  |  117 cyc/s  |  8483423 ns/cyc
  0 constraint hits
                                                                                
  572 cycles  |  117 cyc/s  |  8483423 ns/cyc
  0 constraint hits
                                                                                
  572 cycles  |  117 cyc/s  |  8483423 ns/cyc
  0 constraint hits
                                                                                
  572 cycles  |  117 cyc/s  |  8483423 ns/cyc
  0 constraint hits
                                                                                
  572 cycles  |  117 cyc/s  |  8483423 ns/cyc
  0 constraint hits
                                                                                
  572 cycles  |  117 cyc/s  |  8483423 ns/cyc
  0 constraint hits
                                                                                
  572 cycles  |  117 cyc/s  |  8483423 ns/cyc
  0 constraint hits
                                                                                
  572 cycles  |  117 cyc/s  |  8483423 ns/cyc
  0 constraint hits
                                                                                
  572 cycles  |  117 cyc/s  |  8483423 ns/cyc
  0 constraint hits
                                                                                
  572 cycles  |  117 cyc/s  |  8483423 ns/cyc
  0 constraint hits
                                                                                
  572 cycles  |  117 cyc/s  |  8483423 ns/cyc
  0 constraint hits
                                                                                
  572 cycles  |  117 cyc/s  |  8483423 ns/cyc
  0 constraint hits
                                                                                
  572 cycles  |  117 cyc/s  |  8483423 ns/cyc
  0 constraint hits
                                                                                
  572 cycles  |  117 cyc/s  |  8483423 ns/cyc
  0 constraint hits
                                                                                
  572 cycles  |  117 cyc/s  |  8483423 ns/cyc
  0 constraint hits
                                                                                
  572 cycles  |  117 cyc/s  |  8483423 ns/cyc
  0 constraint hits
                                                                                
  601 cycles  |  117 cyc/s  |  8500698 ns/cyc
  0 constraint hits
                                                                                
  601 cycles  |  117 cyc/s  |  8500698 ns/cyc
  0 constraint hits
                                                                                
  601 cycles  |  117 cyc/s  |  8500698 ns/cyc
  0 constraint hits
                                                                                
  601 cycles  |  117 cyc/s  |  8500698 ns/cyc
  0 constraint hits
                                                                                
  601 cycles  |  117 cyc/s  |  8500698 ns/cyc
  0 constraint hits
                                                                                
  601 cycles  |  117 cyc/s  |  8500698 ns/cyc
  0 constraint hits
                                                                                
  601 cycles  |  117 cyc/s  |  8500698 ns/cyc
  0 constraint hits
                                                                                
  601 cycles  |  117 cyc/s  |  8500698 ns/cyc
  0 constraint hits
                                                                                
  601 cycles  |  117 cyc/s  |  8500698 ns/cyc
  0 constraint hits
                                                                                
  601 cycles  |  117 cyc/s  |  8500698 ns/cyc
  0 constraint hits
                                                                                
  601 cycles  |  117 cyc/s  |  8500698 ns/cyc
  0 constraint hits
                                                                                
  601 cycles  |  117 cyc/s  |  8500698 ns/cyc
  0 constraint hits
                                                                                
  601 cycles  |  117 cyc/s  |  8500698 ns/cyc
  0 constraint hits
                                                                                
  601 cycles  |  117 cyc/s  |  8500698 ns/cyc
  0 constraint hits
                                                                                
  601 cycles  |  117 cyc/s  |  8500698 ns/cyc
  0 constraint hits
                                                                                
  601 cycles  |  117 cyc/s  |  8500698 ns/cyc
  0 constraint hits
                                                                                
  601 cycles  |  117 cyc/s  |  8500698 ns/cyc
  0 constraint hits
                                                                                
  601 cycles  |  117 cyc/s  |  8500698 ns/cyc
  0 constraint hits
                                                                                
  601 cycles  |  117 cyc/s  |  8500698 ns/cyc
  0 constraint hits
                                                                                
  601 cycles  |  117 cyc/s  |  8500698 ns/cyc
  0 constraint hits
                                                                                
  601 cycles  |  117 cyc/s  |  8500698 ns/cyc
  0 constraint hits
                                                                                
  601 cycles  |  117 cyc/s  |  8500698 ns/cyc
  0 constraint hits
                                                                                
  601 cycles  |  117 cyc/s  |  8500698 ns/cyc
  0 constraint hits
                                                                                
  601 cycles  |  117 cyc/s  |  8500698 ns/cyc
  0 constraint hits
                                                                                
  601 cycles  |  117 cyc/s  |  8500698 ns/cyc
  0 constraint hits
                                                                                
  601 cycles  |  117 cyc/s  |  8500698 ns/cyc
  0 constraint hits
                                                                                
  601 cycles  |  117 cyc/s  |  8500698 ns/cyc
  0 constraint hits
                                                                                
  601 cycles  |  117 cyc/s  |  8500698 ns/cyc
  0 constraint hits
                                                                                
  601 cycles  |  117 cyc/s  |  8500698 ns/cyc
  0 constraint hits
                                                                                
  630 cycles  |  117 cyc/s  |  8515400 ns/cyc
  0 constraint hits
                                                                                
  630 cycles  |  117 cyc/s  |  8515400 ns/cyc
  0 constraint hits
                                                                                
  630 cycles  |  117 cyc/s  |  8515400 ns/cyc
  0 constraint hits
                                                                                
  630 cycles  |  117 cyc/s  |  8515400 ns/cyc
  0 constraint hits
                                                                                
  630 cycles  |  117 cyc/s  |  8515400 ns/cyc
  0 constraint hits
                                                                                
  630 cycles  |  117 cyc/s  |  8515400 ns/cyc
  0 constraint hits
                                                                                
  630 cycles  |  117 cyc/s  |  8515400 ns/cyc
  0 constraint hits
                                                                                
  630 cycles  |  117 cyc/s  |  8515400 ns/cyc
  0 constraint hits
                                                                                
  630 cycles  |  117 cyc/s  |  8515400 ns/cyc
  0 constraint hits
                                                                                
  630 cycles  |  117 cyc/s  |  8515400 ns/cyc
  0 constraint hits
@@TIME_PROC_AVG COUNT:640 AVG_MS:8.521
@@TIME_THROUGHPUT COUNT:640 DURATION_S:5.453483 EVENTS_PER_S:117.356
                                                                                
  630 cycles  |  117 cyc/s  |  8515400 ns/cyc
  0 constraint hits
                                                                                
  640 cycles  |  117 cyc/s  |  8518981 ns/cyc
  640 input events parsed in 0.000s  |  8518981 ns/event avg
  0 constraint hits total
  Breakdown:
   [#0]: 0
   [#1]: 0
   [#2]: 0
@@MONITOR_END:2026-05-14T09:52:25.236560000Z
   [#3]: 0
   [#4]: 0
   [#5]: 0
